Tuanjie Editor version:  2022.3.62t12 (ab02e98c9779)
Branch:                  tuanjie/1.10/staging
Build type:              Release
Batch mode:              YES
macOS version:           Version 26.5.2 (Build 25F84)
Darwin version:          25.5.0
Architecture:            arm64
Running under Rosetta:   NO
Available memory:        65536 MB
Using pre-set license
Pro License: NO

COMMAND LINE ARGUMENTS:
/Applications/Tuanjie/Hub/Editor/2022.3.62t12/Tuanjie.app/Contents/MacOS/Tuanjie
-adb2
-batchMode
-noUpm
-disableFMOD
-name
AssetImportWorker0
-projectPath
/Users/chenhan/Desktop/Git/RXSDK/RXSDK-Harmony
-logFile
Logs/AssetImportWorker0.log
-srvPort
54479
Successfully changed project path to: /Users/chenhan/Desktop/Git/RXSDK/RXSDK-Harmony
/Users/chenhan/Desktop/Git/RXSDK/RXSDK-Harmony
[Memory] Configuration Parameters - Can be set up in boot.config
    "memorysetup-bucket-allocator-granularity=16"
    "memorysetup-bucket-allocator-bucket-count=8"
    "memorysetup-bucket-allocator-block-size=33554432"
    "memorysetup-bucket-allocator-block-count=8"
    "memorysetup-main-allocator-block-size=16777216"
    "memorysetup-thread-allocator-block-size=16777216"
    "memorysetup-gfx-main-allocator-block-size=16777216"
    "memorysetup-gfx-thread-allocator-block-size=16777216"
    "memorysetup-cache-allocator-block-size=4194304"
    "memorysetup-typetree-allocator-block-size=2097152"
    "memorysetup-profiler-bucket-allocator-granularity=16"
    "memorysetup-profiler-bucket-allocator-bucket-count=8"
    "memorysetup-profiler-bucket-allocator-block-size=33554432"
    "memorysetup-profiler-bucket-allocator-block-count=8"
    "memorysetup-profiler-allocator-block-size=16777216"
    "memorysetup-profiler-editor-allocator-block-size=1048576"
    "memorysetup-temp-allocator-size-main=16777216"
    "memorysetup-job-temp-allocator-block-size=2097152"
    "memorysetup-job-temp-allocator-block-size-background=1048576"
    "memorysetup-job-temp-allocator-reduction-small-platforms=262144"
    "memorysetup-allocator-temp-initial-block-size-main=262144"
    "memorysetup-allocator-temp-initial-block-size-worker=262144"
    "memorysetup-temp-allocator-size-gfx=262144"
    "memorysetup-temp-allocator-size-background-worker=32768"
    "memorysetup-temp-allocator-size-job-worker=262144"
    "memorysetup-temp-allocator-size-preload-manager=33554432"
    "memorysetup-temp-allocator-size-nav-mesh-worker=65536"
    "memorysetup-temp-allocator-size-audio-worker=65536"
    "memorysetup-temp-allocator-size-cloud-worker=32768"
    "memorysetup-temp-allocator-size-gi-baking-worker=262144"
    "memorysetup-temp-allocator-size-gfx=262144"
Player connection [8303418752]  Target information:

Player connection [8303418752]  * "[IP] 10.10.3.133 [Port] 0 [Flags] 2 [Guid] 3433117857 [EditorId] 3433117857 [Version] 1048832 [Id] OSXEditor(0,admindeMacBook-Pro.local) [Debug] 1 [PackageName] OSXEditor [ProjectName] Editor" 

Player connection [8303418752]  * "[IP] 198.18.0.1 [Port] 0 [Flags] 2 [Guid] 3433117857 [EditorId] 3433117857 [Version] 1048832 [Id] OSXEditor(0,admindeMacBook-Pro.local) [Debug] 1 [PackageName] OSXEditor [ProjectName] Editor" 

Player connection [8303418752] Host joined multi-casting on [225.0.0.222:54997]...
Player connection [8303418752] Host joined alternative multi-casting on [225.0.0.222:34997]...
Input System module state changed to: Initialized.
AS: AutoStreaming module initializing.
[LiveLink] LiveLink library is loaded successfully. Initializing...
InitScreenManager.Refreshing native plugins compatible for Editor in 12.74 ms, found 1 plugins.
Preloading 0 native plugins for Editor in 0.00 ms.
Initialize engine version: 2022.3.62t12 (ab02e98c9779)
THR RenderingThread disabled!
[Subsystems] Discovering subsystems at path /Applications/Tuanjie/Hub/Editor/2022.3.62t12/Tuanjie.app/Contents/Resources/UnitySubsystems
[Subsystems] Discovering subsystems at path /Users/chenhan/Desktop/Git/RXSDK/RXSDK-Harmony/Assets
GfxDevice: creating device client; threaded=0; jobified=0
CreateRealGfxDevice: 16 preferred device: Apple M5 Max (high power)
Metal devices available: 1
0: Apple M5 Max (high power)
Using device Apple M5 Max (high power)
Initializing Metal device caps: Apple M5 Max
Initialize mono
Mono path[0] = '/Applications/Tuanjie/Hub/Editor/2022.3.62t12/Tuanjie.app/Contents/Managed'
Mono path[1] = '/Applications/Tuanjie/Hub/Editor/2022.3.62t12/Tuanjie.app/Contents/MonoBleedingEdge/lib/mono/unityjit-macos'
Mono config path = '/Applications/Tuanjie/Hub/Editor/2022.3.62t12/Tuanjie.app/Contents/MonoBleedingEdge/etc'
Using monoOptions --debugger-agent=transport=dt_socket,embedding=1,server=y,suspend=n,address=0.0.0.0:56970
Begin MonoManager ReloadAssembly
Registering precompiled tuanjie dll's ...
Register platform support module: /Applications/Tuanjie/Hub/Editor/2022.3.62t12/PlaybackEngines/WebGLSupport/UnityEditor.WebGL.Extensions.dll
Register platform support module: /Applications/Tuanjie/Hub/Editor/2022.3.62t12/Tuanjie.app/Contents/PlaybackEngines/MacStandaloneSupport/UnityEditor.OSXStandalone.Extensions.dll
Register platform support module: /Applications/Tuanjie/Hub/Editor/2022.3.62t12/PlaybackEngines/WeixinMiniGameSupport/UnityEditor.WeixinMiniGame.Extensions.dll
Registered in 0.005249 seconds.
- Loaded All Assemblies, in  0.215 seconds
Native extension for WeixinMiniGame target not found
Native extension for OSXStandalone target not found
Native extension for WebGL target not found
Mono: successfully reloaded assembly
- Finished resetting the current domain, in  0.095 seconds
Domain Reload Profiling: 310ms
	BeginReloadAssembly (95ms)
		ExecutionOrderSort (0ms)
		DisableScriptedObjects (0ms)
		BackupInstance (0ms)
		ReleaseScriptingObjects (0ms)
		CreateAndSetChildDomain (0ms)
	RebuildCommonClasses (15ms)
	RebuildNativeTypeToScriptingClass (5ms)
	initialDomainReloadingComplete (26ms)
	LoadAllAssembliesAndSetupDomain (74ms)
		LoadAssemblies (98ms)
		RebuildTransferFunctionScriptingTraits (0ms)
		AnalyzeDomain (69ms)
			TypeCache.Refresh (68ms)
				TypeCache.ScanAssembly (60ms)
			ScanForSourceGeneratedMonoScriptInfo (0ms)
			ResolveRequiredComponents (0ms)
	FinalizeReload (95ms)
		ReleaseScriptCaches (0ms)
		RebuildScriptCaches (0ms)
		SetupLoadedEditorAssemblies (73ms)
			LogAssemblyErrors (0ms)
			InitializePlatformSupportModulesInManaged (5ms)
			SetLoadedEditorAssemblies (2ms)
			RefreshPlugins (0ms)
			BeforeProcessingInitializeOnLoad (1ms)
			ProcessInitializeOnLoadAttributes (60ms)
			ProcessInitializeOnLoadMethodAttributes (6ms)
			AfterProcessingInitializeOnLoad (0ms)
			EditorAssembliesLoaded (0ms)
		ExecutionOrderSort2 (0ms)
		AwakeInstancesAfterBackupRestoration (0ms)
========================================================================
Worker process is ready to serve import requests
Caller must complete domain reload
Begin MonoManager ReloadAssembly
Symbol file LoadedFromMemory is not a mono symbol file
- Loaded All Assemblies, in  0.255 seconds
Native extension for WeixinMiniGame target not found
Native extension for OSXStandalone target not found
Native extension for WebGL target not found
Mono: successfully reloaded assembly
- Finished resetting the current domain, in  0.159 seconds
Domain Reload Profiling: 412ms
	BeginReloadAssembly (48ms)
		ExecutionOrderSort (0ms)
		DisableScriptedObjects (2ms)
		BackupInstance (0ms)
		ReleaseScriptingObjects (0ms)
		CreateAndSetChildDomain (7ms)
	RebuildCommonClasses (13ms)
	RebuildNativeTypeToScriptingClass (5ms)
	initialDomainReloadingComplete (12ms)
	LoadAllAssembliesAndSetupDomain (174ms)
		LoadAssemblies (143ms)
		RebuildTransferFunctionScriptingTraits (0ms)
		AnalyzeDomain (59ms)
			TypeCache.Refresh (51ms)
				TypeCache.ScanAssembly (43ms)
			ScanForSourceGeneratedMonoScriptInfo (5ms)
			ResolveRequiredComponents (2ms)
	FinalizeReload (159ms)
		ReleaseScriptCaches (0ms)
		RebuildScriptCaches (0ms)
		SetupLoadedEditorAssemblies (110ms)
			LogAssemblyErrors (0ms)
			InitializePlatformSupportModulesInManaged (2ms)
			SetLoadedEditorAssemblies (1ms)
			RefreshPlugins (0ms)
			BeforeProcessingInitializeOnLoad (20ms)
			ProcessInitializeOnLoadAttributes (82ms)
			ProcessInitializeOnLoadMethodAttributes (5ms)
			AfterProcessingInitializeOnLoad (1ms)
			EditorAssembliesLoaded (0ms)
		ExecutionOrderSort2 (0ms)
		AwakeInstancesAfterBackupRestoration (1ms)
Refreshing native plugins compatible for Editor in 1.12 ms, found 1 plugins.
Preloading 0 native plugins for Editor in 0.00 ms.
Unloading 3582 Unused Serialized files (Serialized files now loaded: 0)
Unloading 16 unused Assets / (47.1 KB). Loaded Objects now: 4077.
Memory consumption went from 123.6 MB to 123.5 MB.
Total: 1.896333 ms (FindLiveObjects: 0.084458 ms CreateObjectMapping: 0.053625 ms MarkObjects: 1.698292 ms  DeleteObjects: 0.059583 ms)

AssetImportParameters requested are different than current active one (requested -> active):
  custom:container-demuxer-ogg: 62fdf1f143b41e24485cea50d1cbac27 -> 
  custom:video-decoder-ogg-theora: a1e56fd34408186e4bbccfd4996cb3dc -> 
  custom:CustomObjectIndexerAttribute: 299a746012abc5adb0180d4ccda8d3ad -> 
  custom:container-demuxer-webm: 4f35f7cbe854078d1ac9338744f61a02 -> 
  custom:container-muxer-webm: aa71ff27fc2769a1b78a27578f13a17b -> 
  custom:video-decoder-webm-vp8: 9c59270c3fd7afecdb556c50c9e8de78 -> 
  custom:SearchIndexIgnoredProperties: e643bd26f0fe6173181afceb89e7c659 -> 
  custom:AudioImporter_EditorPlatform: 3918e3fc78b5a79bad01e8451be0beb8 -> 
  custom:framework-osx-AVFoundation: e770b220cccbd017edd2c1fefb359320 -> 
  custom:video-encoder-webm-vp8: eb34c28f22e8b96e1ab97ce403110664 -> 
  custom:audio-decoder-ogg-vorbis: bf7c407c2cedff20999df2af8eb42d56 -> 
  custom:audio-encoder-webm-vorbis: bf7c407c2cedff20999df2af8eb42d56 -> 
========================================================================
Received Import Request.
  Time since last request: 719679.197211 seconds.
  path: Assets/RXSDK/Runtime/Passport/PassportManager.cs
  artifactKey: Guid(ce1b5e688f213494f8ca1374bb56fab6) Importer(ScriptedImporter)
Start importing Assets/RXSDK/Runtime/Passport/PassportManager.cs using Guid(ce1b5e688f213494f8ca1374bb56fab6) Importer(ScriptedImporter)  -> (artifact id: '2fa612de665c33107577b3e7e2537dc3') in 0.035619 seconds
Number of asset objects unloaded after import = 1
========================================================================
Received Import Request.
  Time since last request: 0.000055 seconds.
  path: Assets/RXSDK/Runtime/RuiXueSdk.cs
  artifactKey: Guid(f27f0d1ef2efb4448980d9fa8b4cade5) Importer(ScriptedImporter)
Start importing Assets/RXSDK/Runtime/RuiXueSdk.cs using Guid(f27f0d1ef2efb4448980d9fa8b4cade5) Importer(ScriptedImporter)  -> (artifact id: '0fc54763a59e1879169fb19d5a4eaec9') in 0.001335 seconds
Number of asset objects unloaded after import = 1
========================================================================
Received Import Request.
  Time since last request: 0.000108 seconds.
  path: Assets/Plugins/OpenHarmony/HMSMessageBind.ets
  artifactKey: Guid(6be86c432c3ad4e1fa20c316a6796555) Importer(ScriptedImporter)
Start importing Assets/Plugins/OpenHarmony/HMSMessageBind.ets using Guid(6be86c432c3ad4e1fa20c316a6796555) Importer(ScriptedImporter)  -> (artifact id: '280d1b22556b2092675d73c01bf1ed3d') in 0.001716 seconds
Number of asset objects unloaded after import = 1
========================================================================
Received Import Request.
  Time since last request: 0.000068 seconds.
  path: Assets/RXSDK/Runtime/API/Share.cs
  artifactKey: Guid(8e602ffc81d3b4228a2bd07924ce1444) Importer(ScriptedImporter)
Start importing Assets/RXSDK/Runtime/API/Share.cs using Guid(8e602ffc81d3b4228a2bd07924ce1444) Importer(ScriptedImporter)  -> (artifact id: 'c5f727eca2cbc89d838617ddaabc2b2e') in 0.001201 seconds
Number of asset objects unloaded after import = 1
========================================================================
Received Import Request.
  Time since last request: 0.000123 seconds.
  path: Assets/Plugins/OpenHarmony/HMSGetDataManager.etslib
  artifactKey: Guid(cb6db24ed37f86b4e8087750b5babc6a) Importer(ScriptedImporter)
Start importing Assets/Plugins/OpenHarmony/HMSGetDataManager.etslib using Guid(cb6db24ed37f86b4e8087750b5babc6a) Importer(ScriptedImporter)  -> (artifact id: 'bb93e8dce51795c7c1925cb93ed536fd') in 0.004126 seconds
Number of asset objects unloaded after import = 1
========================================================================
Received Import Request.
  Time since last request: 0.000080 seconds.
  path: Assets/RXSDK/Runtime/API/Push.cs
  artifactKey: Guid(89334f9aa1f5043418f52bafdd19d8db) Importer(ScriptedImporter)
Start importing Assets/RXSDK/Runtime/API/Push.cs using Guid(89334f9aa1f5043418f52bafdd19d8db) Importer(ScriptedImporter)  -> (artifact id: 'b6819279e829da7aa5b850065849f19a') in 0.001183 seconds
Number of asset objects unloaded after import = 1
========================================================================
Received Import Request.
  Time since last request: 0.000074 seconds.
  path: Assets/RXSDK/package.json
  artifactKey: Guid(e47af9bcec3ea487a8e612744397ec8c) Importer(ScriptedImporter)
Start importing Assets/RXSDK/package.json using Guid(e47af9bcec3ea487a8e612744397ec8c) Importer(ScriptedImporter)  -> (artifact id: '3f2c3d39ed78c904562b654182b42f61') in 0.001230 seconds
Number of asset objects unloaded after import = 1
========================================================================
Received Import Request.
  Time since last request: 0.000168 seconds.
  path: Assets/RXSDK/Runtime/Version.cs
  artifactKey: Guid(a77b573680f94453cb6fcf3d5693fd3f) Importer(ScriptedImporter)
Start importing Assets/RXSDK/Runtime/Version.cs using Guid(a77b573680f94453cb6fcf3d5693fd3f) Importer(ScriptedImporter)  -> (artifact id: 'e43c2f6b07f6c1e3d64898ca098ab6fc') in 0.001728 seconds
Number of asset objects unloaded after import = 1
========================================================================
Received Import Request.
  Time since last request: 0.000098 seconds.
  path: Assets/RXSDK/Runtime/IRXRequest.cs
  artifactKey: Guid(d2c90ada1711046269c7860b2b7fbfe7) Importer(ScriptedImporter)
Start importing Assets/RXSDK/Runtime/IRXRequest.cs using Guid(d2c90ada1711046269c7860b2b7fbfe7) Importer(ScriptedImporter)  -> (artifact id: '9bf5e4167b02766aa5f062d38d805675') in 0.001293 seconds
Number of asset objects unloaded after import = 1
========================================================================
Received Import Request.
  Time since last request: 0.000081 seconds.
  path: Assets/RXSDK/Runtime/Net/WebRequestQueue.cs
  artifactKey: Guid(32832eab2b8d94c1c88d71ff018cf815) Importer(ScriptedImporter)
Start importing Assets/RXSDK/Runtime/Net/WebRequestQueue.cs using Guid(32832eab2b8d94c1c88d71ff018cf815) Importer(ScriptedImporter)  -> (artifact id: 'b99636764c6dfd26502087c97f237743') in 0.001704 seconds
Number of asset objects unloaded after import = 1
========================================================================
Received Import Request.
  Time since last request: 0.000062 seconds.
  path: Assets/RXSDK/Runtime/Platform/GameNearbyTransferFactory.cs
  artifactKey: Guid(bee448ba963ca4baf8bed1212f10446d) Importer(ScriptedImporter)
Start importing Assets/RXSDK/Runtime/Platform/GameNearbyTransferFactory.cs using Guid(bee448ba963ca4baf8bed1212f10446d) Importer(ScriptedImporter)  -> (artifact id: '02d72c4b4ea0e1314f31343a0100b958') in 0.001335 seconds
Number of asset objects unloaded after import = 1
========================================================================
Received Import Request.
  Time since last request: 0.000060 seconds.
  path: Assets/RXSample/TestWebviewUI.cs
  artifactKey: Guid(4a6c6f9122ed07445bba1e98798e7bef) Importer(ScriptedImporter)
Start importing Assets/RXSample/TestWebviewUI.cs using Guid(4a6c6f9122ed07445bba1e98798e7bef) Importer(ScriptedImporter)  -> (artifact id: 'b0eb95e789f34ac405451045bee4951f') in 0.001835 seconds
Number of asset objects unloaded after import = 1
========================================================================
Received Import Request.
  Time since last request: 0.000073 seconds.
  path: Assets/RXSDK/Runtime/API/Operation.cs
  artifactKey: Guid(21bb34f2d6aab4b768d9a20b8e1381fb) Importer(ScriptedImporter)
Start importing Assets/RXSDK/Runtime/API/Operation.cs using Guid(21bb34f2d6aab4b768d9a20b8e1381fb) Importer(ScriptedImporter)  -> (artifact id: '9b8f9b8fb59e8858847a38834954c14b') in 0.001342 seconds
Number of asset objects unloaded after import = 1
========================================================================
Received Import Request.
  Time since last request: 0.000249 seconds.
  path: Assets/RXSDK/Runtime/API/Social.cs
  artifactKey: Guid(267521fa17a70426f94c6a1d6540a134) Importer(ScriptedImporter)
Start importing Assets/RXSDK/Runtime/API/Social.cs using Guid(267521fa17a70426f94c6a1d6540a134) Importer(ScriptedImporter)  -> (artifact id: '40de67263145b87067f2dbf9ee274420') in 0.001173 seconds
Number of asset objects unloaded after import = 1
========================================================================
Received Import Request.
  Time since last request: 0.000147 seconds.
  path: Assets/RXSDK/Runtime/Define.cs
  artifactKey: Guid(0d8723110c1d54bd0bfe12394e14dd07) Importer(ScriptedImporter)
Start importing Assets/RXSDK/Runtime/Define.cs using Guid(0d8723110c1d54bd0bfe12394e14dd07) Importer(ScriptedImporter)  -> (artifact id: '79a2c3bf2855f7a8e6b84d6f98a237b0') in 0.001161 seconds
Number of asset objects unloaded after import = 1
========================================================================
Received Import Request.
  Time since last request: 0.000068 seconds.
  path: Assets/RXSDK/RuiXueSdk.prefab
  artifactKey: Guid(61d2be2847766475ab7af33c23dd1961) Importer(ScriptedImporter)
Start importing Assets/RXSDK/RuiXueSdk.prefab using Guid(61d2be2847766475ab7af33c23dd1961) Importer(ScriptedImporter)  -> (artifact id: 'dc3a4961e27dacd76bb8d1bd2a74db21') in 0.006604 seconds
Number of asset objects unloaded after import = 6
========================================================================
Received Import Request.
  Time since last request: 0.000064 seconds.
  path: Assets/RXSample/TestRXAPI.cs
  artifactKey: Guid(fd9b7e111021845399ed6cb33b2e8733) Importer(ScriptedImporter)
Start importing Assets/RXSample/TestRXAPI.cs using Guid(fd9b7e111021845399ed6cb33b2e8733) Importer(ScriptedImporter)  -> (artifact id: '8079c2e73d478a5c2135c02199ff8ccb') in 0.001842 seconds
Number of asset objects unloaded after import = 1
========================================================================
Received Import Request.
  Time since last request: 0.000140 seconds.
  path: Assets/Plugins/OpenHarmony/HMSGameServiceManager.etslib
  artifactKey: Guid(dfc3121b6b8feeb4bac4a8bcb0383972) Importer(ScriptedImporter)
Start importing Assets/Plugins/OpenHarmony/HMSGameServiceManager.etslib using Guid(dfc3121b6b8feeb4bac4a8bcb0383972) Importer(ScriptedImporter)  -> (artifact id: '3413c2beb2495d125a8e7a93135d3881') in 0.001462 seconds
Number of asset objects unloaded after import = 1
========================================================================
Received Import Request.
  Time since last request: 0.000089 seconds.
  path: Assets/RXSDK/Runtime/Platform/OpenHarmony/HMSGameNearbyTransferImpl.cs
  artifactKey: Guid(a18b4acb0be644a7f8e8c0460c47f7fa) Importer(ScriptedImporter)
Start importing Assets/RXSDK/Runtime/Platform/OpenHarmony/HMSGameNearbyTransferImpl.cs using Guid(a18b4acb0be644a7f8e8c0460c47f7fa) Importer(ScriptedImporter)  -> (artifact id: 'bf8bfc9e863be6a5e8aa23c938f899ad') in 0.002075 seconds
Number of asset objects unloaded after import = 1
========================================================================
Received Import Request.
  Time since last request: 0.000123 seconds.
  path: Assets/RXSDK/Runtime/Platform/IPlatformBridge.cs
  artifactKey: Guid(7f028262ccf6a4055b9fa696ef1fb869) Importer(ScriptedImporter)
Start importing Assets/RXSDK/Runtime/Platform/IPlatformBridge.cs using Guid(7f028262ccf6a4055b9fa696ef1fb869) Importer(ScriptedImporter)  -> (artifact id: 'c5fe4f264f9acd10a105b0f36db41a44') in 0.001422 seconds
Number of asset objects unloaded after import = 1
========================================================================
Received Import Request.
  Time since last request: 0.000131 seconds.
  path: Assets/RXSDK/Runtime/Net/RXException.cs
  artifactKey: Guid(6d904835c520044aea4b2e41e75c23ba) Importer(ScriptedImporter)
Start importing Assets/RXSDK/Runtime/Net/RXException.cs using Guid(6d904835c520044aea4b2e41e75c23ba) Importer(ScriptedImporter)  -> (artifact id: 'd739abad2019c0693d15e2c440f50882') in 0.001651 seconds
Number of asset objects unloaded after import = 1
========================================================================
Received Import Request.
  Time since last request: 0.000065 seconds.
  path: Assets/RXSDK/Runtime/Platform/GameNearbyTransferTypes.cs
  artifactKey: Guid(2c8b48242069e411eadfe787f0fd263b) Importer(ScriptedImporter)
Start importing Assets/RXSDK/Runtime/Platform/GameNearbyTransferTypes.cs using Guid(2c8b48242069e411eadfe787f0fd263b) Importer(ScriptedImporter)  -> (artifact id: '004bd17cb830167906985e845f1af801') in 0.001504 seconds
Number of asset objects unloaded after import = 1
========================================================================
Received Import Request.
  Time since last request: 0.000139 seconds.
  path: Assets/Plugins/OpenHarmony/SystemDateTimeManager.tslib
  artifactKey: Guid(ab04c04606f54517b0edb42be23bbff0) Importer(ScriptedImporter)
Start importing Assets/Plugins/OpenHarmony/SystemDateTimeManager.tslib using Guid(ab04c04606f54517b0edb42be23bbff0) Importer(ScriptedImporter)  -> (artifact id: '121c886add9097e160f432c5015bd70e') in 0.001651 seconds
Number of asset objects unloaded after import = 1
========================================================================
Received Import Request.
  Time since last request: 0.158830 seconds.
  path: Assets/RXSDK/Runtime/Platform/OpenHarmony/HMSHelper.Login.cs
  artifactKey: Guid(6ff7d9cd29d6542e18989536d36b4736) Importer(ScriptedImporter)
Start importing Assets/RXSDK/Runtime/Platform/OpenHarmony/HMSHelper.Login.cs using Guid(6ff7d9cd29d6542e18989536d36b4736) Importer(ScriptedImporter)  -> (artifact id: 'c8d0008142d58dbe04efee616eaa8f47') in 0.003117 seconds
Number of asset objects unloaded after import = 1
========================================================================
Received Import Request.
  Time since last request: 0.000124 seconds.
  path: Assets/RXSDK/Runtime/Utils/Compress/CLZF2.cs
  artifactKey: Guid(38f14d32d455d4d89aa681088aa1fc20) Importer(ScriptedImporter)
Start importing Assets/RXSDK/Runtime/Utils/Compress/CLZF2.cs using Guid(38f14d32d455d4d89aa681088aa1fc20) Importer(ScriptedImporter)  -> (artifact id: '2ea21e13a1fbce262a3ceb932ba89dca') in 0.001650 seconds
Number of asset objects unloaded after import = 1
========================================================================
Received Import Request.
  Time since last request: 0.000092 seconds.
  path: Assets/RXSDK/Runtime/Utils/Compress/RLE.cs
  artifactKey: Guid(7755e1a6a033840ee91b0a6a4e61b380) Importer(ScriptedImporter)
Start importing Assets/RXSDK/Runtime/Utils/Compress/RLE.cs using Guid(7755e1a6a033840ee91b0a6a4e61b380) Importer(ScriptedImporter)  -> (artifact id: 'e0dc06d8e0d4d05a7701993504e76321') in 0.001479 seconds
Number of asset objects unloaded after import = 1
========================================================================
Received Prepare
Refreshing native plugins compatible for Editor in 1.28 ms, found 1 plugins.
Preloading 0 native plugins for Editor in 0.00 ms.
Unloading 0 Unused Serialized files (Serialized files now loaded: 0)
Unloading 1 unused Assets / (0.9 KB). Loaded Objects now: 4077.
Memory consumption went from 81.5 MB to 81.5 MB.
Total: 2.023167 ms (FindLiveObjects: 0.073833 ms CreateObjectMapping: 0.050000 ms MarkObjects: 1.874833 ms  DeleteObjects: 0.024042 ms)

AssetImportParameters requested are different than current active one (requested -> active):
  custom:container-demuxer-ogg: 62fdf1f143b41e24485cea50d1cbac27 -> 
  custom:video-decoder-ogg-theora: a1e56fd34408186e4bbccfd4996cb3dc -> 
  custom:CustomObjectIndexerAttribute: 299a746012abc5adb0180d4ccda8d3ad -> 
  custom:container-demuxer-webm: 4f35f7cbe854078d1ac9338744f61a02 -> 
  custom:container-muxer-webm: aa71ff27fc2769a1b78a27578f13a17b -> 
  custom:video-decoder-webm-vp8: 9c59270c3fd7afecdb556c50c9e8de78 -> 
  custom:SearchIndexIgnoredProperties: e643bd26f0fe6173181afceb89e7c659 -> 
  custom:AudioImporter_EditorPlatform: 3918e3fc78b5a79bad01e8451be0beb8 -> 
  custom:framework-osx-AVFoundation: e770b220cccbd017edd2c1fefb359320 -> 
  custom:video-encoder-webm-vp8: eb34c28f22e8b96e1ab97ce403110664 -> 
  custom:audio-decoder-ogg-vorbis: bf7c407c2cedff20999df2af8eb42d56 -> 
  custom:audio-encoder-webm-vorbis: bf7c407c2cedff20999df2af8eb42d56 -> 
========================================================================
Received Prepare
Caller must complete domain reload
Begin MonoManager ReloadAssembly
Thread 0x1750f7000 may have been prematurely finalized
Symbol file LoadedFromMemory is not a mono symbol file
- Loaded All Assemblies, in  0.259 seconds
Native extension for WeixinMiniGame target not found
Native extension for OSXStandalone target not found
Native extension for WebGL target not found
Mono: successfully reloaded assembly
- Finished resetting the current domain, in  0.462 seconds
Domain Reload Profiling: 720ms
	BeginReloadAssembly (91ms)
		ExecutionOrderSort (0ms)
		DisableScriptedObjects (3ms)
		BackupInstance (0ms)
		ReleaseScriptingObjects (0ms)
		CreateAndSetChildDomain (25ms)
	RebuildCommonClasses (18ms)
	RebuildNativeTypeToScriptingClass (7ms)
	initialDomainReloadingComplete (17ms)
	LoadAllAssembliesAndSetupDomain (126ms)
		LoadAssemblies (158ms)
		RebuildTransferFunctionScriptingTraits (0ms)
		AnalyzeDomain (12ms)
			TypeCache.Refresh (5ms)
				TypeCache.ScanAssembly (0ms)
			ScanForSourceGeneratedMonoScriptInfo (4ms)
			ResolveRequiredComponents (2ms)
	FinalizeReload (462ms)
		ReleaseScriptCaches (0ms)
		RebuildScriptCaches (0ms)
		SetupLoadedEditorAssemblies (93ms)
			LogAssemblyErrors (0ms)
			InitializePlatformSupportModulesInManaged (3ms)
			SetLoadedEditorAssemblies (2ms)
			RefreshPlugins (0ms)
			BeforeProcessingInitializeOnLoad (19ms)
			ProcessInitializeOnLoadAttributes (63ms)
			ProcessInitializeOnLoadMethodAttributes (5ms)
			AfterProcessingInitializeOnLoad (1ms)
			EditorAssembliesLoaded (0ms)
		ExecutionOrderSort2 (0ms)
		AwakeInstancesAfterBackupRestoration (1ms)
Switching build target platform(2) subTarget(0) extendedPlatform(0) -> platform(48) subTarget(0) extendedPlatform(0)
Refreshing native plugins compatible for Editor in 1.38 ms, found 1 plugins.
Preloading 0 native plugins for Editor in 0.00 ms.
Unloading 3577 Unused Serialized files (Serialized files now loaded: 0)
Unloading 11 unused Assets / (27.6 KB). Loaded Objects now: 4080.
Memory consumption went from 120.8 MB to 120.8 MB.
Total: 1.783708 ms (FindLiveObjects: 0.082875 ms CreateObjectMapping: 0.056083 ms MarkObjects: 1.608542 ms  DeleteObjects: 0.035792 ms)

AssetImportParameters requested are different than current active one (requested -> active):
  custom:container-demuxer-ogg: 62fdf1f143b41e24485cea50d1cbac27 -> 
  custom:video-decoder-ogg-theora: a1e56fd34408186e4bbccfd4996cb3dc -> 
  custom:CustomObjectIndexerAttribute: 299a746012abc5adb0180d4ccda8d3ad -> 
  custom:container-demuxer-webm: 4f35f7cbe854078d1ac9338744f61a02 -> 
  custom:container-muxer-webm: aa71ff27fc2769a1b78a27578f13a17b -> 
  custom:video-decoder-webm-vp8: 9c59270c3fd7afecdb556c50c9e8de78 -> 
  custom:SearchIndexIgnoredProperties: e643bd26f0fe6173181afceb89e7c659 -> 
  custom:AudioImporter_EditorPlatform: 3918e3fc78b5a79bad01e8451be0beb8 -> 
  custom:framework-osx-AVFoundation: e770b220cccbd017edd2c1fefb359320 -> 
  custom:video-encoder-webm-vp8: eb34c28f22e8b96e1ab97ce403110664 -> 
  custom:audio-decoder-ogg-vorbis: bf7c407c2cedff20999df2af8eb42d56 -> 
  custom:audio-encoder-webm-vorbis: bf7c407c2cedff20999df2af8eb42d56 -> 
========================================================================
Received Prepare
Refreshing native plugins compatible for Editor in 1.57 ms, found 1 plugins.
Preloading 0 native plugins for Editor in 0.00 ms.
Unloading 1 Unused Serialized files (Serialized files now loaded: 0)
Unloading 1 unused Assets / (3.1 KB). Loaded Objects now: 4080.
Memory consumption went from 80.0 MB to 80.0 MB.
Total: 1.942292 ms (FindLiveObjects: 0.074709 ms CreateObjectMapping: 0.050292 ms MarkObjects: 1.794292 ms  DeleteObjects: 0.022875 ms)

AssetImportParameters requested are different than current active one (requested -> active):
  custom:container-demuxer-ogg: 62fdf1f143b41e24485cea50d1cbac27 -> 
  custom:video-decoder-ogg-theora: a1e56fd34408186e4bbccfd4996cb3dc -> 
  custom:CustomObjectIndexerAttribute: 299a746012abc5adb0180d4ccda8d3ad -> 
  custom:container-demuxer-webm: 4f35f7cbe854078d1ac9338744f61a02 -> 
  custom:container-muxer-webm: aa71ff27fc2769a1b78a27578f13a17b -> 
  custom:video-decoder-webm-vp8: 9c59270c3fd7afecdb556c50c9e8de78 -> 
  custom:SearchIndexIgnoredProperties: e643bd26f0fe6173181afceb89e7c659 -> 
  custom:AudioImporter_EditorPlatform: 3918e3fc78b5a79bad01e8451be0beb8 -> 
  custom:framework-osx-AVFoundation: e770b220cccbd017edd2c1fefb359320 -> 
  custom:video-encoder-webm-vp8: eb34c28f22e8b96e1ab97ce403110664 -> 
  custom:audio-decoder-ogg-vorbis: bf7c407c2cedff20999df2af8eb42d56 -> 
  custom:audio-encoder-webm-vorbis: bf7c407c2cedff20999df2af8eb42d56 -> 
========================================================================
Received Prepare
Caller must complete domain reload
Begin MonoManager ReloadAssembly
Thread 0x16dcdf000 may have been prematurely finalized
Symbol file LoadedFromMemory is not a mono symbol file
- Loaded All Assemblies, in  0.147 seconds
Native extension for WeixinMiniGame target not found
Native extension for OSXStandalone target not found
Native extension for WebGL target not found
Mono: successfully reloaded assembly
- Finished resetting the current domain, in  0.403 seconds
Domain Reload Profiling: 551ms
	BeginReloadAssembly (47ms)
		ExecutionOrderSort (0ms)
		DisableScriptedObjects (2ms)
		BackupInstance (0ms)
		ReleaseScriptingObjects (0ms)
		CreateAndSetChildDomain (8ms)
	RebuildCommonClasses (13ms)
	RebuildNativeTypeToScriptingClass (5ms)
	initialDomainReloadingComplete (8ms)
	LoadAllAssembliesAndSetupDomain (74ms)
		LoadAssemblies (86ms)
		RebuildTransferFunctionScriptingTraits (0ms)
		AnalyzeDomain (9ms)
			TypeCache.Refresh (4ms)
				TypeCache.ScanAssembly (0ms)
			ScanForSourceGeneratedMonoScriptInfo (3ms)
			ResolveRequiredComponents (2ms)
	FinalizeReload (403ms)
		ReleaseScriptCaches (0ms)
		RebuildScriptCaches (0ms)
		SetupLoadedEditorAssemblies (87ms)
			LogAssemblyErrors (0ms)
			InitializePlatformSupportModulesInManaged (2ms)
			SetLoadedEditorAssemblies (2ms)
			RefreshPlugins (0ms)
			BeforeProcessingInitializeOnLoad (19ms)
			ProcessInitializeOnLoadAttributes (59ms)
			ProcessInitializeOnLoadMethodAttributes (4ms)
			AfterProcessingInitializeOnLoad (0ms)
			EditorAssembliesLoaded (0ms)
		ExecutionOrderSort2 (0ms)
		AwakeInstancesAfterBackupRestoration (1ms)
Switching build target platform(2) subTarget(0) extendedPlatform(0) -> platform(48) subTarget(0) extendedPlatform(0)
Refreshing native plugins compatible for Editor in 1.01 ms, found 1 plugins.
Preloading 0 native plugins for Editor in 0.00 ms.
Unloading 3577 Unused Serialized files (Serialized files now loaded: 0)
Unloading 11 unused Assets / (27.1 KB). Loaded Objects now: 4083.
Memory consumption went from 124.4 MB to 124.4 MB.
Total: 1.621292 ms (FindLiveObjects: 0.079542 ms CreateObjectMapping: 0.052458 ms MarkObjects: 1.456584 ms  DeleteObjects: 0.032292 ms)

AssetImportParameters requested are different than current active one (requested -> active):
  custom:container-demuxer-ogg: 62fdf1f143b41e24485cea50d1cbac27 -> 
  custom:video-decoder-ogg-theora: a1e56fd34408186e4bbccfd4996cb3dc -> 
  custom:CustomObjectIndexerAttribute: 299a746012abc5adb0180d4ccda8d3ad -> 
  custom:container-demuxer-webm: 4f35f7cbe854078d1ac9338744f61a02 -> 
  custom:container-muxer-webm: aa71ff27fc2769a1b78a27578f13a17b -> 
  custom:video-decoder-webm-vp8: 9c59270c3fd7afecdb556c50c9e8de78 -> 
  custom:SearchIndexIgnoredProperties: e643bd26f0fe6173181afceb89e7c659 -> 
  custom:AudioImporter_EditorPlatform: 3918e3fc78b5a79bad01e8451be0beb8 -> 
  custom:framework-osx-AVFoundation: e770b220cccbd017edd2c1fefb359320 -> 
  custom:video-encoder-webm-vp8: eb34c28f22e8b96e1ab97ce403110664 -> 
  custom:audio-decoder-ogg-vorbis: bf7c407c2cedff20999df2af8eb42d56 -> 
  custom:audio-encoder-webm-vorbis: bf7c407c2cedff20999df2af8eb42d56 -> 
========================================================================
Received Prepare
Refreshing native plugins compatible for Editor in 1.43 ms, found 1 plugins.
Preloading 0 native plugins for Editor in 0.00 ms.
Unloading 1 Unused Serialized files (Serialized files now loaded: 0)
Unloading 1 unused Assets / (3.1 KB). Loaded Objects now: 4083.
Memory consumption went from 83.7 MB to 83.6 MB.
Total: 1.957500 ms (FindLiveObjects: 0.076666 ms CreateObjectMapping: 0.051667 ms MarkObjects: 1.804917 ms  DeleteObjects: 0.023833 ms)

AssetImportParameters requested are different than current active one (requested -> active):
  custom:container-demuxer-ogg: 62fdf1f143b41e24485cea50d1cbac27 -> 
  custom:video-decoder-ogg-theora: a1e56fd34408186e4bbccfd4996cb3dc -> 
  custom:CustomObjectIndexerAttribute: 299a746012abc5adb0180d4ccda8d3ad -> 
  custom:container-demuxer-webm: 4f35f7cbe854078d1ac9338744f61a02 -> 
  custom:container-muxer-webm: aa71ff27fc2769a1b78a27578f13a17b -> 
  custom:video-decoder-webm-vp8: 9c59270c3fd7afecdb556c50c9e8de78 -> 
  custom:SearchIndexIgnoredProperties: e643bd26f0fe6173181afceb89e7c659 -> 
  custom:AudioImporter_EditorPlatform: 3918e3fc78b5a79bad01e8451be0beb8 -> 
  custom:framework-osx-AVFoundation: e770b220cccbd017edd2c1fefb359320 -> 
  custom:video-encoder-webm-vp8: eb34c28f22e8b96e1ab97ce403110664 -> 
  custom:audio-decoder-ogg-vorbis: bf7c407c2cedff20999df2af8eb42d56 -> 
  custom:audio-encoder-webm-vorbis: bf7c407c2cedff20999df2af8eb42d56 -> 
========================================================================
Received Prepare
Caller must complete domain reload
Begin MonoManager ReloadAssembly
Thread 0x16dcdf000 may have been prematurely finalized
Symbol file LoadedFromMemory is not a mono symbol file
- Loaded All Assemblies, in  0.158 seconds
Native extension for WeixinMiniGame target not found
Native extension for OSXStandalone target not found
Native extension for WebGL target not found
Mono: successfully reloaded assembly
- Finished resetting the current domain, in  0.386 seconds
Domain Reload Profiling: 544ms
	BeginReloadAssembly (49ms)
		ExecutionOrderSort (0ms)
		DisableScriptedObjects (2ms)
		BackupInstance (0ms)
		ReleaseScriptingObjects (0ms)
		CreateAndSetChildDomain (9ms)
	RebuildCommonClasses (13ms)
	RebuildNativeTypeToScriptingClass (5ms)
	initialDomainReloadingComplete (8ms)
	LoadAllAssembliesAndSetupDomain (83ms)
		LoadAssemblies (94ms)
		RebuildTransferFunctionScriptingTraits (0ms)
		AnalyzeDomain (10ms)
			TypeCache.Refresh (4ms)
				TypeCache.ScanAssembly (0ms)
			ScanForSourceGeneratedMonoScriptInfo (3ms)
			ResolveRequiredComponents (2ms)
	FinalizeReload (387ms)
		ReleaseScriptCaches (0ms)
		RebuildScriptCaches (0ms)
		SetupLoadedEditorAssemblies (87ms)
			LogAssemblyErrors (0ms)
			InitializePlatformSupportModulesInManaged (2ms)
			SetLoadedEditorAssemblies (2ms)
			RefreshPlugins (0ms)
			BeforeProcessingInitializeOnLoad (19ms)
			ProcessInitializeOnLoadAttributes (59ms)
			ProcessInitializeOnLoadMethodAttributes (4ms)
			AfterProcessingInitializeOnLoad (0ms)
			EditorAssembliesLoaded (0ms)
		ExecutionOrderSort2 (0ms)
		AwakeInstancesAfterBackupRestoration (1ms)
Switching build target platform(2) subTarget(0) extendedPlatform(0) -> platform(48) subTarget(0) extendedPlatform(0)
Refreshing native plugins compatible for Editor in 0.89 ms, found 1 plugins.
Preloading 0 native plugins for Editor in 0.00 ms.
Unloading 3577 Unused Serialized files (Serialized files now loaded: 0)
Unloading 11 unused Assets / (27.0 KB). Loaded Objects now: 4086.
Memory consumption went from 128.4 MB to 128.4 MB.
Total: 1.802041 ms (FindLiveObjects: 0.081792 ms CreateObjectMapping: 0.067583 ms MarkObjects: 1.621333 ms  DeleteObjects: 0.030833 ms)

AssetImportParameters requested are different than current active one (requested -> active):
  custom:container-demuxer-ogg: 62fdf1f143b41e24485cea50d1cbac27 -> 
  custom:video-decoder-ogg-theora: a1e56fd34408186e4bbccfd4996cb3dc -> 
  custom:CustomObjectIndexerAttribute: 299a746012abc5adb0180d4ccda8d3ad -> 
  custom:container-demuxer-webm: 4f35f7cbe854078d1ac9338744f61a02 -> 
  custom:container-muxer-webm: aa71ff27fc2769a1b78a27578f13a17b -> 
  custom:video-decoder-webm-vp8: 9c59270c3fd7afecdb556c50c9e8de78 -> 
  custom:SearchIndexIgnoredProperties: e643bd26f0fe6173181afceb89e7c659 -> 
  custom:AudioImporter_EditorPlatform: 3918e3fc78b5a79bad01e8451be0beb8 -> 
  custom:framework-osx-AVFoundation: e770b220cccbd017edd2c1fefb359320 -> 
  custom:video-encoder-webm-vp8: eb34c28f22e8b96e1ab97ce403110664 -> 
  custom:audio-decoder-ogg-vorbis: bf7c407c2cedff20999df2af8eb42d56 -> 
  custom:audio-encoder-webm-vorbis: bf7c407c2cedff20999df2af8eb42d56 -> 
  custom:scripting/precompiled-assembly-types:Assembly-CSharp-Editor: 1f912d4de6cb665186d563c3a71d114d -> aed549d33da427fe71430ffee69c18fc
========================================================================
Received Prepare
Refreshing native plugins compatible for Editor in 1.55 ms, found 1 plugins.
Preloading 0 native plugins for Editor in 0.00 ms.
Unloading 1 Unused Serialized files (Serialized files now loaded: 0)
Unloading 1 unused Assets / (3.1 KB). Loaded Objects now: 4086.
Memory consumption went from 87.6 MB to 87.6 MB.
Total: 1.884083 ms (FindLiveObjects: 0.080542 ms CreateObjectMapping: 0.048250 ms MarkObjects: 1.733208 ms  DeleteObjects: 0.021750 ms)

AssetImportParameters requested are different than current active one (requested -> active):
  custom:container-demuxer-ogg: 62fdf1f143b41e24485cea50d1cbac27 -> 
  custom:video-decoder-ogg-theora: a1e56fd34408186e4bbccfd4996cb3dc -> 
  custom:CustomObjectIndexerAttribute: 299a746012abc5adb0180d4ccda8d3ad -> 
  custom:container-demuxer-webm: 4f35f7cbe854078d1ac9338744f61a02 -> 
  custom:container-muxer-webm: aa71ff27fc2769a1b78a27578f13a17b -> 
  custom:video-decoder-webm-vp8: 9c59270c3fd7afecdb556c50c9e8de78 -> 
  custom:SearchIndexIgnoredProperties: e643bd26f0fe6173181afceb89e7c659 -> 
  custom:AudioImporter_EditorPlatform: 3918e3fc78b5a79bad01e8451be0beb8 -> 
  custom:framework-osx-AVFoundation: e770b220cccbd017edd2c1fefb359320 -> 
  custom:video-encoder-webm-vp8: eb34c28f22e8b96e1ab97ce403110664 -> 
  custom:audio-decoder-ogg-vorbis: bf7c407c2cedff20999df2af8eb42d56 -> 
  custom:audio-encoder-webm-vorbis: bf7c407c2cedff20999df2af8eb42d56 -> 
  custom:scripting/precompiled-assembly-types:Assembly-CSharp-Editor: 1f912d4de6cb665186d563c3a71d114d -> aed549d33da427fe71430ffee69c18fc
========================================================================
Received Prepare
Refreshing native plugins compatible for Editor in 1.27 ms, found 1 plugins.
Preloading 0 native plugins for Editor in 0.00 ms.
Unloading 1 Unused Serialized files (Serialized files now loaded: 0)
Unloading 1 unused Assets / (3.1 KB). Loaded Objects now: 4086.
Memory consumption went from 86.6 MB to 86.6 MB.
Total: 1.888875 ms (FindLiveObjects: 0.075416 ms CreateObjectMapping: 0.052375 ms MarkObjects: 1.734709 ms  DeleteObjects: 0.025917 ms)

AssetImportParameters requested are different than current active one (requested -> active):
  custom:container-demuxer-ogg: 62fdf1f143b41e24485cea50d1cbac27 -> 
  custom:video-decoder-ogg-theora: a1e56fd34408186e4bbccfd4996cb3dc -> 
  custom:CustomObjectIndexerAttribute: 299a746012abc5adb0180d4ccda8d3ad -> 
  custom:container-demuxer-webm: 4f35f7cbe854078d1ac9338744f61a02 -> 
  custom:container-muxer-webm: aa71ff27fc2769a1b78a27578f13a17b -> 
  custom:video-decoder-webm-vp8: 9c59270c3fd7afecdb556c50c9e8de78 -> 
  custom:SearchIndexIgnoredProperties: e643bd26f0fe6173181afceb89e7c659 -> 
  custom:AudioImporter_EditorPlatform: 3918e3fc78b5a79bad01e8451be0beb8 -> 
  custom:framework-osx-AVFoundation: e770b220cccbd017edd2c1fefb359320 -> 
  custom:video-encoder-webm-vp8: eb34c28f22e8b96e1ab97ce403110664 -> 
  custom:audio-decoder-ogg-vorbis: bf7c407c2cedff20999df2af8eb42d56 -> 
  custom:audio-encoder-webm-vorbis: bf7c407c2cedff20999df2af8eb42d56 -> 
  custom:scripting/precompiled-assembly-types:Assembly-CSharp-Editor: 1f912d4de6cb665186d563c3a71d114d -> aed549d33da427fe71430ffee69c18fc
