Tuanjie Editor version:  2022.3.62t12 (ab02e98c9779)
Branch:                  tuanjie/1.10/staging
Build type:              Release
Batch mode:              YES
macOS version:           Version 26.5.2 (Build 25F84)
Darwin version:          25.5.0
Architecture:            arm64
Running under Rosetta:   NO
Available memory:        65536 MB
Using pre-set license
Pro License: NO

COMMAND LINE ARGUMENTS:
/Applications/Tuanjie/Hub/Editor/2022.3.62t12/Tuanjie.app/Contents/MacOS/Tuanjie
-adb2
-batchMode
-noUpm
-disableFMOD
-name
AssetImportWorker1
-projectPath
/Users/chenhan/Desktop/Git/RXSDK/RXSDK-Harmony
-logFile
Logs/AssetImportWorker1.log
-srvPort
54479
Successfully changed project path to: /Users/chenhan/Desktop/Git/RXSDK/RXSDK-Harmony
/Users/chenhan/Desktop/Git/RXSDK/RXSDK-Harmony
[Memory] Configuration Parameters - Can be set up in boot.config
    "memorysetup-bucket-allocator-granularity=16"
    "memorysetup-bucket-allocator-bucket-count=8"
    "memorysetup-bucket-allocator-block-size=33554432"
    "memorysetup-bucket-allocator-block-count=8"
    "memorysetup-main-allocator-block-size=16777216"
    "memorysetup-thread-allocator-block-size=16777216"
    "memorysetup-gfx-main-allocator-block-size=16777216"
    "memorysetup-gfx-thread-allocator-block-size=16777216"
    "memorysetup-cache-allocator-block-size=4194304"
    "memorysetup-typetree-allocator-block-size=2097152"
    "memorysetup-profiler-bucket-allocator-granularity=16"
    "memorysetup-profiler-bucket-allocator-bucket-count=8"
    "memorysetup-profiler-bucket-allocator-block-size=33554432"
    "memorysetup-profiler-bucket-allocator-block-count=8"
    "memorysetup-profiler-allocator-block-size=16777216"
    "memorysetup-profiler-editor-allocator-block-size=1048576"
    "memorysetup-temp-allocator-size-main=16777216"
    "memorysetup-job-temp-allocator-block-size=2097152"
    "memorysetup-job-temp-allocator-block-size-background=1048576"
    "memorysetup-job-temp-allocator-reduction-small-platforms=262144"
    "memorysetup-allocator-temp-initial-block-size-main=262144"
    "memorysetup-allocator-temp-initial-block-size-worker=262144"
    "memorysetup-temp-allocator-size-gfx=262144"
    "memorysetup-temp-allocator-size-background-worker=32768"
    "memorysetup-temp-allocator-size-job-worker=262144"
    "memorysetup-temp-allocator-size-preload-manager=33554432"
    "memorysetup-temp-allocator-size-nav-mesh-worker=65536"
    "memorysetup-temp-allocator-size-audio-worker=65536"
    "memorysetup-temp-allocator-size-cloud-worker=32768"
    "memorysetup-temp-allocator-size-gi-baking-worker=262144"
    "memorysetup-temp-allocator-size-gfx=262144"
Player connection [8303418752]  Target information:

Player connection [8303418752]  * "[IP] 10.10.3.133 [Port] 0 [Flags] 2 [Guid] 672648459 [EditorId] 672648459 [Version] 1048832 [Id] OSXEditor(0,admindeMacBook-Pro.local) [Debug] 1 [PackageName] OSXEditor [ProjectName] Editor" 

Player connection [8303418752]  * "[IP] 198.18.0.1 [Port] 0 [Flags] 2 [Guid] 672648459 [EditorId] 672648459 [Version] 1048832 [Id] OSXEditor(0,admindeMacBook-Pro.local) [Debug] 1 [PackageName] OSXEditor [ProjectName] Editor" 

Player connection [8303418752] Host joined multi-casting on [225.0.0.222:54997]...
Player connection [8303418752] Host joined alternative multi-casting on [225.0.0.222:34997]...
Input System module state changed to: Initialized.
AS: AutoStreaming module initializing.
[LiveLink] LiveLink library is loaded successfully. Initializing...
InitScreenManager.Refreshing native plugins compatible for Editor in 12.74 ms, found 1 plugins.
Preloading 0 native plugins for Editor in 0.00 ms.
Initialize engine version: 2022.3.62t12 (ab02e98c9779)
THR RenderingThread disabled!
[Subsystems] Discovering subsystems at path /Applications/Tuanjie/Hub/Editor/2022.3.62t12/Tuanjie.app/Contents/Resources/UnitySubsystems
[Subsystems] Discovering subsystems at path /Users/chenhan/Desktop/Git/RXSDK/RXSDK-Harmony/Assets
GfxDevice: creating device client; threaded=0; jobified=0
CreateRealGfxDevice: 16 preferred device: Apple M5 Max (high power)
Metal devices available: 1
0: Apple M5 Max (high power)
Using device Apple M5 Max (high power)
Initializing Metal device caps: Apple M5 Max
Initialize mono
Mono path[0] = '/Applications/Tuanjie/Hub/Editor/2022.3.62t12/Tuanjie.app/Contents/Managed'
Mono path[1] = '/Applications/Tuanjie/Hub/Editor/2022.3.62t12/Tuanjie.app/Contents/MonoBleedingEdge/lib/mono/unityjit-macos'
Mono config path = '/Applications/Tuanjie/Hub/Editor/2022.3.62t12/Tuanjie.app/Contents/MonoBleedingEdge/etc'
Using monoOptions --debugger-agent=transport=dt_socket,embedding=1,server=y,suspend=n,address=0.0.0.0:56972
Begin MonoManager ReloadAssembly
Registering precompiled tuanjie dll's ...
Register platform support module: /Applications/Tuanjie/Hub/Editor/2022.3.62t12/PlaybackEngines/WebGLSupport/UnityEditor.WebGL.Extensions.dll
Register platform support module: /Applications/Tuanjie/Hub/Editor/2022.3.62t12/Tuanjie.app/Contents/PlaybackEngines/MacStandaloneSupport/UnityEditor.OSXStandalone.Extensions.dll
Register platform support module: /Applications/Tuanjie/Hub/Editor/2022.3.62t12/PlaybackEngines/WeixinMiniGameSupport/UnityEditor.WeixinMiniGame.Extensions.dll
Registered in 0.004928 seconds.
- Loaded All Assemblies, in  0.215 seconds
Native extension for WeixinMiniGame target not found
Native extension for OSXStandalone target not found
Native extension for WebGL target not found
Mono: successfully reloaded assembly
- Finished resetting the current domain, in  0.095 seconds
Domain Reload Profiling: 310ms
	BeginReloadAssembly (94ms)
		ExecutionOrderSort (0ms)
		DisableScriptedObjects (0ms)
		BackupInstance (0ms)
		ReleaseScriptingObjects (0ms)
		CreateAndSetChildDomain (0ms)
	RebuildCommonClasses (15ms)
	RebuildNativeTypeToScriptingClass (6ms)
	initialDomainReloadingComplete (26ms)
	LoadAllAssembliesAndSetupDomain (74ms)
		LoadAssemblies (98ms)
		RebuildTransferFunctionScriptingTraits (0ms)
		AnalyzeDomain (69ms)
			TypeCache.Refresh (68ms)
				TypeCache.ScanAssembly (61ms)
			ScanForSourceGeneratedMonoScriptInfo (0ms)
			ResolveRequiredComponents (0ms)
	FinalizeReload (95ms)
		ReleaseScriptCaches (0ms)
		RebuildScriptCaches (0ms)
		SetupLoadedEditorAssemblies (73ms)
			LogAssemblyErrors (0ms)
			InitializePlatformSupportModulesInManaged (5ms)
			SetLoadedEditorAssemblies (2ms)
			RefreshPlugins (0ms)
			BeforeProcessingInitializeOnLoad (1ms)
			ProcessInitializeOnLoadAttributes (60ms)
			ProcessInitializeOnLoadMethodAttributes (6ms)
			AfterProcessingInitializeOnLoad (0ms)
			EditorAssembliesLoaded (0ms)
		ExecutionOrderSort2 (0ms)
		AwakeInstancesAfterBackupRestoration (0ms)
========================================================================
Worker process is ready to serve import requests
Caller must complete domain reload
Begin MonoManager ReloadAssembly
Symbol file LoadedFromMemory is not a mono symbol file
- Loaded All Assemblies, in  0.255 seconds
Native extension for WeixinMiniGame target not found
Native extension for OSXStandalone target not found
Native extension for WebGL target not found
Mono: successfully reloaded assembly
- Finished resetting the current domain, in  0.160 seconds
Domain Reload Profiling: 412ms
	BeginReloadAssembly (48ms)
		ExecutionOrderSort (0ms)
		DisableScriptedObjects (2ms)
		BackupInstance (0ms)
		ReleaseScriptingObjects (0ms)
		CreateAndSetChildDomain (7ms)
	RebuildCommonClasses (13ms)
	RebuildNativeTypeToScriptingClass (5ms)
	initialDomainReloadingComplete (13ms)
	LoadAllAssembliesAndSetupDomain (174ms)
		LoadAssemblies (143ms)
		RebuildTransferFunctionScriptingTraits (0ms)
		AnalyzeDomain (58ms)
			TypeCache.Refresh (50ms)
				TypeCache.ScanAssembly (42ms)
			ScanForSourceGeneratedMonoScriptInfo (5ms)
			ResolveRequiredComponents (2ms)
	FinalizeReload (160ms)
		ReleaseScriptCaches (0ms)
		RebuildScriptCaches (0ms)
		SetupLoadedEditorAssemblies (110ms)
			LogAssemblyErrors (0ms)
			InitializePlatformSupportModulesInManaged (2ms)
			SetLoadedEditorAssemblies (1ms)
			RefreshPlugins (0ms)
			BeforeProcessingInitializeOnLoad (20ms)
			ProcessInitializeOnLoadAttributes (81ms)
			ProcessInitializeOnLoadMethodAttributes (5ms)
			AfterProcessingInitializeOnLoad (1ms)
			EditorAssembliesLoaded (0ms)
		ExecutionOrderSort2 (0ms)
		AwakeInstancesAfterBackupRestoration (1ms)
Refreshing native plugins compatible for Editor in 1.16 ms, found 1 plugins.
Preloading 0 native plugins for Editor in 0.00 ms.
Unloading 3582 Unused Serialized files (Serialized files now loaded: 0)
Unloading 16 unused Assets / (47.1 KB). Loaded Objects now: 4077.
Memory consumption went from 123.2 MB to 123.1 MB.
Total: 1.833125 ms (FindLiveObjects: 0.071000 ms CreateObjectMapping: 0.047750 ms MarkObjects: 1.656958 ms  DeleteObjects: 0.057209 ms)

AssetImportParameters requested are different than current active one (requested -> active):
  custom:container-demuxer-ogg: 62fdf1f143b41e24485cea50d1cbac27 -> 
  custom:video-decoder-ogg-theora: a1e56fd34408186e4bbccfd4996cb3dc -> 
  custom:CustomObjectIndexerAttribute: 299a746012abc5adb0180d4ccda8d3ad -> 
  custom:container-demuxer-webm: 4f35f7cbe854078d1ac9338744f61a02 -> 
  custom:container-muxer-webm: aa71ff27fc2769a1b78a27578f13a17b -> 
  custom:video-decoder-webm-vp8: 9c59270c3fd7afecdb556c50c9e8de78 -> 
  custom:SearchIndexIgnoredProperties: e643bd26f0fe6173181afceb89e7c659 -> 
  custom:AudioImporter_EditorPlatform: 3918e3fc78b5a79bad01e8451be0beb8 -> 
  custom:framework-osx-AVFoundation: e770b220cccbd017edd2c1fefb359320 -> 
  custom:video-encoder-webm-vp8: eb34c28f22e8b96e1ab97ce403110664 -> 
  custom:audio-decoder-ogg-vorbis: bf7c407c2cedff20999df2af8eb42d56 -> 
  custom:audio-encoder-webm-vorbis: bf7c407c2cedff20999df2af8eb42d56 -> 
========================================================================
Received Import Request.
  Time since last request: 719679.196941 seconds.
  path: Assets/RXSDK/Runtime/Platform/PlatformFactory.cs
  artifactKey: Guid(954fa6c63e0f4407393cdeff28ffdf8d) Importer(ScriptedImporter)
Start importing Assets/RXSDK/Runtime/Platform/PlatformFactory.cs using Guid(954fa6c63e0f4407393cdeff28ffdf8d) Importer(ScriptedImporter)  -> (artifact id: '6e33a0a20cf70f7dae41bd0328d0ceaa') in 0.035560 seconds
Number of asset objects unloaded after import = 1
========================================================================
Received Import Request.
  Time since last request: 0.000183 seconds.
  path: Assets/RXSDK/Runtime/Utils/ObjectUtility.cs
  artifactKey: Guid(a4bc68fc9cf1e4d1ab4f4bc2ffca8a2c) Importer(ScriptedImporter)
Start importing Assets/RXSDK/Runtime/Utils/ObjectUtility.cs using Guid(a4bc68fc9cf1e4d1ab4f4bc2ffca8a2c) Importer(ScriptedImporter)  -> (artifact id: '8edc4703258876e951f5e366e5928a12') in 0.001517 seconds
Number of asset objects unloaded after import = 1
========================================================================
Received Import Request.
  Time since last request: 0.000092 seconds.
  path: Assets/RXSDK/Runtime/RuiXueSdk.Passport.cs
  artifactKey: Guid(a5a4dec3827bf442cb6c64c70f67461a) Importer(ScriptedImporter)
Start importing Assets/RXSDK/Runtime/RuiXueSdk.Passport.cs using Guid(a5a4dec3827bf442cb6c64c70f67461a) Importer(ScriptedImporter)  -> (artifact id: '0336f924b79686dd67a34cbf8b9e4b8a') in 0.001760 seconds
Number of asset objects unloaded after import = 1
========================================================================
Received Import Request.
  Time since last request: 0.000068 seconds.
  path: Assets/RXSample/RXSampleScene.cs
  artifactKey: Guid(270e35aef07e94fc686b5fe60e55167e) Importer(ScriptedImporter)
Start importing Assets/RXSample/RXSampleScene.cs using Guid(270e35aef07e94fc686b5fe60e55167e) Importer(ScriptedImporter)  -> (artifact id: '118d717ffe81c028ad8a0f4fa18dd8c2') in 0.001159 seconds
Number of asset objects unloaded after import = 1
========================================================================
Received Import Request.
  Time since last request: 0.000225 seconds.
  path: Assets/RXSDK/Runtime/Utils/DeviceUtility.cs
  artifactKey: Guid(7e89c06cadc1f4d6288195a944669342) Importer(ScriptedImporter)
Start importing Assets/RXSDK/Runtime/Utils/DeviceUtility.cs using Guid(7e89c06cadc1f4d6288195a944669342) Importer(ScriptedImporter)  -> (artifact id: '19713b512d1be381fda949025ba0a888') in 0.001758 seconds
Number of asset objects unloaded after import = 1
========================================================================
Received Import Request.
  Time since last request: 0.000069 seconds.
  path: Assets/Plugins/OpenHarmony/RXWebViewMainThreadWorker.ets
  artifactKey: Guid(f30483759b46643929cc9f4409d50009) Importer(ScriptedImporter)
Start importing Assets/Plugins/OpenHarmony/RXWebViewMainThreadWorker.ets using Guid(f30483759b46643929cc9f4409d50009) Importer(ScriptedImporter)  -> (artifact id: '48c009cc25f819ad676f006e867463fa') in 0.001469 seconds
Number of asset objects unloaded after import = 1
========================================================================
Received Import Request.
  Time since last request: 0.000077 seconds.
  path: Assets/Plugins/OpenHarmony/libs/hmssdk.har
  artifactKey: Guid(024d0c55b8b844994b8a942802582c69) Importer(ScriptedImporter)
Start importing Assets/Plugins/OpenHarmony/libs/hmssdk.har using Guid(024d0c55b8b844994b8a942802582c69) Importer(ScriptedImporter)  -> (artifact id: '24ed2f40f3408d4062ebd20483f45616') in 0.004260 seconds
Number of asset objects unloaded after import = 1
========================================================================
Received Import Request.
  Time since last request: 0.000123 seconds.
  path: Assets/RXSample/RXSapmleScene.unity
  artifactKey: Guid(9fc0d4010bbf28b4594072e72b8655ab) Importer(ScriptedImporter)
Start importing Assets/RXSample/RXSapmleScene.unity using Guid(9fc0d4010bbf28b4594072e72b8655ab) Importer(ScriptedImporter)  -> (artifact id: '7f460bc7878a129ebe0ec850214be656') in 0.001039 seconds
Number of asset objects unloaded after import = 1
========================================================================
Received Import Request.
  Time since last request: 0.000089 seconds.
  path: Assets/RXSDK/Runtime/Platform/GameNearbyTransfer.cs
  artifactKey: Guid(605b37a8ddfab4ddeaa999a93f5d54bd) Importer(ScriptedImporter)
Start importing Assets/RXSDK/Runtime/Platform/GameNearbyTransfer.cs using Guid(605b37a8ddfab4ddeaa999a93f5d54bd) Importer(ScriptedImporter)  -> (artifact id: 'e1aa34013cfad4c244c86162793fec7c') in 0.001757 seconds
Number of asset objects unloaded after import = 1
========================================================================
Received Import Request.
  Time since last request: 0.000080 seconds.
  path: Assets/RXSDK/Runtime/Net/RXWebRequest.cs
  artifactKey: Guid(a8b4eacabb868405f93659a57dfb5720) Importer(ScriptedImporter)
Start importing Assets/RXSDK/Runtime/Net/RXWebRequest.cs using Guid(a8b4eacabb868405f93659a57dfb5720) Importer(ScriptedImporter)  -> (artifact id: 'bff2dcf1b9464d286cca1ba2df4caee8') in 0.001373 seconds
Number of asset objects unloaded after import = 1
========================================================================
Received Import Request.
  Time since last request: 0.000050 seconds.
  path: Assets/RXSDK/Runtime/Passport/LoginData.cs
  artifactKey: Guid(336a0c15005114f0ba20831ed78a6295) Importer(ScriptedImporter)
Start importing Assets/RXSDK/Runtime/Passport/LoginData.cs using Guid(336a0c15005114f0ba20831ed78a6295) Importer(ScriptedImporter)  -> (artifact id: '774a61e36da6686783bf9d8d4f6c8fc4') in 0.001172 seconds
Number of asset objects unloaded after import = 1
========================================================================
Received Import Request.
  Time since last request: 0.000100 seconds.
  path: Assets/RXSDK/Runtime/WebView/OpenHarmonyWebview.cs
  artifactKey: Guid(6f03bc2a87864f4ead25b3d2136f770c) Importer(ScriptedImporter)
Start importing Assets/RXSDK/Runtime/WebView/OpenHarmonyWebview.cs using Guid(6f03bc2a87864f4ead25b3d2136f770c) Importer(ScriptedImporter)  -> (artifact id: '1f32e72123339b3dedea3a0f97ca9e09') in 0.002046 seconds
Number of asset objects unloaded after import = 1
========================================================================
Received Import Request.
  Time since last request: 0.000080 seconds.
  path: Assets/Plugins/OpenHarmony/RXWebViewControlBridge.etslib
  artifactKey: Guid(fd057400996b64f8cb046374915b787e) Importer(ScriptedImporter)
Start importing Assets/Plugins/OpenHarmony/RXWebViewControlBridge.etslib using Guid(fd057400996b64f8cb046374915b787e) Importer(ScriptedImporter)  -> (artifact id: '8a6044c6a036607542900dd480f18d33') in 0.001573 seconds
Number of asset objects unloaded after import = 1
========================================================================
Received Import Request.
  Time since last request: 0.000091 seconds.
  path: Assets/RXSDK/Runtime/API/Update.cs
  artifactKey: Guid(7eaad134f8d9e4de99ad15bbf3122c06) Importer(ScriptedImporter)
Start importing Assets/RXSDK/Runtime/API/Update.cs using Guid(7eaad134f8d9e4de99ad15bbf3122c06) Importer(ScriptedImporter)  -> (artifact id: '97faef1c533fb318f3a7211c8e8a7930') in 0.001658 seconds
Number of asset objects unloaded after import = 1
========================================================================
Received Import Request.
  Time since last request: 0.000131 seconds.
  path: Assets/RXSDK/Runtime/APIPath.cs
  artifactKey: Guid(e3926753bf6064d819c9a0ead425eabd) Importer(ScriptedImporter)
Start importing Assets/RXSDK/Runtime/APIPath.cs using Guid(e3926753bf6064d819c9a0ead425eabd) Importer(ScriptedImporter)  -> (artifact id: 'f5ccad3d31862128a192a8a78fab9acd') in 0.001320 seconds
Number of asset objects unloaded after import = 1
========================================================================
Received Import Request.
  Time since last request: 0.000062 seconds.
  path: Assets/Plugins/OpenHarmony/HMSIAPManager.etslib
  artifactKey: Guid(a2cfcf2d2ac702148a9adc1d3ffd6ca2) Importer(ScriptedImporter)
Start importing Assets/Plugins/OpenHarmony/HMSIAPManager.etslib using Guid(a2cfcf2d2ac702148a9adc1d3ffd6ca2) Importer(ScriptedImporter)  -> (artifact id: 'ee2004d11358b2a00f5aea60a9d340a4') in 0.001577 seconds
Number of asset objects unloaded after import = 1
========================================================================
Received Import Request.
  Time since last request: 0.000098 seconds.
  path: Assets/RXSDK/Runtime/ErrorCode.cs
  artifactKey: Guid(c77ecb924656b458a8735be6f547d420) Importer(ScriptedImporter)
Start importing Assets/RXSDK/Runtime/ErrorCode.cs using Guid(c77ecb924656b458a8735be6f547d420) Importer(ScriptedImporter)  -> (artifact id: 'e3620147faaf8dd9228cc6269b9705f9') in 0.001613 seconds
Number of asset objects unloaded after import = 1
========================================================================
Received Import Request.
  Time since last request: 0.000121 seconds.
  path: Assets/RXSDK/Runtime/Utils/GZipCompress.cs
  artifactKey: Guid(3ec29098c29674f238d6a07b6307aa2e) Importer(ScriptedImporter)
Start importing Assets/RXSDK/Runtime/Utils/GZipCompress.cs using Guid(3ec29098c29674f238d6a07b6307aa2e) Importer(ScriptedImporter)  -> (artifact id: '74c9cc04229a485ef7b22101b2f6d4eb') in 0.001254 seconds
Number of asset objects unloaded after import = 1
========================================================================
Received Import Request.
  Time since last request: 0.000092 seconds.
  path: Assets/Plugins/OpenHarmony/RXInterface.ets
  artifactKey: Guid(203aeb56e0cd04ddaaf38a49551e8b47) Importer(ScriptedImporter)
Start importing Assets/Plugins/OpenHarmony/RXInterface.ets using Guid(203aeb56e0cd04ddaaf38a49551e8b47) Importer(ScriptedImporter)  -> (artifact id: '6e6827b542ff190b3bb2e6036a0146fc') in 0.000841 seconds
Number of asset objects unloaded after import = 1
========================================================================
Received Import Request.
  Time since last request: 0.000118 seconds.
  path: Assets/RXSDK/Runtime/RuiXueSdk.VersionAndTrack.cs
  artifactKey: Guid(1eab428b5b152440b823438d93c6de2b) Importer(ScriptedImporter)
Start importing Assets/RXSDK/Runtime/RuiXueSdk.VersionAndTrack.cs using Guid(1eab428b5b152440b823438d93c6de2b) Importer(ScriptedImporter)  -> (artifact id: '63f7f7a7c077e0f482b70eef1b57b28d') in 0.001668 seconds
Number of asset objects unloaded after import = 1
========================================================================
Received Import Request.
  Time since last request: 0.000099 seconds.
  path: Assets/RXSDK/Runtime/Utils/CryptoUtility.cs
  artifactKey: Guid(41de8a53a8c0a4b7e94b8dcaeb43a0a0) Importer(ScriptedImporter)
Start importing Assets/RXSDK/Runtime/Utils/CryptoUtility.cs using Guid(41de8a53a8c0a4b7e94b8dcaeb43a0a0) Importer(ScriptedImporter)  -> (artifact id: 'a3068dbe0198789f64057c0aea132a44') in 0.001141 seconds
Number of asset objects unloaded after import = 1
========================================================================
Received Import Request.
  Time since last request: 0.000144 seconds.
  path: Assets/RXSDK/Editor/FileOperator.cs
  artifactKey: Guid(1138a822856283949a7f3ef1f6f5de16) Importer(ScriptedImporter)
Start importing Assets/RXSDK/Editor/FileOperator.cs using Guid(1138a822856283949a7f3ef1f6f5de16) Importer(ScriptedImporter)  -> (artifact id: '9d2580739cab195ac76d0959f244376f') in 0.001690 seconds
Number of asset objects unloaded after import = 1
========================================================================
Received Import Request.
  Time since last request: 0.000107 seconds.
  path: Assets/RXSDK/Runtime/Platform/OpenHarmony/HMSHelper.GameService.cs
  artifactKey: Guid(16cd4be9079144b08b11ae671f13d496) Importer(ScriptedImporter)
Start importing Assets/RXSDK/Runtime/Platform/OpenHarmony/HMSHelper.GameService.cs using Guid(16cd4be9079144b08b11ae671f13d496) Importer(ScriptedImporter)  -> (artifact id: 'ba83233a69f8baf6ef2514df861461a1') in 0.001400 seconds
Number of asset objects unloaded after import = 1
========================================================================
Received Import Request.
  Time since last request: 0.000110 seconds.
  path: Assets/RXSDK/Runtime/RXResponse.cs
  artifactKey: Guid(d595df97ca651499d8c5e93a04017396) Importer(ScriptedImporter)
Start importing Assets/RXSDK/Runtime/RXResponse.cs using Guid(d595df97ca651499d8c5e93a04017396) Importer(ScriptedImporter)  -> (artifact id: 'c9bcfa8b8d70f8f6cf4be871616f3f51') in 0.001582 seconds
Number of asset objects unloaded after import = 1
========================================================================
Received Import Request.
  Time since last request: 0.000081 seconds.
  path: Assets/RXSDK/Runtime/Hadoop/HadoopManager.cs
  artifactKey: Guid(03cc2b2bfce5e40cda0d80fe09408a0d) Importer(ScriptedImporter)
Start importing Assets/RXSDK/Runtime/Hadoop/HadoopManager.cs using Guid(03cc2b2bfce5e40cda0d80fe09408a0d) Importer(ScriptedImporter)  -> (artifact id: 'db9edce29666bc932e486b56b70faf3a') in 0.001224 seconds
Number of asset objects unloaded after import = 1
========================================================================
Received Import Request.
  Time since last request: 0.000078 seconds.
  path: Assets/RXSDK/Runtime/Platform/PlatformType.cs
  artifactKey: Guid(898a347af141a433e90165896caa569d) Importer(ScriptedImporter)
Start importing Assets/RXSDK/Runtime/Platform/PlatformType.cs using Guid(898a347af141a433e90165896caa569d) Importer(ScriptedImporter)  -> (artifact id: 'f71401bd08a5328f5ed3e4eef88542e6') in 0.001378 seconds
Number of asset objects unloaded after import = 1
========================================================================
Received Import Request.
  Time since last request: 0.160095 seconds.
  path: Assets/RXSDK/Runtime/Platform/OpenHarmony/HMSHelper.LoginImpls.cs
  artifactKey: Guid(01710a817de924e45bf9537a8337fca0) Importer(ScriptedImporter)
Start importing Assets/RXSDK/Runtime/Platform/OpenHarmony/HMSHelper.LoginImpls.cs using Guid(01710a817de924e45bf9537a8337fca0) Importer(ScriptedImporter)  -> (artifact id: 'e979c0268d5aed1eb1e97fd597875ec1') in 0.003052 seconds
Number of asset objects unloaded after import = 1
========================================================================
Received Import Request.
  Time since last request: 0.000081 seconds.
  path: Assets/RXSDK/Runtime/Platform/OpenHarmony/OpenHarmonyPlatformBridge.cs
  artifactKey: Guid(946311374772949ae9360f16afe6ad1d) Importer(ScriptedImporter)
Start importing Assets/RXSDK/Runtime/Platform/OpenHarmony/OpenHarmonyPlatformBridge.cs using Guid(946311374772949ae9360f16afe6ad1d) Importer(ScriptedImporter)  -> (artifact id: '1b7dc1fe626120af601ef0c7ab35817d') in 0.002237 seconds
Number of asset objects unloaded after import = 1
========================================================================
Received Import Request.
  Time since last request: 0.000197 seconds.
  path: Assets/RXSDK/Runtime/Platform/OpenHarmony/TuanjieBridge.cs
  artifactKey: Guid(127cfaf7c331340668b5eb43002b2871) Importer(ScriptedImporter)
Start importing Assets/RXSDK/Runtime/Platform/OpenHarmony/TuanjieBridge.cs using Guid(127cfaf7c331340668b5eb43002b2871) Importer(ScriptedImporter)  -> (artifact id: 'f24af73a05561d1536547e9d1326bad5') in 0.002331 seconds
Number of asset objects unloaded after import = 1
========================================================================
Received Prepare
Refreshing native plugins compatible for Editor in 1.24 ms, found 1 plugins.
Preloading 0 native plugins for Editor in 0.00 ms.
Unloading 0 Unused Serialized files (Serialized files now loaded: 0)
Unloading 1 unused Assets / (0.9 KB). Loaded Objects now: 4077.
Memory consumption went from 81.0 MB to 81.0 MB.
Total: 2.041333 ms (FindLiveObjects: 0.071084 ms CreateObjectMapping: 0.050416 ms MarkObjects: 1.895084 ms  DeleteObjects: 0.024291 ms)

AssetImportParameters requested are different than current active one (requested -> active):
  custom:container-demuxer-ogg: 62fdf1f143b41e24485cea50d1cbac27 -> 
  custom:video-decoder-ogg-theora: a1e56fd34408186e4bbccfd4996cb3dc -> 
  custom:CustomObjectIndexerAttribute: 299a746012abc5adb0180d4ccda8d3ad -> 
  custom:container-demuxer-webm: 4f35f7cbe854078d1ac9338744f61a02 -> 
  custom:container-muxer-webm: aa71ff27fc2769a1b78a27578f13a17b -> 
  custom:video-decoder-webm-vp8: 9c59270c3fd7afecdb556c50c9e8de78 -> 
  custom:SearchIndexIgnoredProperties: e643bd26f0fe6173181afceb89e7c659 -> 
  custom:AudioImporter_EditorPlatform: 3918e3fc78b5a79bad01e8451be0beb8 -> 
  custom:framework-osx-AVFoundation: e770b220cccbd017edd2c1fefb359320 -> 
  custom:video-encoder-webm-vp8: eb34c28f22e8b96e1ab97ce403110664 -> 
  custom:audio-decoder-ogg-vorbis: bf7c407c2cedff20999df2af8eb42d56 -> 
  custom:audio-encoder-webm-vorbis: bf7c407c2cedff20999df2af8eb42d56 -> 
========================================================================
Received Prepare
Caller must complete domain reload
Begin MonoManager ReloadAssembly
Thread 0x175a73000 may have been prematurely finalized
Symbol file LoadedFromMemory is not a mono symbol file
- Loaded All Assemblies, in  0.258 seconds
Native extension for WeixinMiniGame target not found
Native extension for OSXStandalone target not found
Native extension for WebGL target not found
Mono: successfully reloaded assembly
- Finished resetting the current domain, in  0.461 seconds
Domain Reload Profiling: 719ms
	BeginReloadAssembly (91ms)
		ExecutionOrderSort (0ms)
		DisableScriptedObjects (3ms)
		BackupInstance (0ms)
		ReleaseScriptingObjects (0ms)
		CreateAndSetChildDomain (23ms)
	RebuildCommonClasses (19ms)
	RebuildNativeTypeToScriptingClass (7ms)
	initialDomainReloadingComplete (17ms)
	LoadAllAssembliesAndSetupDomain (125ms)
		LoadAssemblies (157ms)
		RebuildTransferFunctionScriptingTraits (0ms)
		AnalyzeDomain (12ms)
			TypeCache.Refresh (5ms)
				TypeCache.ScanAssembly (0ms)
			ScanForSourceGeneratedMonoScriptInfo (4ms)
			ResolveRequiredComponents (2ms)
	FinalizeReload (461ms)
		ReleaseScriptCaches (0ms)
		RebuildScriptCaches (0ms)
		SetupLoadedEditorAssemblies (93ms)
			LogAssemblyErrors (0ms)
			InitializePlatformSupportModulesInManaged (3ms)
			SetLoadedEditorAssemblies (2ms)
			RefreshPlugins (0ms)
			BeforeProcessingInitializeOnLoad (19ms)
			ProcessInitializeOnLoadAttributes (64ms)
			ProcessInitializeOnLoadMethodAttributes (5ms)
			AfterProcessingInitializeOnLoad (1ms)
			EditorAssembliesLoaded (0ms)
		ExecutionOrderSort2 (0ms)
		AwakeInstancesAfterBackupRestoration (1ms)
Switching build target platform(2) subTarget(0) extendedPlatform(0) -> platform(48) subTarget(0) extendedPlatform(0)
Refreshing native plugins compatible for Editor in 1.40 ms, found 1 plugins.
Preloading 0 native plugins for Editor in 0.00 ms.
Unloading 3577 Unused Serialized files (Serialized files now loaded: 0)
Unloading 11 unused Assets / (27.0 KB). Loaded Objects now: 4080.
Memory consumption went from 120.4 MB to 120.4 MB.
Total: 1.839917 ms (FindLiveObjects: 0.085584 ms CreateObjectMapping: 0.063959 ms MarkObjects: 1.649791 ms  DeleteObjects: 0.040125 ms)

AssetImportParameters requested are different than current active one (requested -> active):
  custom:container-demuxer-ogg: 62fdf1f143b41e24485cea50d1cbac27 -> 
  custom:video-decoder-ogg-theora: a1e56fd34408186e4bbccfd4996cb3dc -> 
  custom:CustomObjectIndexerAttribute: 299a746012abc5adb0180d4ccda8d3ad -> 
  custom:container-demuxer-webm: 4f35f7cbe854078d1ac9338744f61a02 -> 
  custom:container-muxer-webm: aa71ff27fc2769a1b78a27578f13a17b -> 
  custom:video-decoder-webm-vp8: 9c59270c3fd7afecdb556c50c9e8de78 -> 
  custom:SearchIndexIgnoredProperties: e643bd26f0fe6173181afceb89e7c659 -> 
  custom:AudioImporter_EditorPlatform: 3918e3fc78b5a79bad01e8451be0beb8 -> 
  custom:framework-osx-AVFoundation: e770b220cccbd017edd2c1fefb359320 -> 
  custom:video-encoder-webm-vp8: eb34c28f22e8b96e1ab97ce403110664 -> 
  custom:audio-decoder-ogg-vorbis: bf7c407c2cedff20999df2af8eb42d56 -> 
  custom:audio-encoder-webm-vorbis: bf7c407c2cedff20999df2af8eb42d56 -> 
========================================================================
Received Prepare
Refreshing native plugins compatible for Editor in 1.60 ms, found 1 plugins.
Preloading 0 native plugins for Editor in 0.00 ms.
Unloading 1 Unused Serialized files (Serialized files now loaded: 0)
Unloading 1 unused Assets / (3.1 KB). Loaded Objects now: 4080.
Memory consumption went from 79.6 MB to 79.6 MB.
Total: 1.931500 ms (FindLiveObjects: 0.074000 ms CreateObjectMapping: 0.050167 ms MarkObjects: 1.785583 ms  DeleteObjects: 0.021541 ms)

AssetImportParameters requested are different than current active one (requested -> active):
  custom:container-demuxer-ogg: 62fdf1f143b41e24485cea50d1cbac27 -> 
  custom:video-decoder-ogg-theora: a1e56fd34408186e4bbccfd4996cb3dc -> 
  custom:CustomObjectIndexerAttribute: 299a746012abc5adb0180d4ccda8d3ad -> 
  custom:container-demuxer-webm: 4f35f7cbe854078d1ac9338744f61a02 -> 
  custom:container-muxer-webm: aa71ff27fc2769a1b78a27578f13a17b -> 
  custom:video-decoder-webm-vp8: 9c59270c3fd7afecdb556c50c9e8de78 -> 
  custom:SearchIndexIgnoredProperties: e643bd26f0fe6173181afceb89e7c659 -> 
  custom:AudioImporter_EditorPlatform: 3918e3fc78b5a79bad01e8451be0beb8 -> 
  custom:framework-osx-AVFoundation: e770b220cccbd017edd2c1fefb359320 -> 
  custom:video-encoder-webm-vp8: eb34c28f22e8b96e1ab97ce403110664 -> 
  custom:audio-decoder-ogg-vorbis: bf7c407c2cedff20999df2af8eb42d56 -> 
  custom:audio-encoder-webm-vorbis: bf7c407c2cedff20999df2af8eb42d56 -> 
========================================================================
Received Prepare
Caller must complete domain reload
Begin MonoManager ReloadAssembly
Thread 0x16e223000 may have been prematurely finalized
Symbol file LoadedFromMemory is not a mono symbol file
- Loaded All Assemblies, in  0.147 seconds
Native extension for WeixinMiniGame target not found
Native extension for OSXStandalone target not found
Native extension for WebGL target not found
Mono: successfully reloaded assembly
- Finished resetting the current domain, in  0.403 seconds
Domain Reload Profiling: 550ms
	BeginReloadAssembly (47ms)
		ExecutionOrderSort (0ms)
		DisableScriptedObjects (2ms)
		BackupInstance (0ms)
		ReleaseScriptingObjects (0ms)
		CreateAndSetChildDomain (8ms)
	RebuildCommonClasses (13ms)
	RebuildNativeTypeToScriptingClass (5ms)
	initialDomainReloadingComplete (8ms)
	LoadAllAssembliesAndSetupDomain (74ms)
		LoadAssemblies (86ms)
		RebuildTransferFunctionScriptingTraits (0ms)
		AnalyzeDomain (9ms)
			TypeCache.Refresh (4ms)
				TypeCache.ScanAssembly (0ms)
			ScanForSourceGeneratedMonoScriptInfo (3ms)
			ResolveRequiredComponents (2ms)
	FinalizeReload (403ms)
		ReleaseScriptCaches (0ms)
		RebuildScriptCaches (0ms)
		SetupLoadedEditorAssemblies (87ms)
			LogAssemblyErrors (0ms)
			InitializePlatformSupportModulesInManaged (3ms)
			SetLoadedEditorAssemblies (2ms)
			RefreshPlugins (0ms)
			BeforeProcessingInitializeOnLoad (19ms)
			ProcessInitializeOnLoadAttributes (59ms)
			ProcessInitializeOnLoadMethodAttributes (4ms)
			AfterProcessingInitializeOnLoad (0ms)
			EditorAssembliesLoaded (0ms)
		ExecutionOrderSort2 (0ms)
		AwakeInstancesAfterBackupRestoration (1ms)
Switching build target platform(2) subTarget(0) extendedPlatform(0) -> platform(48) subTarget(0) extendedPlatform(0)
Refreshing native plugins compatible for Editor in 0.95 ms, found 1 plugins.
Preloading 0 native plugins for Editor in 0.00 ms.
Unloading 3577 Unused Serialized files (Serialized files now loaded: 0)
Unloading 11 unused Assets / (27.0 KB). Loaded Objects now: 4083.
Memory consumption went from 124.0 MB to 124.0 MB.
Total: 1.639708 ms (FindLiveObjects: 0.077917 ms CreateObjectMapping: 0.054375 ms MarkObjects: 1.473125 ms  DeleteObjects: 0.033833 ms)

AssetImportParameters requested are different than current active one (requested -> active):
  custom:container-demuxer-ogg: 62fdf1f143b41e24485cea50d1cbac27 -> 
  custom:video-decoder-ogg-theora: a1e56fd34408186e4bbccfd4996cb3dc -> 
  custom:CustomObjectIndexerAttribute: 299a746012abc5adb0180d4ccda8d3ad -> 
  custom:container-demuxer-webm: 4f35f7cbe854078d1ac9338744f61a02 -> 
  custom:container-muxer-webm: aa71ff27fc2769a1b78a27578f13a17b -> 
  custom:video-decoder-webm-vp8: 9c59270c3fd7afecdb556c50c9e8de78 -> 
  custom:SearchIndexIgnoredProperties: e643bd26f0fe6173181afceb89e7c659 -> 
  custom:AudioImporter_EditorPlatform: 3918e3fc78b5a79bad01e8451be0beb8 -> 
  custom:framework-osx-AVFoundation: e770b220cccbd017edd2c1fefb359320 -> 
  custom:video-encoder-webm-vp8: eb34c28f22e8b96e1ab97ce403110664 -> 
  custom:audio-decoder-ogg-vorbis: bf7c407c2cedff20999df2af8eb42d56 -> 
  custom:audio-encoder-webm-vorbis: bf7c407c2cedff20999df2af8eb42d56 -> 
========================================================================
Received Prepare
Refreshing native plugins compatible for Editor in 1.41 ms, found 1 plugins.
Preloading 0 native plugins for Editor in 0.00 ms.
Unloading 1 Unused Serialized files (Serialized files now loaded: 0)
Unloading 1 unused Assets / (3.1 KB). Loaded Objects now: 4083.
Memory consumption went from 83.2 MB to 83.2 MB.
Total: 1.979458 ms (FindLiveObjects: 0.075083 ms CreateObjectMapping: 0.050500 ms MarkObjects: 1.830917 ms  DeleteObjects: 0.022791 ms)

AssetImportParameters requested are different than current active one (requested -> active):
  custom:container-demuxer-ogg: 62fdf1f143b41e24485cea50d1cbac27 -> 
  custom:video-decoder-ogg-theora: a1e56fd34408186e4bbccfd4996cb3dc -> 
  custom:CustomObjectIndexerAttribute: 299a746012abc5adb0180d4ccda8d3ad -> 
  custom:container-demuxer-webm: 4f35f7cbe854078d1ac9338744f61a02 -> 
  custom:container-muxer-webm: aa71ff27fc2769a1b78a27578f13a17b -> 
  custom:video-decoder-webm-vp8: 9c59270c3fd7afecdb556c50c9e8de78 -> 
  custom:SearchIndexIgnoredProperties: e643bd26f0fe6173181afceb89e7c659 -> 
  custom:AudioImporter_EditorPlatform: 3918e3fc78b5a79bad01e8451be0beb8 -> 
  custom:framework-osx-AVFoundation: e770b220cccbd017edd2c1fefb359320 -> 
  custom:video-encoder-webm-vp8: eb34c28f22e8b96e1ab97ce403110664 -> 
  custom:audio-decoder-ogg-vorbis: bf7c407c2cedff20999df2af8eb42d56 -> 
  custom:audio-encoder-webm-vorbis: bf7c407c2cedff20999df2af8eb42d56 -> 
========================================================================
Received Prepare
Caller must complete domain reload
Begin MonoManager ReloadAssembly
Thread 0x16e223000 may have been prematurely finalized
Symbol file LoadedFromMemory is not a mono symbol file
- Loaded All Assemblies, in  0.158 seconds
Native extension for WeixinMiniGame target not found
Native extension for OSXStandalone target not found
Native extension for WebGL target not found
Mono: successfully reloaded assembly
- Finished resetting the current domain, in  0.387 seconds
Domain Reload Profiling: 545ms
	BeginReloadAssembly (50ms)
		ExecutionOrderSort (0ms)
		DisableScriptedObjects (2ms)
		BackupInstance (0ms)
		ReleaseScriptingObjects (0ms)
		CreateAndSetChildDomain (10ms)
	RebuildCommonClasses (13ms)
	RebuildNativeTypeToScriptingClass (5ms)
	initialDomainReloadingComplete (8ms)
	LoadAllAssembliesAndSetupDomain (81ms)
		LoadAssemblies (93ms)
		RebuildTransferFunctionScriptingTraits (0ms)
		AnalyzeDomain (10ms)
			TypeCache.Refresh (4ms)
				TypeCache.ScanAssembly (0ms)
			ScanForSourceGeneratedMonoScriptInfo (3ms)
			ResolveRequiredComponents (2ms)
	FinalizeReload (387ms)
		ReleaseScriptCaches (0ms)
		RebuildScriptCaches (0ms)
		SetupLoadedEditorAssemblies (87ms)
			LogAssemblyErrors (0ms)
			InitializePlatformSupportModulesInManaged (2ms)
			SetLoadedEditorAssemblies (2ms)
			RefreshPlugins (0ms)
			BeforeProcessingInitializeOnLoad (19ms)
			ProcessInitializeOnLoadAttributes (59ms)
			ProcessInitializeOnLoadMethodAttributes (4ms)
			AfterProcessingInitializeOnLoad (0ms)
			EditorAssembliesLoaded (0ms)
		ExecutionOrderSort2 (0ms)
		AwakeInstancesAfterBackupRestoration (1ms)
Switching build target platform(2) subTarget(0) extendedPlatform(0) -> platform(48) subTarget(0) extendedPlatform(0)
Refreshing native plugins compatible for Editor in 0.94 ms, found 1 plugins.
Preloading 0 native plugins for Editor in 0.00 ms.
Unloading 3577 Unused Serialized files (Serialized files now loaded: 0)
Unloading 11 unused Assets / (27.0 KB). Loaded Objects now: 4086.
Memory consumption went from 128.0 MB to 127.9 MB.
Total: 1.729500 ms (FindLiveObjects: 0.076084 ms CreateObjectMapping: 0.058416 ms MarkObjects: 1.562750 ms  DeleteObjects: 0.032000 ms)

AssetImportParameters requested are different than current active one (requested -> active):
  custom:container-demuxer-ogg: 62fdf1f143b41e24485cea50d1cbac27 -> 
  custom:video-decoder-ogg-theora: a1e56fd34408186e4bbccfd4996cb3dc -> 
  custom:CustomObjectIndexerAttribute: 299a746012abc5adb0180d4ccda8d3ad -> 
  custom:container-demuxer-webm: 4f35f7cbe854078d1ac9338744f61a02 -> 
  custom:container-muxer-webm: aa71ff27fc2769a1b78a27578f13a17b -> 
  custom:video-decoder-webm-vp8: 9c59270c3fd7afecdb556c50c9e8de78 -> 
  custom:SearchIndexIgnoredProperties: e643bd26f0fe6173181afceb89e7c659 -> 
  custom:AudioImporter_EditorPlatform: 3918e3fc78b5a79bad01e8451be0beb8 -> 
  custom:framework-osx-AVFoundation: e770b220cccbd017edd2c1fefb359320 -> 
  custom:video-encoder-webm-vp8: eb34c28f22e8b96e1ab97ce403110664 -> 
  custom:audio-decoder-ogg-vorbis: bf7c407c2cedff20999df2af8eb42d56 -> 
  custom:audio-encoder-webm-vorbis: bf7c407c2cedff20999df2af8eb42d56 -> 
  custom:scripting/precompiled-assembly-types:Assembly-CSharp-Editor: 1f912d4de6cb665186d563c3a71d114d -> aed549d33da427fe71430ffee69c18fc
========================================================================
Received Prepare
Refreshing native plugins compatible for Editor in 1.56 ms, found 1 plugins.
Preloading 0 native plugins for Editor in 0.00 ms.
Unloading 1 Unused Serialized files (Serialized files now loaded: 0)
Unloading 1 unused Assets / (3.1 KB). Loaded Objects now: 4086.
Memory consumption went from 87.1 MB to 87.1 MB.
Total: 1.971333 ms (FindLiveObjects: 0.085500 ms CreateObjectMapping: 0.055875 ms MarkObjects: 1.807291 ms  DeleteObjects: 0.022125 ms)

AssetImportParameters requested are different than current active one (requested -> active):
  custom:container-demuxer-ogg: 62fdf1f143b41e24485cea50d1cbac27 -> 
  custom:video-decoder-ogg-theora: a1e56fd34408186e4bbccfd4996cb3dc -> 
  custom:CustomObjectIndexerAttribute: 299a746012abc5adb0180d4ccda8d3ad -> 
  custom:container-demuxer-webm: 4f35f7cbe854078d1ac9338744f61a02 -> 
  custom:container-muxer-webm: aa71ff27fc2769a1b78a27578f13a17b -> 
  custom:video-decoder-webm-vp8: 9c59270c3fd7afecdb556c50c9e8de78 -> 
  custom:SearchIndexIgnoredProperties: e643bd26f0fe6173181afceb89e7c659 -> 
  custom:AudioImporter_EditorPlatform: 3918e3fc78b5a79bad01e8451be0beb8 -> 
  custom:framework-osx-AVFoundation: e770b220cccbd017edd2c1fefb359320 -> 
  custom:video-encoder-webm-vp8: eb34c28f22e8b96e1ab97ce403110664 -> 
  custom:audio-decoder-ogg-vorbis: bf7c407c2cedff20999df2af8eb42d56 -> 
  custom:audio-encoder-webm-vorbis: bf7c407c2cedff20999df2af8eb42d56 -> 
  custom:scripting/precompiled-assembly-types:Assembly-CSharp-Editor: 1f912d4de6cb665186d563c3a71d114d -> aed549d33da427fe71430ffee69c18fc
========================================================================
Received Prepare
Refreshing native plugins compatible for Editor in 1.27 ms, found 1 plugins.
Preloading 0 native plugins for Editor in 0.00 ms.
Unloading 1 Unused Serialized files (Serialized files now loaded: 0)
Unloading 1 unused Assets / (3.1 KB). Loaded Objects now: 4086.
Memory consumption went from 86.2 MB to 86.2 MB.
Total: 1.938333 ms (FindLiveObjects: 0.076167 ms CreateObjectMapping: 0.051542 ms MarkObjects: 1.788708 ms  DeleteObjects: 0.021708 ms)

AssetImportParameters requested are different than current active one (requested -> active):
  custom:container-demuxer-ogg: 62fdf1f143b41e24485cea50d1cbac27 -> 
  custom:video-decoder-ogg-theora: a1e56fd34408186e4bbccfd4996cb3dc -> 
  custom:CustomObjectIndexerAttribute: 299a746012abc5adb0180d4ccda8d3ad -> 
  custom:container-demuxer-webm: 4f35f7cbe854078d1ac9338744f61a02 -> 
  custom:container-muxer-webm: aa71ff27fc2769a1b78a27578f13a17b -> 
  custom:video-decoder-webm-vp8: 9c59270c3fd7afecdb556c50c9e8de78 -> 
  custom:SearchIndexIgnoredProperties: e643bd26f0fe6173181afceb89e7c659 -> 
  custom:AudioImporter_EditorPlatform: 3918e3fc78b5a79bad01e8451be0beb8 -> 
  custom:framework-osx-AVFoundation: e770b220cccbd017edd2c1fefb359320 -> 
  custom:video-encoder-webm-vp8: eb34c28f22e8b96e1ab97ce403110664 -> 
  custom:audio-decoder-ogg-vorbis: bf7c407c2cedff20999df2af8eb42d56 -> 
  custom:audio-encoder-webm-vorbis: bf7c407c2cedff20999df2af8eb42d56 -> 
  custom:scripting/precompiled-assembly-types:Assembly-CSharp-Editor: 1f912d4de6cb665186d563c3a71d114d -> aed549d33da427fe71430ffee69c18fc
