Tuanjie Editor version:  2022.3.62t12 (ab02e98c9779)
Branch:                  tuanjie/1.10/staging
Build type:              Release
Batch mode:              YES
macOS version:           Version 26.5.2 (Build 25F84)
Darwin version:          25.5.0
Architecture:            arm64
Running under Rosetta:   NO
Available memory:        65536 MB
Using pre-set license
Pro License: NO

COMMAND LINE ARGUMENTS:
/Applications/Tuanjie/Hub/Editor/2022.3.62t12/Tuanjie.app/Contents/MacOS/Tuanjie
-adb2
-batchMode
-noUpm
-disableFMOD
-name
AssetImportWorker3
-projectPath
/Users/chenhan/Desktop/Git/RXSDK/RXSDK-Harmony
-logFile
Logs/AssetImportWorker3.log
-srvPort
54479
Successfully changed project path to: /Users/chenhan/Desktop/Git/RXSDK/RXSDK-Harmony
/Users/chenhan/Desktop/Git/RXSDK/RXSDK-Harmony
[Memory] Configuration Parameters - Can be set up in boot.config
    "memorysetup-bucket-allocator-granularity=16"
    "memorysetup-bucket-allocator-bucket-count=8"
    "memorysetup-bucket-allocator-block-size=33554432"
    "memorysetup-bucket-allocator-block-count=8"
    "memorysetup-main-allocator-block-size=16777216"
    "memorysetup-thread-allocator-block-size=16777216"
    "memorysetup-gfx-main-allocator-block-size=16777216"
    "memorysetup-gfx-thread-allocator-block-size=16777216"
    "memorysetup-cache-allocator-block-size=4194304"
    "memorysetup-typetree-allocator-block-size=2097152"
    "memorysetup-profiler-bucket-allocator-granularity=16"
    "memorysetup-profiler-bucket-allocator-bucket-count=8"
    "memorysetup-profiler-bucket-allocator-block-size=33554432"
    "memorysetup-profiler-bucket-allocator-block-count=8"
    "memorysetup-profiler-allocator-block-size=16777216"
    "memorysetup-profiler-editor-allocator-block-size=1048576"
    "memorysetup-temp-allocator-size-main=16777216"
    "memorysetup-job-temp-allocator-block-size=2097152"
    "memorysetup-job-temp-allocator-block-size-background=1048576"
    "memorysetup-job-temp-allocator-reduction-small-platforms=262144"
    "memorysetup-allocator-temp-initial-block-size-main=262144"
    "memorysetup-allocator-temp-initial-block-size-worker=262144"
    "memorysetup-temp-allocator-size-gfx=262144"
    "memorysetup-temp-allocator-size-background-worker=32768"
    "memorysetup-temp-allocator-size-job-worker=262144"
    "memorysetup-temp-allocator-size-preload-manager=33554432"
    "memorysetup-temp-allocator-size-nav-mesh-worker=65536"
    "memorysetup-temp-allocator-size-audio-worker=65536"
    "memorysetup-temp-allocator-size-cloud-worker=32768"
    "memorysetup-temp-allocator-size-gi-baking-worker=262144"
    "memorysetup-temp-allocator-size-gfx=262144"
Player connection [8303418752]  Target information:

Player connection [8303418752]  * "[IP] 10.10.3.133 [Port] 0 [Flags] 2 [Guid] 3552197111 [EditorId] 3552197111 [Version] 1048832 [Id] OSXEditor(0,admindeMacBook-Pro.local) [Debug] 1 [PackageName] OSXEditor [ProjectName] Editor" 

Player connection [8303418752]  * "[IP] 198.18.0.1 [Port] 0 [Flags] 2 [Guid] 3552197111 [EditorId] 3552197111 [Version] 1048832 [Id] OSXEditor(0,admindeMacBook-Pro.local) [Debug] 1 [PackageName] OSXEditor [ProjectName] Editor" 

Player connection [8303418752] Host joined multi-casting on [225.0.0.222:54997]...
Player connection [8303418752] Host joined alternative multi-casting on [225.0.0.222:34997]...
Input System module state changed to: Initialized.
AS: AutoStreaming module initializing.
[LiveLink] LiveLink library is loaded successfully. Initializing...
InitScreenManager.Refreshing native plugins compatible for Editor in 12.75 ms, found 1 plugins.
Preloading 0 native plugins for Editor in 0.00 ms.
Initialize engine version: 2022.3.62t12 (ab02e98c9779)
THR RenderingThread disabled!
[Subsystems] Discovering subsystems at path /Applications/Tuanjie/Hub/Editor/2022.3.62t12/Tuanjie.app/Contents/Resources/UnitySubsystems
[Subsystems] Discovering subsystems at path /Users/chenhan/Desktop/Git/RXSDK/RXSDK-Harmony/Assets
GfxDevice: creating device client; threaded=0; jobified=0
CreateRealGfxDevice: 16 preferred device: Apple M5 Max (high power)
Metal devices available: 1
0: Apple M5 Max (high power)
Using device Apple M5 Max (high power)
Initializing Metal device caps: Apple M5 Max
Initialize mono
Mono path[0] = '/Applications/Tuanjie/Hub/Editor/2022.3.62t12/Tuanjie.app/Contents/Managed'
Mono path[1] = '/Applications/Tuanjie/Hub/Editor/2022.3.62t12/Tuanjie.app/Contents/MonoBleedingEdge/lib/mono/unityjit-macos'
Mono config path = '/Applications/Tuanjie/Hub/Editor/2022.3.62t12/Tuanjie.app/Contents/MonoBleedingEdge/etc'
Using monoOptions --debugger-agent=transport=dt_socket,embedding=1,server=y,suspend=n,address=0.0.0.0:56976
Begin MonoManager ReloadAssembly
Registering precompiled tuanjie dll's ...
Register platform support module: /Applications/Tuanjie/Hub/Editor/2022.3.62t12/PlaybackEngines/WebGLSupport/UnityEditor.WebGL.Extensions.dll
Register platform support module: /Applications/Tuanjie/Hub/Editor/2022.3.62t12/Tuanjie.app/Contents/PlaybackEngines/MacStandaloneSupport/UnityEditor.OSXStandalone.Extensions.dll
Register platform support module: /Applications/Tuanjie/Hub/Editor/2022.3.62t12/PlaybackEngines/WeixinMiniGameSupport/UnityEditor.WeixinMiniGame.Extensions.dll
Registered in 0.005172 seconds.
- Loaded All Assemblies, in  0.215 seconds
Native extension for WeixinMiniGame target not found
Native extension for OSXStandalone target not found
Native extension for WebGL target not found
Mono: successfully reloaded assembly
- Finished resetting the current domain, in  0.095 seconds
Domain Reload Profiling: 310ms
	BeginReloadAssembly (95ms)
		ExecutionOrderSort (0ms)
		DisableScriptedObjects (0ms)
		BackupInstance (0ms)
		ReleaseScriptingObjects (0ms)
		CreateAndSetChildDomain (0ms)
	RebuildCommonClasses (15ms)
	RebuildNativeTypeToScriptingClass (6ms)
	initialDomainReloadingComplete (26ms)
	LoadAllAssembliesAndSetupDomain (74ms)
		LoadAssemblies (99ms)
		RebuildTransferFunctionScriptingTraits (0ms)
		AnalyzeDomain (69ms)
			TypeCache.Refresh (68ms)
				TypeCache.ScanAssembly (60ms)
			ScanForSourceGeneratedMonoScriptInfo (0ms)
			ResolveRequiredComponents (0ms)
	FinalizeReload (95ms)
		ReleaseScriptCaches (0ms)
		RebuildScriptCaches (0ms)
		SetupLoadedEditorAssemblies (73ms)
			LogAssemblyErrors (0ms)
			InitializePlatformSupportModulesInManaged (4ms)
			SetLoadedEditorAssemblies (2ms)
			RefreshPlugins (0ms)
			BeforeProcessingInitializeOnLoad (1ms)
			ProcessInitializeOnLoadAttributes (60ms)
			ProcessInitializeOnLoadMethodAttributes (6ms)
			AfterProcessingInitializeOnLoad (0ms)
			EditorAssembliesLoaded (0ms)
		ExecutionOrderSort2 (0ms)
		AwakeInstancesAfterBackupRestoration (0ms)
========================================================================
Worker process is ready to serve import requests
Caller must complete domain reload
Begin MonoManager ReloadAssembly
Symbol file LoadedFromMemory is not a mono symbol file
- Loaded All Assemblies, in  0.254 seconds
Native extension for WeixinMiniGame target not found
Native extension for OSXStandalone target not found
Native extension for WebGL target not found
Mono: successfully reloaded assembly
- Finished resetting the current domain, in  0.159 seconds
Domain Reload Profiling: 411ms
	BeginReloadAssembly (47ms)
		ExecutionOrderSort (0ms)
		DisableScriptedObjects (2ms)
		BackupInstance (0ms)
		ReleaseScriptingObjects (0ms)
		CreateAndSetChildDomain (7ms)
	RebuildCommonClasses (13ms)
	RebuildNativeTypeToScriptingClass (5ms)
	initialDomainReloadingComplete (13ms)
	LoadAllAssembliesAndSetupDomain (174ms)
		LoadAssemblies (142ms)
		RebuildTransferFunctionScriptingTraits (0ms)
		AnalyzeDomain (58ms)
			TypeCache.Refresh (51ms)
				TypeCache.ScanAssembly (42ms)
			ScanForSourceGeneratedMonoScriptInfo (5ms)
			ResolveRequiredComponents (2ms)
	FinalizeReload (160ms)
		ReleaseScriptCaches (0ms)
		RebuildScriptCaches (0ms)
		SetupLoadedEditorAssemblies (110ms)
			LogAssemblyErrors (0ms)
			InitializePlatformSupportModulesInManaged (2ms)
			SetLoadedEditorAssemblies (1ms)
			RefreshPlugins (0ms)
			BeforeProcessingInitializeOnLoad (19ms)
			ProcessInitializeOnLoadAttributes (81ms)
			ProcessInitializeOnLoadMethodAttributes (5ms)
			AfterProcessingInitializeOnLoad (1ms)
			EditorAssembliesLoaded (0ms)
		ExecutionOrderSort2 (0ms)
		AwakeInstancesAfterBackupRestoration (1ms)
Refreshing native plugins compatible for Editor in 1.09 ms, found 1 plugins.
Preloading 0 native plugins for Editor in 0.00 ms.
Unloading 3582 Unused Serialized files (Serialized files now loaded: 0)
Unloading 16 unused Assets / (47.2 KB). Loaded Objects now: 4077.
Memory consumption went from 123.5 MB to 123.5 MB.
Total: 1.896375 ms (FindLiveObjects: 0.077375 ms CreateObjectMapping: 0.057375 ms MarkObjects: 1.691041 ms  DeleteObjects: 0.070000 ms)

AssetImportParameters requested are different than current active one (requested -> active):
  custom:container-demuxer-ogg: 62fdf1f143b41e24485cea50d1cbac27 -> 
  custom:video-decoder-ogg-theora: a1e56fd34408186e4bbccfd4996cb3dc -> 
  custom:CustomObjectIndexerAttribute: 299a746012abc5adb0180d4ccda8d3ad -> 
  custom:container-demuxer-webm: 4f35f7cbe854078d1ac9338744f61a02 -> 
  custom:container-muxer-webm: aa71ff27fc2769a1b78a27578f13a17b -> 
  custom:video-decoder-webm-vp8: 9c59270c3fd7afecdb556c50c9e8de78 -> 
  custom:SearchIndexIgnoredProperties: e643bd26f0fe6173181afceb89e7c659 -> 
  custom:AudioImporter_EditorPlatform: 3918e3fc78b5a79bad01e8451be0beb8 -> 
  custom:framework-osx-AVFoundation: e770b220cccbd017edd2c1fefb359320 -> 
  custom:video-encoder-webm-vp8: eb34c28f22e8b96e1ab97ce403110664 -> 
  custom:audio-decoder-ogg-vorbis: bf7c407c2cedff20999df2af8eb42d56 -> 
  custom:audio-encoder-webm-vorbis: bf7c407c2cedff20999df2af8eb42d56 -> 
========================================================================
Received Import Request.
  Time since last request: 719679.196946 seconds.
  path: Assets/Resources/InitSettings.asset
  artifactKey: Guid(2cb2efa6c5ceb46fdb6595f763cdcc0e) Importer(ScriptedImporter)
Start importing Assets/Resources/InitSettings.asset using Guid(2cb2efa6c5ceb46fdb6595f763cdcc0e) Importer(ScriptedImporter)  -> (artifact id: 'e7ef0c2fe2cce932e3390efe9cbcfe12') in 0.024434 seconds
Number of asset objects unloaded after import = 1
========================================================================
Received Import Request.
  Time since last request: 0.000078 seconds.
  path: Assets/RXSDK/Runtime/Constants.cs
  artifactKey: Guid(1bd1628c6a52249528e91935c45888ff) Importer(ScriptedImporter)
Start importing Assets/RXSDK/Runtime/Constants.cs using Guid(1bd1628c6a52249528e91935c45888ff) Importer(ScriptedImporter)  -> (artifact id: '020fcc8fdff3064aeddcda1e6436c777') in 0.012726 seconds
Number of asset objects unloaded after import = 1
========================================================================
Received Import Request.
  Time since last request: 0.000098 seconds.
  path: Assets/RXSDK/Runtime/WebView/RXWebview.cs
  artifactKey: Guid(66b5f30c2915848a3a26639eb67c5548) Importer(ScriptedImporter)
Start importing Assets/RXSDK/Runtime/WebView/RXWebview.cs using Guid(66b5f30c2915848a3a26639eb67c5548) Importer(ScriptedImporter)  -> (artifact id: '55002068b5ef87f9897dd3357c7bbb8b') in 0.001311 seconds
Number of asset objects unloaded after import = 1
========================================================================
Received Import Request.
  Time since last request: 0.000071 seconds.
  path: Assets/Resources/AdSettings.asset
  artifactKey: Guid(241576091dfd14788aa19bd05fd2e1a2) Importer(ScriptedImporter)
Start importing Assets/Resources/AdSettings.asset using Guid(241576091dfd14788aa19bd05fd2e1a2) Importer(ScriptedImporter)  -> (artifact id: '47e132560721352bbd953a8f34beb7a6') in 0.001643 seconds
Number of asset objects unloaded after import = 1
========================================================================
Received Import Request.
  Time since last request: 0.000162 seconds.
  path: Assets/Plugins/OpenHarmony/RXWebViewManager.etslib
  artifactKey: Guid(931814900eddf4d07993ec4d22dc0e63) Importer(ScriptedImporter)
Start importing Assets/Plugins/OpenHarmony/RXWebViewManager.etslib using Guid(931814900eddf4d07993ec4d22dc0e63) Importer(ScriptedImporter)  -> (artifact id: 'f013103606f698c3b1ff69d87da30339') in 0.003828 seconds
Number of asset objects unloaded after import = 1
========================================================================
Received Import Request.
  Time since last request: 0.000106 seconds.
  path: Assets/RXSDK/Runtime/Utils/Log.cs
  artifactKey: Guid(67db2c707f22f465183bd50d9310b06e) Importer(ScriptedImporter)
Start importing Assets/RXSDK/Runtime/Utils/Log.cs using Guid(67db2c707f22f465183bd50d9310b06e) Importer(ScriptedImporter)  -> (artifact id: '0ee1ecd4ad230439f3a4a51dd6f1291e') in 0.001746 seconds
Number of asset objects unloaded after import = 1
========================================================================
Received Import Request.
  Time since last request: 0.000060 seconds.
  path: Assets/Plugins/OpenHarmony/RXWebViewJsBridge.ets
  artifactKey: Guid(4423d1b128da8419aa4065dbe9ec230f) Importer(ScriptedImporter)
Start importing Assets/Plugins/OpenHarmony/RXWebViewJsBridge.ets using Guid(4423d1b128da8419aa4065dbe9ec230f) Importer(ScriptedImporter)  -> (artifact id: 'f397c012c14563aede0c9892dda2a5e3') in 0.001103 seconds
Number of asset objects unloaded after import = 1
========================================================================
Received Import Request.
  Time since last request: 0.000091 seconds.
  path: Assets/RXSDK/Runtime/ArgsBean.cs
  artifactKey: Guid(2b314ba9b73d34353a9beb8b794aa1b0) Importer(ScriptedImporter)
Start importing Assets/RXSDK/Runtime/ArgsBean.cs using Guid(2b314ba9b73d34353a9beb8b794aa1b0) Importer(ScriptedImporter)  -> (artifact id: 'e07f7c19e12823ff1781d9ed8467432f') in 0.001458 seconds
Number of asset objects unloaded after import = 1
========================================================================
Received Import Request.
  Time since last request: 0.000088 seconds.
  path: Assets/RXSDK/Runtime/Platform/OpenHarmony/HMSHelper.DataAndPush.cs
  artifactKey: Guid(9e11d234b14634bc6a5a8921f1a7c473) Importer(ScriptedImporter)
Start importing Assets/RXSDK/Runtime/Platform/OpenHarmony/HMSHelper.DataAndPush.cs using Guid(9e11d234b14634bc6a5a8921f1a7c473) Importer(ScriptedImporter)  -> (artifact id: '1273ac4a74736f40b3b442104b4030f8') in 0.001744 seconds
Number of asset objects unloaded after import = 1
========================================================================
Received Import Request.
  Time since last request: 0.000093 seconds.
  path: Assets/RXSDK/Runtime/Billing/OrderData.cs
  artifactKey: Guid(53bf3abea96d04d72b1621328b46e771) Importer(ScriptedImporter)
Start importing Assets/RXSDK/Runtime/Billing/OrderData.cs using Guid(53bf3abea96d04d72b1621328b46e771) Importer(ScriptedImporter)  -> (artifact id: 'aa864f4d5b3f13036187c73d74b4dfa6') in 0.001636 seconds
Number of asset objects unloaded after import = 1
========================================================================
Received Import Request.
  Time since last request: 0.000105 seconds.
  path: Assets/RXSDK/Runtime/API/API.cs
  artifactKey: Guid(b2d3e7d0d93184fe6ac9b03b9db59bf9) Importer(ScriptedImporter)
Start importing Assets/RXSDK/Runtime/API/API.cs using Guid(b2d3e7d0d93184fe6ac9b03b9db59bf9) Importer(ScriptedImporter)  -> (artifact id: '88d928954c8da60b497fda580b5b440d') in 0.001152 seconds
Number of asset objects unloaded after import = 1
========================================================================
Received Import Request.
  Time since last request: 0.000074 seconds.
  path: Assets/Plugins/OpenHarmony/HMSPushManager.etslib
  artifactKey: Guid(2cc0fa7d4687049cca42054125b1c585) Importer(ScriptedImporter)
Start importing Assets/Plugins/OpenHarmony/HMSPushManager.etslib using Guid(2cc0fa7d4687049cca42054125b1c585) Importer(ScriptedImporter)  -> (artifact id: '27f3532d51a473f9ad3576d43b2866fd') in 0.001501 seconds
Number of asset objects unloaded after import = 1
========================================================================
Received Import Request.
  Time since last request: 0.000060 seconds.
  path: Assets/Plugins/OpenHarmony/RXWebViewControl.ts
  artifactKey: Guid(c6370bbc1d2734263b7bed3b4ec72f2e) Importer(ScriptedImporter)
Start importing Assets/Plugins/OpenHarmony/RXWebViewControl.ts using Guid(c6370bbc1d2734263b7bed3b4ec72f2e) Importer(ScriptedImporter)  -> (artifact id: '94408243b57611aad9389ce7f731952b') in 0.001526 seconds
Number of asset objects unloaded after import = 1
========================================================================
Received Import Request.
  Time since last request: 0.000115 seconds.
  path: Assets/RXSDK/Runtime/RuiXueSdk.Billing.cs
  artifactKey: Guid(9d2561b70569e47239a80e6b48fdb2ad) Importer(ScriptedImporter)
Start importing Assets/RXSDK/Runtime/RuiXueSdk.Billing.cs using Guid(9d2561b70569e47239a80e6b48fdb2ad) Importer(ScriptedImporter)  -> (artifact id: 'fa50d197ca046fcedb8bd83c460f6145') in 0.001115 seconds
Number of asset objects unloaded after import = 1
========================================================================
Received Import Request.
  Time since last request: 0.000086 seconds.
  path: Assets/Editor/ShellHelper.cs
  artifactKey: Guid(cc42e2757e86a47da9b3958a714c5c71) Importer(ScriptedImporter)
Start importing Assets/Editor/ShellHelper.cs using Guid(cc42e2757e86a47da9b3958a714c5c71) Importer(ScriptedImporter)  -> (artifact id: '129ce158682706339d8c4bcd85066ec3') in 0.001177 seconds
Number of asset objects unloaded after import = 1
========================================================================
Received Import Request.
  Time since last request: 0.000087 seconds.
  path: Assets/RXSDK/Runtime/Platform/README_Platform.md
  artifactKey: Guid(22be18df642b04809992261bd8fa6f06) Importer(ScriptedImporter)
Start importing Assets/RXSDK/Runtime/Platform/README_Platform.md using Guid(22be18df642b04809992261bd8fa6f06) Importer(ScriptedImporter)  -> (artifact id: '3205c818941ef0e739efc6d4dc0fc7f4') in 0.002014 seconds
Number of asset objects unloaded after import = 1
========================================================================
Received Import Request.
  Time since last request: 0.000218 seconds.
  path: Assets/Editor/ExportPackage.cs
  artifactKey: Guid(537b98d3ffabe476ebaecbcf424f0b16) Importer(ScriptedImporter)
Start importing Assets/Editor/ExportPackage.cs using Guid(537b98d3ffabe476ebaecbcf424f0b16) Importer(ScriptedImporter)  -> (artifact id: 'e3e936e9a648c63d5a8c7228708f6f20') in 0.001278 seconds
Number of asset objects unloaded after import = 1
========================================================================
Received Import Request.
  Time since last request: 0.000177 seconds.
  path: Assets/RXSDK/Runtime/Utils/SceneUtility.cs
  artifactKey: Guid(bf603d0e3eb384ab8bea316f94b2095c) Importer(ScriptedImporter)
Start importing Assets/RXSDK/Runtime/Utils/SceneUtility.cs using Guid(bf603d0e3eb384ab8bea316f94b2095c) Importer(ScriptedImporter)  -> (artifact id: '951a78e8b493107d37fde100fd54e3a6') in 0.001245 seconds
Number of asset objects unloaded after import = 1
========================================================================
Received Import Request.
  Time since last request: 0.000109 seconds.
  path: Assets/Plugins/OpenHarmony/RXWebViewLayout.ets
  artifactKey: Guid(97005fdddfea545789f74bacfdbedd00) Importer(ScriptedImporter)
Start importing Assets/Plugins/OpenHarmony/RXWebViewLayout.ets using Guid(97005fdddfea545789f74bacfdbedd00) Importer(ScriptedImporter)  -> (artifact id: '049441c97d84e611befc746356d4ba4d') in 0.001465 seconds
Number of asset objects unloaded after import = 1
========================================================================
Received Import Request.
  Time since last request: 0.000070 seconds.
  path: Assets/RXSDK/Runtime/RuiXue.asmdef
  artifactKey: Guid(18329768801364052be66844fa02932d) Importer(ScriptedImporter)
Start importing Assets/RXSDK/Runtime/RuiXue.asmdef using Guid(18329768801364052be66844fa02932d) Importer(ScriptedImporter)  -> (artifact id: 'e9c797695cffdd248285401b3e1296ae') in 0.002077 seconds
Number of asset objects unloaded after import = 1
========================================================================
Received Import Request.
  Time since last request: 0.000093 seconds.
  path: Assets/RXSDK/Runtime/API/CDKey.cs
  artifactKey: Guid(0173bf09ca11f452abeaaba96aebdff0) Importer(ScriptedImporter)
Start importing Assets/RXSDK/Runtime/API/CDKey.cs using Guid(0173bf09ca11f452abeaaba96aebdff0) Importer(ScriptedImporter)  -> (artifact id: '5725dca1b2f429a8f2c65b822d1b79b7') in 0.001311 seconds
Number of asset objects unloaded after import = 1
========================================================================
Received Import Request.
  Time since last request: 0.000193 seconds.
  path: Assets/Plugins/OpenHarmony/DeviceInfoManager.tslib
  artifactKey: Guid(29ee7aaa60624f829840fe3398474630) Importer(ScriptedImporter)
Start importing Assets/Plugins/OpenHarmony/DeviceInfoManager.tslib using Guid(29ee7aaa60624f829840fe3398474630) Importer(ScriptedImporter)  -> (artifact id: 'd113c8825781862f4da8992904884f35') in 0.001907 seconds
Number of asset objects unloaded after import = 1
========================================================================
Received Import Request.
  Time since last request: 0.000145 seconds.
  path: Assets/RXSDK/Runtime/Platform/NullPlatformBridge.cs
  artifactKey: Guid(efe74dc2478c44a50a44fbbea361fb96) Importer(ScriptedImporter)
Start importing Assets/RXSDK/Runtime/Platform/NullPlatformBridge.cs using Guid(efe74dc2478c44a50a44fbbea361fb96) Importer(ScriptedImporter)  -> (artifact id: 'd055367a745e8ea7b877dee0d4f1caf7') in 0.001383 seconds
Number of asset objects unloaded after import = 1
========================================================================
Received Import Request.
  Time since last request: 0.000112 seconds.
  path: Assets/RXSDK/Editor/HMSEditor/HMSBuildProcessor.cs
  artifactKey: Guid(a13c25e333ba62046bf8ae6f459c7775) Importer(ScriptedImporter)
Start importing Assets/RXSDK/Editor/HMSEditor/HMSBuildProcessor.cs using Guid(a13c25e333ba62046bf8ae6f459c7775) Importer(ScriptedImporter)  -> (artifact id: '63fe461802a7d7117b49f29282931f84') in 0.001752 seconds
Number of asset objects unloaded after import = 1
========================================================================
Received Import Request.
  Time since last request: 0.000100 seconds.
  path: Assets/Plugins/OpenHarmony/RXWebViewComponent.ets
  artifactKey: Guid(5ff645d023123424cad380451ff1979d) Importer(ScriptedImporter)
Start importing Assets/Plugins/OpenHarmony/RXWebViewComponent.ets using Guid(5ff645d023123424cad380451ff1979d) Importer(ScriptedImporter)  -> (artifact id: '9cda5ae4f69acd9d96942819359bc2db') in 0.001261 seconds
Number of asset objects unloaded after import = 1
========================================================================
Received Import Request.
  Time since last request: 0.160834 seconds.
  path: Assets/RXSDK/Runtime/Platform/OpenHarmony/HMSHelper.UI.cs
  artifactKey: Guid(45829baa643d24175bbe6f15a3b94fc9) Importer(ScriptedImporter)
Start importing Assets/RXSDK/Runtime/Platform/OpenHarmony/HMSHelper.UI.cs using Guid(45829baa643d24175bbe6f15a3b94fc9) Importer(ScriptedImporter)  -> (artifact id: '51c47a1176c8cb0dd730208a1bd584f2') in 0.002902 seconds
Number of asset objects unloaded after import = 1
========================================================================
Received Import Request.
  Time since last request: 0.000131 seconds.
  path: Assets/RXSDK/Runtime/Platform/OpenHarmony/OpenHarmonyClass.cs
  artifactKey: Guid(31238a7f63880411089de67799325a66) Importer(ScriptedImporter)
Start importing Assets/RXSDK/Runtime/Platform/OpenHarmony/OpenHarmonyClass.cs using Guid(31238a7f63880411089de67799325a66) Importer(ScriptedImporter)  -> (artifact id: '373d955a5297d53b524dad6e3dc8ef0d') in 0.002178 seconds
Number of asset objects unloaded after import = 1
========================================================================
Received Prepare
Refreshing native plugins compatible for Editor in 1.29 ms, found 1 plugins.
Preloading 0 native plugins for Editor in 0.00 ms.
Unloading 0 Unused Serialized files (Serialized files now loaded: 0)
Unloading 1 unused Assets / (0.9 KB). Loaded Objects now: 4077.
Memory consumption went from 81.3 MB to 81.3 MB.
Total: 2.015041 ms (FindLiveObjects: 0.073833 ms CreateObjectMapping: 0.049458 ms MarkObjects: 1.867042 ms  DeleteObjects: 0.024291 ms)

AssetImportParameters requested are different than current active one (requested -> active):
  custom:container-demuxer-ogg: 62fdf1f143b41e24485cea50d1cbac27 -> 
  custom:video-decoder-ogg-theora: a1e56fd34408186e4bbccfd4996cb3dc -> 
  custom:CustomObjectIndexerAttribute: 299a746012abc5adb0180d4ccda8d3ad -> 
  custom:container-demuxer-webm: 4f35f7cbe854078d1ac9338744f61a02 -> 
  custom:container-muxer-webm: aa71ff27fc2769a1b78a27578f13a17b -> 
  custom:video-decoder-webm-vp8: 9c59270c3fd7afecdb556c50c9e8de78 -> 
  custom:SearchIndexIgnoredProperties: e643bd26f0fe6173181afceb89e7c659 -> 
  custom:AudioImporter_EditorPlatform: 3918e3fc78b5a79bad01e8451be0beb8 -> 
  custom:framework-osx-AVFoundation: e770b220cccbd017edd2c1fefb359320 -> 
  custom:video-encoder-webm-vp8: eb34c28f22e8b96e1ab97ce403110664 -> 
  custom:audio-decoder-ogg-vorbis: bf7c407c2cedff20999df2af8eb42d56 -> 
  custom:audio-encoder-webm-vorbis: bf7c407c2cedff20999df2af8eb42d56 -> 
========================================================================
Received Prepare
Caller must complete domain reload
Begin MonoManager ReloadAssembly
Thread 0x175dc7000 may have been prematurely finalized
Symbol file LoadedFromMemory is not a mono symbol file
- Loaded All Assemblies, in  0.259 seconds
Native extension for WeixinMiniGame target not found
Native extension for OSXStandalone target not found
Native extension for WebGL target not found
Mono: successfully reloaded assembly
- Finished resetting the current domain, in  0.461 seconds
Domain Reload Profiling: 720ms
	BeginReloadAssembly (93ms)
		ExecutionOrderSort (0ms)
		DisableScriptedObjects (3ms)
		BackupInstance (0ms)
		ReleaseScriptingObjects (0ms)
		CreateAndSetChildDomain (25ms)
	RebuildCommonClasses (20ms)
	RebuildNativeTypeToScriptingClass (6ms)
	initialDomainReloadingComplete (19ms)
	LoadAllAssembliesAndSetupDomain (121ms)
		LoadAssemblies (155ms)
		RebuildTransferFunctionScriptingTraits (0ms)
		AnalyzeDomain (12ms)
			TypeCache.Refresh (6ms)
				TypeCache.ScanAssembly (0ms)
			ScanForSourceGeneratedMonoScriptInfo (4ms)
			ResolveRequiredComponents (2ms)
	FinalizeReload (461ms)
		ReleaseScriptCaches (0ms)
		RebuildScriptCaches (0ms)
		SetupLoadedEditorAssemblies (92ms)
			LogAssemblyErrors (0ms)
			InitializePlatformSupportModulesInManaged (2ms)
			SetLoadedEditorAssemblies (2ms)
			RefreshPlugins (0ms)
			BeforeProcessingInitializeOnLoad (19ms)
			ProcessInitializeOnLoadAttributes (63ms)
			ProcessInitializeOnLoadMethodAttributes (5ms)
			AfterProcessingInitializeOnLoad (1ms)
			EditorAssembliesLoaded (0ms)
		ExecutionOrderSort2 (0ms)
		AwakeInstancesAfterBackupRestoration (1ms)
Switching build target platform(2) subTarget(0) extendedPlatform(0) -> platform(48) subTarget(0) extendedPlatform(0)
Refreshing native plugins compatible for Editor in 1.41 ms, found 1 plugins.
Preloading 0 native plugins for Editor in 0.00 ms.
Unloading 3577 Unused Serialized files (Serialized files now loaded: 0)
Unloading 11 unused Assets / (27.0 KB). Loaded Objects now: 4080.
Memory consumption went from 120.7 MB to 120.7 MB.
Total: 1.898125 ms (FindLiveObjects: 0.084459 ms CreateObjectMapping: 0.059958 ms MarkObjects: 1.714833 ms  DeleteObjects: 0.038583 ms)

AssetImportParameters requested are different than current active one (requested -> active):
  custom:container-demuxer-ogg: 62fdf1f143b41e24485cea50d1cbac27 -> 
  custom:video-decoder-ogg-theora: a1e56fd34408186e4bbccfd4996cb3dc -> 
  custom:CustomObjectIndexerAttribute: 299a746012abc5adb0180d4ccda8d3ad -> 
  custom:container-demuxer-webm: 4f35f7cbe854078d1ac9338744f61a02 -> 
  custom:container-muxer-webm: aa71ff27fc2769a1b78a27578f13a17b -> 
  custom:video-decoder-webm-vp8: 9c59270c3fd7afecdb556c50c9e8de78 -> 
  custom:SearchIndexIgnoredProperties: e643bd26f0fe6173181afceb89e7c659 -> 
  custom:AudioImporter_EditorPlatform: 3918e3fc78b5a79bad01e8451be0beb8 -> 
  custom:framework-osx-AVFoundation: e770b220cccbd017edd2c1fefb359320 -> 
  custom:video-encoder-webm-vp8: eb34c28f22e8b96e1ab97ce403110664 -> 
  custom:audio-decoder-ogg-vorbis: bf7c407c2cedff20999df2af8eb42d56 -> 
  custom:audio-encoder-webm-vorbis: bf7c407c2cedff20999df2af8eb42d56 -> 
========================================================================
Received Prepare
Refreshing native plugins compatible for Editor in 1.58 ms, found 1 plugins.
Preloading 0 native plugins for Editor in 0.00 ms.
Unloading 1 Unused Serialized files (Serialized files now loaded: 0)
Unloading 1 unused Assets / (3.1 KB). Loaded Objects now: 4080.
Memory consumption went from 79.9 MB to 79.9 MB.
Total: 1.912542 ms (FindLiveObjects: 0.073875 ms CreateObjectMapping: 0.052667 ms MarkObjects: 1.761791 ms  DeleteObjects: 0.024000 ms)

AssetImportParameters requested are different than current active one (requested -> active):
  custom:container-demuxer-ogg: 62fdf1f143b41e24485cea50d1cbac27 -> 
  custom:video-decoder-ogg-theora: a1e56fd34408186e4bbccfd4996cb3dc -> 
  custom:CustomObjectIndexerAttribute: 299a746012abc5adb0180d4ccda8d3ad -> 
  custom:container-demuxer-webm: 4f35f7cbe854078d1ac9338744f61a02 -> 
  custom:container-muxer-webm: aa71ff27fc2769a1b78a27578f13a17b -> 
  custom:video-decoder-webm-vp8: 9c59270c3fd7afecdb556c50c9e8de78 -> 
  custom:SearchIndexIgnoredProperties: e643bd26f0fe6173181afceb89e7c659 -> 
  custom:AudioImporter_EditorPlatform: 3918e3fc78b5a79bad01e8451be0beb8 -> 
  custom:framework-osx-AVFoundation: e770b220cccbd017edd2c1fefb359320 -> 
  custom:video-encoder-webm-vp8: eb34c28f22e8b96e1ab97ce403110664 -> 
  custom:audio-decoder-ogg-vorbis: bf7c407c2cedff20999df2af8eb42d56 -> 
  custom:audio-encoder-webm-vorbis: bf7c407c2cedff20999df2af8eb42d56 -> 
========================================================================
Received Prepare
Caller must complete domain reload
Begin MonoManager ReloadAssembly
Thread 0x16b64f000 may have been prematurely finalized
Symbol file LoadedFromMemory is not a mono symbol file
- Loaded All Assemblies, in  0.147 seconds
Native extension for WeixinMiniGame target not found
Native extension for OSXStandalone target not found
Native extension for WebGL target not found
Mono: successfully reloaded assembly
- Finished resetting the current domain, in  0.403 seconds
Domain Reload Profiling: 550ms
	BeginReloadAssembly (47ms)
		ExecutionOrderSort (0ms)
		DisableScriptedObjects (2ms)
		BackupInstance (0ms)
		ReleaseScriptingObjects (0ms)
		CreateAndSetChildDomain (8ms)
	RebuildCommonClasses (13ms)
	RebuildNativeTypeToScriptingClass (5ms)
	initialDomainReloadingComplete (7ms)
	LoadAllAssembliesAndSetupDomain (73ms)
		LoadAssemblies (85ms)
		RebuildTransferFunctionScriptingTraits (0ms)
		AnalyzeDomain (10ms)
			TypeCache.Refresh (4ms)
				TypeCache.ScanAssembly (0ms)
			ScanForSourceGeneratedMonoScriptInfo (3ms)
			ResolveRequiredComponents (2ms)
	FinalizeReload (404ms)
		ReleaseScriptCaches (0ms)
		RebuildScriptCaches (0ms)
		SetupLoadedEditorAssemblies (88ms)
			LogAssemblyErrors (0ms)
			InitializePlatformSupportModulesInManaged (3ms)
			SetLoadedEditorAssemblies (2ms)
			RefreshPlugins (0ms)
			BeforeProcessingInitializeOnLoad (19ms)
			ProcessInitializeOnLoadAttributes (59ms)
			ProcessInitializeOnLoadMethodAttributes (4ms)
			AfterProcessingInitializeOnLoad (0ms)
			EditorAssembliesLoaded (0ms)
		ExecutionOrderSort2 (0ms)
		AwakeInstancesAfterBackupRestoration (1ms)
Switching build target platform(2) subTarget(0) extendedPlatform(0) -> platform(48) subTarget(0) extendedPlatform(0)
Refreshing native plugins compatible for Editor in 1.01 ms, found 1 plugins.
Preloading 0 native plugins for Editor in 0.00 ms.
Unloading 3577 Unused Serialized files (Serialized files now loaded: 0)
Unloading 11 unused Assets / (27.0 KB). Loaded Objects now: 4083.
Memory consumption went from 124.3 MB to 124.3 MB.
Total: 1.691209 ms (FindLiveObjects: 0.077458 ms CreateObjectMapping: 0.051792 ms MarkObjects: 1.524375 ms  DeleteObjects: 0.037084 ms)

AssetImportParameters requested are different than current active one (requested -> active):
  custom:container-demuxer-ogg: 62fdf1f143b41e24485cea50d1cbac27 -> 
  custom:video-decoder-ogg-theora: a1e56fd34408186e4bbccfd4996cb3dc -> 
  custom:CustomObjectIndexerAttribute: 299a746012abc5adb0180d4ccda8d3ad -> 
  custom:container-demuxer-webm: 4f35f7cbe854078d1ac9338744f61a02 -> 
  custom:container-muxer-webm: aa71ff27fc2769a1b78a27578f13a17b -> 
  custom:video-decoder-webm-vp8: 9c59270c3fd7afecdb556c50c9e8de78 -> 
  custom:SearchIndexIgnoredProperties: e643bd26f0fe6173181afceb89e7c659 -> 
  custom:AudioImporter_EditorPlatform: 3918e3fc78b5a79bad01e8451be0beb8 -> 
  custom:framework-osx-AVFoundation: e770b220cccbd017edd2c1fefb359320 -> 
  custom:video-encoder-webm-vp8: eb34c28f22e8b96e1ab97ce403110664 -> 
  custom:audio-decoder-ogg-vorbis: bf7c407c2cedff20999df2af8eb42d56 -> 
  custom:audio-encoder-webm-vorbis: bf7c407c2cedff20999df2af8eb42d56 -> 
========================================================================
Received Prepare
Refreshing native plugins compatible for Editor in 1.50 ms, found 1 plugins.
Preloading 0 native plugins for Editor in 0.00 ms.
Unloading 1 Unused Serialized files (Serialized files now loaded: 0)
Unloading 1 unused Assets / (3.1 KB). Loaded Objects now: 4083.
Memory consumption went from 83.5 MB to 83.5 MB.
Total: 1.898583 ms (FindLiveObjects: 0.075708 ms CreateObjectMapping: 0.052042 ms MarkObjects: 1.745291 ms  DeleteObjects: 0.025000 ms)

AssetImportParameters requested are different than current active one (requested -> active):
  custom:container-demuxer-ogg: 62fdf1f143b41e24485cea50d1cbac27 -> 
  custom:video-decoder-ogg-theora: a1e56fd34408186e4bbccfd4996cb3dc -> 
  custom:CustomObjectIndexerAttribute: 299a746012abc5adb0180d4ccda8d3ad -> 
  custom:container-demuxer-webm: 4f35f7cbe854078d1ac9338744f61a02 -> 
  custom:container-muxer-webm: aa71ff27fc2769a1b78a27578f13a17b -> 
  custom:video-decoder-webm-vp8: 9c59270c3fd7afecdb556c50c9e8de78 -> 
  custom:SearchIndexIgnoredProperties: e643bd26f0fe6173181afceb89e7c659 -> 
  custom:AudioImporter_EditorPlatform: 3918e3fc78b5a79bad01e8451be0beb8 -> 
  custom:framework-osx-AVFoundation: e770b220cccbd017edd2c1fefb359320 -> 
  custom:video-encoder-webm-vp8: eb34c28f22e8b96e1ab97ce403110664 -> 
  custom:audio-decoder-ogg-vorbis: bf7c407c2cedff20999df2af8eb42d56 -> 
  custom:audio-encoder-webm-vorbis: bf7c407c2cedff20999df2af8eb42d56 -> 
========================================================================
Received Prepare
Caller must complete domain reload
Begin MonoManager ReloadAssembly
Thread 0x16b64f000 may have been prematurely finalized
Symbol file LoadedFromMemory is not a mono symbol file
- Loaded All Assemblies, in  0.157 seconds
Native extension for WeixinMiniGame target not found
Native extension for OSXStandalone target not found
Native extension for WebGL target not found
Mono: successfully reloaded assembly
- Finished resetting the current domain, in  0.387 seconds
Domain Reload Profiling: 544ms
	BeginReloadAssembly (49ms)
		ExecutionOrderSort (0ms)
		DisableScriptedObjects (2ms)
		BackupInstance (0ms)
		ReleaseScriptingObjects (0ms)
		CreateAndSetChildDomain (9ms)
	RebuildCommonClasses (13ms)
	RebuildNativeTypeToScriptingClass (5ms)
	initialDomainReloadingComplete (7ms)
	LoadAllAssembliesAndSetupDomain (82ms)
		LoadAssemblies (94ms)
		RebuildTransferFunctionScriptingTraits (0ms)
		AnalyzeDomain (10ms)
			TypeCache.Refresh (4ms)
				TypeCache.ScanAssembly (0ms)
			ScanForSourceGeneratedMonoScriptInfo (3ms)
			ResolveRequiredComponents (2ms)
	FinalizeReload (387ms)
		ReleaseScriptCaches (0ms)
		RebuildScriptCaches (0ms)
		SetupLoadedEditorAssemblies (87ms)
			LogAssemblyErrors (0ms)
			InitializePlatformSupportModulesInManaged (2ms)
			SetLoadedEditorAssemblies (2ms)
			RefreshPlugins (0ms)
			BeforeProcessingInitializeOnLoad (19ms)
			ProcessInitializeOnLoadAttributes (59ms)
			ProcessInitializeOnLoadMethodAttributes (4ms)
			AfterProcessingInitializeOnLoad (0ms)
			EditorAssembliesLoaded (0ms)
		ExecutionOrderSort2 (0ms)
		AwakeInstancesAfterBackupRestoration (1ms)
Switching build target platform(2) subTarget(0) extendedPlatform(0) -> platform(48) subTarget(0) extendedPlatform(0)
Refreshing native plugins compatible for Editor in 1.16 ms, found 1 plugins.
Preloading 0 native plugins for Editor in 0.00 ms.
Unloading 3577 Unused Serialized files (Serialized files now loaded: 0)
Unloading 11 unused Assets / (27.6 KB). Loaded Objects now: 4086.
Memory consumption went from 128.3 MB to 128.2 MB.
Total: 1.802958 ms (FindLiveObjects: 0.081208 ms CreateObjectMapping: 0.066542 ms MarkObjects: 1.622666 ms  DeleteObjects: 0.032083 ms)

AssetImportParameters requested are different than current active one (requested -> active):
  custom:container-demuxer-ogg: 62fdf1f143b41e24485cea50d1cbac27 -> 
  custom:video-decoder-ogg-theora: a1e56fd34408186e4bbccfd4996cb3dc -> 
  custom:CustomObjectIndexerAttribute: 299a746012abc5adb0180d4ccda8d3ad -> 
  custom:container-demuxer-webm: 4f35f7cbe854078d1ac9338744f61a02 -> 
  custom:container-muxer-webm: aa71ff27fc2769a1b78a27578f13a17b -> 
  custom:video-decoder-webm-vp8: 9c59270c3fd7afecdb556c50c9e8de78 -> 
  custom:SearchIndexIgnoredProperties: e643bd26f0fe6173181afceb89e7c659 -> 
  custom:AudioImporter_EditorPlatform: 3918e3fc78b5a79bad01e8451be0beb8 -> 
  custom:framework-osx-AVFoundation: e770b220cccbd017edd2c1fefb359320 -> 
  custom:video-encoder-webm-vp8: eb34c28f22e8b96e1ab97ce403110664 -> 
  custom:audio-decoder-ogg-vorbis: bf7c407c2cedff20999df2af8eb42d56 -> 
  custom:audio-encoder-webm-vorbis: bf7c407c2cedff20999df2af8eb42d56 -> 
  custom:scripting/precompiled-assembly-types:Assembly-CSharp-Editor: 1f912d4de6cb665186d563c3a71d114d -> aed549d33da427fe71430ffee69c18fc
========================================================================
Received Prepare
Refreshing native plugins compatible for Editor in 1.56 ms, found 1 plugins.
Preloading 0 native plugins for Editor in 0.00 ms.
Unloading 1 Unused Serialized files (Serialized files now loaded: 0)
Unloading 1 unused Assets / (3.1 KB). Loaded Objects now: 4086.
Memory consumption went from 87.4 MB to 87.4 MB.
Total: 1.781000 ms (FindLiveObjects: 0.081959 ms CreateObjectMapping: 0.051500 ms MarkObjects: 1.618333 ms  DeleteObjects: 0.028917 ms)

AssetImportParameters requested are different than current active one (requested -> active):
  custom:container-demuxer-ogg: 62fdf1f143b41e24485cea50d1cbac27 -> 
  custom:video-decoder-ogg-theora: a1e56fd34408186e4bbccfd4996cb3dc -> 
  custom:CustomObjectIndexerAttribute: 299a746012abc5adb0180d4ccda8d3ad -> 
  custom:container-demuxer-webm: 4f35f7cbe854078d1ac9338744f61a02 -> 
  custom:container-muxer-webm: aa71ff27fc2769a1b78a27578f13a17b -> 
  custom:video-decoder-webm-vp8: 9c59270c3fd7afecdb556c50c9e8de78 -> 
  custom:SearchIndexIgnoredProperties: e643bd26f0fe6173181afceb89e7c659 -> 
  custom:AudioImporter_EditorPlatform: 3918e3fc78b5a79bad01e8451be0beb8 -> 
  custom:framework-osx-AVFoundation: e770b220cccbd017edd2c1fefb359320 -> 
  custom:video-encoder-webm-vp8: eb34c28f22e8b96e1ab97ce403110664 -> 
  custom:audio-decoder-ogg-vorbis: bf7c407c2cedff20999df2af8eb42d56 -> 
  custom:audio-encoder-webm-vorbis: bf7c407c2cedff20999df2af8eb42d56 -> 
  custom:scripting/precompiled-assembly-types:Assembly-CSharp-Editor: 1f912d4de6cb665186d563c3a71d114d -> aed549d33da427fe71430ffee69c18fc
========================================================================
Received Prepare
Refreshing native plugins compatible for Editor in 1.34 ms, found 1 plugins.
Preloading 0 native plugins for Editor in 0.00 ms.
Unloading 1 Unused Serialized files (Serialized files now loaded: 0)
Unloading 1 unused Assets / (3.1 KB). Loaded Objects now: 4086.
Memory consumption went from 86.5 MB to 86.5 MB.
Total: 1.943708 ms (FindLiveObjects: 0.076750 ms CreateObjectMapping: 0.049042 ms MarkObjects: 1.795375 ms  DeleteObjects: 0.022250 ms)

AssetImportParameters requested are different than current active one (requested -> active):
  custom:container-demuxer-ogg: 62fdf1f143b41e24485cea50d1cbac27 -> 
  custom:video-decoder-ogg-theora: a1e56fd34408186e4bbccfd4996cb3dc -> 
  custom:CustomObjectIndexerAttribute: 299a746012abc5adb0180d4ccda8d3ad -> 
  custom:container-demuxer-webm: 4f35f7cbe854078d1ac9338744f61a02 -> 
  custom:container-muxer-webm: aa71ff27fc2769a1b78a27578f13a17b -> 
  custom:video-decoder-webm-vp8: 9c59270c3fd7afecdb556c50c9e8de78 -> 
  custom:SearchIndexIgnoredProperties: e643bd26f0fe6173181afceb89e7c659 -> 
  custom:AudioImporter_EditorPlatform: 3918e3fc78b5a79bad01e8451be0beb8 -> 
  custom:framework-osx-AVFoundation: e770b220cccbd017edd2c1fefb359320 -> 
  custom:video-encoder-webm-vp8: eb34c28f22e8b96e1ab97ce403110664 -> 
  custom:audio-decoder-ogg-vorbis: bf7c407c2cedff20999df2af8eb42d56 -> 
  custom:audio-encoder-webm-vorbis: bf7c407c2cedff20999df2af8eb42d56 -> 
  custom:scripting/precompiled-assembly-types:Assembly-CSharp-Editor: 1f912d4de6cb665186d563c3a71d114d -> aed549d33da427fe71430ffee69c18fc
