Tuanjie Editor version:  2022.3.62t12 (ab02e98c9779)
Branch:                  tuanjie/1.10/staging
Build type:              Release
Batch mode:              YES
macOS version:           Version 26.5.2 (Build 25F84)
Darwin version:          25.5.0
Architecture:            arm64
Running under Rosetta:   NO
Available memory:        65536 MB
Using pre-set license
Pro License: NO

COMMAND LINE ARGUMENTS:
/Applications/Tuanjie/Hub/Editor/2022.3.62t12/Tuanjie.app/Contents/MacOS/Tuanjie
-adb2
-batchMode
-noUpm
-disableFMOD
-name
AssetImportWorker0
-projectPath
/Users/chenhan/Desktop/Git/RXSDK/RXSDK-Harmony
-logFile
Logs/AssetImportWorker0.log
-srvPort
64648
Successfully changed project path to: /Users/chenhan/Desktop/Git/RXSDK/RXSDK-Harmony
/Users/chenhan/Desktop/Git/RXSDK/RXSDK-Harmony
[Memory] Configuration Parameters - Can be set up in boot.config
    "memorysetup-bucket-allocator-granularity=16"
    "memorysetup-bucket-allocator-bucket-count=8"
    "memorysetup-bucket-allocator-block-size=33554432"
    "memorysetup-bucket-allocator-block-count=8"
    "memorysetup-main-allocator-block-size=16777216"
    "memorysetup-thread-allocator-block-size=16777216"
    "memorysetup-gfx-main-allocator-block-size=16777216"
    "memorysetup-gfx-thread-allocator-block-size=16777216"
    "memorysetup-cache-allocator-block-size=4194304"
    "memorysetup-typetree-allocator-block-size=2097152"
    "memorysetup-profiler-bucket-allocator-granularity=16"
    "memorysetup-profiler-bucket-allocator-bucket-count=8"
    "memorysetup-profiler-bucket-allocator-block-size=33554432"
    "memorysetup-profiler-bucket-allocator-block-count=8"
    "memorysetup-profiler-allocator-block-size=16777216"
    "memorysetup-profiler-editor-allocator-block-size=1048576"
    "memorysetup-temp-allocator-size-main=16777216"
    "memorysetup-job-temp-allocator-block-size=2097152"
    "memorysetup-job-temp-allocator-block-size-background=1048576"
    "memorysetup-job-temp-allocator-reduction-small-platforms=262144"
    "memorysetup-allocator-temp-initial-block-size-main=262144"
    "memorysetup-allocator-temp-initial-block-size-worker=262144"
    "memorysetup-temp-allocator-size-gfx=262144"
    "memorysetup-temp-allocator-size-background-worker=32768"
    "memorysetup-temp-allocator-size-job-worker=262144"
    "memorysetup-temp-allocator-size-preload-manager=33554432"
    "memorysetup-temp-allocator-size-nav-mesh-worker=65536"
    "memorysetup-temp-allocator-size-audio-worker=65536"
    "memorysetup-temp-allocator-size-cloud-worker=32768"
    "memorysetup-temp-allocator-size-gi-baking-worker=262144"
    "memorysetup-temp-allocator-size-gfx=262144"
Player connection [8303418752]  Target information:

Player connection [8303418752]  * "[IP] 10.10.3.133 [Port] 0 [Flags] 2 [Guid] 563648145 [EditorId] 563648145 [Version] 1048832 [Id] OSXEditor(0,admindeMacBook-Pro.local) [Debug] 1 [PackageName] OSXEditor [ProjectName] Editor" 

Player connection [8303418752]  * "[IP] 198.18.0.1 [Port] 0 [Flags] 2 [Guid] 563648145 [EditorId] 563648145 [Version] 1048832 [Id] OSXEditor(0,admindeMacBook-Pro.local) [Debug] 1 [PackageName] OSXEditor [ProjectName] Editor" 

Player connection [8303418752] Host joined multi-casting on [225.0.0.222:54997]...
Player connection [8303418752] Host joined alternative multi-casting on [225.0.0.222:34997]...
Input System module state changed to: Initialized.
AS: AutoStreaming module initializing.
[LiveLink] LiveLink library is loaded successfully. Initializing...
InitScreenManager.Refreshing native plugins compatible for Editor in 3.46 ms, found 1 plugins.
Preloading 0 native plugins for Editor in 0.00 ms.
Initialize engine version: 2022.3.62t12 (ab02e98c9779)
THR RenderingThread disabled!
[Subsystems] Discovering subsystems at path /Applications/Tuanjie/Hub/Editor/2022.3.62t12/Tuanjie.app/Contents/Resources/UnitySubsystems
[Subsystems] Discovering subsystems at path /Users/chenhan/Desktop/Git/RXSDK/RXSDK-Harmony/Assets
GfxDevice: creating device client; threaded=0; jobified=0
CreateRealGfxDevice: 16 preferred device: Apple M5 Max (high power)
Metal devices available: 1
0: Apple M5 Max (high power)
Using device Apple M5 Max (high power)
Initializing Metal device caps: Apple M5 Max
Initialize mono
Mono path[0] = '/Applications/Tuanjie/Hub/Editor/2022.3.62t12/Tuanjie.app/Contents/Managed'
Mono path[1] = '/Applications/Tuanjie/Hub/Editor/2022.3.62t12/Tuanjie.app/Contents/MonoBleedingEdge/lib/mono/unityjit-macos'
Mono config path = '/Applications/Tuanjie/Hub/Editor/2022.3.62t12/Tuanjie.app/Contents/MonoBleedingEdge/etc'
Using monoOptions --debugger-agent=transport=dt_socket,embedding=1,server=y,suspend=n,address=0.0.0.0:56364
Begin MonoManager ReloadAssembly
Registering precompiled tuanjie dll's ...
Register platform support module: /Applications/Tuanjie/Hub/Editor/2022.3.62t12/PlaybackEngines/WebGLSupport/UnityEditor.WebGL.Extensions.dll
Register platform support module: /Applications/Tuanjie/Hub/Editor/2022.3.62t12/Tuanjie.app/Contents/PlaybackEngines/MacStandaloneSupport/UnityEditor.OSXStandalone.Extensions.dll
Register platform support module: /Applications/Tuanjie/Hub/Editor/2022.3.62t12/PlaybackEngines/WeixinMiniGameSupport/UnityEditor.WeixinMiniGame.Extensions.dll
Registered in 0.002044 seconds.
- Loaded All Assemblies, in  0.130 seconds
Native extension for WeixinMiniGame target not found
Native extension for OSXStandalone target not found
Native extension for WebGL target not found
Mono: successfully reloaded assembly
- Finished resetting the current domain, in  0.094 seconds
Domain Reload Profiling: 225ms
	BeginReloadAssembly (32ms)
		ExecutionOrderSort (0ms)
		DisableScriptedObjects (0ms)
		BackupInstance (0ms)
		ReleaseScriptingObjects (0ms)
		CreateAndSetChildDomain (0ms)
	RebuildCommonClasses (14ms)
	RebuildNativeTypeToScriptingClass (5ms)
	initialDomainReloadingComplete (19ms)
	LoadAllAssembliesAndSetupDomain (60ms)
		LoadAssemblies (32ms)
		RebuildTransferFunctionScriptingTraits (0ms)
		AnalyzeDomain (59ms)
			TypeCache.Refresh (58ms)
				TypeCache.ScanAssembly (52ms)
			ScanForSourceGeneratedMonoScriptInfo (0ms)
			ResolveRequiredComponents (0ms)
	FinalizeReload (94ms)
		ReleaseScriptCaches (0ms)
		RebuildScriptCaches (0ms)
		SetupLoadedEditorAssemblies (73ms)
			LogAssemblyErrors (0ms)
			InitializePlatformSupportModulesInManaged (4ms)
			SetLoadedEditorAssemblies (2ms)
			RefreshPlugins (0ms)
			BeforeProcessingInitializeOnLoad (1ms)
			ProcessInitializeOnLoadAttributes (60ms)
			ProcessInitializeOnLoadMethodAttributes (6ms)
			AfterProcessingInitializeOnLoad (0ms)
			EditorAssembliesLoaded (0ms)
		ExecutionOrderSort2 (0ms)
		AwakeInstancesAfterBackupRestoration (0ms)
========================================================================
Worker process is ready to serve import requests
Caller must complete domain reload
Begin MonoManager ReloadAssembly
Symbol file LoadedFromMemory is not a mono symbol file
- Loaded All Assemblies, in  0.209 seconds
Native extension for WeixinMiniGame target not found
Native extension for OSXStandalone target not found
Native extension for WebGL target not found
Mono: successfully reloaded assembly
- Finished resetting the current domain, in  0.169 seconds
Domain Reload Profiling: 378ms
	BeginReloadAssembly (47ms)
		ExecutionOrderSort (0ms)
		DisableScriptedObjects (2ms)
		BackupInstance (0ms)
		ReleaseScriptingObjects (0ms)
		CreateAndSetChildDomain (7ms)
	RebuildCommonClasses (14ms)
	RebuildNativeTypeToScriptingClass (5ms)
	initialDomainReloadingComplete (13ms)
	LoadAllAssembliesAndSetupDomain (130ms)
		LoadAssemblies (96ms)
		RebuildTransferFunctionScriptingTraits (0ms)
		AnalyzeDomain (60ms)
			TypeCache.Refresh (52ms)
				TypeCache.ScanAssembly (44ms)
			ScanForSourceGeneratedMonoScriptInfo (5ms)
			ResolveRequiredComponents (2ms)
	FinalizeReload (169ms)
		ReleaseScriptCaches (0ms)
		RebuildScriptCaches (0ms)
		SetupLoadedEditorAssemblies (116ms)
			LogAssemblyErrors (0ms)
			InitializePlatformSupportModulesInManaged (2ms)
			SetLoadedEditorAssemblies (1ms)
			RefreshPlugins (0ms)
			BeforeProcessingInitializeOnLoad (22ms)
			ProcessInitializeOnLoadAttributes (85ms)
			ProcessInitializeOnLoadMethodAttributes (6ms)
			AfterProcessingInitializeOnLoad (1ms)
			EditorAssembliesLoaded (0ms)
		ExecutionOrderSort2 (0ms)
		AwakeInstancesAfterBackupRestoration (1ms)
Refreshing native plugins compatible for Editor in 1.02 ms, found 1 plugins.
Preloading 0 native plugins for Editor in 0.00 ms.
Unloading 3582 Unused Serialized files (Serialized files now loaded: 0)
Unloading 16 unused Assets / (47.2 KB). Loaded Objects now: 4077.
Memory consumption went from 123.0 MB to 122.9 MB.
Total: 1.741375 ms (FindLiveObjects: 0.075959 ms CreateObjectMapping: 0.051958 ms MarkObjects: 1.556708 ms  DeleteObjects: 0.056292 ms)

AssetImportParameters requested are different than current active one (requested -> active):
  custom:container-demuxer-ogg: 62fdf1f143b41e24485cea50d1cbac27 -> 
  custom:video-decoder-ogg-theora: a1e56fd34408186e4bbccfd4996cb3dc -> 
  custom:CustomObjectIndexerAttribute: 299a746012abc5adb0180d4ccda8d3ad -> 
  custom:container-demuxer-webm: 4f35f7cbe854078d1ac9338744f61a02 -> 
  custom:container-muxer-webm: aa71ff27fc2769a1b78a27578f13a17b -> 
  custom:video-decoder-webm-vp8: 9c59270c3fd7afecdb556c50c9e8de78 -> 
  custom:SearchIndexIgnoredProperties: e643bd26f0fe6173181afceb89e7c659 -> 
  custom:AudioImporter_EditorPlatform: 3918e3fc78b5a79bad01e8451be0beb8 -> 
  custom:framework-osx-AVFoundation: e770b220cccbd017edd2c1fefb359320 -> 
  custom:video-encoder-webm-vp8: eb34c28f22e8b96e1ab97ce403110664 -> 
  custom:audio-decoder-ogg-vorbis: bf7c407c2cedff20999df2af8eb42d56 -> 
  custom:audio-encoder-webm-vorbis: bf7c407c2cedff20999df2af8eb42d56 -> 
========================================================================
Received Import Request.
  Time since last request: 707451.719518 seconds.
  path: Assets/RXSDK/Runtime/Platform/OpenHarmony/TuanjieBridge.cs
  artifactKey: Guid(127cfaf7c331340668b5eb43002b2871) Importer(PreviewImporter)
Start importing Assets/RXSDK/Runtime/Platform/OpenHarmony/TuanjieBridge.cs using Guid(127cfaf7c331340668b5eb43002b2871) Importer(PreviewImporter)  -> (artifact id: '52f7add304fb837b112218e88efb1d23') in 0.000804 seconds
Number of asset objects unloaded after import = 0
========================================================================
Received Import Request.
  Time since last request: 0.001334 seconds.
  path: Assets/RXSDK/Runtime/Utils/CryptoUtility.cs
  artifactKey: Guid(41de8a53a8c0a4b7e94b8dcaeb43a0a0) Importer(PreviewImporter)
Start importing Assets/RXSDK/Runtime/Utils/CryptoUtility.cs using Guid(41de8a53a8c0a4b7e94b8dcaeb43a0a0) Importer(PreviewImporter)  -> (artifact id: 'e66d3169b630278bf0db68324b6bf0b1') in 0.000151 seconds
Number of asset objects unloaded after import = 0
========================================================================
Received Import Request.
  Time since last request: 0.001349 seconds.
  path: Assets/RXSDK/Runtime/API
  artifactKey: Guid(8fedd3bdab3ed4045930d776dae453d7) Importer(PreviewImporter)
Start importing Assets/RXSDK/Runtime/API using Guid(8fedd3bdab3ed4045930d776dae453d7) Importer(PreviewImporter)  -> (artifact id: '2a77f02b780295f0631dea4cde63542a') in 0.000141 seconds
Number of asset objects unloaded after import = 0
========================================================================
Received Import Request.
  Time since last request: 0.001517 seconds.
  path: Assets/Plugins/OpenHarmony/SystemDateTimeManager.tslib
  artifactKey: Guid(ab04c04606f54517b0edb42be23bbff0) Importer(PreviewImporter)
Start importing Assets/Plugins/OpenHarmony/SystemDateTimeManager.tslib using Guid(ab04c04606f54517b0edb42be23bbff0) Importer(PreviewImporter)  -> (artifact id: '3a90ace2aee53862963f05cdebc57c58') in 0.003644 seconds
Number of asset objects unloaded after import = 1
========================================================================
Received Import Request.
  Time since last request: 0.001190 seconds.
  path: Assets/RXSDK/Runtime/Version.cs
  artifactKey: Guid(a77b573680f94453cb6fcf3d5693fd3f) Importer(PreviewImporter)
Start importing Assets/RXSDK/Runtime/Version.cs using Guid(a77b573680f94453cb6fcf3d5693fd3f) Importer(PreviewImporter)  -> (artifact id: '1dd645c6c23828e0f0ac6d0d2d34b648') in 0.000130 seconds
Number of asset objects unloaded after import = 0
========================================================================
Received Import Request.
  Time since last request: 0.001453 seconds.
  path: Assets/RXSDK/Runtime/Net/RXWebRequest.cs
  artifactKey: Guid(a8b4eacabb868405f93659a57dfb5720) Importer(PreviewImporter)
Start importing Assets/RXSDK/Runtime/Net/RXWebRequest.cs using Guid(a8b4eacabb868405f93659a57dfb5720) Importer(PreviewImporter)  -> (artifact id: 'a8582d5fd18d35a1c2f50d21109c331e') in 0.000143 seconds
Number of asset objects unloaded after import = 0
========================================================================
Received Import Request.
  Time since last request: 0.001080 seconds.
  path: Assets/Plugins/OpenHarmony/webview
  artifactKey: Guid(12c32579354714d79a5f397607ce603c) Importer(PreviewImporter)
Start importing Assets/Plugins/OpenHarmony/webview using Guid(12c32579354714d79a5f397607ce603c) Importer(PreviewImporter)  -> (artifact id: '240f6a7f4a3b36ca7e7052c2be4e1c69') in 0.000124 seconds
Number of asset objects unloaded after import = 0
========================================================================
Received Import Request.
  Time since last request: 0.000979 seconds.
  path: Assets/RXSDK/Runtime/Hadoop
  artifactKey: Guid(67b8b35f7d12d42719f73a61b232d89d) Importer(PreviewImporter)
Start importing Assets/RXSDK/Runtime/Hadoop using Guid(67b8b35f7d12d42719f73a61b232d89d) Importer(PreviewImporter)  -> (artifact id: '9bb05a2af11b9037a9e31e28ea3df415') in 0.000111 seconds
Number of asset objects unloaded after import = 0
========================================================================
Received Import Request.
  Time since last request: 0.001194 seconds.
  path: Assets/Plugins/OpenHarmony/libs
  artifactKey: Guid(f14e24305981c4b509f61dfb3230e2fa) Importer(PreviewImporter)
Start importing Assets/Plugins/OpenHarmony/libs using Guid(f14e24305981c4b509f61dfb3230e2fa) Importer(PreviewImporter)  -> (artifact id: 'e45c92b2beac7d32840bb56426e621cd') in 0.000128 seconds
Number of asset objects unloaded after import = 0
========================================================================
Received Import Request.
  Time since last request: 0.001033 seconds.
  path: Assets/RXSDK/Runtime/Utils
  artifactKey: Guid(734486f97c6814ee7af13a470836a4ed) Importer(PreviewImporter)
Start importing Assets/RXSDK/Runtime/Utils using Guid(734486f97c6814ee7af13a470836a4ed) Importer(PreviewImporter)  -> (artifact id: '276dc177a9d9ca09d640c8cfb385a9d7') in 0.000082 seconds
Number of asset objects unloaded after import = 0
========================================================================
Received Import Request.
  Time since last request: 0.001111 seconds.
  path: Assets/Plugins/OpenHarmony/RXWebViewJsBridge.ets
  artifactKey: Guid(4423d1b128da8419aa4065dbe9ec230f) Importer(PreviewImporter)
Start importing Assets/Plugins/OpenHarmony/RXWebViewJsBridge.ets using Guid(4423d1b128da8419aa4065dbe9ec230f) Importer(PreviewImporter)  -> (artifact id: '8223dcb841f5ad549fcd59a344d43ae0') in 0.000289 seconds
Number of asset objects unloaded after import = 1
========================================================================
Received Import Request.
  Time since last request: 0.001213 seconds.
  path: Assets/Plugins/OpenHarmony/HMSIAPManager.etslib
  artifactKey: Guid(a2cfcf2d2ac702148a9adc1d3ffd6ca2) Importer(PreviewImporter)
Start importing Assets/Plugins/OpenHarmony/HMSIAPManager.etslib using Guid(a2cfcf2d2ac702148a9adc1d3ffd6ca2) Importer(PreviewImporter)  -> (artifact id: 'c224b3694d9b96900e192603225c213e') in 0.000280 seconds
Number of asset objects unloaded after import = 1
========================================================================
Received Import Request.
  Time since last request: 0.000985 seconds.
  path: Assets/RXSDK/Runtime/Utils/DeviceUtility.cs
  artifactKey: Guid(7e89c06cadc1f4d6288195a944669342) Importer(PreviewImporter)
Start importing Assets/RXSDK/Runtime/Utils/DeviceUtility.cs using Guid(7e89c06cadc1f4d6288195a944669342) Importer(PreviewImporter)  -> (artifact id: 'f408752fc88e2a2fcd4ff8f25c3cb509') in 0.000105 seconds
Number of asset objects unloaded after import = 0
========================================================================
Received Import Request.
  Time since last request: 0.001200 seconds.
  path: Assets/RXSDK/Runtime/WebView
  artifactKey: Guid(827d6dca2ef046ad882e6c4c13213732) Importer(PreviewImporter)
Start importing Assets/RXSDK/Runtime/WebView using Guid(827d6dca2ef046ad882e6c4c13213732) Importer(PreviewImporter)  -> (artifact id: 'd302facd135d835c6eeb8bcc941d25ce') in 0.000124 seconds
Number of asset objects unloaded after import = 0
========================================================================
Received Import Request.
  Time since last request: 0.001065 seconds.
  path: Assets/RXSDK/Runtime/API/Push.cs
  artifactKey: Guid(89334f9aa1f5043418f52bafdd19d8db) Importer(PreviewImporter)
Start importing Assets/RXSDK/Runtime/API/Push.cs using Guid(89334f9aa1f5043418f52bafdd19d8db) Importer(PreviewImporter)  -> (artifact id: '6bea474a8b8b46dda4bbc24919ebb839') in 0.000113 seconds
Number of asset objects unloaded after import = 0
========================================================================
Received Import Request.
  Time since last request: 0.001012 seconds.
  path: Assets/Plugins/OpenHarmony/RXWebViewControlBridge.etslib
  artifactKey: Guid(fd057400996b64f8cb046374915b787e) Importer(PreviewImporter)
Start importing Assets/Plugins/OpenHarmony/RXWebViewControlBridge.etslib using Guid(fd057400996b64f8cb046374915b787e) Importer(PreviewImporter)  -> (artifact id: '6295ffe1c2ce040b632547195fb88ae7') in 0.000275 seconds
Number of asset objects unloaded after import = 1
========================================================================
Received Import Request.
  Time since last request: 0.001320 seconds.
  path: Assets/RXSDK/Runtime/IRXRequest.cs
  artifactKey: Guid(d2c90ada1711046269c7860b2b7fbfe7) Importer(PreviewImporter)
Start importing Assets/RXSDK/Runtime/IRXRequest.cs using Guid(d2c90ada1711046269c7860b2b7fbfe7) Importer(PreviewImporter)  -> (artifact id: '0fc639481be7e252b56c4a0cdc43b7cd') in 0.000115 seconds
Number of asset objects unloaded after import = 0
========================================================================
Received Import Request.
  Time since last request: 0.001060 seconds.
  path: Assets/RXSDK/Runtime/ArgsBean.cs
  artifactKey: Guid(2b314ba9b73d34353a9beb8b794aa1b0) Importer(PreviewImporter)
Start importing Assets/RXSDK/Runtime/ArgsBean.cs using Guid(2b314ba9b73d34353a9beb8b794aa1b0) Importer(PreviewImporter)  -> (artifact id: '3aa93f9f852891d2d55ad26e0f9ac647') in 0.000108 seconds
Number of asset objects unloaded after import = 0
========================================================================
Received Import Request.
  Time since last request: 0.000892 seconds.
  path: Assets/RXSDK/Runtime/Platform/OpenHarmony/HMSHelper.UI.cs
  artifactKey: Guid(45829baa643d24175bbe6f15a3b94fc9) Importer(PreviewImporter)
Start importing Assets/RXSDK/Runtime/Platform/OpenHarmony/HMSHelper.UI.cs using Guid(45829baa643d24175bbe6f15a3b94fc9) Importer(PreviewImporter)  -> (artifact id: 'b0e7cfb9c2952b4253bb2ce5b9ced7da') in 0.000165 seconds
Number of asset objects unloaded after import = 0
========================================================================
Received Import Request.
  Time since last request: 0.000986 seconds.
  path: Assets/RXSDK/Runtime/Utils/Compress/RLE.cs
  artifactKey: Guid(7755e1a6a033840ee91b0a6a4e61b380) Importer(PreviewImporter)
Start importing Assets/RXSDK/Runtime/Utils/Compress/RLE.cs using Guid(7755e1a6a033840ee91b0a6a4e61b380) Importer(PreviewImporter)  -> (artifact id: 'dfa20eac01549f2d0859b1e376a71c93') in 0.000117 seconds
Number of asset objects unloaded after import = 0
========================================================================
Received Import Request.
  Time since last request: 0.001146 seconds.
  path: Assets/Plugins/OpenHarmony/DeviceInfoManager.tslib
  artifactKey: Guid(29ee7aaa60624f829840fe3398474630) Importer(PreviewImporter)
Start importing Assets/Plugins/OpenHarmony/DeviceInfoManager.tslib using Guid(29ee7aaa60624f829840fe3398474630) Importer(PreviewImporter)  -> (artifact id: 'a0e3f880c2fb71de06940d193dbe3896') in 0.000328 seconds
Number of asset objects unloaded after import = 1
========================================================================
Received Import Request.
  Time since last request: 0.001101 seconds.
  path: Assets/RXSDK/Runtime/Platform/IPlatformBridge.cs
  artifactKey: Guid(7f028262ccf6a4055b9fa696ef1fb869) Importer(PreviewImporter)
Start importing Assets/RXSDK/Runtime/Platform/IPlatformBridge.cs using Guid(7f028262ccf6a4055b9fa696ef1fb869) Importer(PreviewImporter)  -> (artifact id: '72f55a3bbaf4d77aa649a29cb30c1a53') in 0.000096 seconds
Number of asset objects unloaded after import = 0
========================================================================
Received Import Request.
  Time since last request: 0.000958 seconds.
  path: Assets/RXSDK/Runtime/SDKConfig.cs
  artifactKey: Guid(d793b4db6b7044304b63bbe7b66e0210) Importer(PreviewImporter)
Start importing Assets/RXSDK/Runtime/SDKConfig.cs using Guid(d793b4db6b7044304b63bbe7b66e0210) Importer(PreviewImporter)  -> (artifact id: '1bc52282f26b9ab414e44fabeacfb666') in 0.000094 seconds
Number of asset objects unloaded after import = 0
========================================================================
Received Import Request.
  Time since last request: 0.000763 seconds.
  path: Assets/RXSDK
  artifactKey: Guid(47b946f53a2aa4285bc7665ab84d6969) Importer(PreviewImporter)
Start importing Assets/RXSDK using Guid(47b946f53a2aa4285bc7665ab84d6969) Importer(PreviewImporter)  -> (artifact id: 'a821013ee0b76ab0d9ed33ec5ca07327') in 0.000131 seconds
Number of asset objects unloaded after import = 0
========================================================================
Received Import Request.
  Time since last request: 0.001122 seconds.
  path: Assets/Plugins/OpenHarmony/HMSPushManager.etslib
  artifactKey: Guid(2cc0fa7d4687049cca42054125b1c585) Importer(PreviewImporter)
Start importing Assets/Plugins/OpenHarmony/HMSPushManager.etslib using Guid(2cc0fa7d4687049cca42054125b1c585) Importer(PreviewImporter)  -> (artifact id: 'dc7ec5862e38ec8351cec3d08f95d851') in 0.000312 seconds
Number of asset objects unloaded after import = 1
========================================================================
Received Import Request.
  Time since last request: 0.001145 seconds.
  path: Assets/Plugins/OpenHarmony/RXWebViewLayout.ets
  artifactKey: Guid(97005fdddfea545789f74bacfdbedd00) Importer(PreviewImporter)
Start importing Assets/Plugins/OpenHarmony/RXWebViewLayout.ets using Guid(97005fdddfea545789f74bacfdbedd00) Importer(PreviewImporter)  -> (artifact id: '7cc8fd1ee9a5cf5853fa8dddb580843c') in 0.000269 seconds
Number of asset objects unloaded after import = 1
========================================================================
Received Import Request.
  Time since last request: 0.001171 seconds.
  path: Assets/Plugins/OpenHarmony/RXAPIManager.etslib
  artifactKey: Guid(af3619386860343829d3dca3f3bc912f) Importer(PreviewImporter)
Start importing Assets/Plugins/OpenHarmony/RXAPIManager.etslib using Guid(af3619386860343829d3dca3f3bc912f) Importer(PreviewImporter)  -> (artifact id: 'e5a66923c80142c15d7b98e819aab101') in 0.000284 seconds
Number of asset objects unloaded after import = 1
========================================================================
Received Import Request.
  Time since last request: 0.000913 seconds.
  path: Assets/RXSDK/Runtime/Platform/OpenHarmony/HMSHelper.cs
  artifactKey: Guid(979e5eb9dc42d1a42b1796fb5f2a15d3) Importer(PreviewImporter)
Start importing Assets/RXSDK/Runtime/Platform/OpenHarmony/HMSHelper.cs using Guid(979e5eb9dc42d1a42b1796fb5f2a15d3) Importer(PreviewImporter)  -> (artifact id: '6e400c4ba041a44bbbb57caea5a53784') in 0.000125 seconds
Number of asset objects unloaded after import = 0
========================================================================
Received Import Request.
  Time since last request: 0.001237 seconds.
  path: Assets/RXSDK/Runtime/Data/DataBean.cs
  artifactKey: Guid(98560926b00884d809348ad77db4472c) Importer(PreviewImporter)
Start importing Assets/RXSDK/Runtime/Data/DataBean.cs using Guid(98560926b00884d809348ad77db4472c) Importer(PreviewImporter)  -> (artifact id: '8404bd44522c609cfee8f82380deeaf4') in 0.000139 seconds
Number of asset objects unloaded after import = 0
========================================================================
Received Import Request.
  Time since last request: 0.001350 seconds.
  path: Assets/Plugins/OpenHarmony/TuanjieBridge.etslib
  artifactKey: Guid(b3eecf4a82dba4ee892dc8d848ffd57c) Importer(PreviewImporter)
Start importing Assets/Plugins/OpenHarmony/TuanjieBridge.etslib using Guid(b3eecf4a82dba4ee892dc8d848ffd57c) Importer(PreviewImporter)  -> (artifact id: '2d8a180015179a3fa5986a3d1ed9e3e1') in 0.000299 seconds
Number of asset objects unloaded after import = 1
========================================================================
Received Import Request.
  Time since last request: 0.001299 seconds.
  path: Assets/RXSDK/Runtime/RuiXueSdk.Passport.cs
  artifactKey: Guid(a5a4dec3827bf442cb6c64c70f67461a) Importer(PreviewImporter)
Start importing Assets/RXSDK/Runtime/RuiXueSdk.Passport.cs using Guid(a5a4dec3827bf442cb6c64c70f67461a) Importer(PreviewImporter)  -> (artifact id: '58b5327e6acb1572d418b42a6c4e7e81') in 0.000149 seconds
Number of asset objects unloaded after import = 0
========================================================================
Received Import Request.
  Time since last request: 0.001174 seconds.
  path: Assets/RXSDK/Runtime/TimeUtility.cs
  artifactKey: Guid(b7c338273873f4fb4a3345ad13703621) Importer(PreviewImporter)
Start importing Assets/RXSDK/Runtime/TimeUtility.cs using Guid(b7c338273873f4fb4a3345ad13703621) Importer(PreviewImporter)  -> (artifact id: '27881bf4c69477816b8709d064bf47b5') in 0.000149 seconds
Number of asset objects unloaded after import = 0
========================================================================
Received Import Request.
  Time since last request: 0.000969 seconds.
  path: Assets/RXSDK/Docs
  artifactKey: Guid(5125d69f46e60443eb4933c7f97e9bc6) Importer(PreviewImporter)
Start importing Assets/RXSDK/Docs using Guid(5125d69f46e60443eb4933c7f97e9bc6) Importer(PreviewImporter)  -> (artifact id: '9d9eb6ede10071fd7221b497c6787569') in 0.000107 seconds
Number of asset objects unloaded after import = 0
========================================================================
Received Import Request.
  Time since last request: 0.000993 seconds.
  path: Assets/RXSDK/Runtime/Utils/SceneUtility.cs
  artifactKey: Guid(bf603d0e3eb384ab8bea316f94b2095c) Importer(PreviewImporter)
Start importing Assets/RXSDK/Runtime/Utils/SceneUtility.cs using Guid(bf603d0e3eb384ab8bea316f94b2095c) Importer(PreviewImporter)  -> (artifact id: '27af565b72521853cb44a78acfbb73c0') in 0.000140 seconds
Number of asset objects unloaded after import = 0
========================================================================
Received Import Request.
  Time since last request: 0.000986 seconds.
  path: Assets/RXSDK/Runtime/API/Operation.cs
  artifactKey: Guid(21bb34f2d6aab4b768d9a20b8e1381fb) Importer(PreviewImporter)
Start importing Assets/RXSDK/Runtime/API/Operation.cs using Guid(21bb34f2d6aab4b768d9a20b8e1381fb) Importer(PreviewImporter)  -> (artifact id: '41d1bf577231ad45d7d9d2452270d46a') in 0.000128 seconds
Number of asset objects unloaded after import = 0
========================================================================
Received Import Request.
  Time since last request: 0.000978 seconds.
  path: Assets/RXSDK/Runtime/Utils/Compress/CLZF2.cs
  artifactKey: Guid(38f14d32d455d4d89aa681088aa1fc20) Importer(PreviewImporter)
Start importing Assets/RXSDK/Runtime/Utils/Compress/CLZF2.cs using Guid(38f14d32d455d4d89aa681088aa1fc20) Importer(PreviewImporter)  -> (artifact id: '921eb96ce8c7527f4ae9d55970732636') in 0.000117 seconds
Number of asset objects unloaded after import = 0
========================================================================
Received Import Request.
  Time since last request: 0.000750 seconds.
  path: Assets/RXSDK/Runtime/Platform
  artifactKey: Guid(86988b728384148aea3b9d0682c77f57) Importer(PreviewImporter)
Start importing Assets/RXSDK/Runtime/Platform using Guid(86988b728384148aea3b9d0682c77f57) Importer(PreviewImporter)  -> (artifact id: 'd2e11c30d363afeaed4690e6cd9bebc9') in 0.000124 seconds
Number of asset objects unloaded after import = 0
========================================================================
Received Import Request.
  Time since last request: 0.000821 seconds.
  path: Assets/RXSDK/Runtime/Platform/GameNearbyTransferTypes.cs
  artifactKey: Guid(2c8b48242069e411eadfe787f0fd263b) Importer(PreviewImporter)
Start importing Assets/RXSDK/Runtime/Platform/GameNearbyTransferTypes.cs using Guid(2c8b48242069e411eadfe787f0fd263b) Importer(PreviewImporter)  -> (artifact id: '11ce64e640cd8491f157ae857f34caa2') in 0.000111 seconds
Number of asset objects unloaded after import = 0
========================================================================
Received Import Request.
  Time since last request: 0.000802 seconds.
  path: Assets/RXSDK/Runtime/Utils/GZipCompress.cs
  artifactKey: Guid(3ec29098c29674f238d6a07b6307aa2e) Importer(PreviewImporter)
Start importing Assets/RXSDK/Runtime/Utils/GZipCompress.cs using Guid(3ec29098c29674f238d6a07b6307aa2e) Importer(PreviewImporter)  -> (artifact id: '77e1353bdd2464a7a716024a1e67c2df') in 0.000122 seconds
Number of asset objects unloaded after import = 0
========================================================================
Received Import Request.
  Time since last request: 0.001019 seconds.
  path: Assets/RXSDK/Runtime/RuiXueSdk.cs
  artifactKey: Guid(f27f0d1ef2efb4448980d9fa8b4cade5) Importer(PreviewImporter)
Start importing Assets/RXSDK/Runtime/RuiXueSdk.cs using Guid(f27f0d1ef2efb4448980d9fa8b4cade5) Importer(PreviewImporter)  -> (artifact id: '0ff6630d3ccd4b26b2324a63806381a3') in 0.000118 seconds
Number of asset objects unloaded after import = 0
========================================================================
Received Import Request.
  Time since last request: 0.000762 seconds.
  path: Assets/RXSDK/Runtime/Utils/ObjectUtility.cs
  artifactKey: Guid(a4bc68fc9cf1e4d1ab4f4bc2ffca8a2c) Importer(PreviewImporter)
Start importing Assets/RXSDK/Runtime/Utils/ObjectUtility.cs using Guid(a4bc68fc9cf1e4d1ab4f4bc2ffca8a2c) Importer(PreviewImporter)  -> (artifact id: '9c37afb6b70eba40ee756be5a2912f71') in 0.000118 seconds
Number of asset objects unloaded after import = 0
========================================================================
Received Import Request.
  Time since last request: 0.000617 seconds.
  path: Assets/RXSDK/Editor/HMSEditor
  artifactKey: Guid(b3f6d556911338c4da0d8440bbda17ee) Importer(PreviewImporter)
Start importing Assets/RXSDK/Editor/HMSEditor using Guid(b3f6d556911338c4da0d8440bbda17ee) Importer(PreviewImporter)  -> (artifact id: 'ebb4c0dd27841ffab50ec9f0cb3c1110') in 0.000106 seconds
Number of asset objects unloaded after import = 0
========================================================================
Received Import Request.
  Time since last request: 0.001054 seconds.
  path: Assets/RXSDK/Runtime/Platform/OpenHarmony/HMSHelper.IAP.cs
  artifactKey: Guid(a36a495fe372845f5812c78a22331468) Importer(PreviewImporter)
Start importing Assets/RXSDK/Runtime/Platform/OpenHarmony/HMSHelper.IAP.cs using Guid(a36a495fe372845f5812c78a22331468) Importer(PreviewImporter)  -> (artifact id: '99aeadc606d7f73fe56b2eb7de271720') in 0.000117 seconds
Number of asset objects unloaded after import = 0
========================================================================
Received Import Request.
  Time since last request: 0.000725 seconds.
  path: Assets/RXSDK/Runtime/Platform/OpenHarmony
  artifactKey: Guid(d4b4ce1e7e41843d1a8db4bf720b4398) Importer(PreviewImporter)
Start importing Assets/RXSDK/Runtime/Platform/OpenHarmony using Guid(d4b4ce1e7e41843d1a8db4bf720b4398) Importer(PreviewImporter)  -> (artifact id: '6def9fda40419d2e3c6fa60d958c3de5') in 0.000110 seconds
Number of asset objects unloaded after import = 0
========================================================================
Received Import Request.
  Time since last request: 0.001072 seconds.
  path: Assets/RXSDK/package.json
  artifactKey: Guid(e47af9bcec3ea487a8e612744397ec8c) Importer(PreviewImporter)
Start importing Assets/RXSDK/package.json using Guid(e47af9bcec3ea487a8e612744397ec8c) Importer(PreviewImporter)  -> (artifact id: 'e93f05eecfdf5241bf0fc06561db11aa') in 0.000569 seconds
Number of asset objects unloaded after import = 1
========================================================================
Received Import Request.
  Time since last request: 0.001051 seconds.
  path: Assets/RXSDK/Runtime/API/Update.cs
  artifactKey: Guid(7eaad134f8d9e4de99ad15bbf3122c06) Importer(PreviewImporter)
Start importing Assets/RXSDK/Runtime/API/Update.cs using Guid(7eaad134f8d9e4de99ad15bbf3122c06) Importer(PreviewImporter)  -> (artifact id: 'd10c625cd035001fc909acc1cc2656bc') in 0.000136 seconds
Number of asset objects unloaded after import = 0
========================================================================
Received Import Request.
  Time since last request: 0.001091 seconds.
  path: Assets/Plugins/OpenHarmony/NearbyManager.etslib
  artifactKey: Guid(f0654b7620f6c409cba7a6b86440c8e2) Importer(PreviewImporter)
Start importing Assets/Plugins/OpenHarmony/NearbyManager.etslib using Guid(f0654b7620f6c409cba7a6b86440c8e2) Importer(PreviewImporter)  -> (artifact id: 'e94af19ddd408a6c64e285bece27b2bb') in 0.000297 seconds
Number of asset objects unloaded after import = 1
========================================================================
Received Import Request.
  Time since last request: 0.001124 seconds.
  path: Assets/RXSDK/Runtime/Hadoop/UserActionTracer.cs
  artifactKey: Guid(3caf90eca67d04eb79553dce829c555b) Importer(PreviewImporter)
Start importing Assets/RXSDK/Runtime/Hadoop/UserActionTracer.cs using Guid(3caf90eca67d04eb79553dce829c555b) Importer(PreviewImporter)  -> (artifact id: 'e24f82252d3f7df7a1295709cd99baf7') in 0.000119 seconds
Number of asset objects unloaded after import = 0
========================================================================
Received Import Request.
  Time since last request: 0.001043 seconds.
  path: Assets/RXSDK/Runtime/Constants.cs
  artifactKey: Guid(1bd1628c6a52249528e91935c45888ff) Importer(PreviewImporter)
Start importing Assets/RXSDK/Runtime/Constants.cs using Guid(1bd1628c6a52249528e91935c45888ff) Importer(PreviewImporter)  -> (artifact id: '8d079e98662dd974b858b98bde03539b') in 0.000134 seconds
Number of asset objects unloaded after import = 0
========================================================================
Received Import Request.
  Time since last request: 0.001119 seconds.
  path: Assets/RXSDK/Runtime/Platform/PlatformProvider.cs
  artifactKey: Guid(67f20312db8ae4a6c95bba99290e433d) Importer(PreviewImporter)
Start importing Assets/RXSDK/Runtime/Platform/PlatformProvider.cs using Guid(67f20312db8ae4a6c95bba99290e433d) Importer(PreviewImporter)  -> (artifact id: '0672f140ff18085d1eef2fb5ebc63e90') in 0.000127 seconds
Number of asset objects unloaded after import = 0
========================================================================
Received Import Request.
  Time since last request: 0.001426 seconds.
  path: Assets/RXSDK/Runtime/API/Social.cs
  artifactKey: Guid(267521fa17a70426f94c6a1d6540a134) Importer(PreviewImporter)
Start importing Assets/RXSDK/Runtime/API/Social.cs using Guid(267521fa17a70426f94c6a1d6540a134) Importer(PreviewImporter)  -> (artifact id: 'ef35be0c7f993b98ed6ed6be3ba06f8c') in 0.000113 seconds
Number of asset objects unloaded after import = 0
========================================================================
Received Import Request.
  Time since last request: 0.001398 seconds.
  path: Assets/Plugins/OpenHarmony/WebviewControlBridge.etslib
  artifactKey: Guid(d0292c00890cdce42b9f798c3b521833) Importer(PreviewImporter)
Start importing Assets/Plugins/OpenHarmony/WebviewControlBridge.etslib using Guid(d0292c00890cdce42b9f798c3b521833) Importer(PreviewImporter)  -> (artifact id: '8f4e2e9557eec811a26f3282eec9a721') in 0.000334 seconds
Number of asset objects unloaded after import = 1
========================================================================
Received Import Request.
  Time since last request: 0.001083 seconds.
  path: Assets/RXSDK/Runtime/Platform/Android
  artifactKey: Guid(8c4fe6cdb784c4ebaa80e488de9c6f46) Importer(PreviewImporter)
Start importing Assets/RXSDK/Runtime/Platform/Android using Guid(8c4fe6cdb784c4ebaa80e488de9c6f46) Importer(PreviewImporter)  -> (artifact id: '22ba8372d7996d2c75d1a50d93e0d71e') in 0.000113 seconds
Number of asset objects unloaded after import = 0
========================================================================
Received Import Request.
  Time since last request: 0.001364 seconds.
  path: Assets/RXSDK/Runtime/API/Share.cs
  artifactKey: Guid(8e602ffc81d3b4228a2bd07924ce1444) Importer(PreviewImporter)
Start importing Assets/RXSDK/Runtime/API/Share.cs using Guid(8e602ffc81d3b4228a2bd07924ce1444) Importer(PreviewImporter)  -> (artifact id: 'c9882934b48d7fbcb5dc3955f35c0425') in 0.000128 seconds
Number of asset objects unloaded after import = 0
========================================================================
Received Import Request.
  Time since last request: 0.001245 seconds.
  path: Assets/RXSDK/Runtime/API/API.cs
  artifactKey: Guid(b2d3e7d0d93184fe6ac9b03b9db59bf9) Importer(PreviewImporter)
Start importing Assets/RXSDK/Runtime/API/API.cs using Guid(b2d3e7d0d93184fe6ac9b03b9db59bf9) Importer(PreviewImporter)  -> (artifact id: '63cbb6b083c312083987810cd72764c8') in 0.000135 seconds
Number of asset objects unloaded after import = 0
========================================================================
Received Import Request.
  Time since last request: 0.001014 seconds.
  path: Assets/Plugins/OpenHarmony
  artifactKey: Guid(da2afc7f479948939118477b1f00ee8f) Importer(PreviewImporter)
Start importing Assets/Plugins/OpenHarmony using Guid(da2afc7f479948939118477b1f00ee8f) Importer(PreviewImporter)  -> (artifact id: '9e266de6c5fb6b3e8137afd270126280') in 0.000112 seconds
Number of asset objects unloaded after import = 0
========================================================================
Received Import Request.
  Time since last request: 0.001197 seconds.
  path: Assets/RXSDK/Runtime/Platform/OpenHarmony/HMSGameNearbyTransferImpl.cs
  artifactKey: Guid(a18b4acb0be644a7f8e8c0460c47f7fa) Importer(PreviewImporter)
Start importing Assets/RXSDK/Runtime/Platform/OpenHarmony/HMSGameNearbyTransferImpl.cs using Guid(a18b4acb0be644a7f8e8c0460c47f7fa) Importer(PreviewImporter)  -> (artifact id: '529ce062b62f0d30c6f114803b751f7a') in 0.000170 seconds
Number of asset objects unloaded after import = 0
========================================================================
Received Import Request.
  Time since last request: 0.001138 seconds.
  path: Assets/RXSDK/Runtime/Passport
  artifactKey: Guid(faad3c49815374930aa35cf8d3fe1ad1) Importer(PreviewImporter)
Start importing Assets/RXSDK/Runtime/Passport using Guid(faad3c49815374930aa35cf8d3fe1ad1) Importer(PreviewImporter)  -> (artifact id: '4530cc8ea492aa5dd222a5cd38e9c540') in 0.000122 seconds
Number of asset objects unloaded after import = 0
========================================================================
Received Import Request.
  Time since last request: 0.001108 seconds.
  path: Assets/Plugins/OpenHarmony/RXWebViewManager.etslib
  artifactKey: Guid(931814900eddf4d07993ec4d22dc0e63) Importer(PreviewImporter)
Start importing Assets/Plugins/OpenHarmony/RXWebViewManager.etslib using Guid(931814900eddf4d07993ec4d22dc0e63) Importer(PreviewImporter)  -> (artifact id: '85b012fe34a595cd1412a6c46ef1a163') in 0.000309 seconds
Number of asset objects unloaded after import = 1
========================================================================
Received Import Request.
  Time since last request: 0.001283 seconds.
  path: Assets/RXSDK/Runtime/Passport/LoginData.cs
  artifactKey: Guid(336a0c15005114f0ba20831ed78a6295) Importer(PreviewImporter)
Start importing Assets/RXSDK/Runtime/Passport/LoginData.cs using Guid(336a0c15005114f0ba20831ed78a6295) Importer(PreviewImporter)  -> (artifact id: '4a80d1cb83920ab706b4736bd0eab7d4') in 0.000110 seconds
Number of asset objects unloaded after import = 0
========================================================================
Received Import Request.
  Time since last request: 0.001397 seconds.
  path: Assets/RXSDK/Runtime/ErrorCode.cs
  artifactKey: Guid(c77ecb924656b458a8735be6f547d420) Importer(PreviewImporter)
Start importing Assets/RXSDK/Runtime/ErrorCode.cs using Guid(c77ecb924656b458a8735be6f547d420) Importer(PreviewImporter)  -> (artifact id: '6ec9532ae954785157e6160819b34704') in 0.000122 seconds
Number of asset objects unloaded after import = 0
========================================================================
Received Import Request.
  Time since last request: 0.000996 seconds.
  path: Assets/RXSDK/Runtime/Utils/Compress
  artifactKey: Guid(00f70f7509a39403d954c126ecae36a1) Importer(PreviewImporter)
Start importing Assets/RXSDK/Runtime/Utils/Compress using Guid(00f70f7509a39403d954c126ecae36a1) Importer(PreviewImporter)  -> (artifact id: '43aa86651e92c6b52db02b2d85d93f6f') in 0.000111 seconds
Number of asset objects unloaded after import = 0
========================================================================
Received Import Request.
  Time since last request: 0.001344 seconds.
  path: Assets/RXSDK/Runtime/Platform/PlatformType.cs
  artifactKey: Guid(898a347af141a433e90165896caa569d) Importer(PreviewImporter)
Start importing Assets/RXSDK/Runtime/Platform/PlatformType.cs using Guid(898a347af141a433e90165896caa569d) Importer(PreviewImporter)  -> (artifact id: '191c249b4b27673e7421353ce2c1ae9d') in 0.000123 seconds
Number of asset objects unloaded after import = 0
========================================================================
Received Import Request.
  Time since last request: 0.001150 seconds.
  path: Assets/RXSDK/Runtime/RuiXue.asmdef
  artifactKey: Guid(18329768801364052be66844fa02932d) Importer(PreviewImporter)
Start importing Assets/RXSDK/Runtime/RuiXue.asmdef using Guid(18329768801364052be66844fa02932d) Importer(PreviewImporter)  -> (artifact id: 'f95387d37fbcddc7b08f2e443c9fa341') in 0.000099 seconds
Number of asset objects unloaded after import = 0
========================================================================
Received Import Request.
  Time since last request: 0.001225 seconds.
  path: Assets/RXSDK/Runtime/Passport/PassportManager.cs
  artifactKey: Guid(ce1b5e688f213494f8ca1374bb56fab6) Importer(PreviewImporter)
Start importing Assets/RXSDK/Runtime/Passport/PassportManager.cs using Guid(ce1b5e688f213494f8ca1374bb56fab6) Importer(PreviewImporter)  -> (artifact id: '2b5fe090c8fb32af8c29a18048f7c957') in 0.000119 seconds
Number of asset objects unloaded after import = 0
========================================================================
Received Import Request.
  Time since last request: 0.001258 seconds.
  path: Assets/RXSDK/Runtime/Platform/Android/AndroidJavaCallback.cs
  artifactKey: Guid(cc9630abc8a3d498bbaeccc60c5dc0ad) Importer(PreviewImporter)
Start importing Assets/RXSDK/Runtime/Platform/Android/AndroidJavaCallback.cs using Guid(cc9630abc8a3d498bbaeccc60c5dc0ad) Importer(PreviewImporter)  -> (artifact id: 'c6c08b82883ef44a6fdb114f08927291') in 0.000119 seconds
Number of asset objects unloaded after import = 0
========================================================================
Received Import Request.
  Time since last request: 0.001351 seconds.
  path: Assets/RXSDK/Runtime/Define.cs
  artifactKey: Guid(0d8723110c1d54bd0bfe12394e14dd07) Importer(PreviewImporter)
Start importing Assets/RXSDK/Runtime/Define.cs using Guid(0d8723110c1d54bd0bfe12394e14dd07) Importer(PreviewImporter)  -> (artifact id: '6300dc475c05ab167adf9a73f95030c7') in 0.000115 seconds
Number of asset objects unloaded after import = 0
========================================================================
Received Import Request.
  Time since last request: 0.001580 seconds.
  path: Assets/RXSDK/Runtime/Net/WebRequestQueue.cs
  artifactKey: Guid(32832eab2b8d94c1c88d71ff018cf815) Importer(PreviewImporter)
Start importing Assets/RXSDK/Runtime/Net/WebRequestQueue.cs using Guid(32832eab2b8d94c1c88d71ff018cf815) Importer(PreviewImporter)  -> (artifact id: 'ef38fa402839498e5a10184a78f692a0') in 0.000199 seconds
Number of asset objects unloaded after import = 0
========================================================================
Received Import Request.
  Time since last request: 0.001122 seconds.
  path: Assets/RXSDK/Runtime/WebView/OpenHarmonyWebview.cs
  artifactKey: Guid(6f03bc2a87864f4ead25b3d2136f770c) Importer(PreviewImporter)
Start importing Assets/RXSDK/Runtime/WebView/OpenHarmonyWebview.cs using Guid(6f03bc2a87864f4ead25b3d2136f770c) Importer(PreviewImporter)  -> (artifact id: '317052c22eeba01dd8c7b251ce100e7b') in 0.000111 seconds
Number of asset objects unloaded after import = 0
========================================================================
Received Import Request.
  Time since last request: 0.000958 seconds.
  path: Assets/RXSDK/Runtime
  artifactKey: Guid(f873177ebfdf74d28864a11289c376a9) Importer(PreviewImporter)
Start importing Assets/RXSDK/Runtime using Guid(f873177ebfdf74d28864a11289c376a9) Importer(PreviewImporter)  -> (artifact id: '3bea747d2c536f80504607198004709f') in 0.000100 seconds
Number of asset objects unloaded after import = 0
========================================================================
Received Import Request.
  Time since last request: 0.001092 seconds.
  path: Assets/RXSDK/Editor/FileOperator.cs
  artifactKey: Guid(1138a822856283949a7f3ef1f6f5de16) Importer(PreviewImporter)
Start importing Assets/RXSDK/Editor/FileOperator.cs using Guid(1138a822856283949a7f3ef1f6f5de16) Importer(PreviewImporter)  -> (artifact id: '0ed757c10e3b835207e6a5120d419790') in 0.000115 seconds
Number of asset objects unloaded after import = 0
========================================================================
Received Import Request.
  Time since last request: 0.001141 seconds.
  path: Assets/Plugins/OpenHarmony/LocationManager.tslib
  artifactKey: Guid(f73d35936a924c1d945e3cc8cf8f80e4) Importer(PreviewImporter)
Start importing Assets/Plugins/OpenHarmony/LocationManager.tslib using Guid(f73d35936a924c1d945e3cc8cf8f80e4) Importer(PreviewImporter)  -> (artifact id: 'f3b81e969c6e9840a58049aa56a49f22') in 0.000361 seconds
Number of asset objects unloaded after import = 1
========================================================================
Received Import Request.
  Time since last request: 0.002137 seconds.
  path: Assets/RXSDK/Runtime/API/CDKey.cs
  artifactKey: Guid(0173bf09ca11f452abeaaba96aebdff0) Importer(PreviewImporter)
Start importing Assets/RXSDK/Runtime/API/CDKey.cs using Guid(0173bf09ca11f452abeaaba96aebdff0) Importer(PreviewImporter)  -> (artifact id: '4fd69aab2a42aff5a82c9dc77a972b98') in 0.000129 seconds
Number of asset objects unloaded after import = 0
========================================================================
Received Import Request.
  Time since last request: 0.001343 seconds.
  path: Assets/RXSDK/Runtime/Platform/README_Platform.md
  artifactKey: Guid(22be18df642b04809992261bd8fa6f06) Importer(PreviewImporter)
Start importing Assets/RXSDK/Runtime/Platform/README_Platform.md using Guid(22be18df642b04809992261bd8fa6f06) Importer(PreviewImporter)  -> (artifact id: '3919d58c2dd48921bba131753fd707ab') in 0.000444 seconds
Number of asset objects unloaded after import = 1
========================================================================
Received Import Request.
  Time since last request: 0.001074 seconds.
  path: Assets/RXSample/TestWebviewUI.cs
  artifactKey: Guid(4a6c6f9122ed07445bba1e98798e7bef) Importer(PreviewImporter)
Start importing Assets/RXSample/TestWebviewUI.cs using Guid(4a6c6f9122ed07445bba1e98798e7bef) Importer(PreviewImporter)  -> (artifact id: '5786c2a1f3806a0bb35a35af5e513745') in 0.000132 seconds
Number of asset objects unloaded after import = 0
========================================================================
Received Import Request.
  Time since last request: 0.000821 seconds.
  path: Assets/RXSDK/Editor
  artifactKey: Guid(1bdd5ac35e9f9444f88f1f6f21e5f3dd) Importer(PreviewImporter)
Start importing Assets/RXSDK/Editor using Guid(1bdd5ac35e9f9444f88f1f6f21e5f3dd) Importer(PreviewImporter)  -> (artifact id: 'b7aadd5d805f89b544dd50c1cfd67e2c') in 0.000109 seconds
Number of asset objects unloaded after import = 0
========================================================================
Received Import Request.
  Time since last request: 0.001160 seconds.
  path: Assets/Plugins/OpenHarmony/HMSGameServiceManager.etslib
  artifactKey: Guid(dfc3121b6b8feeb4bac4a8bcb0383972) Importer(PreviewImporter)
Start importing Assets/Plugins/OpenHarmony/HMSGameServiceManager.etslib using Guid(dfc3121b6b8feeb4bac4a8bcb0383972) Importer(PreviewImporter)  -> (artifact id: '5ceb26814b3ed721131664480ff0c97c') in 0.000314 seconds
Number of asset objects unloaded after import = 1
========================================================================
Received Import Request.
  Time since last request: 0.001124 seconds.
  path: Assets/RXSDK/Runtime/Platform/OpenHarmony/HMSHelper.DataAndPush.cs
  artifactKey: Guid(9e11d234b14634bc6a5a8921f1a7c473) Importer(PreviewImporter)
Start importing Assets/RXSDK/Runtime/Platform/OpenHarmony/HMSHelper.DataAndPush.cs using Guid(9e11d234b14634bc6a5a8921f1a7c473) Importer(PreviewImporter)  -> (artifact id: '60e7290137ce24c8a1a4da96f19c5282') in 0.000119 seconds
Number of asset objects unloaded after import = 0
========================================================================
Received Import Request.
  Time since last request: 0.000948 seconds.
  path: Assets/RXSDK/Runtime/Billing
  artifactKey: Guid(22cda393cc2e54388afc9e4f581aff64) Importer(PreviewImporter)
Start importing Assets/RXSDK/Runtime/Billing using Guid(22cda393cc2e54388afc9e4f581aff64) Importer(PreviewImporter)  -> (artifact id: '48e7960e74ed3a7c1d35ce232d3fafae') in 0.000116 seconds
Number of asset objects unloaded after import = 0
========================================================================
Received Import Request.
  Time since last request: 0.000897 seconds.
  path: Assets/RXSDK/Runtime/RuiXueSdk.UI.cs
  artifactKey: Guid(9b57b69b4ceed4dfdbe047abd420d15e) Importer(PreviewImporter)
Start importing Assets/RXSDK/Runtime/RuiXueSdk.UI.cs using Guid(9b57b69b4ceed4dfdbe047abd420d15e) Importer(PreviewImporter)  -> (artifact id: '52a2c444e2918668790383c2b314aa34') in 0.000122 seconds
Number of asset objects unloaded after import = 0
========================================================================
Received Import Request.
  Time since last request: 0.001008 seconds.
  path: Assets/RXSDK/Runtime/Platform/NullPlatformBridge.cs
  artifactKey: Guid(efe74dc2478c44a50a44fbbea361fb96) Importer(PreviewImporter)
Start importing Assets/RXSDK/Runtime/Platform/NullPlatformBridge.cs using Guid(efe74dc2478c44a50a44fbbea361fb96) Importer(PreviewImporter)  -> (artifact id: '044295cca8a8c3d7bef0ce30b39c05dd') in 0.000115 seconds
Number of asset objects unloaded after import = 0
========================================================================
Received Import Request.
  Time since last request: 0.001248 seconds.
  path: Assets/RXSDK/Runtime/Platform/OpenHarmony/HMSHelper.LoginImpls.cs
  artifactKey: Guid(01710a817de924e45bf9537a8337fca0) Importer(PreviewImporter)
Start importing Assets/RXSDK/Runtime/Platform/OpenHarmony/HMSHelper.LoginImpls.cs using Guid(01710a817de924e45bf9537a8337fca0) Importer(PreviewImporter)  -> (artifact id: '92f4f70c7293c53684295f675fe98085') in 0.000109 seconds
Number of asset objects unloaded after import = 0
========================================================================
Received Import Request.
  Time since last request: 0.001125 seconds.
  path: Assets/RXSDK/Runtime/Data/InitData.cs
  artifactKey: Guid(16d86d203a77e4c8a85c53826191e43a) Importer(PreviewImporter)
Start importing Assets/RXSDK/Runtime/Data/InitData.cs using Guid(16d86d203a77e4c8a85c53826191e43a) Importer(PreviewImporter)  -> (artifact id: '1567d479878d0b9e4f6d4ebf480b16f8') in 0.000105 seconds
Number of asset objects unloaded after import = 0
========================================================================
Received Import Request.
  Time since last request: 0.001088 seconds.
  path: Assets/RXSDK/Runtime/WebView/WebViewManager.cs
  artifactKey: Guid(8ff9b30e76d848b989dce02b3029e703) Importer(PreviewImporter)
Start importing Assets/RXSDK/Runtime/WebView/WebViewManager.cs using Guid(8ff9b30e76d848b989dce02b3029e703) Importer(PreviewImporter)  -> (artifact id: 'eef508aa7106754f48d730437252b486') in 0.000111 seconds
Number of asset objects unloaded after import = 0
========================================================================
Received Import Request.
  Time since last request: 0.000993 seconds.
  path: Assets/RXSample/TestRXAPI.cs
  artifactKey: Guid(fd9b7e111021845399ed6cb33b2e8733) Importer(PreviewImporter)
Start importing Assets/RXSample/TestRXAPI.cs using Guid(fd9b7e111021845399ed6cb33b2e8733) Importer(PreviewImporter)  -> (artifact id: '12af68668f77917ac3c8b106b4c99970') in 0.000120 seconds
Number of asset objects unloaded after import = 0
========================================================================
Received Import Request.
  Time since last request: 0.001219 seconds.
  path: Assets/Plugins/OpenHarmony/HMSGetDataManager.etslib
  artifactKey: Guid(cb6db24ed37f86b4e8087750b5babc6a) Importer(PreviewImporter)
Start importing Assets/Plugins/OpenHarmony/HMSGetDataManager.etslib using Guid(cb6db24ed37f86b4e8087750b5babc6a) Importer(PreviewImporter)  -> (artifact id: '21518c1d0e93181c3e5cb6794bed5f65') in 0.000355 seconds
Number of asset objects unloaded after import = 1
========================================================================
Received Import Request.
  Time since last request: 0.001010 seconds.
  path: Assets/Plugins/OpenHarmony/RXWebViewComponent.ets
  artifactKey: Guid(5ff645d023123424cad380451ff1979d) Importer(PreviewImporter)
Start importing Assets/Plugins/OpenHarmony/RXWebViewComponent.ets using Guid(5ff645d023123424cad380451ff1979d) Importer(PreviewImporter)  -> (artifact id: '30c33aa49bb92a20abac68e025363d7d') in 0.000222 seconds
Number of asset objects unloaded after import = 1
========================================================================
Received Import Request.
  Time since last request: 0.001073 seconds.
  path: Assets/RXSDK/Runtime/Platform/PlatformFactory.cs
  artifactKey: Guid(954fa6c63e0f4407393cdeff28ffdf8d) Importer(PreviewImporter)
Start importing Assets/RXSDK/Runtime/Platform/PlatformFactory.cs using Guid(954fa6c63e0f4407393cdeff28ffdf8d) Importer(PreviewImporter)  -> (artifact id: '0a59c66adf5d4b0ab1af1bc630846d37') in 0.000112 seconds
Number of asset objects unloaded after import = 0
========================================================================
Received Import Request.
  Time since last request: 0.001018 seconds.
  path: Assets/RXSDK/Runtime/RuiXueSdk.VersionAndTrack.cs
  artifactKey: Guid(1eab428b5b152440b823438d93c6de2b) Importer(PreviewImporter)
Start importing Assets/RXSDK/Runtime/RuiXueSdk.VersionAndTrack.cs using Guid(1eab428b5b152440b823438d93c6de2b) Importer(PreviewImporter)  -> (artifact id: 'f79df8af61f2d8c83a46053815095c8a') in 0.000114 seconds
Number of asset objects unloaded after import = 0
========================================================================
Received Import Request.
  Time since last request: 0.000963 seconds.
  path: Assets/RXSDK/Runtime/PushManager.cs
  artifactKey: Guid(d49b49a996abb45999cd3a50d6a89462) Importer(PreviewImporter)
Start importing Assets/RXSDK/Runtime/PushManager.cs using Guid(d49b49a996abb45999cd3a50d6a89462) Importer(PreviewImporter)  -> (artifact id: '340d46cf5f794ab931250ef57972fcf4') in 0.000106 seconds
Number of asset objects unloaded after import = 0
========================================================================
Received Import Request.
  Time since last request: 0.000801 seconds.
  path: Assets/RXSDK/Runtime/Exception
  artifactKey: Guid(97dd1bbff9b7b43338050c8c113fa4c1) Importer(PreviewImporter)
Start importing Assets/RXSDK/Runtime/Exception using Guid(97dd1bbff9b7b43338050c8c113fa4c1) Importer(PreviewImporter)  -> (artifact id: 'b0c732bdced404e99a12d452792e626b') in 0.000114 seconds
Number of asset objects unloaded after import = 0
========================================================================
Received Import Request.
  Time since last request: 0.000973 seconds.
  path: Assets/RXSDK/Runtime/Data
  artifactKey: Guid(793740b3048e24d01b371e2cafeb9b1c) Importer(PreviewImporter)
Start importing Assets/RXSDK/Runtime/Data using Guid(793740b3048e24d01b371e2cafeb9b1c) Importer(PreviewImporter)  -> (artifact id: '543d3ea9bfe2ddfad9b44120bc0819ee') in 0.000137 seconds
Number of asset objects unloaded after import = 0
========================================================================
Received Import Request.
  Time since last request: 0.000919 seconds.
  path: Assets/RXSDK/Runtime/Platform/OpenHarmony/HMSHelper.Login.cs
  artifactKey: Guid(6ff7d9cd29d6542e18989536d36b4736) Importer(PreviewImporter)
Start importing Assets/RXSDK/Runtime/Platform/OpenHarmony/HMSHelper.Login.cs using Guid(6ff7d9cd29d6542e18989536d36b4736) Importer(PreviewImporter)  -> (artifact id: 'ff9bc197bf1463fcb5900d6a17091ccb') in 0.000109 seconds
Number of asset objects unloaded after import = 0
========================================================================
Received Import Request.
  Time since last request: 0.000976 seconds.
  path: Assets/Plugins/OpenHarmony/RXWebViewMainThreadWorker.ets
  artifactKey: Guid(f30483759b46643929cc9f4409d50009) Importer(PreviewImporter)
Start importing Assets/Plugins/OpenHarmony/RXWebViewMainThreadWorker.ets using Guid(f30483759b46643929cc9f4409d50009) Importer(PreviewImporter)  -> (artifact id: '4318dd2650a6a55892d13ac0dbf71a69') in 0.000278 seconds
Number of asset objects unloaded after import = 1
========================================================================
Received Import Request.
  Time since last request: 0.000897 seconds.
  path: Assets/RXSDK/Runtime/Hadoop/HadoopManager.cs
  artifactKey: Guid(03cc2b2bfce5e40cda0d80fe09408a0d) Importer(PreviewImporter)
Start importing Assets/RXSDK/Runtime/Hadoop/HadoopManager.cs using Guid(03cc2b2bfce5e40cda0d80fe09408a0d) Importer(PreviewImporter)  -> (artifact id: '9ae423b8c490ed782b6c2a99ff8ec126') in 0.000114 seconds
Number of asset objects unloaded after import = 0
========================================================================
Received Import Request.
  Time since last request: 0.000974 seconds.
  path: Assets/Plugins/OpenHarmony/HMSLoginManger.etslib
  artifactKey: Guid(a4924b3a8f265e143b920fa7d6aaeb44) Importer(PreviewImporter)
Start importing Assets/Plugins/OpenHarmony/HMSLoginManger.etslib using Guid(a4924b3a8f265e143b920fa7d6aaeb44) Importer(PreviewImporter)  -> (artifact id: 'a93b9fd186e48e70916c19c848ff591e') in 0.000285 seconds
Number of asset objects unloaded after import = 1
========================================================================
Received Import Request.
  Time since last request: 0.000659 seconds.
  path: Assets/RXSDK/Runtime/Net
  artifactKey: Guid(bb0c18adb2dd34f929785ef148ef598a) Importer(PreviewImporter)
Start importing Assets/RXSDK/Runtime/Net using Guid(bb0c18adb2dd34f929785ef148ef598a) Importer(PreviewImporter)  -> (artifact id: 'e4ca67d62a5ae9571342af382d166788') in 0.000107 seconds
Number of asset objects unloaded after import = 0
========================================================================
Received Import Request.
  Time since last request: 0.001115 seconds.
  path: Assets/RXSDK/Runtime/Utils/Log.cs
  artifactKey: Guid(67db2c707f22f465183bd50d9310b06e) Importer(PreviewImporter)
Start importing Assets/RXSDK/Runtime/Utils/Log.cs using Guid(67db2c707f22f465183bd50d9310b06e) Importer(PreviewImporter)  -> (artifact id: 'd926ef03d37395a243ec514f117d6d1e') in 0.000118 seconds
Number of asset objects unloaded after import = 0
========================================================================
Received Import Request.
  Time since last request: 0.000756 seconds.
  path: Assets/RXSDK/Runtime/Utils/RXUtility.cs
  artifactKey: Guid(edb088d983cfa426881d5fe899990fac) Importer(PreviewImporter)
Start importing Assets/RXSDK/Runtime/Utils/RXUtility.cs using Guid(edb088d983cfa426881d5fe899990fac) Importer(PreviewImporter)  -> (artifact id: '2ec92401989597c7254def5d974271ba') in 0.000109 seconds
Number of asset objects unloaded after import = 0
========================================================================
Received Import Request.
  Time since last request: 0.001194 seconds.
  path: Assets/RXSDK/Runtime/Platform/OpenHarmony/OpenHarmonyPlatformBridge.cs
  artifactKey: Guid(946311374772949ae9360f16afe6ad1d) Importer(PreviewImporter)
Start importing Assets/RXSDK/Runtime/Platform/OpenHarmony/OpenHarmonyPlatformBridge.cs using Guid(946311374772949ae9360f16afe6ad1d) Importer(PreviewImporter)  -> (artifact id: '89119d88618cfe03ae42dd08e4978af9') in 0.000122 seconds
Number of asset objects unloaded after import = 0
========================================================================
Received Import Request.
  Time since last request: 0.000659 seconds.
  path: Assets/Plugins/Editor
  artifactKey: Guid(06265df04e97a43439bdfcadad7512a0) Importer(PreviewImporter)
Start importing Assets/Plugins/Editor using Guid(06265df04e97a43439bdfcadad7512a0) Importer(PreviewImporter)  -> (artifact id: '74b35b9d3ba011e740ae3e3fa26938ce') in 0.000085 seconds
Number of asset objects unloaded after import = 0
========================================================================
Received Import Request.
  Time since last request: 0.000764 seconds.
  path: Assets/RXSDK/Runtime/APIPath.cs
  artifactKey: Guid(e3926753bf6064d819c9a0ead425eabd) Importer(PreviewImporter)
Start importing Assets/RXSDK/Runtime/APIPath.cs using Guid(e3926753bf6064d819c9a0ead425eabd) Importer(PreviewImporter)  -> (artifact id: '50cb850154eeb325fab6225d789c964a') in 0.000086 seconds
Number of asset objects unloaded after import = 0
========================================================================
Received Import Request.
  Time since last request: 0.000952 seconds.
  path: Assets/RXSDK/Runtime/RuiXueSdk.Billing.cs
  artifactKey: Guid(9d2561b70569e47239a80e6b48fdb2ad) Importer(PreviewImporter)
Start importing Assets/RXSDK/Runtime/RuiXueSdk.Billing.cs using Guid(9d2561b70569e47239a80e6b48fdb2ad) Importer(PreviewImporter)  -> (artifact id: 'f8629d9a146f410c83ef5d3421a1caed') in 0.000131 seconds
Number of asset objects unloaded after import = 0
========================================================================
Received Import Request.
  Time since last request: 0.001041 seconds.
  path: Assets/RXSDK/Docs/OpenHarmony_接入配置.md
  artifactKey: Guid(2ee05f570c1b54ed18619c36d8742bd5) Importer(PreviewImporter)
Start importing Assets/RXSDK/Docs/OpenHarmony_接入配置.md using Guid(2ee05f570c1b54ed18619c36d8742bd5) Importer(PreviewImporter)  -> (artifact id: 'c7f9d88a93df64abee229257a2571100') in 0.000325 seconds
Number of asset objects unloaded after import = 1
========================================================================
Received Import Request.
  Time since last request: 0.000629 seconds.
  path: Assets/Plugins
  artifactKey: Guid(b77bb3c2e92f945f1b0f8e5c2f9bbe76) Importer(PreviewImporter)
Start importing Assets/Plugins using Guid(b77bb3c2e92f945f1b0f8e5c2f9bbe76) Importer(PreviewImporter)  -> (artifact id: '4b1154e2b7dba33bc2461945173e3ea7') in 0.000083 seconds
Number of asset objects unloaded after import = 0
========================================================================
Received Import Request.
  Time since last request: 0.000967 seconds.
  path: Assets/RXSDK/Runtime/Utils/SceneManager.cs
  artifactKey: Guid(872277e48c9d04641b0de79fc2f35832) Importer(PreviewImporter)
Start importing Assets/RXSDK/Runtime/Utils/SceneManager.cs using Guid(872277e48c9d04641b0de79fc2f35832) Importer(PreviewImporter)  -> (artifact id: '9de9ae58909649802737343034f86f44') in 0.000090 seconds
Number of asset objects unloaded after import = 0
========================================================================
Received Import Request.
  Time since last request: 0.000950 seconds.
  path: Assets/RXSDK/Runtime/RXResponse.cs
  artifactKey: Guid(d595df97ca651499d8c5e93a04017396) Importer(PreviewImporter)
Start importing Assets/RXSDK/Runtime/RXResponse.cs using Guid(d595df97ca651499d8c5e93a04017396) Importer(PreviewImporter)  -> (artifact id: '6221b64d4d4cd0912d9a3c8ce1cace1b') in 0.000085 seconds
Number of asset objects unloaded after import = 0
========================================================================
Received Import Request.
  Time since last request: 0.000989 seconds.
  path: Assets/RXSDK/Runtime/WebView/RXWebview.cs
  artifactKey: Guid(66b5f30c2915848a3a26639eb67c5548) Importer(PreviewImporter)
Start importing Assets/RXSDK/Runtime/WebView/RXWebview.cs using Guid(66b5f30c2915848a3a26639eb67c5548) Importer(PreviewImporter)  -> (artifact id: 'bd921d9c091fa140ece324a0b571de9e') in 0.000109 seconds
Number of asset objects unloaded after import = 0
========================================================================
Received Import Request.
  Time since last request: 0.000799 seconds.
  path: Assets/RXSDK/Runtime/Platform/GameNearbyTransferFactory.cs
  artifactKey: Guid(bee448ba963ca4baf8bed1212f10446d) Importer(PreviewImporter)
Start importing Assets/RXSDK/Runtime/Platform/GameNearbyTransferFactory.cs using Guid(bee448ba963ca4baf8bed1212f10446d) Importer(PreviewImporter)  -> (artifact id: 'f13bc55793b0ea56ca61a1b7efd67a23') in 0.000083 seconds
Number of asset objects unloaded after import = 0
========================================================================
Received Import Request.
  Time since last request: 0.000834 seconds.
  path: Assets/RXSDK/Runtime/Platform/GameNearbyTransfer.cs
  artifactKey: Guid(605b37a8ddfab4ddeaa999a93f5d54bd) Importer(PreviewImporter)
Start importing Assets/RXSDK/Runtime/Platform/GameNearbyTransfer.cs using Guid(605b37a8ddfab4ddeaa999a93f5d54bd) Importer(PreviewImporter)  -> (artifact id: 'b6f846f834ae8aa00ab5ea2727569406') in 0.000090 seconds
Number of asset objects unloaded after import = 0
========================================================================
Received Import Request.
  Time since last request: 0.001031 seconds.
  path: Assets/RXSDK/Runtime/Billing/BillingManager.cs
  artifactKey: Guid(7fb5ef21755f348d6ae774c538ee2de8) Importer(PreviewImporter)
Start importing Assets/RXSDK/Runtime/Billing/BillingManager.cs using Guid(7fb5ef21755f348d6ae774c538ee2de8) Importer(PreviewImporter)  -> (artifact id: 'a5cbcfde73efbf38cb1c55b1872723f8') in 0.000095 seconds
Number of asset objects unloaded after import = 0
========================================================================
Received Import Request.
  Time since last request: 0.000993 seconds.
  path: Assets/RXSDK/Runtime/Billing/OrderData.cs
  artifactKey: Guid(53bf3abea96d04d72b1621328b46e771) Importer(PreviewImporter)
Start importing Assets/RXSDK/Runtime/Billing/OrderData.cs using Guid(53bf3abea96d04d72b1621328b46e771) Importer(PreviewImporter)  -> (artifact id: 'af6ebe1efab7e9a12450c9761a9c2c04') in 0.000094 seconds
Number of asset objects unloaded after import = 0
========================================================================
Received Import Request.
  Time since last request: 0.000731 seconds.
  path: Assets/RXSample
  artifactKey: Guid(1bc1744195a8648aea33ec6ea7012cb6) Importer(PreviewImporter)
Start importing Assets/RXSample using Guid(1bc1744195a8648aea33ec6ea7012cb6) Importer(PreviewImporter)  -> (artifact id: '964fdb99fc1e3b2ed023aa9d569c1c09') in 0.000104 seconds
Number of asset objects unloaded after import = 0
========================================================================
Received Import Request.
  Time since last request: 0.000664 seconds.
  path: Assets/Plugins/OpenHarmony/RXInterface.ets
  artifactKey: Guid(203aeb56e0cd04ddaaf38a49551e8b47) Importer(PreviewImporter)
Start importing Assets/Plugins/OpenHarmony/RXInterface.ets using Guid(203aeb56e0cd04ddaaf38a49551e8b47) Importer(PreviewImporter)  -> (artifact id: '7a5ace25e02909f846ad8d67f2ac8948') in 0.000276 seconds
Number of asset objects unloaded after import = 1
========================================================================
Received Import Request.
  Time since last request: 0.000996 seconds.
  path: Assets/Plugins/OpenHarmony/libs/hmssdk.har
  artifactKey: Guid(024d0c55b8b844994b8a942802582c69) Importer(PreviewImporter)
Start importing Assets/Plugins/OpenHarmony/libs/hmssdk.har using Guid(024d0c55b8b844994b8a942802582c69) Importer(PreviewImporter)  -> (artifact id: 'f6324818f424048e33856fb892b8e781') in 0.000268 seconds
Number of asset objects unloaded after import = 1
========================================================================
Received Import Request.
  Time since last request: 0.001015 seconds.
  path: Assets/RXSample/RXSampleScene.cs
  artifactKey: Guid(270e35aef07e94fc686b5fe60e55167e) Importer(PreviewImporter)
Start importing Assets/RXSample/RXSampleScene.cs using Guid(270e35aef07e94fc686b5fe60e55167e) Importer(PreviewImporter)  -> (artifact id: '1bdcb25f5550fe76e2baec6044d8d511') in 0.000098 seconds
Number of asset objects unloaded after import = 0
========================================================================
Received Import Request.
  Time since last request: 0.001015 seconds.
  path: Assets/RXSDK/Runtime/Utils/UrlUtility.cs
  artifactKey: Guid(8fd3a0957e4484ca9aa9641165d079c0) Importer(PreviewImporter)
Start importing Assets/RXSDK/Runtime/Utils/UrlUtility.cs using Guid(8fd3a0957e4484ca9aa9641165d079c0) Importer(PreviewImporter)  -> (artifact id: '639c147752067b64f648bd290355c62f') in 0.000106 seconds
Number of asset objects unloaded after import = 0
========================================================================
Received Import Request.
  Time since last request: 0.000858 seconds.
  path: Assets/RXSDK/Runtime/Platform/OpenHarmony/HMSHelper.GameService.cs
  artifactKey: Guid(16cd4be9079144b08b11ae671f13d496) Importer(PreviewImporter)
Start importing Assets/RXSDK/Runtime/Platform/OpenHarmony/HMSHelper.GameService.cs using Guid(16cd4be9079144b08b11ae671f13d496) Importer(PreviewImporter)  -> (artifact id: '4872a1865ce8fecb5e7855ce6396d695') in 0.000092 seconds
Number of asset objects unloaded after import = 0
========================================================================
Received Import Request.
  Time since last request: 0.001308 seconds.
  path: Assets/RXSDK/Runtime/Platform/OpenHarmony/OpenHarmonyClass.cs
  artifactKey: Guid(31238a7f63880411089de67799325a66) Importer(PreviewImporter)
Start importing Assets/RXSDK/Runtime/Platform/OpenHarmony/OpenHarmonyClass.cs using Guid(31238a7f63880411089de67799325a66) Importer(PreviewImporter)  -> (artifact id: 'c66530cc63589b26f1ee56cbecf410a5') in 0.000106 seconds
Number of asset objects unloaded after import = 0
========================================================================
Received Import Request.
  Time since last request: 0.001207 seconds.
  path: Assets/Plugins/OpenHarmony/RXWebViewControl.ts
  artifactKey: Guid(c6370bbc1d2734263b7bed3b4ec72f2e) Importer(PreviewImporter)
Start importing Assets/Plugins/OpenHarmony/RXWebViewControl.ts using Guid(c6370bbc1d2734263b7bed3b4ec72f2e) Importer(PreviewImporter)  -> (artifact id: 'c812595c4f4a8b601ae2edaf4809a24e') in 0.000224 seconds
Number of asset objects unloaded after import = 1
========================================================================
Received Import Request.
  Time since last request: 0.001369 seconds.
  path: Assets/RXSDK/RuiXueSdk.prefab
  artifactKey: Guid(61d2be2847766475ab7af33c23dd1961) Importer(PreviewImporter)
Start importing Assets/RXSDK/RuiXueSdk.prefab using Guid(61d2be2847766475ab7af33c23dd1961) Importer(PreviewImporter)  -> (artifact id: '624bff30956d2148c49d7ed41e0ed934') in 0.006799 seconds
Number of asset objects unloaded after import = 6
========================================================================
Received Import Request.
  Time since last request: 0.001022 seconds.
  path: Assets/RXSDK/Runtime/Utils/TypeUtility.cs
  artifactKey: Guid(bc3a4cec81479496d8062aa84127bb72) Importer(PreviewImporter)
Start importing Assets/RXSDK/Runtime/Utils/TypeUtility.cs using Guid(bc3a4cec81479496d8062aa84127bb72) Importer(PreviewImporter)  -> (artifact id: '78790f9f623b6ed2ebb5f0f1be13bdfd') in 0.000119 seconds
Number of asset objects unloaded after import = 0
========================================================================
Received Import Request.
  Time since last request: 0.001073 seconds.
  path: Assets/RXSDK/Runtime/Net/RXException.cs
  artifactKey: Guid(6d904835c520044aea4b2e41e75c23ba) Importer(PreviewImporter)
Start importing Assets/RXSDK/Runtime/Net/RXException.cs using Guid(6d904835c520044aea4b2e41e75c23ba) Importer(PreviewImporter)  -> (artifact id: 'feb98ce06f866b445b34446b37572a80') in 0.000093 seconds
Number of asset objects unloaded after import = 0
========================================================================
Received Import Request.
  Time since last request: 0.001041 seconds.
  path: Assets/RXSDK/Runtime/API/Ranking.cs
  artifactKey: Guid(3b87166688bb042a3a4fdc7cb26853a5) Importer(PreviewImporter)
Start importing Assets/RXSDK/Runtime/API/Ranking.cs using Guid(3b87166688bb042a3a4fdc7cb26853a5) Importer(PreviewImporter)  -> (artifact id: 'b9bd1517e3a0d4ab3e73da452115debc') in 0.000097 seconds
Number of asset objects unloaded after import = 0
========================================================================
Received Import Request.
  Time since last request: 0.001085 seconds.
  path: Assets/Plugins/OpenHarmony/webview/WebviewControl.ets
  artifactKey: Guid(a2dcf59d22bca41168e21d9f833a0d57) Importer(PreviewImporter)
Start importing Assets/Plugins/OpenHarmony/webview/WebviewControl.ets using Guid(a2dcf59d22bca41168e21d9f833a0d57) Importer(PreviewImporter)  -> (artifact id: '86154069ab98ac326a13ca63f6f258b8') in 0.000254 seconds
Number of asset objects unloaded after import = 1
========================================================================
Received Import Request.
  Time since last request: 0.000955 seconds.
  path: Assets/RXSDK/Runtime/README_Structure.md
  artifactKey: Guid(327154ff58c244d5bbc03454241e800a) Importer(PreviewImporter)
Start importing Assets/RXSDK/Runtime/README_Structure.md using Guid(327154ff58c244d5bbc03454241e800a) Importer(PreviewImporter)  -> (artifact id: 'e0d88484786d4108be848b648389772d') in 0.000183 seconds
Number of asset objects unloaded after import = 1
========================================================================
Received Import Request.
  Time since last request: 0.001162 seconds.
  path: Assets/RXSDK/Editor/HMSEditor/HMSBuildProcessor.cs
  artifactKey: Guid(a13c25e333ba62046bf8ae6f459c7775) Importer(PreviewImporter)
Start importing Assets/RXSDK/Editor/HMSEditor/HMSBuildProcessor.cs using Guid(a13c25e333ba62046bf8ae6f459c7775) Importer(PreviewImporter)  -> (artifact id: 'cac280fe883284fd66e7b969bce6a5c2') in 0.000081 seconds
Number of asset objects unloaded after import = 0
