[09:04:02][I][AuthService] StartWebServer at port : 62051
[09:04:03][I][CoreLoadManager] core loaded !!!!!
[09:04:03][I][NoteManager] ws: >> start
[09:04:03][I][NoteManager] wss://bgutools.bytedance.com/v2/ws/note?token=
[09:04:03][I][NoteManager] ws: >> start
[09:04:03][I][NoteManager] wss://bgutools.bytedance.com/v2/ws/note?token=
[09:04:04][I][NoteManager] ws: connected
[09:04:04][I][NoteManager] ws: client info >
[09:04:04][I][NoteManager] ws: send client info ok
[09:05:29][I][NoteManager] ws: << end, Reason: An exception has occurred while receiving.
[09:05:39][I][NoteManager] ws: >> start
[09:05:39][I][NoteManager] wss://bgutools.bytedance.com/v2/ws/note?token=
[09:05:40][I][NoteManager] ws: connected
[09:05:40][I][NoteManager] ws: client info >
[09:05:40][I][NoteManager] ws: send client info ok
[09:15:40][I][NoteManager] ws: << end, Reason: An exception has occurred while receiving.
[09:15:49][I][NoteManager] ws: >> start
[09:15:49][I][NoteManager] wss://bgutools.bytedance.com/v2/ws/note?token=
[09:15:50][I][NoteManager] ws: connected
[09:15:50][I][NoteManager] ws: client info >
[09:15:50][I][NoteManager] ws: send client info ok
