[14:19:21][I][AuthService] StartWebServer at port : 55947
[14:19:21][I][CoreLoadManager] core loaded !!!!!
[14:19:21][I][NoteManager] ws: >> start
[14:19:21][I][NoteManager] wss://bgutools.bytedance.com/v2/ws/note?token=
[14:19:21][I][NoteManager] ws: >> start
[14:19:21][I][NoteManager] wss://bgutools.bytedance.com/v2/ws/note?token=
[14:19:21][I][NoteManager] ws: connected
[14:19:21][I][NoteManager] ws: client info >
[14:19:21][I][NoteManager] ws: send client info ok
[14:29:21][I][NoteManager] ws: << end, Reason: An exception has occurred while receiving.
[14:29:32][I][NoteManager] ws: >> start
[14:29:32][I][NoteManager] wss://bgutools.bytedance.com/v2/ws/note?token=
[14:29:32][I][NoteManager] ws: connected
[14:29:32][I][NoteManager] ws: client info >
[14:29:32][I][NoteManager] ws: send client info ok
[14:39:32][I][NoteManager] ws: << end, Reason: An exception has occurred while receiving.
[14:39:42][I][NoteManager] ws: >> start
[14:39:42][I][NoteManager] wss://bgutools.bytedance.com/v2/ws/note?token=
[14:39:42][I][NoteManager] ws: connected
[14:39:42][I][NoteManager] ws: client info >
[14:39:42][I][NoteManager] ws: send client info ok
[14:49:42][I][NoteManager] ws: << end, Reason: An exception has occurred while receiving.
[14:49:52][I][NoteManager] ws: >> start
[14:49:52][I][NoteManager] wss://bgutools.bytedance.com/v2/ws/note?token=
[14:49:52][I][NoteManager] ws: connected
[14:49:52][I][NoteManager] ws: client info >
[14:49:52][I][NoteManager] ws: send client info ok
[14:59:52][I][NoteManager] ws: << end, Reason: An exception has occurred while receiving.
[15:00:02][I][NoteManager] ws: >> start
[15:00:02][I][NoteManager] wss://bgutools.bytedance.com/v2/ws/note?token=
[15:00:02][I][NoteManager] ws: connected
[15:00:02][I][NoteManager] ws: client info >
[15:00:02][I][NoteManager] ws: send client info ok
[15:10:02][I][NoteManager] ws: << end, Reason: An exception has occurred while receiving.
[15:10:12][I][NoteManager] ws: >> start
[15:10:13][I][NoteManager] wss://bgutools.bytedance.com/v2/ws/note?token=
[15:10:13][I][NoteManager] ws: connected
[15:10:13][I][NoteManager] ws: client info >
[15:10:13][I][NoteManager] ws: send client info ok
[15:20:13][I][NoteManager] ws: << end, Reason: An exception has occurred while receiving.
[15:20:23][I][NoteManager] ws: >> start
[15:20:23][I][NoteManager] wss://bgutools.bytedance.com/v2/ws/note?token=
[15:20:23][I][NoteManager] ws: connected
[15:20:23][I][NoteManager] ws: client info >
[15:20:23][I][NoteManager] ws: send client info ok
[15:30:23][I][NoteManager] ws: << end, Reason: An exception has occurred while receiving.
[15:30:33][I][NoteManager] ws: >> start
[15:30:33][I][NoteManager] wss://bgutools.bytedance.com/v2/ws/note?token=
[15:30:33][I][NoteManager] ws: connected
[15:30:33][I][NoteManager] ws: client info >
[15:30:33][I][NoteManager] ws: send client info ok
[15:40:33][I][NoteManager] ws: << end, Reason: An exception has occurred while receiving.
[15:40:43][I][NoteManager] ws: >> start
[15:40:43][I][NoteManager] wss://bgutools.bytedance.com/v2/ws/note?token=
[15:40:44][I][NoteManager] ws: connected
[15:40:44][I][NoteManager] ws: client info >
[15:40:44][I][NoteManager] ws: send client info ok
[15:50:44][I][NoteManager] ws: << end, Reason: An exception has occurred while receiving.
[15:50:54][I][NoteManager] ws: >> start
[15:50:54][I][NoteManager] wss://bgutools.bytedance.com/v2/ws/note?token=
[15:50:54][I][NoteManager] ws: connected
[15:50:54][I][NoteManager] ws: client info >
[15:50:54][I][NoteManager] ws: send client info ok
[16:00:54][I][NoteManager] ws: << end, Reason: An exception has occurred while receiving.
[16:01:04][I][NoteManager] ws: >> start
[16:01:04][I][NoteManager] wss://bgutools.bytedance.com/v2/ws/note?token=
[16:01:04][I][NoteManager] ws: connected
[16:01:04][I][NoteManager] ws: client info >
[16:01:04][I][NoteManager] ws: send client info ok
[16:11:04][I][NoteManager] ws: << end, Reason: An exception has occurred while receiving.
[16:11:14][I][NoteManager] ws: >> start
[16:11:14][I][NoteManager] wss://bgutools.bytedance.com/v2/ws/note?token=
[16:11:15][I][NoteManager] ws: connected
[16:11:15][I][NoteManager] ws: client info >
[16:11:15][I][NoteManager] ws: send client info ok
[16:21:14][I][NoteManager] ws: << end, Reason: An exception has occurred while receiving.
[16:21:24][I][NoteManager] ws: >> start
[16:21:25][I][NoteManager] wss://bgutools.bytedance.com/v2/ws/note?token=
[16:21:25][I][NoteManager] ws: connected
[16:21:25][I][NoteManager] ws: client info >
[16:21:25][I][NoteManager] ws: send client info ok
