[11:45:31][I][AuthService] StartWebServer at port : 51578
[11:45:31][I][CoreLoadManager] core loaded !!!!!
[11:45:32][I][NoteManager] ws: >> start
[11:45:32][I][NoteManager] wss://bgutools.bytedance.com/v2/ws/note?token=
[11:45:32][I][NoteManager] ws: connected
[11:45:32][I][NoteManager] ws: client info >
[11:45:32][I][NoteManager] ws: send client info ok
[12:35:34][E][Request] Request error
Status: 0
Error: Unknown Error
Text: Url: https://bgutools.bytedance.com/v2/tool_list?token=
Body: {"tools":[{"name":"com.bytedance.bgdt","version":"3.0.194"},{"name":"com.bytedance.starksdk.unitytools","version":"4.0.4"},{"name":"com.bytedance.starksdk","version":"6.0.8"}],"pageLimit":3,"channel":null,"license":"ti4rs/a/ReBbphgdUb7uow==","projectId":"com.ruixue.sdkpublic"}

[13:10:40][E][Request] Request error
Status: 0
Error: Cannot resolve destination host
Text: Url: https://bgutools.bytedance.com/v2/tool_list?token=
Body: {"tools":[{"name":"com.bytedance.bgdt","version":"3.0.194"},{"name":"com.bytedance.starksdk.unitytools","version":"4.0.4"},{"name":"com.bytedance.starksdk","version":"6.0.8"}],"pageLimit":3,"channel":null,"license":"ti4rs/a/ReBbphgdUb7uow==","projectId":"com.ruixue.sdkpublic"}

[13:11:42][E][Request] Request error
Status: 0
Error: Cannot resolve destination host
Text: Url: https://bgutools.bytedance.com/v2/tool_list?token=
Body: {"tools":[{"name":"com.bytedance.bgdt","version":"3.0.194"},{"name":"com.bytedance.starksdk.unitytools","version":"4.0.4"},{"name":"com.bytedance.starksdk","version":"6.0.8"}],"pageLimit":3,"channel":null,"license":"ti4rs/a/ReBbphgdUb7uow==","projectId":"com.ruixue.sdkpublic"}

