[11:16:29][I][AuthService] StartWebServer at port : 51416
[11:16:29][I][CoreLoadManager] core loaded !!!!!
[11:16:29][I][NoteManager] ws: >> start
[11:16:29][I][NoteManager] wss://bgutools.bytedance.com/v2/ws/note?token=
[11:16:34][I][NoteManager] ws: << end, Reason: An exception has occurred while attempting to connect.
[11:16:34][E][Request] Request error
Status: 0
Error: Unable to complete SSL connection
Text: Url: https://bgutools.bytedance.com/v2/tool_list?token=
Body: {"tools":[{"name":"com.bytedance.bgdt","version":"3.0.194"},{"name":"com.bytedance.starksdk.unitytools","version":"4.0.4"},{"name":"com.bytedance.starksdk","version":"6.0.8"}],"pageLimit":3,"channel":null,"license":"ti4rs/a/ReBbphgdUb7uow==","projectId":"com.ruixue.sdkpublic"}

[11:16:44][I][NoteManager] ws: >> start
[11:16:44][I][NoteManager] wss://bgutools.bytedance.com/v2/ws/note?token=
[11:16:49][I][NoteManager] ws: << end, Reason: An exception has occurred while attempting to connect.
[11:16:59][I][NoteManager] ws: >> start
[11:16:59][I][NoteManager] wss://bgutools.bytedance.com/v2/ws/note?token=
[11:17:04][I][NoteManager] ws: << end, Reason: An exception has occurred while attempting to connect.
[11:17:14][I][NoteManager] ws: >> start
[11:17:14][I][NoteManager] wss://bgutools.bytedance.com/v2/ws/note?token=
[11:17:16][I][NoteManager] ws: connected
[11:17:16][I][NoteManager] ws: client info >
[11:17:16][I][NoteManager] ws: send client info ok
[11:18:56][I][NoteManager] ws: << end, Reason: An exception has occurred while receiving.
[11:19:06][I][NoteManager] ws: >> start
[11:19:06][I][NoteManager] wss://bgutools.bytedance.com/v2/ws/note?token=
[11:19:08][I][NoteManager] ws: connected
[11:19:08][I][NoteManager] ws: client info >
[11:19:08][I][NoteManager] ws: send client info ok
