[10:16:07][I][AuthService] StartWebServer at port : 57677
[10:16:07][I][CoreLoadManager] core loaded !!!!!
[10:16:07][I][NoteManager] ws: >> start
[10:16:07][I][NoteManager] wss://bgutools.bytedance.com/v2/ws/note?token=
[10:16:07][I][NoteManager] ws: >> start
[10:16:07][I][NoteManager] wss://bgutools.bytedance.com/v2/ws/note?token=
[10:16:08][I][NoteManager] ws: connected
[10:16:08][I][NoteManager] ws: client info >
[10:16:08][I][NoteManager] ws: send client info ok
[10:26:08][I][NoteManager] ws: << end, Reason: An exception has occurred while receiving.
[10:26:18][I][NoteManager] ws: >> start
[10:26:18][I][NoteManager] wss://bgutools.bytedance.com/v2/ws/note?token=
[10:26:18][I][NoteManager] ws: connected
[10:26:18][I][NoteManager] ws: client info >
[10:26:18][I][NoteManager] ws: send client info ok
[10:36:18][I][NoteManager] ws: << end, Reason: An exception has occurred while receiving.
[10:36:28][I][NoteManager] ws: >> start
[10:36:28][I][NoteManager] wss://bgutools.bytedance.com/v2/ws/note?token=
[10:36:28][I][NoteManager] ws: connected
[10:36:28][I][NoteManager] ws: client info >
[10:36:28][I][NoteManager] ws: send client info ok
[10:46:28][I][NoteManager] ws: << end, Reason: An exception has occurred while receiving.
[10:46:38][I][NoteManager] ws: >> start
[10:46:39][I][NoteManager] wss://bgutools.bytedance.com/v2/ws/note?token=
[10:46:39][I][NoteManager] ws: connected
[10:46:39][I][NoteManager] ws: client info >
[10:46:39][I][NoteManager] ws: send client info ok
