[15:43:05][I][AuthService] StartWebServer at port : 63371
[15:43:05][I][CoreLoadManager] core loaded !!!!!
[15:43:05][I][NoteManager] ws: >> start
[15:43:05][I][NoteManager] wss://bgutools.bytedance.com/v2/ws/note?token=
[15:43:05][I][NoteManager] ws: >> start
[15:43:05][I][NoteManager] wss://bgutools.bytedance.com/v2/ws/note?token=
[15:43:05][I][NoteManager] ws: connected
[15:43:05][I][NoteManager] ws: client info >
[15:43:05][I][NoteManager] ws: send client info ok
[15:53:06][I][NoteManager] ws: << end, Reason: An exception has occurred while receiving.
[15:53:16][I][NoteManager] ws: >> start
[15:53:16][I][NoteManager] wss://bgutools.bytedance.com/v2/ws/note?token=
[15:53:16][I][NoteManager] ws: connected
[15:53:16][I][NoteManager] ws: client info >
[15:53:16][I][NoteManager] ws: send client info ok
[16:03:16][I][NoteManager] ws: << end, Reason: An exception has occurred while receiving.
[16:03:26][I][NoteManager] ws: >> start
[16:03:26][I][NoteManager] wss://bgutools.bytedance.com/v2/ws/note?token=
[16:03:26][I][NoteManager] ws: connected
[16:03:26][I][NoteManager] ws: client info >
[16:03:26][I][NoteManager] ws: send client info ok
[16:13:26][I][NoteManager] ws: << end, Reason: An exception has occurred while receiving.
[16:13:36][I][NoteManager] ws: >> start
[16:13:36][I][NoteManager] wss://bgutools.bytedance.com/v2/ws/note?token=
[16:13:36][I][NoteManager] ws: connected
[16:13:37][I][NoteManager] ws: client info >
[16:13:37][I][NoteManager] ws: send client info ok
