[16:57:50][I][AuthService] StartWebServer at port : 54139
[16:57:50][I][CoreLoadManager] core loaded !!!!!
[16:57:50][I][NoteManager] ws: >> start
[16:57:50][I][NoteManager] wss://bgutools.bytedance.com/v2/ws/note?token=
[16:57:53][I][NoteManager] ws: connected
[16:58:00][I][NoteManager] ws: client info >
[16:58:00][I][NoteManager] ws: send client info ok
[16:58:00][I][NoteManager] ws: >> start
[16:58:00][I][NoteManager] wss://bgutools.bytedance.com/v2/ws/note?token=
[16:58:02][I][NoteManager] ws: connected
[16:58:02][I][NoteManager] ws: client info >
[16:58:02][I][NoteManager] ws: send client info ok
[17:00:10][I][NoteManager] ws: << end, Reason: An exception has occurred while receiving.
[17:00:20][I][NoteManager] ws: >> start
[17:00:20][I][NoteManager] wss://bgutools.bytedance.com/v2/ws/note?token=
[17:00:21][I][NoteManager] ws: connected
[17:00:21][I][NoteManager] ws: client info >
[17:00:21][I][NoteManager] ws: send client info ok
[17:03:15][I][NoteManager] ws: << end, Reason: An exception has occurred while receiving.
[17:03:25][I][NoteManager] ws: >> start
[17:03:25][I][NoteManager] wss://bgutools.bytedance.com/v2/ws/note?token=
[17:03:30][I][NoteManager] ws: connected
[17:03:30][I][NoteManager] ws: client info >
[17:03:30][I][NoteManager] ws: send client info ok
[17:06:18][I][NoteManager] ws: << end, Reason: An exception has occurred while receiving.
[17:06:28][I][NoteManager] ws: >> start
[17:06:28][I][NoteManager] wss://bgutools.bytedance.com/v2/ws/note?token=
[17:06:31][I][NoteManager] ws: connected
[17:06:31][I][NoteManager] ws: client info >
[17:06:31][I][NoteManager] ws: send client info ok
[17:09:22][I][NoteManager] ws: << end, Reason: An exception has occurred while receiving.
[17:09:32][I][NoteManager] ws: >> start
[17:09:33][I][NoteManager] wss://bgutools.bytedance.com/v2/ws/note?token=
[17:09:34][I][NoteManager] ws: connected
[17:09:35][I][NoteManager] ws: client info >
[17:09:35][I][NoteManager] ws: send client info ok
[17:12:27][I][NoteManager] ws: << end, Reason: An exception has occurred while receiving.
[17:12:31][E][Request] Request error
Status: 0
Error: Unknown Error
Text: Url: https://bgutools.bytedance.com/v2/tool_list?token=
Body: {"tools":[{"name":"com.bytedance.bgdt","version":"3.0.194"},{"name":"com.bytedance.starksdk.unitytools","version":"4.0.4"},{"name":"com.bytedance.starksdk","version":"6.0.8"}],"pageLimit":3,"channel":null,"license":"ti4rs/a/ReBbphgdUb7uow==","projectId":"com.ruixue.sdkpublic"}

[17:12:37][I][NoteManager] ws: >> start
[17:12:37][I][NoteManager] wss://bgutools.bytedance.com/v2/ws/note?token=
[17:12:42][I][NoteManager] ws: connected
[17:12:42][I][NoteManager] ws: client info >
[17:12:42][I][NoteManager] ws: send client info ok
[17:24:39][E][Request] Request error
Status: 0
Error: Unable to complete SSL connection
Text: Url: https://bgutools.bytedance.com/v2/tool_list?token=
Body: {"tools":[{"name":"com.bytedance.bgdt","version":"3.0.194"},{"name":"com.bytedance.starksdk.unitytools","version":"4.0.4"},{"name":"com.bytedance.starksdk","version":"6.0.8"}],"pageLimit":3,"channel":null,"license":"ti4rs/a/ReBbphgdUb7uow==","projectId":"com.ruixue.sdkpublic"}

