[13:27:39][I][AuthService] StartWebServer at port : 51592
[13:27:40][I][CoreLoadManager] core loaded !!!!!
[13:27:40][I][NoteManager] ws: >> start
[13:27:40][I][NoteManager] wss://bgutools.bytedance.com/v2/ws/note?token=
[13:27:40][I][NoteManager] ws: >> start
[13:27:40][I][NoteManager] wss://bgutools.bytedance.com/v2/ws/note?token=
[13:27:40][I][NoteManager] ws: connected
[13:27:40][I][NoteManager] ws: client info >
[13:27:40][I][NoteManager] ws: send client info ok
[13:37:40][I][NoteManager] ws: << end, Reason: An exception has occurred while receiving.
[13:37:50][I][NoteManager] ws: >> start
[13:37:50][I][NoteManager] wss://bgutools.bytedance.com/v2/ws/note?token=
[13:37:50][I][NoteManager] ws: connected
[13:37:50][I][NoteManager] ws: client info >
[13:37:50][I][NoteManager] ws: send client info ok
[13:47:50][I][NoteManager] ws: << end, Reason: An exception has occurred while receiving.
[13:48:00][I][NoteManager] ws: >> start
[13:48:00][I][NoteManager] wss://bgutools.bytedance.com/v2/ws/note?token=
[13:48:00][I][NoteManager] ws: connected
[13:48:00][I][NoteManager] ws: client info >
[13:48:00][I][NoteManager] ws: send client info ok
[13:58:00][I][NoteManager] ws: << end, Reason: An exception has occurred while receiving.
[13:58:10][I][NoteManager] ws: >> start
[13:58:10][I][NoteManager] wss://bgutools.bytedance.com/v2/ws/note?token=
[13:58:10][I][NoteManager] ws: connected
[13:58:11][I][NoteManager] ws: client info >
[13:58:11][I][NoteManager] ws: send client info ok
[14:08:10][I][NoteManager] ws: << end, Reason: An exception has occurred while receiving.
[14:08:20][I][NoteManager] ws: >> start
[14:08:20][I][NoteManager] wss://bgutools.bytedance.com/v2/ws/note?token=
[14:08:21][I][NoteManager] ws: connected
[14:08:21][I][NoteManager] ws: client info >
[14:08:21][I][NoteManager] ws: send client info ok
[14:18:21][I][NoteManager] ws: << end, Reason: An exception has occurred while receiving.
[14:18:30][I][NoteManager] ws: >> start
[14:18:31][I][NoteManager] wss://bgutools.bytedance.com/v2/ws/note?token=
[14:18:31][I][NoteManager] ws: connected
[14:18:31][I][NoteManager] ws: client info >
[14:18:31][I][NoteManager] ws: send client info ok
[14:28:31][I][NoteManager] ws: << end, Reason: An exception has occurred while receiving.
[14:28:41][I][NoteManager] ws: >> start
[14:28:41][I][NoteManager] wss://bgutools.bytedance.com/v2/ws/note?token=
[14:28:41][I][NoteManager] ws: connected
[14:28:41][I][NoteManager] ws: client info >
[14:28:41][I][NoteManager] ws: send client info ok
[14:38:41][I][NoteManager] ws: << end, Reason: An exception has occurred while receiving.
[14:38:51][I][NoteManager] ws: >> start
[14:38:51][I][NoteManager] wss://bgutools.bytedance.com/v2/ws/note?token=
[14:38:51][I][NoteManager] ws: connected
[14:38:51][I][NoteManager] ws: client info >
[14:38:51][I][NoteManager] ws: send client info ok
[14:48:51][I][NoteManager] ws: << end, Reason: An exception has occurred while receiving.
[14:49:01][I][NoteManager] ws: >> start
[14:49:01][I][NoteManager] wss://bgutools.bytedance.com/v2/ws/note?token=
[14:49:01][I][NoteManager] ws: connected
[14:49:02][I][NoteManager] ws: client info >
[14:49:02][I][NoteManager] ws: send client info ok
[14:59:01][I][NoteManager] ws: << end, Reason: An exception has occurred while receiving.
[14:59:11][I][NoteManager] ws: >> start
[14:59:12][I][NoteManager] wss://bgutools.bytedance.com/v2/ws/note?token=
[14:59:12][I][NoteManager] ws: connected
[14:59:12][I][NoteManager] ws: client info >
[14:59:12][I][NoteManager] ws: send client info ok
[15:09:12][I][NoteManager] ws: << end, Reason: An exception has occurred while receiving.
[15:09:22][I][NoteManager] ws: >> start
[15:09:22][I][NoteManager] wss://bgutools.bytedance.com/v2/ws/note?token=
[15:09:22][I][NoteManager] ws: connected
[15:09:22][I][NoteManager] ws: client info >
[15:09:22][I][NoteManager] ws: send client info ok
[15:19:22][I][NoteManager] ws: << end, Reason: An exception has occurred while receiving.
[15:19:32][I][NoteManager] ws: >> start
[15:19:32][I][NoteManager] wss://bgutools.bytedance.com/v2/ws/note?token=
[15:19:32][I][NoteManager] ws: connected
[15:19:32][I][NoteManager] ws: client info >
[15:19:32][I][NoteManager] ws: send client info ok
