[13:49:13][I][AuthService] StartWebServer at port : 62740
[13:49:13][I][CoreLoadManager] core loaded !!!!!
[13:49:14][I][NoteManager] ws: >> start
[13:49:14][I][NoteManager] wss://bgutools.bytedance.com/v2/ws/note?token=
[13:49:14][I][NoteManager] ws: >> start
[13:49:14][I][NoteManager] wss://bgutools.bytedance.com/v2/ws/note?token=
[13:49:14][I][NoteManager] ws: connected
[13:49:14][I][NoteManager] ws: client info >
[13:49:14][I][NoteManager] ws: send client info ok
[13:59:14][I][NoteManager] ws: << end, Reason: An exception has occurred while receiving.
[13:59:24][I][NoteManager] ws: >> start
[13:59:24][I][NoteManager] wss://bgutools.bytedance.com/v2/ws/note?token=
[13:59:25][I][NoteManager] ws: connected
[13:59:25][I][NoteManager] ws: client info >
[13:59:25][I][NoteManager] ws: send client info ok
[14:09:25][I][NoteManager] ws: << end, Reason: An exception has occurred while receiving.
[14:09:35][I][NoteManager] ws: >> start
[14:09:35][I][NoteManager] wss://bgutools.bytedance.com/v2/ws/note?token=
[14:09:35][I][NoteManager] ws: connected
[14:09:35][I][NoteManager] ws: client info >
[14:09:35][I][NoteManager] ws: send client info ok
