[10:33:21][I][AuthService] StartWebServer at port : 59558
[10:33:21][I][CoreLoadManager] core loaded !!!!!
[10:33:21][I][NoteManager] ws: >> start
[10:33:21][I][NoteManager] wss://bgutools.bytedance.com/v2/ws/note?token=
[10:33:21][I][NoteManager] ws: >> start
[10:33:21][I][NoteManager] wss://bgutools.bytedance.com/v2/ws/note?token=
[10:33:21][I][NoteManager] ws: connected
[10:33:21][I][NoteManager] ws: client info >
[10:33:21][I][NoteManager] ws: send client info ok
[10:43:22][I][NoteManager] ws: << end, Reason: An exception has occurred while receiving.
[10:43:32][I][NoteManager] ws: >> start
[10:43:32][I][NoteManager] wss://bgutools.bytedance.com/v2/ws/note?token=
[10:43:32][I][NoteManager] ws: connected
[10:43:32][I][NoteManager] ws: client info >
[10:43:32][I][NoteManager] ws: send client info ok
[10:53:32][I][NoteManager] ws: << end, Reason: An exception has occurred while receiving.
[10:53:42][I][NoteManager] ws: >> start
[10:53:42][I][NoteManager] wss://bgutools.bytedance.com/v2/ws/note?token=
[10:53:42][I][NoteManager] ws: connected
[10:53:42][I][NoteManager] ws: client info >
[10:53:42][I][NoteManager] ws: send client info ok
[11:03:42][I][NoteManager] ws: << end, Reason: An exception has occurred while receiving.
[11:03:52][I][NoteManager] ws: >> start
[11:03:52][I][NoteManager] wss://bgutools.bytedance.com/v2/ws/note?token=
[11:03:52][I][NoteManager] ws: connected
[11:03:52][I][NoteManager] ws: client info >
[11:03:52][I][NoteManager] ws: send client info ok
[11:13:52][I][NoteManager] ws: << end, Reason: An exception has occurred while receiving.
[11:14:02][I][NoteManager] ws: >> start
[11:14:02][I][NoteManager] wss://bgutools.bytedance.com/v2/ws/note?token=
[11:14:03][I][NoteManager] ws: connected
[11:14:03][I][NoteManager] ws: client info >
[11:14:03][I][NoteManager] ws: send client info ok
[11:24:02][I][NoteManager] ws: << end, Reason: An exception has occurred while receiving.
[11:24:12][I][NoteManager] ws: >> start
[11:24:12][I][NoteManager] wss://bgutools.bytedance.com/v2/ws/note?token=
[11:24:13][I][NoteManager] ws: connected
[11:24:13][I][NoteManager] ws: client info >
[11:24:13][I][NoteManager] ws: send client info ok
[11:34:13][I][NoteManager] ws: << end, Reason: An exception has occurred while receiving.
[11:34:23][I][NoteManager] ws: >> start
[11:34:23][I][NoteManager] wss://bgutools.bytedance.com/v2/ws/note?token=
[11:34:23][I][NoteManager] ws: connected
[11:34:23][I][NoteManager] ws: client info >
[11:34:23][I][NoteManager] ws: send client info ok
[11:44:23][I][NoteManager] ws: << end, Reason: An exception has occurred while receiving.
[11:44:33][I][NoteManager] ws: >> start
[11:44:33][I][NoteManager] wss://bgutools.bytedance.com/v2/ws/note?token=
[11:44:33][I][NoteManager] ws: connected
[11:44:33][I][NoteManager] ws: client info >
[11:44:33][I][NoteManager] ws: send client info ok
[11:54:33][I][NoteManager] ws: << end, Reason: An exception has occurred while receiving.
[11:54:43][I][NoteManager] ws: >> start
[11:54:43][I][NoteManager] wss://bgutools.bytedance.com/v2/ws/note?token=
[11:54:43][I][NoteManager] ws: connected
[11:54:43][I][NoteManager] ws: client info >
[11:54:43][I][NoteManager] ws: send client info ok
[12:04:43][I][NoteManager] ws: << end, Reason: An exception has occurred while receiving.
[12:04:53][I][NoteManager] ws: >> start
[12:04:53][I][NoteManager] wss://bgutools.bytedance.com/v2/ws/note?token=
[12:04:54][I][NoteManager] ws: connected
[12:04:54][I][NoteManager] ws: client info >
[12:04:54][I][NoteManager] ws: send client info ok
[12:14:54][I][NoteManager] ws: << end, Reason: An exception has occurred while receiving.
[12:15:04][I][NoteManager] ws: >> start
[12:15:04][I][NoteManager] wss://bgutools.bytedance.com/v2/ws/note?token=
[12:15:04][I][NoteManager] ws: connected
[12:15:04][I][NoteManager] ws: client info >
[12:15:04][I][NoteManager] ws: send client info ok
[12:25:04][I][NoteManager] ws: << end, Reason: An exception has occurred while receiving.
[12:25:14][I][NoteManager] ws: >> start
[12:25:14][I][NoteManager] wss://bgutools.bytedance.com/v2/ws/note?token=
[12:25:14][I][NoteManager] ws: connected
[12:25:14][I][NoteManager] ws: client info >
[12:25:14][I][NoteManager] ws: send client info ok
[12:35:14][I][NoteManager] ws: << end, Reason: An exception has occurred while receiving.
[12:35:24][I][NoteManager] ws: >> start
[12:35:24][I][NoteManager] wss://bgutools.bytedance.com/v2/ws/note?token=
[12:35:25][I][NoteManager] ws: connected
[12:35:25][I][NoteManager] ws: client info >
[12:35:25][I][NoteManager] ws: send client info ok
[12:45:25][I][NoteManager] ws: << end, Reason: An exception has occurred while receiving.
[12:45:35][I][NoteManager] ws: >> start
[12:45:35][I][NoteManager] wss://bgutools.bytedance.com/v2/ws/note?token=
[12:45:35][I][NoteManager] ws: connected
[12:45:35][I][NoteManager] ws: client info >
[12:45:35][I][NoteManager] ws: send client info ok
[12:55:35][I][NoteManager] ws: << end, Reason: An exception has occurred while receiving.
[12:55:45][I][NoteManager] ws: >> start
[12:55:45][I][NoteManager] wss://bgutools.bytedance.com/v2/ws/note?token=
[12:55:45][I][NoteManager] ws: connected
[12:55:45][I][NoteManager] ws: client info >
[12:55:45][I][NoteManager] ws: send client info ok
[13:05:45][I][NoteManager] ws: << end, Reason: An exception has occurred while receiving.
[13:05:55][I][NoteManager] ws: >> start
[13:05:55][I][NoteManager] wss://bgutools.bytedance.com/v2/ws/note?token=
[13:05:56][I][NoteManager] ws: connected
[13:05:56][I][NoteManager] ws: client info >
[13:05:56][I][NoteManager] ws: send client info ok
[13:15:55][I][NoteManager] ws: << end, Reason: An exception has occurred while receiving.
[13:16:05][I][NoteManager] ws: >> start
[13:16:06][I][NoteManager] wss://bgutools.bytedance.com/v2/ws/note?token=
[13:16:06][I][NoteManager] ws: connected
[13:16:06][I][NoteManager] ws: client info >
[13:16:06][I][NoteManager] ws: send client info ok
[13:26:06][I][NoteManager] ws: << end, Reason: An exception has occurred while receiving.
[13:26:16][I][NoteManager] ws: >> start
[13:26:16][I][NoteManager] wss://bgutools.bytedance.com/v2/ws/note?token=
[13:26:16][I][NoteManager] ws: connected
[13:26:16][I][NoteManager] ws: client info >
[13:26:16][I][NoteManager] ws: send client info ok
[13:36:16][I][NoteManager] ws: << end, Reason: An exception has occurred while receiving.
[13:36:26][I][NoteManager] ws: >> start
[13:36:26][I][NoteManager] wss://bgutools.bytedance.com/v2/ws/note?token=
[13:36:26][I][NoteManager] ws: connected
[13:36:26][I][NoteManager] ws: client info >
[13:36:26][I][NoteManager] ws: send client info ok
[13:46:26][I][NoteManager] ws: << end, Reason: An exception has occurred while receiving.
[13:46:36][I][NoteManager] ws: >> start
[13:46:36][I][NoteManager] wss://bgutools.bytedance.com/v2/ws/note?token=
[13:46:37][I][NoteManager] ws: connected
[13:46:37][I][NoteManager] ws: client info >
[13:46:37][I][NoteManager] ws: send client info ok
[13:56:37][I][NoteManager] ws: << end, Reason: An exception has occurred while receiving.
[13:56:47][I][NoteManager] ws: >> start
[13:56:47][I][NoteManager] wss://bgutools.bytedance.com/v2/ws/note?token=
[13:56:47][I][NoteManager] ws: connected
[13:56:47][I][NoteManager] ws: client info >
[13:56:47][I][NoteManager] ws: send client info ok
[14:06:47][I][NoteManager] ws: << end, Reason: An exception has occurred while receiving.
[14:06:57][I][NoteManager] ws: >> start
[14:06:57][I][NoteManager] wss://bgutools.bytedance.com/v2/ws/note?token=
[14:06:57][I][NoteManager] ws: connected
[14:06:57][I][NoteManager] ws: client info >
[14:06:57][I][NoteManager] ws: send client info ok
[14:16:57][I][NoteManager] ws: << end, Reason: An exception has occurred while receiving.
[14:17:07][I][NoteManager] ws: >> start
[14:17:07][I][NoteManager] wss://bgutools.bytedance.com/v2/ws/note?token=
[14:17:08][I][NoteManager] ws: connected
[14:17:08][I][NoteManager] ws: client info >
[14:17:08][I][NoteManager] ws: send client info ok
[14:27:07][I][NoteManager] ws: << end, Reason: An exception has occurred while receiving.
[14:27:17][I][NoteManager] ws: >> start
[14:27:18][I][NoteManager] wss://bgutools.bytedance.com/v2/ws/note?token=
[14:27:18][I][NoteManager] ws: connected
[14:27:18][I][NoteManager] ws: client info >
[14:27:18][I][NoteManager] ws: send client info ok
[14:37:18][I][NoteManager] ws: << end, Reason: An exception has occurred while receiving.
[14:37:28][I][NoteManager] ws: >> start
[14:37:28][I][NoteManager] wss://bgutools.bytedance.com/v2/ws/note?token=
[14:37:28][I][NoteManager] ws: connected
[14:37:28][I][NoteManager] ws: client info >
[14:37:28][I][NoteManager] ws: send client info ok
[14:47:28][I][NoteManager] ws: << end, Reason: An exception has occurred while receiving.
[14:47:38][I][NoteManager] ws: >> start
[14:47:38][I][NoteManager] wss://bgutools.bytedance.com/v2/ws/note?token=
[14:47:38][I][NoteManager] ws: connected
[14:47:38][I][NoteManager] ws: client info >
[14:47:38][I][NoteManager] ws: send client info ok
[14:57:38][I][NoteManager] ws: << end, Reason: An exception has occurred while receiving.
[14:57:48][I][NoteManager] ws: >> start
[14:57:49][I][NoteManager] wss://bgutools.bytedance.com/v2/ws/note?token=
[14:57:49][I][NoteManager] ws: connected
[14:57:49][I][NoteManager] ws: client info >
[14:57:49][I][NoteManager] ws: send client info ok
[15:07:49][I][NoteManager] ws: << end, Reason: An exception has occurred while receiving.
[15:07:59][I][NoteManager] ws: >> start
[15:07:59][I][NoteManager] wss://bgutools.bytedance.com/v2/ws/note?token=
[15:07:59][I][NoteManager] ws: connected
[15:07:59][I][NoteManager] ws: client info >
[15:07:59][I][NoteManager] ws: send client info ok
[15:17:59][I][NoteManager] ws: << end, Reason: An exception has occurred while receiving.
[15:18:09][I][NoteManager] ws: >> start
[15:18:09][I][NoteManager] wss://bgutools.bytedance.com/v2/ws/note?token=
[15:18:09][I][NoteManager] ws: connected
[15:18:09][I][NoteManager] ws: client info >
[15:18:09][I][NoteManager] ws: send client info ok
[15:28:09][I][NoteManager] ws: << end, Reason: An exception has occurred while receiving.
[15:28:19][I][NoteManager] ws: >> start
[15:28:20][I][NoteManager] wss://bgutools.bytedance.com/v2/ws/note?token=
[15:28:20][I][NoteManager] ws: connected
[15:28:20][I][NoteManager] ws: client info >
[15:28:20][I][NoteManager] ws: send client info ok
