[19:06:59][I][AuthService] StartWebServer at port : 58839
[19:06:59][I][CoreLoadManager] core loaded !!!!!
[19:06:59][I][NoteManager] ws: >> start
[19:06:59][I][NoteManager] wss://bgutools.bytedance.com/v2/ws/note?token=
[19:07:00][I][NoteManager] ws: >> start
[19:07:00][I][NoteManager] wss://bgutools.bytedance.com/v2/ws/note?token=
[19:07:00][I][NoteManager] ws: connected
[19:07:00][I][NoteManager] ws: client info >
[19:07:00][I][NoteManager] ws: send client info ok
[19:17:00][I][NoteManager] ws: << end, Reason: An exception has occurred while receiving.
[19:17:10][I][NoteManager] ws: >> start
[19:17:10][I][NoteManager] wss://bgutools.bytedance.com/v2/ws/note?token=
[19:17:10][I][NoteManager] ws: connected
[19:17:10][I][NoteManager] ws: client info >
[19:17:10][I][NoteManager] ws: send client info ok
[03:13:51][I][NoteManager] ws: << end, Reason: An exception has occurred while receiving.
[03:14:01][I][NoteManager] ws: >> start
[03:14:01][I][NoteManager] wss://bgutools.bytedance.com/v2/ws/note?token=
[03:14:02][I][NoteManager] ws: connected
[03:14:02][I][NoteManager] ws: client info >
[03:14:02][I][NoteManager] ws: send client info ok
[07:44:50][E][Request] Request error
Status: 0
Error: Unable to complete SSL connection
Text: Url: https://bgutools.bytedance.com/v2/tool_list?token=
Body: {"tools":[{"name":"com.bytedance.bgdt","version":"3.0.194"},{"name":"com.bytedance.starksdk.unitytools","version":"4.0.4"},{"name":"com.bytedance.starksdk","version":"6.0.8"}],"pageLimit":3,"channel":null,"license":"ti4rs/a/ReBbphgdUb7uow==","projectId":"com.ruixue.sdkpublic"}

[07:48:36][E][Request] Request error
Status: 0
Error: Unable to complete SSL connection
Text: Url: https://bgutools.bytedance.com/v2/tool_list?token=
Body: {"tools":[{"name":"com.bytedance.bgdt","version":"3.0.194"},{"name":"com.bytedance.starksdk.unitytools","version":"4.0.4"},{"name":"com.bytedance.starksdk","version":"6.0.8"}],"pageLimit":3,"channel":null,"license":"ti4rs/a/ReBbphgdUb7uow==","projectId":"com.ruixue.sdkpublic"}

[07:50:16][E][Request] Request error
Status: 0
Error: Unable to complete SSL connection
Text: Url: https://bgutools.bytedance.com/v2/tool_list?token=
Body: {"tools":[{"name":"com.bytedance.bgdt","version":"3.0.194"},{"name":"com.bytedance.starksdk.unitytools","version":"4.0.4"},{"name":"com.bytedance.starksdk","version":"6.0.8"}],"pageLimit":3,"channel":null,"license":"ti4rs/a/ReBbphgdUb7uow==","projectId":"com.ruixue.sdkpublic"}

[07:50:39][I][NoteManager] ws: << end, Reason: An exception has occurred while receiving.
[07:50:49][I][NoteManager] ws: >> start
[07:50:49][I][NoteManager] wss://bgutools.bytedance.com/v2/ws/note?token=
[07:50:49][I][NoteManager] ws: << end, Reason: An exception has occurred while attempting to connect.
[07:51:02][I][NoteManager] ws: >> start
[07:51:02][I][NoteManager] wss://bgutools.bytedance.com/v2/ws/note?token=
[07:51:02][I][NoteManager] ws: << end, Reason: An exception has occurred while attempting to connect.
[07:51:13][I][NoteManager] ws: >> start
[07:51:14][I][NoteManager] wss://bgutools.bytedance.com/v2/ws/note?token=
[07:51:14][I][NoteManager] ws: << end, Reason: An exception has occurred while attempting to connect.
[07:51:20][E][Request] Request error
Status: 0
Error: Unable to complete SSL connection
Text: Url: https://bgutools.bytedance.com/v2/tool_list?token=
Body: {"tools":[{"name":"com.bytedance.bgdt","version":"3.0.194"},{"name":"com.bytedance.starksdk.unitytools","version":"4.0.4"},{"name":"com.bytedance.starksdk","version":"6.0.8"}],"pageLimit":3,"channel":null,"license":"ti4rs/a/ReBbphgdUb7uow==","projectId":"com.ruixue.sdkpublic"}

[07:51:24][I][NoteManager] ws: >> start
[07:51:24][I][NoteManager] wss://bgutools.bytedance.com/v2/ws/note?token=
[07:51:24][I][NoteManager] ws: << end, Reason: An exception has occurred while attempting to connect.
[07:51:34][I][NoteManager] ws: >> start
[07:51:34][I][NoteManager] wss://bgutools.bytedance.com/v2/ws/note?token=
[07:51:34][I][NoteManager] ws: << end, Reason: An exception has occurred while attempting to connect.
[07:53:24][I][NoteManager] ws: >> start
[07:53:24][I][NoteManager] wss://bgutools.bytedance.com/v2/ws/note?token=
[07:53:24][I][NoteManager] ws: << end, Reason: An exception has occurred while attempting to connect.
[07:53:27][E][Request] Request error
Status: 0
Error: Unable to complete SSL connection
Text: Url: https://bgutools.bytedance.com/v2/tool_list?token=
Body: {"tools":[{"name":"com.bytedance.bgdt","version":"3.0.194"},{"name":"com.bytedance.starksdk.unitytools","version":"4.0.4"},{"name":"com.bytedance.starksdk","version":"6.0.8"}],"pageLimit":3,"channel":null,"license":"ti4rs/a/ReBbphgdUb7uow==","projectId":"com.ruixue.sdkpublic"}

[07:53:35][I][NoteManager] ws: >> start
[07:53:35][I][NoteManager] wss://bgutools.bytedance.com/v2/ws/note?token=
[07:53:35][I][NoteManager] ws: << end, Reason: An exception has occurred while attempting to connect.
[07:53:45][I][NoteManager] ws: >> start
[07:53:45][I][NoteManager] wss://bgutools.bytedance.com/v2/ws/note?token=
[07:53:45][I][NoteManager] ws: << end, Reason: An exception has occurred while attempting to connect.
[07:53:55][I][NoteManager] ws: >> start
[07:53:55][I][NoteManager] wss://bgutools.bytedance.com/v2/ws/note?token=
[07:53:55][I][NoteManager] ws: << end, Reason: An exception has occurred while attempting to connect.
[07:54:05][I][NoteManager] ws: >> start
[07:54:05][I][NoteManager] wss://bgutools.bytedance.com/v2/ws/note?token=
[07:54:05][I][NoteManager] ws: << end, Reason: An exception has occurred while attempting to connect.
[07:54:15][I][NoteManager] ws: >> start
[07:54:15][I][NoteManager] wss://bgutools.bytedance.com/v2/ws/note?token=
[07:54:15][I][NoteManager] ws: << end, Reason: An exception has occurred while attempting to connect.
[07:54:25][I][NoteManager] ws: >> start
[07:54:25][I][NoteManager] wss://bgutools.bytedance.com/v2/ws/note?token=
[07:54:25][I][NoteManager] ws: << end, Reason: An exception has occurred while attempting to connect.
[07:54:30][E][Request] Request error
Status: 0
Error: Unable to complete SSL connection
Text: Url: https://bgutools.bytedance.com/v2/tool_list?token=
Body: {"tools":[{"name":"com.bytedance.bgdt","version":"3.0.194"},{"name":"com.bytedance.starksdk.unitytools","version":"4.0.4"},{"name":"com.bytedance.starksdk","version":"6.0.8"}],"pageLimit":3,"channel":null,"license":"ti4rs/a/ReBbphgdUb7uow==","projectId":"com.ruixue.sdkpublic"}

[07:54:35][I][NoteManager] ws: >> start
[07:54:36][I][NoteManager] wss://bgutools.bytedance.com/v2/ws/note?token=
[07:54:36][I][NoteManager] ws: << end, Reason: An exception has occurred while attempting to connect.
[07:54:46][I][NoteManager] ws: >> start
[07:55:58][I][NoteManager] wss://bgutools.bytedance.com/v2/ws/note?token=
[07:55:58][I][NoteManager] ws: << end, Reason: An exception has occurred while attempting to connect.
[07:56:01][E][Request] Request error
Status: 0
Error: Unable to complete SSL connection
Text: Url: https://bgutools.bytedance.com/v2/tool_list?token=
Body: {"tools":[{"name":"com.bytedance.bgdt","version":"3.0.194"},{"name":"com.bytedance.starksdk.unitytools","version":"4.0.4"},{"name":"com.bytedance.starksdk","version":"6.0.8"}],"pageLimit":3,"channel":null,"license":"ti4rs/a/ReBbphgdUb7uow==","projectId":"com.ruixue.sdkpublic"}

[07:56:08][I][NoteManager] ws: >> start
[07:56:08][I][NoteManager] wss://bgutools.bytedance.com/v2/ws/note?token=
[07:56:08][I][NoteManager] ws: << end, Reason: An exception has occurred while attempting to connect.
[07:56:18][I][NoteManager] ws: >> start
[07:56:18][I][NoteManager] wss://bgutools.bytedance.com/v2/ws/note?token=
[07:56:18][I][NoteManager] ws: << end, Reason: An exception has occurred while attempting to connect.
[07:56:28][I][NoteManager] ws: >> start
[07:56:29][I][NoteManager] wss://bgutools.bytedance.com/v2/ws/note?token=
[07:56:29][I][NoteManager] ws: << end, Reason: An exception has occurred while attempting to connect.
[07:56:39][I][NoteManager] ws: >> start
[07:56:39][I][NoteManager] wss://bgutools.bytedance.com/v2/ws/note?token=
[07:56:39][I][NoteManager] ws: << end, Reason: An exception has occurred while attempting to connect.
[07:59:06][I][NoteManager] ws: >> start
[07:59:06][I][NoteManager] wss://bgutools.bytedance.com/v2/ws/note?token=
[07:59:06][I][NoteManager] ws: << end, Reason: An exception has occurred while attempting to connect.
[07:59:09][E][Request] Request error
Status: 0
Error: Unable to complete SSL connection
Text: Url: https://bgutools.bytedance.com/v2/tool_list?token=
Body: {"tools":[{"name":"com.bytedance.bgdt","version":"3.0.194"},{"name":"com.bytedance.starksdk.unitytools","version":"4.0.4"},{"name":"com.bytedance.starksdk","version":"6.0.8"}],"pageLimit":3,"channel":null,"license":"ti4rs/a/ReBbphgdUb7uow==","projectId":"com.ruixue.sdkpublic"}

[07:59:16][I][NoteManager] ws: >> start
[07:59:16][I][NoteManager] wss://bgutools.bytedance.com/v2/ws/note?token=
[07:59:16][I][NoteManager] ws: << end, Reason: An exception has occurred while attempting to connect.
[07:59:59][I][NoteManager] ws: >> start
[07:59:59][I][NoteManager] wss://bgutools.bytedance.com/v2/ws/note?token=
[07:59:59][I][NoteManager] ws: << end, Reason: An exception has occurred while attempting to connect.
[08:00:09][I][NoteManager] ws: >> start
[08:00:09][I][NoteManager] wss://bgutools.bytedance.com/v2/ws/note?token=
[08:00:09][I][NoteManager] ws: << end, Reason: An exception has occurred while attempting to connect.
[08:00:13][E][Request] Request error
Status: 0
Error: Unable to complete SSL connection
Text: Url: https://bgutools.bytedance.com/v2/tool_list?token=
Body: {"tools":[{"name":"com.bytedance.bgdt","version":"3.0.194"},{"name":"com.bytedance.starksdk.unitytools","version":"4.0.4"},{"name":"com.bytedance.starksdk","version":"6.0.8"}],"pageLimit":3,"channel":null,"license":"ti4rs/a/ReBbphgdUb7uow==","projectId":"com.ruixue.sdkpublic"}

[08:00:19][I][NoteManager] ws: >> start
[08:00:19][I][NoteManager] wss://bgutools.bytedance.com/v2/ws/note?token=
[08:00:19][I][NoteManager] ws: << end, Reason: An exception has occurred while attempting to connect.
[08:00:33][I][NoteManager] ws: >> start
[08:00:33][I][NoteManager] wss://bgutools.bytedance.com/v2/ws/note?token=
[08:00:33][I][NoteManager] ws: << end, Reason: An exception has occurred while attempting to connect.
[08:00:43][I][NoteManager] ws: >> start
[08:00:43][I][NoteManager] wss://bgutools.bytedance.com/v2/ws/note?token=
[08:00:43][I][NoteManager] ws: << end, Reason: An exception has occurred while attempting to connect.
[08:00:53][I][NoteManager] ws: >> start
[08:00:54][I][NoteManager] wss://bgutools.bytedance.com/v2/ws/note?token=
[08:00:54][I][NoteManager] ws: << end, Reason: An exception has occurred while attempting to connect.
[08:01:04][I][NoteManager] ws: >> start
[08:01:04][I][NoteManager] wss://bgutools.bytedance.com/v2/ws/note?token=
[08:01:04][I][NoteManager] ws: << end, Reason: An exception has occurred while attempting to connect.
[08:01:14][I][NoteManager] ws: >> start
[08:01:14][I][NoteManager] wss://bgutools.bytedance.com/v2/ws/note?token=
[08:01:14][I][NoteManager] ws: << end, Reason: An exception has occurred while attempting to connect.
[08:01:17][E][Request] Request error
Status: 0
Error: Unable to complete SSL connection
Text: Url: https://bgutools.bytedance.com/v2/tool_list?token=
Body: {"tools":[{"name":"com.bytedance.bgdt","version":"3.0.194"},{"name":"com.bytedance.starksdk.unitytools","version":"4.0.4"},{"name":"com.bytedance.starksdk","version":"6.0.8"}],"pageLimit":3,"channel":null,"license":"ti4rs/a/ReBbphgdUb7uow==","projectId":"com.ruixue.sdkpublic"}

[08:01:24][I][NoteManager] ws: >> start
[08:01:24][I][NoteManager] wss://bgutools.bytedance.com/v2/ws/note?token=
[08:01:24][I][NoteManager] ws: << end, Reason: An exception has occurred while attempting to connect.
[08:01:34][I][NoteManager] ws: >> start
[08:01:34][I][NoteManager] wss://bgutools.bytedance.com/v2/ws/note?token=
[08:01:34][I][NoteManager] ws: << end, Reason: An exception has occurred while attempting to connect.
[08:01:44][I][NoteManager] ws: >> start
[08:01:44][I][NoteManager] wss://bgutools.bytedance.com/v2/ws/note?token=
[08:01:44][I][NoteManager] ws: << end, Reason: An exception has occurred while attempting to connect.
[08:01:54][I][NoteManager] ws: >> start
[08:01:54][I][NoteManager] wss://bgutools.bytedance.com/v2/ws/note?token=
[08:01:54][I][NoteManager] ws: << end, Reason: An exception has occurred while attempting to connect.
[08:02:04][I][NoteManager] ws: >> start
[08:02:05][I][NoteManager] wss://bgutools.bytedance.com/v2/ws/note?token=
[08:02:05][I][NoteManager] ws: << end, Reason: An exception has occurred while attempting to connect.
[08:02:15][I][NoteManager] ws: >> start
[08:02:15][I][NoteManager] wss://bgutools.bytedance.com/v2/ws/note?token=
[08:02:15][I][NoteManager] ws: << end, Reason: An exception has occurred while attempting to connect.
[08:02:20][E][Request] Request error
Status: 0
Error: Unable to complete SSL connection
Text: Url: https://bgutools.bytedance.com/v2/tool_list?token=
Body: {"tools":[{"name":"com.bytedance.bgdt","version":"3.0.194"},{"name":"com.bytedance.starksdk.unitytools","version":"4.0.4"},{"name":"com.bytedance.starksdk","version":"6.0.8"}],"pageLimit":3,"channel":null,"license":"ti4rs/a/ReBbphgdUb7uow==","projectId":"com.ruixue.sdkpublic"}

[08:02:31][I][NoteManager] ws: >> start
[08:02:31][I][NoteManager] wss://bgutools.bytedance.com/v2/ws/note?token=
[08:02:31][I][NoteManager] ws: << end, Reason: An exception has occurred while attempting to connect.
[08:02:41][I][NoteManager] ws: >> start
[08:02:41][I][NoteManager] wss://bgutools.bytedance.com/v2/ws/note?token=
[08:02:41][I][NoteManager] ws: << end, Reason: An exception has occurred while attempting to connect.
[08:02:51][I][NoteManager] ws: >> start
[08:02:51][I][NoteManager] wss://bgutools.bytedance.com/v2/ws/note?token=
[08:02:51][I][NoteManager] ws: << end, Reason: An exception has occurred while attempting to connect.
[08:03:01][I][NoteManager] ws: >> start
[08:03:01][I][NoteManager] wss://bgutools.bytedance.com/v2/ws/note?token=
[08:03:01][I][NoteManager] ws: << end, Reason: An exception has occurred while attempting to connect.
[08:03:11][I][NoteManager] ws: >> start
[08:03:11][I][NoteManager] wss://bgutools.bytedance.com/v2/ws/note?token=
[08:03:11][I][NoteManager] ws: << end, Reason: An exception has occurred while attempting to connect.
[08:03:21][I][NoteManager] ws: >> start
[08:03:21][I][NoteManager] wss://bgutools.bytedance.com/v2/ws/note?token=
[08:03:22][I][NoteManager] ws: << end, Reason: An exception has occurred while attempting to connect.
[08:03:23][E][Request] Request error
Status: 0
Error: Unable to complete SSL connection
Text: Url: https://bgutools.bytedance.com/v2/tool_list?token=
Body: {"tools":[{"name":"com.bytedance.bgdt","version":"3.0.194"},{"name":"com.bytedance.starksdk.unitytools","version":"4.0.4"},{"name":"com.bytedance.starksdk","version":"6.0.8"}],"pageLimit":3,"channel":null,"license":"ti4rs/a/ReBbphgdUb7uow==","projectId":"com.ruixue.sdkpublic"}

[08:03:32][I][NoteManager] ws: >> start
[08:03:32][I][NoteManager] wss://bgutools.bytedance.com/v2/ws/note?token=
[08:03:32][I][NoteManager] ws: << end, Reason: An exception has occurred while attempting to connect.
[08:03:42][I][NoteManager] ws: >> start
[08:03:42][I][NoteManager] wss://bgutools.bytedance.com/v2/ws/note?token=
[08:03:42][I][NoteManager] ws: << end, Reason: An exception has occurred while attempting to connect.
[08:03:52][I][NoteManager] ws: >> start
[08:03:52][I][NoteManager] wss://bgutools.bytedance.com/v2/ws/note?token=
[08:03:52][I][NoteManager] ws: << end, Reason: An exception has occurred while attempting to connect.
[08:04:02][I][NoteManager] ws: >> start
[08:04:02][I][NoteManager] wss://bgutools.bytedance.com/v2/ws/note?token=
[08:04:02][I][NoteManager] ws: << end, Reason: An exception has occurred while attempting to connect.
[08:04:12][I][NoteManager] ws: >> start
[08:04:12][I][NoteManager] wss://bgutools.bytedance.com/v2/ws/note?token=
[08:04:12][I][NoteManager] ws: << end, Reason: An exception has occurred while attempting to connect.
[08:04:22][I][NoteManager] ws: >> start
[08:04:22][I][NoteManager] wss://bgutools.bytedance.com/v2/ws/note?token=
[08:04:22][I][NoteManager] ws: << end, Reason: An exception has occurred while attempting to connect.
[08:05:19][I][NoteManager] ws: >> start
[08:05:19][I][NoteManager] wss://bgutools.bytedance.com/v2/ws/note?token=
[08:05:19][I][NoteManager] ws: << end, Reason: An exception has occurred while attempting to connect.
[08:05:21][E][Request] Request error
Status: 0
Error: Unable to complete SSL connection
Text: Url: https://bgutools.bytedance.com/v2/tool_list?token=
Body: {"tools":[{"name":"com.bytedance.bgdt","version":"3.0.194"},{"name":"com.bytedance.starksdk.unitytools","version":"4.0.4"},{"name":"com.bytedance.starksdk","version":"6.0.8"}],"pageLimit":3,"channel":null,"license":"ti4rs/a/ReBbphgdUb7uow==","projectId":"com.ruixue.sdkpublic"}

[08:05:29][I][NoteManager] ws: >> start
[08:05:30][I][NoteManager] wss://bgutools.bytedance.com/v2/ws/note?token=
[08:05:30][I][NoteManager] ws: << end, Reason: An exception has occurred while attempting to connect.
[08:05:40][I][NoteManager] ws: >> start
[08:05:40][I][NoteManager] wss://bgutools.bytedance.com/v2/ws/note?token=
[08:05:40][I][NoteManager] ws: << end, Reason: An exception has occurred while attempting to connect.
[08:05:50][I][NoteManager] ws: >> start
[08:05:50][I][NoteManager] wss://bgutools.bytedance.com/v2/ws/note?token=
[08:05:50][I][NoteManager] ws: << end, Reason: An exception has occurred while attempting to connect.
[08:06:00][I][NoteManager] ws: >> start
[08:06:00][I][NoteManager] wss://bgutools.bytedance.com/v2/ws/note?token=
[08:06:00][I][NoteManager] ws: << end, Reason: An exception has occurred while attempting to connect.
[08:06:11][I][NoteManager] ws: >> start
[08:06:11][I][NoteManager] wss://bgutools.bytedance.com/v2/ws/note?token=
[08:06:11][I][NoteManager] ws: << end, Reason: An exception has occurred while attempting to connect.
[08:06:21][I][NoteManager] ws: >> start
[08:06:21][I][NoteManager] wss://bgutools.bytedance.com/v2/ws/note?token=
[08:06:21][I][NoteManager] ws: << end, Reason: An exception has occurred while attempting to connect.
[08:06:25][E][Request] Request error
Status: 0
Error: Unable to complete SSL connection
Text: Url: https://bgutools.bytedance.com/v2/tool_list?token=
Body: {"tools":[{"name":"com.bytedance.bgdt","version":"3.0.194"},{"name":"com.bytedance.starksdk.unitytools","version":"4.0.4"},{"name":"com.bytedance.starksdk","version":"6.0.8"}],"pageLimit":3,"channel":null,"license":"ti4rs/a/ReBbphgdUb7uow==","projectId":"com.ruixue.sdkpublic"}

[08:06:41][I][NoteManager] ws: >> start
[08:06:41][I][NoteManager] wss://bgutools.bytedance.com/v2/ws/note?token=
[08:06:41][I][NoteManager] ws: << end, Reason: An exception has occurred while attempting to connect.
[08:06:51][I][NoteManager] ws: >> start
[08:06:51][I][NoteManager] wss://bgutools.bytedance.com/v2/ws/note?token=
[08:06:51][I][NoteManager] ws: << end, Reason: An exception has occurred while attempting to connect.
[08:07:01][I][NoteManager] ws: >> start
[08:07:01][I][NoteManager] wss://bgutools.bytedance.com/v2/ws/note?token=
[08:07:01][I][NoteManager] ws: << end, Reason: An exception has occurred while attempting to connect.
[08:07:23][I][NoteManager] ws: >> start
[08:07:23][I][NoteManager] wss://bgutools.bytedance.com/v2/ws/note?token=
[08:07:23][I][NoteManager] ws: << end, Reason: An exception has occurred while attempting to connect.
[08:07:28][E][Request] Request error
Status: 0
Error: Unable to complete SSL connection
Text: Url: https://bgutools.bytedance.com/v2/tool_list?token=
Body: {"tools":[{"name":"com.bytedance.bgdt","version":"3.0.194"},{"name":"com.bytedance.starksdk.unitytools","version":"4.0.4"},{"name":"com.bytedance.starksdk","version":"6.0.8"}],"pageLimit":3,"channel":null,"license":"ti4rs/a/ReBbphgdUb7uow==","projectId":"com.ruixue.sdkpublic"}

[08:07:33][I][NoteManager] ws: >> start
[08:07:33][I][NoteManager] wss://bgutools.bytedance.com/v2/ws/note?token=
[08:07:33][I][NoteManager] ws: << end, Reason: An exception has occurred while attempting to connect.
[08:07:43][I][NoteManager] ws: >> start
[08:07:43][I][NoteManager] wss://bgutools.bytedance.com/v2/ws/note?token=
[08:07:43][I][NoteManager] ws: << end, Reason: An exception has occurred while attempting to connect.
[08:07:53][I][NoteManager] ws: >> start
[08:07:54][I][NoteManager] wss://bgutools.bytedance.com/v2/ws/note?token=
[08:07:54][I][NoteManager] ws: << end, Reason: An exception has occurred while attempting to connect.
[08:08:04][I][NoteManager] ws: >> start
[08:08:04][I][NoteManager] wss://bgutools.bytedance.com/v2/ws/note?token=
[08:08:04][I][NoteManager] ws: << end, Reason: An exception has occurred while attempting to connect.
[08:08:42][I][NoteManager] ws: >> start
[08:08:42][I][NoteManager] wss://bgutools.bytedance.com/v2/ws/note?token=
[08:08:42][I][NoteManager] ws: << end, Reason: An exception has occurred while attempting to connect.
[08:08:44][E][Request] Request error
Status: 0
Error: Unable to complete SSL connection
Text: Url: https://bgutools.bytedance.com/v2/tool_list?token=
Body: {"tools":[{"name":"com.bytedance.bgdt","version":"3.0.194"},{"name":"com.bytedance.starksdk.unitytools","version":"4.0.4"},{"name":"com.bytedance.starksdk","version":"6.0.8"}],"pageLimit":3,"channel":null,"license":"ti4rs/a/ReBbphgdUb7uow==","projectId":"com.ruixue.sdkpublic"}

[08:08:52][I][NoteManager] ws: >> start
[08:08:52][I][NoteManager] wss://bgutools.bytedance.com/v2/ws/note?token=
[08:08:52][I][NoteManager] ws: << end, Reason: An exception has occurred while attempting to connect.
[08:09:02][I][NoteManager] ws: >> start
[08:09:03][I][NoteManager] wss://bgutools.bytedance.com/v2/ws/note?token=
[08:09:03][I][NoteManager] ws: << end, Reason: An exception has occurred while attempting to connect.
[08:09:13][I][NoteManager] ws: >> start
[08:09:13][I][NoteManager] wss://bgutools.bytedance.com/v2/ws/note?token=
[08:09:13][I][NoteManager] ws: << end, Reason: An exception has occurred while attempting to connect.
[08:09:23][I][NoteManager] ws: >> start
[08:09:23][I][NoteManager] wss://bgutools.bytedance.com/v2/ws/note?token=
[08:09:23][I][NoteManager] ws: << end, Reason: An exception has occurred while attempting to connect.
[08:13:17][I][NoteManager] ws: >> start
[08:13:17][I][NoteManager] wss://bgutools.bytedance.com/v2/ws/note?token=
[08:13:17][I][NoteManager] ws: << end, Reason: An exception has occurred while attempting to connect.
[08:13:21][E][Request] Request error
Status: 0
Error: Unable to complete SSL connection
Text: Url: https://bgutools.bytedance.com/v2/tool_list?token=
Body: {"tools":[{"name":"com.bytedance.bgdt","version":"3.0.194"},{"name":"com.bytedance.starksdk.unitytools","version":"4.0.4"},{"name":"com.bytedance.starksdk","version":"6.0.8"}],"pageLimit":3,"channel":null,"license":"ti4rs/a/ReBbphgdUb7uow==","projectId":"com.ruixue.sdkpublic"}

[08:13:27][I][NoteManager] ws: >> start
[08:13:50][I][NoteManager] wss://bgutools.bytedance.com/v2/ws/note?token=
[08:13:50][I][NoteManager] ws: << end, Reason: An exception has occurred while attempting to connect.
[08:14:00][I][NoteManager] ws: >> start
[08:14:00][I][NoteManager] wss://bgutools.bytedance.com/v2/ws/note?token=
[08:14:00][I][NoteManager] ws: << end, Reason: An exception has occurred while attempting to connect.
[08:14:10][I][NoteManager] ws: >> start
[08:14:10][I][NoteManager] wss://bgutools.bytedance.com/v2/ws/note?token=
[08:14:10][I][NoteManager] ws: << end, Reason: An exception has occurred while attempting to connect.
[08:14:20][I][NoteManager] ws: >> start
[08:14:20][I][NoteManager] wss://bgutools.bytedance.com/v2/ws/note?token=
[08:14:20][I][NoteManager] ws: << end, Reason: An exception has occurred while attempting to connect.
[08:14:23][E][Request] Request error
Status: 0
Error: Unable to complete SSL connection
Text: Url: https://bgutools.bytedance.com/v2/tool_list?token=
Body: {"tools":[{"name":"com.bytedance.bgdt","version":"3.0.194"},{"name":"com.bytedance.starksdk.unitytools","version":"4.0.4"},{"name":"com.bytedance.starksdk","version":"6.0.8"}],"pageLimit":3,"channel":null,"license":"ti4rs/a/ReBbphgdUb7uow==","projectId":"com.ruixue.sdkpublic"}

[08:14:32][I][NoteManager] ws: >> start
[08:14:32][I][NoteManager] wss://bgutools.bytedance.com/v2/ws/note?token=
[08:14:32][I][NoteManager] ws: << end, Reason: An exception has occurred while attempting to connect.
[08:14:42][I][NoteManager] ws: >> start
[08:14:42][I][NoteManager] wss://bgutools.bytedance.com/v2/ws/note?token=
[08:14:42][I][NoteManager] ws: << end, Reason: An exception has occurred while attempting to connect.
[08:14:52][I][NoteManager] ws: >> start
[08:14:52][I][NoteManager] wss://bgutools.bytedance.com/v2/ws/note?token=
[08:14:52][I][NoteManager] ws: << end, Reason: An exception has occurred while attempting to connect.
[08:15:02][I][NoteManager] ws: >> start
[08:15:02][I][NoteManager] wss://bgutools.bytedance.com/v2/ws/note?token=
[08:15:02][I][NoteManager] ws: << end, Reason: An exception has occurred while attempting to connect.
[08:15:12][I][NoteManager] ws: >> start
[08:15:12][I][NoteManager] wss://bgutools.bytedance.com/v2/ws/note?token=
[08:15:12][I][NoteManager] ws: << end, Reason: An exception has occurred while attempting to connect.
[08:15:26][I][NoteManager] ws: >> start
[08:15:26][I][NoteManager] wss://bgutools.bytedance.com/v2/ws/note?token=
[08:15:26][I][NoteManager] ws: << end, Reason: An exception has occurred while attempting to connect.
[08:15:29][E][Request] Request error
Status: 0
Error: Unable to complete SSL connection
Text: Url: https://bgutools.bytedance.com/v2/tool_list?token=
Body: {"tools":[{"name":"com.bytedance.bgdt","version":"3.0.194"},{"name":"com.bytedance.starksdk.unitytools","version":"4.0.4"},{"name":"com.bytedance.starksdk","version":"6.0.8"}],"pageLimit":3,"channel":null,"license":"ti4rs/a/ReBbphgdUb7uow==","projectId":"com.ruixue.sdkpublic"}

[08:15:36][I][NoteManager] ws: >> start
[08:15:37][I][NoteManager] wss://bgutools.bytedance.com/v2/ws/note?token=
[08:15:37][I][NoteManager] ws: << end, Reason: An exception has occurred while attempting to connect.
[08:15:47][I][NoteManager] ws: >> start
[08:15:47][I][NoteManager] wss://bgutools.bytedance.com/v2/ws/note?token=
[08:15:47][I][NoteManager] ws: << end, Reason: An exception has occurred while attempting to connect.
[08:15:57][I][NoteManager] ws: >> start
[08:15:57][I][NoteManager] wss://bgutools.bytedance.com/v2/ws/note?token=
[08:15:57][I][NoteManager] ws: << end, Reason: An exception has occurred while attempting to connect.
[08:16:07][I][NoteManager] ws: >> start
[08:16:07][I][NoteManager] wss://bgutools.bytedance.com/v2/ws/note?token=
[08:16:07][I][NoteManager] ws: << end, Reason: An exception has occurred while attempting to connect.
[08:17:06][I][NoteManager] ws: >> start
[08:17:06][I][NoteManager] wss://bgutools.bytedance.com/v2/ws/note?token=
[08:17:06][I][NoteManager] ws: << end, Reason: An exception has occurred while attempting to connect.
[08:17:09][E][Request] Request error
Status: 0
Error: Unable to complete SSL connection
Text: Url: https://bgutools.bytedance.com/v2/tool_list?token=
Body: {"tools":[{"name":"com.bytedance.bgdt","version":"3.0.194"},{"name":"com.bytedance.starksdk.unitytools","version":"4.0.4"},{"name":"com.bytedance.starksdk","version":"6.0.8"}],"pageLimit":3,"channel":null,"license":"ti4rs/a/ReBbphgdUb7uow==","projectId":"com.ruixue.sdkpublic"}

[08:17:16][I][NoteManager] ws: >> start
[08:17:16][I][NoteManager] wss://bgutools.bytedance.com/v2/ws/note?token=
[08:17:16][I][NoteManager] ws: << end, Reason: An exception has occurred while attempting to connect.
[08:17:26][I][NoteManager] ws: >> start
[08:17:26][I][NoteManager] wss://bgutools.bytedance.com/v2/ws/note?token=
[08:17:26][I][NoteManager] ws: << end, Reason: An exception has occurred while attempting to connect.
[08:17:40][I][NoteManager] ws: >> start
[08:17:40][I][NoteManager] wss://bgutools.bytedance.com/v2/ws/note?token=
[08:17:40][I][NoteManager] ws: << end, Reason: An exception has occurred while attempting to connect.
[08:17:50][I][NoteManager] ws: >> start
[08:17:50][I][NoteManager] wss://bgutools.bytedance.com/v2/ws/note?token=
[08:17:50][I][NoteManager] ws: << end, Reason: An exception has occurred while attempting to connect.
[08:18:00][I][NoteManager] ws: >> start
[08:18:00][I][NoteManager] wss://bgutools.bytedance.com/v2/ws/note?token=
[08:18:00][I][NoteManager] ws: << end, Reason: An exception has occurred while attempting to connect.
[08:18:10][I][NoteManager] ws: >> start
[08:18:10][I][NoteManager] wss://bgutools.bytedance.com/v2/ws/note?token=
[08:18:10][I][NoteManager] ws: << end, Reason: An exception has occurred while attempting to connect.
[08:19:21][I][NoteManager] ws: >> start
[08:19:21][I][NoteManager] wss://bgutools.bytedance.com/v2/ws/note?token=
[08:19:21][E][Request] Request error
Status: 0
Error: Unable to complete SSL connection
Text: Url: https://bgutools.bytedance.com/v2/tool_list?token=
Body: {"tools":[{"name":"com.bytedance.bgdt","version":"3.0.194"},{"name":"com.bytedance.starksdk.unitytools","version":"4.0.4"},{"name":"com.bytedance.starksdk","version":"6.0.8"}],"pageLimit":3,"channel":null,"license":"ti4rs/a/ReBbphgdUb7uow==","projectId":"com.ruixue.sdkpublic"}

[08:19:21][I][NoteManager] ws: << end, Reason: An exception has occurred while attempting to connect.
[08:19:24][E][Request] Request error
Status: 0
Error: Unable to complete SSL connection
Text: Url: https://bgutools.bytedance.com/v2/tool_list?token=
Body: {"tools":[{"name":"com.bytedance.bgdt","version":"3.0.194"},{"name":"com.bytedance.starksdk.unitytools","version":"4.0.4"},{"name":"com.bytedance.starksdk","version":"6.0.8"}],"pageLimit":3,"channel":null,"license":"ti4rs/a/ReBbphgdUb7uow==","projectId":"com.ruixue.sdkpublic"}

[08:21:04][I][NoteManager] ws: >> start
[08:21:04][I][NoteManager] wss://bgutools.bytedance.com/v2/ws/note?token=
[08:21:04][I][NoteManager] ws: << end, Reason: An exception has occurred while attempting to connect.
[08:21:07][E][Request] Request error
Status: 0
Error: Unable to complete SSL connection
Text: Url: https://bgutools.bytedance.com/v2/tool_list?token=
Body: {"tools":[{"name":"com.bytedance.bgdt","version":"3.0.194"},{"name":"com.bytedance.starksdk.unitytools","version":"4.0.4"},{"name":"com.bytedance.starksdk","version":"6.0.8"}],"pageLimit":3,"channel":null,"license":"ti4rs/a/ReBbphgdUb7uow==","projectId":"com.ruixue.sdkpublic"}

[08:21:14][I][NoteManager] ws: >> start
[08:21:15][I][NoteManager] wss://bgutools.bytedance.com/v2/ws/note?token=
[08:21:15][I][NoteManager] ws: << end, Reason: An exception has occurred while attempting to connect.
[08:21:25][I][NoteManager] ws: >> start
[08:21:25][I][NoteManager] wss://bgutools.bytedance.com/v2/ws/note?token=
[08:21:25][I][NoteManager] ws: << end, Reason: An exception has occurred while attempting to connect.
[08:21:35][I][NoteManager] ws: >> start
[08:21:35][I][NoteManager] wss://bgutools.bytedance.com/v2/ws/note?token=
[08:21:35][I][NoteManager] ws: << end, Reason: An exception has occurred while attempting to connect.
[08:21:45][I][NoteManager] ws: >> start
[08:21:45][I][NoteManager] wss://bgutools.bytedance.com/v2/ws/note?token=
[08:21:45][I][NoteManager] ws: << end, Reason: An exception has occurred while attempting to connect.
[08:21:58][I][NoteManager] ws: >> start
[08:21:58][I][NoteManager] wss://bgutools.bytedance.com/v2/ws/note?token=
[08:21:58][I][NoteManager] ws: << end, Reason: An exception has occurred while attempting to connect.
[08:22:08][I][NoteManager] ws: >> start
[08:22:08][I][NoteManager] wss://bgutools.bytedance.com/v2/ws/note?token=
[08:22:08][I][NoteManager] ws: << end, Reason: An exception has occurred while attempting to connect.
[08:22:10][E][Request] Request error
Status: 0
Error: Unable to complete SSL connection
Text: Url: https://bgutools.bytedance.com/v2/tool_list?token=
Body: {"tools":[{"name":"com.bytedance.bgdt","version":"3.0.194"},{"name":"com.bytedance.starksdk.unitytools","version":"4.0.4"},{"name":"com.bytedance.starksdk","version":"6.0.8"}],"pageLimit":3,"channel":null,"license":"ti4rs/a/ReBbphgdUb7uow==","projectId":"com.ruixue.sdkpublic"}

[08:22:44][I][NoteManager] ws: >> start
[08:22:44][I][NoteManager] wss://bgutools.bytedance.com/v2/ws/note?token=
[08:22:44][I][NoteManager] ws: << end, Reason: An exception has occurred while attempting to connect.
[08:23:12][I][NoteManager] ws: >> start
[08:23:12][I][NoteManager] wss://bgutools.bytedance.com/v2/ws/note?token=
[08:23:12][I][NoteManager] ws: << end, Reason: An exception has occurred while attempting to connect.
[08:23:15][E][Request] Request error
Status: 0
Error: Unable to complete SSL connection
Text: Url: https://bgutools.bytedance.com/v2/tool_list?token=
Body: {"tools":[{"name":"com.bytedance.bgdt","version":"3.0.194"},{"name":"com.bytedance.starksdk.unitytools","version":"4.0.4"},{"name":"com.bytedance.starksdk","version":"6.0.8"}],"pageLimit":3,"channel":null,"license":"ti4rs/a/ReBbphgdUb7uow==","projectId":"com.ruixue.sdkpublic"}

[08:23:23][I][NoteManager] ws: >> start
[08:23:23][I][NoteManager] wss://bgutools.bytedance.com/v2/ws/note?token=
[08:23:23][I][NoteManager] ws: << end, Reason: An exception has occurred while attempting to connect.
[08:23:33][I][NoteManager] ws: >> start
[08:23:33][I][NoteManager] wss://bgutools.bytedance.com/v2/ws/note?token=
[08:23:33][I][NoteManager] ws: << end, Reason: An exception has occurred while attempting to connect.
[08:23:43][I][NoteManager] ws: >> start
[08:23:43][I][NoteManager] wss://bgutools.bytedance.com/v2/ws/note?token=
[08:23:43][I][NoteManager] ws: << end, Reason: An exception has occurred while attempting to connect.
[08:24:00][I][NoteManager] ws: >> start
[08:24:00][I][NoteManager] wss://bgutools.bytedance.com/v2/ws/note?token=
[08:24:00][I][NoteManager] ws: << end, Reason: An exception has occurred while attempting to connect.
[08:24:10][I][NoteManager] ws: >> start
[08:24:10][I][NoteManager] wss://bgutools.bytedance.com/v2/ws/note?token=
[08:24:10][I][NoteManager] ws: << end, Reason: An exception has occurred while attempting to connect.
[08:24:18][E][Request] Request error
Status: 0
Error: Unable to complete SSL connection
Text: Url: https://bgutools.bytedance.com/v2/tool_list?token=
Body: {"tools":[{"name":"com.bytedance.bgdt","version":"3.0.194"},{"name":"com.bytedance.starksdk.unitytools","version":"4.0.4"},{"name":"com.bytedance.starksdk","version":"6.0.8"}],"pageLimit":3,"channel":null,"license":"ti4rs/a/ReBbphgdUb7uow==","projectId":"com.ruixue.sdkpublic"}

[08:24:20][I][NoteManager] ws: >> start
[08:24:20][I][NoteManager] wss://bgutools.bytedance.com/v2/ws/note?token=
[08:24:20][I][NoteManager] ws: << end, Reason: An exception has occurred while attempting to connect.
[08:24:30][I][NoteManager] ws: >> start
[08:24:30][I][NoteManager] wss://bgutools.bytedance.com/v2/ws/note?token=
[08:24:30][I][NoteManager] ws: << end, Reason: An exception has occurred while attempting to connect.
[08:24:40][I][NoteManager] ws: >> start
[08:24:41][I][NoteManager] wss://bgutools.bytedance.com/v2/ws/note?token=
[08:24:41][I][NoteManager] ws: << end, Reason: An exception has occurred while attempting to connect.
[08:28:19][I][NoteManager] ws: >> start
[08:28:19][I][NoteManager] wss://bgutools.bytedance.com/v2/ws/note?token=
[08:28:19][I][NoteManager] ws: << end, Reason: An exception has occurred while attempting to connect.
[08:28:22][E][Request] Request error
Status: 0
Error: Unable to complete SSL connection
Text: Url: https://bgutools.bytedance.com/v2/tool_list?token=
Body: {"tools":[{"name":"com.bytedance.bgdt","version":"3.0.194"},{"name":"com.bytedance.starksdk.unitytools","version":"4.0.4"},{"name":"com.bytedance.starksdk","version":"6.0.8"}],"pageLimit":3,"channel":null,"license":"ti4rs/a/ReBbphgdUb7uow==","projectId":"com.ruixue.sdkpublic"}

[08:28:29][I][NoteManager] ws: >> start
[08:28:29][I][NoteManager] wss://bgutools.bytedance.com/v2/ws/note?token=
[08:28:33][I][NoteManager] ws: << end, Reason: An exception has occurred while attempting to connect.
[08:28:43][I][NoteManager] ws: >> start
[08:28:43][I][NoteManager] wss://bgutools.bytedance.com/v2/ws/note?token=
[08:28:44][I][NoteManager] ws: connected
[08:28:44][I][NoteManager] ws: client info >
[08:28:44][I][NoteManager] ws: send client info ok
[08:38:44][I][NoteManager] ws: << end, Reason: An exception has occurred while receiving.
[08:38:54][I][NoteManager] ws: >> start
[08:38:54][I][NoteManager] wss://bgutools.bytedance.com/v2/ws/note?token=
[08:38:54][I][NoteManager] ws: connected
[08:38:54][I][NoteManager] ws: client info >
[08:38:54][I][NoteManager] ws: send client info ok
[08:48:54][I][NoteManager] ws: << end, Reason: An exception has occurred while receiving.
[08:49:04][I][NoteManager] ws: >> start
[08:49:04][I][NoteManager] wss://bgutools.bytedance.com/v2/ws/note?token=
[08:49:04][I][NoteManager] ws: connected
[08:49:04][I][NoteManager] ws: client info >
[08:49:04][I][NoteManager] ws: send client info ok
[08:59:04][I][NoteManager] ws: << end, Reason: An exception has occurred while receiving.
[08:59:14][I][NoteManager] ws: >> start
[08:59:14][I][NoteManager] wss://bgutools.bytedance.com/v2/ws/note?token=
[08:59:14][I][NoteManager] ws: connected
[08:59:14][I][NoteManager] ws: client info >
[08:59:14][I][NoteManager] ws: send client info ok
