[18:39:02][I][AuthService] StartWebServer at port : 56760
[18:39:02][I][CoreLoadManager] core loaded !!!!!
[18:39:02][I][NoteManager] ws: >> start
[18:39:02][I][NoteManager] wss://bgutools.bytedance.com/v2/ws/note?token=
[18:39:02][I][NoteManager] ws: >> start
[18:39:03][I][NoteManager] wss://bgutools.bytedance.com/v2/ws/note?token=
[18:39:03][I][NoteManager] ws: connected
[18:39:03][I][NoteManager] ws: client info >
[18:39:03][I][NoteManager] ws: send client info ok
[18:47:08][E][Request] Request error
Status: 502
Error: HTTP/1.1 502 Bad Gateway
Text: <html>
<head><title>502 Bad Gateway</title></head>
<body>
<center><h1>502 Bad Gateway</h1></center>
<hr><center>TLB</center>
</body>
</html>
Url: https://bgutools.bytedance.com/v2/tool_list?token=
Body: {"tools":[{"name":"com.bytedance.bgdt","version":"3.0.194"},{"name":"com.bytedance.starksdk.unitytools","version":"4.0.4"},{"name":"com.bytedance.starksdk","version":"6.0.8"}],"pageLimit":3,"channel":null,"license":"ti4rs/a/ReBbphgdUb7uow==","projectId":"com.ruixue.sdkpublic"}

[19:46:44][E][Request] Request error
Status: 0
Error: Cannot resolve destination host
Text: Url: https://bgutools.bytedance.com/v2/tool_list?token=
Body: {"tools":[{"name":"com.bytedance.bgdt","version":"3.0.194"},{"name":"com.bytedance.starksdk.unitytools","version":"4.0.4"},{"name":"com.bytedance.starksdk","version":"6.0.8"}],"pageLimit":3,"channel":null,"license":"ti4rs/a/ReBbphgdUb7uow==","projectId":"com.ruixue.sdkpublic"}

[20:04:00][E][Request] Request error
Status: 0
Error: Cannot resolve destination host
Text: Url: https://bgutools.bytedance.com/v2/tool_list?token=
Body: {"tools":[{"name":"com.bytedance.bgdt","version":"3.0.194"},{"name":"com.bytedance.starksdk.unitytools","version":"4.0.4"},{"name":"com.bytedance.starksdk","version":"6.0.8"}],"pageLimit":3,"channel":null,"license":"ti4rs/a/ReBbphgdUb7uow==","projectId":"com.ruixue.sdkpublic"}

[20:20:59][E][Request] Request error
Status: 0
Error: Cannot resolve destination host
Text: Url: https://bgutools.bytedance.com/v2/tool_list?token=
Body: {"tools":[{"name":"com.bytedance.bgdt","version":"3.0.194"},{"name":"com.bytedance.starksdk.unitytools","version":"4.0.4"},{"name":"com.bytedance.starksdk","version":"6.0.8"}],"pageLimit":3,"channel":null,"license":"ti4rs/a/ReBbphgdUb7uow==","projectId":"com.ruixue.sdkpublic"}

[20:36:04][E][Request] Request error
Status: 0
Error: Cannot resolve destination host
Text: Url: https://bgutools.bytedance.com/v2/tool_list?token=
Body: {"tools":[{"name":"com.bytedance.bgdt","version":"3.0.194"},{"name":"com.bytedance.starksdk.unitytools","version":"4.0.4"},{"name":"com.bytedance.starksdk","version":"6.0.8"}],"pageLimit":3,"channel":null,"license":"ti4rs/a/ReBbphgdUb7uow==","projectId":"com.ruixue.sdkpublic"}

[20:53:19][E][Request] Request error
Status: 0
Error: Cannot resolve destination host
Text: Url: https://bgutools.bytedance.com/v2/tool_list?token=
Body: {"tools":[{"name":"com.bytedance.bgdt","version":"3.0.194"},{"name":"com.bytedance.starksdk.unitytools","version":"4.0.4"},{"name":"com.bytedance.starksdk","version":"6.0.8"}],"pageLimit":3,"channel":null,"license":"ti4rs/a/ReBbphgdUb7uow==","projectId":"com.ruixue.sdkpublic"}

[03:13:52][E][Request] Request error
Status: 0
Error: Cannot resolve destination host
Text: Url: https://bgutools.bytedance.com/v2/tool_list?token=
Body: {"tools":[{"name":"com.bytedance.bgdt","version":"3.0.194"},{"name":"com.bytedance.starksdk.unitytools","version":"4.0.4"},{"name":"com.bytedance.starksdk","version":"6.0.8"}],"pageLimit":3,"channel":null,"license":"ti4rs/a/ReBbphgdUb7uow==","projectId":"com.ruixue.sdkpublic"}

[07:48:11][E][Request] Request error
Status: 0
Error: Cannot resolve destination host
Text: Url: https://bgutools.bytedance.com/v2/tool_list?token=
Body: {"tools":[{"name":"com.bytedance.bgdt","version":"3.0.194"},{"name":"com.bytedance.starksdk.unitytools","version":"4.0.4"},{"name":"com.bytedance.starksdk","version":"6.0.8"}],"pageLimit":3,"channel":null,"license":"ti4rs/a/ReBbphgdUb7uow==","projectId":"com.ruixue.sdkpublic"}

[08:06:42][E][Request] Request error
Status: 0
Error: Cannot resolve destination host
Text: Url: https://bgutools.bytedance.com/v2/tool_list?token=
Body: {"tools":[{"name":"com.bytedance.bgdt","version":"3.0.194"},{"name":"com.bytedance.starksdk.unitytools","version":"4.0.4"},{"name":"com.bytedance.starksdk","version":"6.0.8"}],"pageLimit":3,"channel":null,"license":"ti4rs/a/ReBbphgdUb7uow==","projectId":"com.ruixue.sdkpublic"}

[08:17:44][E][Request] Request error
Status: 0
Error: Cannot resolve destination host
Text: Url: https://bgutools.bytedance.com/v2/tool_list?token=
Body: {"tools":[{"name":"com.bytedance.bgdt","version":"3.0.194"},{"name":"com.bytedance.starksdk.unitytools","version":"4.0.4"},{"name":"com.bytedance.starksdk","version":"6.0.8"}],"pageLimit":3,"channel":null,"license":"ti4rs/a/ReBbphgdUb7uow==","projectId":"com.ruixue.sdkpublic"}

[08:29:06][E][Request] Request error
Status: 0
Error: Cannot resolve destination host
Text: Url: https://bgutools.bytedance.com/v2/tool_list?token=
Body: {"tools":[{"name":"com.bytedance.bgdt","version":"3.0.194"},{"name":"com.bytedance.starksdk.unitytools","version":"4.0.4"},{"name":"com.bytedance.starksdk","version":"6.0.8"}],"pageLimit":3,"channel":null,"license":"ti4rs/a/ReBbphgdUb7uow==","projectId":"com.ruixue.sdkpublic"}

[09:12:36][I][NoteManager] ws: << end, Reason: An exception has occurred while receiving.
[09:12:46][I][NoteManager] ws: >> start
[09:12:46][I][NoteManager] wss://bgutools.bytedance.com/v2/ws/note?token=
[09:12:47][I][NoteManager] ws: connected
[09:12:47][I][NoteManager] ws: client info >
[09:12:47][I][NoteManager] ws: send client info ok
[11:20:05][E][Request] Request error
Status: 0
Error: Unable to complete SSL connection
Text: Url: https://bgutools.bytedance.com/v2/tool_list?token=
Body: {"tools":[{"name":"com.bytedance.bgdt","version":"3.0.194"},{"name":"com.bytedance.starksdk.unitytools","version":"4.0.4"},{"name":"com.bytedance.starksdk","version":"6.0.8"}],"pageLimit":3,"channel":null,"license":"ti4rs/a/ReBbphgdUb7uow==","projectId":"com.ruixue.sdkpublic"}

[11:20:06][E][Request] Request error
Status: 0
Error: Unable to complete SSL connection
Text: Url: https://bgutools.bytedance.com/v2/tool_list?token=
Body: {"tools":[{"name":"com.bytedance.bgdt","version":"3.0.194"},{"name":"com.bytedance.starksdk.unitytools","version":"4.0.4"},{"name":"com.bytedance.starksdk","version":"6.0.8"}],"pageLimit":3,"channel":null,"license":"ti4rs/a/ReBbphgdUb7uow==","projectId":"com.ruixue.sdkpublic"}

[11:23:13][E][Request] Request error
Status: 0
Error: Unable to complete SSL connection
Text: Url: https://bgutools.bytedance.com/v2/tool_list?token=
Body: {"tools":[{"name":"com.bytedance.bgdt","version":"3.0.194"},{"name":"com.bytedance.starksdk.unitytools","version":"4.0.4"},{"name":"com.bytedance.starksdk","version":"6.0.8"}],"pageLimit":3,"channel":null,"license":"ti4rs/a/ReBbphgdUb7uow==","projectId":"com.ruixue.sdkpublic"}

[12:09:09][E][Request] Request error
Status: 0
Error: Unable to complete SSL connection
Text: Url: https://bgutools.bytedance.com/v2/tool_list?token=
Body: {"tools":[{"name":"com.bytedance.bgdt","version":"3.0.194"},{"name":"com.bytedance.starksdk.unitytools","version":"4.0.4"},{"name":"com.bytedance.starksdk","version":"6.0.8"}],"pageLimit":3,"channel":null,"license":"ti4rs/a/ReBbphgdUb7uow==","projectId":"com.ruixue.sdkpublic"}

[12:44:06][E][Request] Request error
Status: 0
Error: Unknown Error
Text: Url: https://bgutools.bytedance.com/v2/tool_list?token=
Body: {"tools":[{"name":"com.bytedance.bgdt","version":"3.0.194"},{"name":"com.bytedance.starksdk.unitytools","version":"4.0.4"},{"name":"com.bytedance.starksdk","version":"6.0.8"}],"pageLimit":3,"channel":null,"license":"ti4rs/a/ReBbphgdUb7uow==","projectId":"com.ruixue.sdkpublic"}

[12:48:40][E][Request] Request error
Status: 0
Error: Unable to complete SSL connection
Text: Url: https://bgutools.bytedance.com/v2/tool_list?token=
Body: {"tools":[{"name":"com.bytedance.bgdt","version":"3.0.194"},{"name":"com.bytedance.starksdk.unitytools","version":"4.0.4"},{"name":"com.bytedance.starksdk","version":"6.0.8"}],"pageLimit":3,"channel":null,"license":"ti4rs/a/ReBbphgdUb7uow==","projectId":"com.ruixue.sdkpublic"}

[13:01:27][E][Request] Request error
Status: 0
Error: Unable to complete SSL connection
Text: Url: https://bgutools.bytedance.com/v2/tool_list?token=
Body: {"tools":[{"name":"com.bytedance.bgdt","version":"3.0.194"},{"name":"com.bytedance.starksdk.unitytools","version":"4.0.4"},{"name":"com.bytedance.starksdk","version":"6.0.8"}],"pageLimit":3,"channel":null,"license":"ti4rs/a/ReBbphgdUb7uow==","projectId":"com.ruixue.sdkpublic"}

[13:02:07][E][Request] Request error
Status: 0
Error: Unable to complete SSL connection
Text: Url: https://bgutools.bytedance.com/v2/tool_list?token=
Body: {"tools":[{"name":"com.bytedance.bgdt","version":"3.0.194"},{"name":"com.bytedance.starksdk.unitytools","version":"4.0.4"},{"name":"com.bytedance.starksdk","version":"6.0.8"}],"pageLimit":3,"channel":null,"license":"ti4rs/a/ReBbphgdUb7uow==","projectId":"com.ruixue.sdkpublic"}

[13:03:00][E][Request] Request error
Status: 0
Error: Unable to complete SSL connection
Text: Url: https://bgutools.bytedance.com/v2/tool_list?token=
Body: {"tools":[{"name":"com.bytedance.bgdt","version":"3.0.194"},{"name":"com.bytedance.starksdk.unitytools","version":"4.0.4"},{"name":"com.bytedance.starksdk","version":"6.0.8"}],"pageLimit":3,"channel":null,"license":"ti4rs/a/ReBbphgdUb7uow==","projectId":"com.ruixue.sdkpublic"}

[13:08:27][E][Request] Request error
Status: 0
Error: Unable to complete SSL connection
Text: Url: https://bgutools.bytedance.com/v2/tool_list?token=
Body: {"tools":[{"name":"com.bytedance.bgdt","version":"3.0.194"},{"name":"com.bytedance.starksdk.unitytools","version":"4.0.4"},{"name":"com.bytedance.starksdk","version":"6.0.8"}],"pageLimit":3,"channel":null,"license":"ti4rs/a/ReBbphgdUb7uow==","projectId":"com.ruixue.sdkpublic"}

[13:09:58][E][Request] Request error
Status: 0
Error: Unable to complete SSL connection
Text: Url: https://bgutools.bytedance.com/v2/tool_list?token=
Body: {"tools":[{"name":"com.bytedance.bgdt","version":"3.0.194"},{"name":"com.bytedance.starksdk.unitytools","version":"4.0.4"},{"name":"com.bytedance.starksdk","version":"6.0.8"}],"pageLimit":3,"channel":null,"license":"ti4rs/a/ReBbphgdUb7uow==","projectId":"com.ruixue.sdkpublic"}

[13:11:29][E][Request] Request error
Status: 0
Error: Unable to complete SSL connection
Text: Url: https://bgutools.bytedance.com/v2/tool_list?token=
Body: {"tools":[{"name":"com.bytedance.bgdt","version":"3.0.194"},{"name":"com.bytedance.starksdk.unitytools","version":"4.0.4"},{"name":"com.bytedance.starksdk","version":"6.0.8"}],"pageLimit":3,"channel":null,"license":"ti4rs/a/ReBbphgdUb7uow==","projectId":"com.ruixue.sdkpublic"}

[13:27:29][E][Request] Request error
Status: 0
Error: Unable to complete SSL connection
Text: Url: https://bgutools.bytedance.com/v2/tool_list?token=
Body: {"tools":[{"name":"com.bytedance.bgdt","version":"3.0.194"},{"name":"com.bytedance.starksdk.unitytools","version":"4.0.4"},{"name":"com.bytedance.starksdk","version":"6.0.8"}],"pageLimit":3,"channel":null,"license":"ti4rs/a/ReBbphgdUb7uow==","projectId":"com.ruixue.sdkpublic"}

[13:27:30][E][Request] Request error
Status: 0
Error: Unable to complete SSL connection
Text: Url: https://bgutools.bytedance.com/v2/tool_list?token=
Body: {"tools":[{"name":"com.bytedance.bgdt","version":"3.0.194"},{"name":"com.bytedance.starksdk.unitytools","version":"4.0.4"},{"name":"com.bytedance.starksdk","version":"6.0.8"}],"pageLimit":3,"channel":null,"license":"ti4rs/a/ReBbphgdUb7uow==","projectId":"com.ruixue.sdkpublic"}

[13:40:55][E][Request] Request error
Status: 0
Error: Unable to complete SSL connection
Text: Url: https://bgutools.bytedance.com/v2/tool_list?token=
Body: {"tools":[{"name":"com.bytedance.bgdt","version":"3.0.194"},{"name":"com.bytedance.starksdk.unitytools","version":"4.0.4"},{"name":"com.bytedance.starksdk","version":"6.0.8"}],"pageLimit":3,"channel":null,"license":"ti4rs/a/ReBbphgdUb7uow==","projectId":"com.ruixue.sdkpublic"}

[13:46:13][I][NoteManager] ws: << end, Reason: An exception has occurred while receiving.
[13:46:23][I][NoteManager] ws: >> start
[13:46:23][I][NoteManager] wss://bgutools.bytedance.com/v2/ws/note?token=
[13:46:23][I][NoteManager] ws: connected
[13:46:23][I][NoteManager] ws: client info >
[13:46:23][I][NoteManager] ws: send client info ok
[13:54:19][E][Request] Request error
Status: 0
Error: Unknown Error
Text: Url: https://bgutools.bytedance.com/v2/tool_list?token=
Body: {"tools":[{"name":"com.bytedance.bgdt","version":"3.0.194"},{"name":"com.bytedance.starksdk.unitytools","version":"4.0.4"},{"name":"com.bytedance.starksdk","version":"6.0.8"}],"pageLimit":3,"channel":null,"license":"ti4rs/a/ReBbphgdUb7uow==","projectId":"com.ruixue.sdkpublic"}

[13:55:54][E][Request] Request error
Status: 0
Error: Unable to complete SSL connection
Text: Url: https://bgutools.bytedance.com/v2/tool_list?token=
Body: {"tools":[{"name":"com.bytedance.bgdt","version":"3.0.194"},{"name":"com.bytedance.starksdk.unitytools","version":"4.0.4"},{"name":"com.bytedance.starksdk","version":"6.0.8"}],"pageLimit":3,"channel":null,"license":"ti4rs/a/ReBbphgdUb7uow==","projectId":"com.ruixue.sdkpublic"}

