[17:39:58][I][AuthService] StartWebServer at port : 58961
[17:39:58][I][CoreLoadManager] core loaded !!!!!
[17:39:59][I][NoteManager] ws: >> start
[17:39:59][I][NoteManager] wss://bgutools.bytedance.com/v2/ws/note?token=
[17:39:59][I][NoteManager] ws: >> start
[17:39:59][I][NoteManager] wss://bgutools.bytedance.com/v2/ws/note?token=
[17:39:59][I][NoteManager] ws: connected
[17:39:59][I][NoteManager] ws: client info >
[17:39:59][I][NoteManager] ws: send client info ok
[17:49:43][E][Request] Request error
Status: 0
Error: Unable to complete SSL connection
Text: Url: https://bgutools.bytedance.com/v2/tool_list?token=
Body: {"tools":[{"name":"com.bytedance.bgdt","version":"3.0.194"},{"name":"com.bytedance.starksdk.unitytools","version":"4.0.4"},{"name":"com.bytedance.starksdk","version":"6.0.8"}],"pageLimit":3,"channel":null,"license":"ti4rs/a/ReBbphgdUb7uow==","projectId":"com.ruixue.sdkpublic"}

[17:51:04][E][Request] Request error
Status: 0
Error: Unable to complete SSL connection
Text: Url: https://bgutools.bytedance.com/v2/tool_list?token=
Body: {"tools":[{"name":"com.bytedance.bgdt","version":"3.0.194"},{"name":"com.bytedance.starksdk.unitytools","version":"4.0.4"},{"name":"com.bytedance.starksdk","version":"6.0.8"}],"pageLimit":3,"channel":null,"license":"ti4rs/a/ReBbphgdUb7uow==","projectId":"com.ruixue.sdkpublic"}

[18:00:47][E][Request] Request error
Status: 0
Error: Unable to complete SSL connection
Text: Url: https://bgutools.bytedance.com/v2/tool_list?token=
Body: {"tools":[{"name":"com.bytedance.bgdt","version":"3.0.194"},{"name":"com.bytedance.starksdk.unitytools","version":"4.0.4"},{"name":"com.bytedance.starksdk","version":"6.0.8"}],"pageLimit":3,"channel":null,"license":"ti4rs/a/ReBbphgdUb7uow==","projectId":"com.ruixue.sdkpublic"}

[18:01:52][E][Request] Request error
Status: 0
Error: Unable to complete SSL connection
Text: Url: https://bgutools.bytedance.com/v2/tool_list?token=
Body: {"tools":[{"name":"com.bytedance.bgdt","version":"3.0.194"},{"name":"com.bytedance.starksdk.unitytools","version":"4.0.4"},{"name":"com.bytedance.starksdk","version":"6.0.8"}],"pageLimit":3,"channel":null,"license":"ti4rs/a/ReBbphgdUb7uow==","projectId":"com.ruixue.sdkpublic"}

[18:02:55][E][Request] Request error
Status: 0
Error: Unable to complete SSL connection
Text: Url: https://bgutools.bytedance.com/v2/tool_list?token=
Body: {"tools":[{"name":"com.bytedance.bgdt","version":"3.0.194"},{"name":"com.bytedance.starksdk.unitytools","version":"4.0.4"},{"name":"com.bytedance.starksdk","version":"6.0.8"}],"pageLimit":3,"channel":null,"license":"ti4rs/a/ReBbphgdUb7uow==","projectId":"com.ruixue.sdkpublic"}

[18:04:03][E][Request] Request error
Status: 0
Error: Unable to complete SSL connection
Text: Url: https://bgutools.bytedance.com/v2/tool_list?token=
Body: {"tools":[{"name":"com.bytedance.bgdt","version":"3.0.194"},{"name":"com.bytedance.starksdk.unitytools","version":"4.0.4"},{"name":"com.bytedance.starksdk","version":"6.0.8"}],"pageLimit":3,"channel":null,"license":"ti4rs/a/ReBbphgdUb7uow==","projectId":"com.ruixue.sdkpublic"}

[18:05:07][E][Request] Request error
Status: 0
Error: Unable to complete SSL connection
Text: Url: https://bgutools.bytedance.com/v2/tool_list?token=
Body: {"tools":[{"name":"com.bytedance.bgdt","version":"3.0.194"},{"name":"com.bytedance.starksdk.unitytools","version":"4.0.4"},{"name":"com.bytedance.starksdk","version":"6.0.8"}],"pageLimit":3,"channel":null,"license":"ti4rs/a/ReBbphgdUb7uow==","projectId":"com.ruixue.sdkpublic"}

[18:05:33][I][NoteManager] ws: << end, Reason: An exception has occurred while receiving.
[18:10:39][I][NoteManager] ws: >> start
[18:10:39][I][NoteManager] wss://bgutools.bytedance.com/v2/ws/note?token=
[18:10:39][I][NoteManager] ws: << end, Reason: An exception has occurred while attempting to connect.
[18:10:42][E][Request] Request error
Status: 0
Error: Unable to complete SSL connection
Text: Url: https://bgutools.bytedance.com/v2/tool_list?token=
Body: {"tools":[{"name":"com.bytedance.bgdt","version":"3.0.194"},{"name":"com.bytedance.starksdk.unitytools","version":"4.0.4"},{"name":"com.bytedance.starksdk","version":"6.0.8"}],"pageLimit":3,"channel":null,"license":"ti4rs/a/ReBbphgdUb7uow==","projectId":"com.ruixue.sdkpublic"}

[18:10:49][I][NoteManager] ws: >> start
[18:10:49][I][NoteManager] wss://bgutools.bytedance.com/v2/ws/note?token=
[18:10:49][I][NoteManager] ws: << end, Reason: An exception has occurred while attempting to connect.
[18:10:59][I][NoteManager] ws: >> start
[18:10:59][I][NoteManager] wss://bgutools.bytedance.com/v2/ws/note?token=
[18:10:59][I][NoteManager] ws: << end, Reason: An exception has occurred while attempting to connect.
[18:11:09][I][NoteManager] ws: >> start
[18:11:09][I][NoteManager] wss://bgutools.bytedance.com/v2/ws/note?token=
[18:11:10][I][NoteManager] ws: << end, Reason: An exception has occurred while attempting to connect.
[18:11:20][I][NoteManager] ws: >> start
[18:11:20][I][NoteManager] wss://bgutools.bytedance.com/v2/ws/note?token=
[18:11:20][I][NoteManager] ws: << end, Reason: An exception has occurred while attempting to connect.
[18:12:36][I][NoteManager] ws: >> start
[18:12:36][I][NoteManager] wss://bgutools.bytedance.com/v2/ws/note?token=
[18:12:36][I][NoteManager] ws: << end, Reason: An exception has occurred while attempting to connect.
[18:12:39][E][Request] Request error
Status: 0
Error: Unable to complete SSL connection
Text: Url: https://bgutools.bytedance.com/v2/tool_list?token=
Body: {"tools":[{"name":"com.bytedance.bgdt","version":"3.0.194"},{"name":"com.bytedance.starksdk.unitytools","version":"4.0.4"},{"name":"com.bytedance.starksdk","version":"6.0.8"}],"pageLimit":3,"channel":null,"license":"ti4rs/a/ReBbphgdUb7uow==","projectId":"com.ruixue.sdkpublic"}

[18:12:46][I][NoteManager] ws: >> start
[18:12:46][I][NoteManager] wss://bgutools.bytedance.com/v2/ws/note?token=
[18:12:46][I][NoteManager] ws: << end, Reason: An exception has occurred while attempting to connect.
[18:12:56][I][NoteManager] ws: >> start
[18:12:56][I][NoteManager] wss://bgutools.bytedance.com/v2/ws/note?token=
[18:12:56][I][NoteManager] ws: << end, Reason: An exception has occurred while attempting to connect.
[18:13:12][I][NoteManager] ws: >> start
[18:13:13][I][NoteManager] wss://bgutools.bytedance.com/v2/ws/note?token=
[18:13:13][I][NoteManager] ws: << end, Reason: An exception has occurred while attempting to connect.
[18:13:23][I][NoteManager] ws: >> start
[18:13:23][I][NoteManager] wss://bgutools.bytedance.com/v2/ws/note?token=
[18:13:23][I][NoteManager] ws: << end, Reason: An exception has occurred while attempting to connect.
[18:13:33][I][NoteManager] ws: >> start
[18:13:33][I][NoteManager] wss://bgutools.bytedance.com/v2/ws/note?token=
[18:13:33][I][NoteManager] ws: << end, Reason: An exception has occurred while attempting to connect.
[18:13:42][E][Request] Request error
Status: 0
Error: Unable to complete SSL connection
Text: Url: https://bgutools.bytedance.com/v2/tool_list?token=
Body: {"tools":[{"name":"com.bytedance.bgdt","version":"3.0.194"},{"name":"com.bytedance.starksdk.unitytools","version":"4.0.4"},{"name":"com.bytedance.starksdk","version":"6.0.8"}],"pageLimit":3,"channel":null,"license":"ti4rs/a/ReBbphgdUb7uow==","projectId":"com.ruixue.sdkpublic"}

[18:13:43][I][NoteManager] ws: >> start
[18:13:43][I][NoteManager] wss://bgutools.bytedance.com/v2/ws/note?token=
[18:13:43][I][NoteManager] ws: << end, Reason: An exception has occurred while attempting to connect.
[18:13:53][I][NoteManager] ws: >> start
[18:13:53][I][NoteManager] wss://bgutools.bytedance.com/v2/ws/note?token=
[18:13:54][I][NoteManager] ws: << end, Reason: An exception has occurred while attempting to connect.
[18:14:07][I][NoteManager] ws: >> start
[18:14:07][I][NoteManager] wss://bgutools.bytedance.com/v2/ws/note?token=
[18:14:07][I][NoteManager] ws: << end, Reason: An exception has occurred while attempting to connect.
[18:14:17][I][NoteManager] ws: >> start
[18:14:18][I][NoteManager] wss://bgutools.bytedance.com/v2/ws/note?token=
[18:14:18][I][NoteManager] ws: << end, Reason: An exception has occurred while attempting to connect.
[18:14:28][I][NoteManager] ws: >> start
[18:14:28][I][NoteManager] wss://bgutools.bytedance.com/v2/ws/note?token=
[18:14:28][I][NoteManager] ws: << end, Reason: An exception has occurred while attempting to connect.
[18:16:03][I][NoteManager] ws: >> start
[18:16:03][I][NoteManager] wss://bgutools.bytedance.com/v2/ws/note?token=
[18:16:03][I][NoteManager] ws: << end, Reason: An exception has occurred while attempting to connect.
[18:16:06][E][Request] Request error
Status: 0
Error: Unable to complete SSL connection
Text: Url: https://bgutools.bytedance.com/v2/tool_list?token=
Body: {"tools":[{"name":"com.bytedance.bgdt","version":"3.0.194"},{"name":"com.bytedance.starksdk.unitytools","version":"4.0.4"},{"name":"com.bytedance.starksdk","version":"6.0.8"}],"pageLimit":3,"channel":null,"license":"ti4rs/a/ReBbphgdUb7uow==","projectId":"com.ruixue.sdkpublic"}

[18:16:13][I][NoteManager] ws: >> start
[18:16:14][I][NoteManager] wss://bgutools.bytedance.com/v2/ws/note?token=
[18:16:14][I][NoteManager] ws: << end, Reason: An exception has occurred while attempting to connect.
[18:16:24][I][NoteManager] ws: >> start
[18:16:24][I][NoteManager] wss://bgutools.bytedance.com/v2/ws/note?token=
[18:16:24][I][NoteManager] ws: << end, Reason: An exception has occurred while attempting to connect.
[18:17:19][I][NoteManager] ws: >> start
[18:17:20][I][NoteManager] wss://bgutools.bytedance.com/v2/ws/note?token=
[18:17:20][I][NoteManager] ws: << end, Reason: An exception has occurred while attempting to connect.
[18:17:23][E][Request] Request error
Status: 0
Error: Unable to complete SSL connection
Text: Url: https://bgutools.bytedance.com/v2/tool_list?token=
Body: {"tools":[{"name":"com.bytedance.bgdt","version":"3.0.194"},{"name":"com.bytedance.starksdk.unitytools","version":"4.0.4"},{"name":"com.bytedance.starksdk","version":"6.0.8"}],"pageLimit":3,"channel":null,"license":"ti4rs/a/ReBbphgdUb7uow==","projectId":"com.ruixue.sdkpublic"}

[18:17:30][I][NoteManager] ws: >> start
[18:17:30][I][NoteManager] wss://bgutools.bytedance.com/v2/ws/note?token=
[18:17:30][I][NoteManager] ws: << end, Reason: An exception has occurred while attempting to connect.
[18:17:40][I][NoteManager] ws: >> start
[18:17:40][I][NoteManager] wss://bgutools.bytedance.com/v2/ws/note?token=
[18:17:40][I][NoteManager] ws: << end, Reason: An exception has occurred while attempting to connect.
[18:17:50][I][NoteManager] ws: >> start
[18:17:50][I][NoteManager] wss://bgutools.bytedance.com/v2/ws/note?token=
[18:17:50][I][NoteManager] ws: << end, Reason: An exception has occurred while attempting to connect.
[18:18:00][I][NoteManager] ws: >> start
[18:18:00][I][NoteManager] wss://bgutools.bytedance.com/v2/ws/note?token=
[18:18:00][I][NoteManager] ws: << end, Reason: An exception has occurred while attempting to connect.
[18:23:28][I][NoteManager] ws: >> start
[18:23:28][I][NoteManager] wss://bgutools.bytedance.com/v2/ws/note?token=
[18:23:28][I][NoteManager] ws: << end, Reason: An exception has occurred while attempting to connect.
[18:23:31][E][Request] Request error
Status: 0
Error: Unable to complete SSL connection
Text: Url: https://bgutools.bytedance.com/v2/tool_list?token=
Body: {"tools":[{"name":"com.bytedance.bgdt","version":"3.0.194"},{"name":"com.bytedance.starksdk.unitytools","version":"4.0.4"},{"name":"com.bytedance.starksdk","version":"6.0.8"}],"pageLimit":3,"channel":null,"license":"ti4rs/a/ReBbphgdUb7uow==","projectId":"com.ruixue.sdkpublic"}

[18:23:38][I][NoteManager] ws: >> start
[18:23:38][I][NoteManager] wss://bgutools.bytedance.com/v2/ws/note?token=
[18:23:38][I][NoteManager] ws: connected
[18:23:38][I][NoteManager] ws: client info >
[18:23:38][I][NoteManager] ws: send client info ok
