[16:29:34][I][AuthService] StartWebServer at port : 53099
[16:29:34][I][CoreLoadManager] core loaded !!!!!
[16:29:34][I][NoteManager] ws: >> start
[16:29:34][I][NoteManager] wss://bgutools.bytedance.com/v2/ws/note?token=
[16:29:34][I][NoteManager] ws: >> start
[16:29:34][I][NoteManager] wss://bgutools.bytedance.com/v2/ws/note?token=
[16:29:35][I][NoteManager] ws: connected
[16:29:35][I][NoteManager] ws: client info >
[16:29:35][I][NoteManager] ws: send client info ok
[16:39:35][I][NoteManager] ws: << end, Reason: An exception has occurred while receiving.
[16:39:45][I][NoteManager] ws: >> start
[16:39:45][I][NoteManager] wss://bgutools.bytedance.com/v2/ws/note?token=
[16:39:45][I][NoteManager] ws: connected
[16:39:45][I][NoteManager] ws: client info >
[16:39:45][I][NoteManager] ws: send client info ok
[16:49:45][I][NoteManager] ws: << end, Reason: An exception has occurred while receiving.
[16:49:55][I][NoteManager] ws: >> start
[16:49:55][I][NoteManager] wss://bgutools.bytedance.com/v2/ws/note?token=
[16:49:55][I][NoteManager] ws: connected
[16:49:55][I][NoteManager] ws: client info >
[16:49:55][I][NoteManager] ws: send client info ok
[16:59:55][I][NoteManager] ws: << end, Reason: An exception has occurred while receiving.
[17:00:05][I][NoteManager] ws: >> start
[17:00:05][I][NoteManager] wss://bgutools.bytedance.com/v2/ws/note?token=
[17:00:05][I][NoteManager] ws: connected
[17:00:05][I][NoteManager] ws: client info >
[17:00:05][I][NoteManager] ws: send client info ok
[17:10:05][I][NoteManager] ws: << end, Reason: An exception has occurred while receiving.
[17:10:15][I][NoteManager] ws: >> start
[17:10:15][I][NoteManager] wss://bgutools.bytedance.com/v2/ws/note?token=
[17:10:16][I][NoteManager] ws: connected
[17:10:16][I][NoteManager] ws: client info >
[17:10:16][I][NoteManager] ws: send client info ok
[17:18:03][E][Request] Request error
Status: 0
Error: Unable to complete SSL connection
Text: Url: https://bgutools.bytedance.com/v2/tool_list?token=
Body: {"tools":[{"name":"com.bytedance.bgdt","version":"3.0.194"},{"name":"com.bytedance.starksdk.unitytools","version":"4.0.4"},{"name":"com.bytedance.starksdk","version":"6.0.8"}],"pageLimit":3,"channel":null,"license":"ti4rs/a/ReBbphgdUb7uow==","projectId":"com.ruixue.sdkpublic"}

[17:34:02][E][Request] Request error
Status: 0
Error: Cannot resolve destination host
Text: Url: https://bgutools.bytedance.com/v2/tool_list?token=
Body: {"tools":[{"name":"com.bytedance.bgdt","version":"3.0.194"},{"name":"com.bytedance.starksdk.unitytools","version":"4.0.4"},{"name":"com.bytedance.starksdk","version":"6.0.8"}],"pageLimit":3,"channel":null,"license":"ti4rs/a/ReBbphgdUb7uow==","projectId":"com.ruixue.sdkpublic"}

[17:39:28][E][Request] Request error
Status: 0
Error: Cannot resolve destination host
Text: Url: https://bgutools.bytedance.com/v2/tool_list?token=
Body: {"tools":[{"name":"com.bytedance.bgdt","version":"3.0.194"},{"name":"com.bytedance.starksdk.unitytools","version":"4.0.4"},{"name":"com.bytedance.starksdk","version":"6.0.8"}],"pageLimit":3,"channel":null,"license":"ti4rs/a/ReBbphgdUb7uow==","projectId":"com.ruixue.sdkpublic"}

[17:56:54][E][Request] Request error
Status: 0
Error: Cannot resolve destination host
Text: Url: https://bgutools.bytedance.com/v2/tool_list?token=
Body: {"tools":[{"name":"com.bytedance.bgdt","version":"3.0.194"},{"name":"com.bytedance.starksdk.unitytools","version":"4.0.4"},{"name":"com.bytedance.starksdk","version":"6.0.8"}],"pageLimit":3,"channel":null,"license":"ti4rs/a/ReBbphgdUb7uow==","projectId":"com.ruixue.sdkpublic"}

[18:12:44][E][Request] Request error
Status: 0
Error: Cannot resolve destination host
Text: Url: https://bgutools.bytedance.com/v2/tool_list?token=
Body: {"tools":[{"name":"com.bytedance.bgdt","version":"3.0.194"},{"name":"com.bytedance.starksdk.unitytools","version":"4.0.4"},{"name":"com.bytedance.starksdk","version":"6.0.8"}],"pageLimit":3,"channel":null,"license":"ti4rs/a/ReBbphgdUb7uow==","projectId":"com.ruixue.sdkpublic"}

[18:29:23][E][Request] Request error
Status: 0
Error: Cannot resolve destination host
Text: Url: https://bgutools.bytedance.com/v2/tool_list?token=
Body: {"tools":[{"name":"com.bytedance.bgdt","version":"3.0.194"},{"name":"com.bytedance.starksdk.unitytools","version":"4.0.4"},{"name":"com.bytedance.starksdk","version":"6.0.8"}],"pageLimit":3,"channel":null,"license":"ti4rs/a/ReBbphgdUb7uow==","projectId":"com.ruixue.sdkpublic"}

[18:46:55][E][Request] Request error
Status: 0
Error: Cannot resolve destination host
Text: Url: https://bgutools.bytedance.com/v2/tool_list?token=
Body: {"tools":[{"name":"com.bytedance.bgdt","version":"3.0.194"},{"name":"com.bytedance.starksdk.unitytools","version":"4.0.4"},{"name":"com.bytedance.starksdk","version":"6.0.8"}],"pageLimit":3,"channel":null,"license":"ti4rs/a/ReBbphgdUb7uow==","projectId":"com.ruixue.sdkpublic"}

[19:03:54][E][Request] Request error
Status: 0
Error: Cannot resolve destination host
Text: Url: https://bgutools.bytedance.com/v2/tool_list?token=
Body: {"tools":[{"name":"com.bytedance.bgdt","version":"3.0.194"},{"name":"com.bytedance.starksdk.unitytools","version":"4.0.4"},{"name":"com.bytedance.starksdk","version":"6.0.8"}],"pageLimit":3,"channel":null,"license":"ti4rs/a/ReBbphgdUb7uow==","projectId":"com.ruixue.sdkpublic"}

[19:14:14][E][Request] Request error
Status: 0
Error: Cannot resolve destination host
Text: Url: https://bgutools.bytedance.com/v2/tool_list?token=
Body: {"tools":[{"name":"com.bytedance.bgdt","version":"3.0.194"},{"name":"com.bytedance.starksdk.unitytools","version":"4.0.4"},{"name":"com.bytedance.starksdk","version":"6.0.8"}],"pageLimit":3,"channel":null,"license":"ti4rs/a/ReBbphgdUb7uow==","projectId":"com.ruixue.sdkpublic"}

[19:17:53][E][Request] Request error
Status: 0
Error: Cannot resolve destination host
Text: Url: https://bgutools.bytedance.com/v2/tool_list?token=
Body: {"tools":[{"name":"com.bytedance.bgdt","version":"3.0.194"},{"name":"com.bytedance.starksdk.unitytools","version":"4.0.4"},{"name":"com.bytedance.starksdk","version":"6.0.8"}],"pageLimit":3,"channel":null,"license":"ti4rs/a/ReBbphgdUb7uow==","projectId":"com.ruixue.sdkpublic"}

[21:16:36][I][NoteManager] ws: << end, Reason: An exception has occurred while receiving.
[21:16:46][I][NoteManager] ws: >> start
[21:16:46][I][NoteManager] wss://bgutools.bytedance.com/v2/ws/note?token=
[21:16:47][I][NoteManager] ws: connected
[21:16:47][I][NoteManager] ws: client info >
[21:16:47][I][NoteManager] ws: send client info ok
[02:08:33][E][Request] Request error
Status: 0
Error: Unknown Error
Text: Url: https://bgutools.bytedance.com/v2/tool_list?token=
Body: {"tools":[{"name":"com.bytedance.bgdt","version":"3.0.194"},{"name":"com.bytedance.starksdk.unitytools","version":"4.0.4"},{"name":"com.bytedance.starksdk","version":"6.0.8"}],"pageLimit":3,"channel":null,"license":"ti4rs/a/ReBbphgdUb7uow==","projectId":"com.ruixue.sdkpublic"}

[06:01:00][I][NoteManager] ws: << end, Reason: An exception has occurred while receiving.
[06:01:10][I][NoteManager] ws: >> start
[06:01:10][I][NoteManager] wss://bgutools.bytedance.com/v2/ws/note?token=
[06:01:10][I][NoteManager] ws: connected
[06:01:10][I][NoteManager] ws: client info >
[06:01:10][I][NoteManager] ws: send client info ok
[11:05:00][I][NoteManager] ws: << end, Reason: An exception has occurred while receiving.
[11:05:10][I][NoteManager] ws: >> start
[11:05:10][I][NoteManager] wss://bgutools.bytedance.com/v2/ws/note?token=
[11:05:10][I][NoteManager] ws: connected
[11:05:10][I][NoteManager] ws: client info >
[11:05:10][I][NoteManager] ws: send client info ok
[12:03:54][I][NoteManager] ws: << end, Reason: An exception has occurred while receiving.
[12:04:04][I][NoteManager] ws: >> start
[12:04:04][I][NoteManager] wss://bgutools.bytedance.com/v2/ws/note?token=
[12:04:05][I][NoteManager] ws: connected
[12:04:05][I][NoteManager] ws: client info >
[12:04:05][I][NoteManager] ws: send client info ok
[12:14:05][I][NoteManager] ws: << end, Reason: An exception has occurred while receiving.
[12:14:15][I][NoteManager] ws: >> start
[12:14:15][I][NoteManager] wss://bgutools.bytedance.com/v2/ws/note?token=
[12:14:15][I][NoteManager] ws: connected
[12:14:15][I][NoteManager] ws: client info >
[12:14:15][I][NoteManager] ws: send client info ok
[12:24:15][I][NoteManager] ws: << end, Reason: An exception has occurred while receiving.
[12:24:25][I][NoteManager] ws: >> start
[12:24:25][I][NoteManager] wss://bgutools.bytedance.com/v2/ws/note?token=
[12:24:25][I][NoteManager] ws: connected
[12:24:25][I][NoteManager] ws: client info >
[12:24:25][I][NoteManager] ws: send client info ok
[18:31:29][I][NoteManager] ws: << end, Reason: An exception has occurred while receiving.
[18:31:39][I][NoteManager] ws: >> start
[18:31:39][I][NoteManager] wss://bgutools.bytedance.com/v2/ws/note?token=
[18:31:39][I][NoteManager] ws: connected
[18:31:39][I][NoteManager] ws: client info >
[18:31:39][I][NoteManager] ws: send client info ok
[23:37:04][I][NoteManager] ws: << end, Reason: An exception has occurred while receiving.
[23:37:14][I][NoteManager] ws: >> start
[23:37:14][I][NoteManager] wss://bgutools.bytedance.com/v2/ws/note?token=
[23:37:14][I][NoteManager] ws: connected
[23:37:14][I][NoteManager] ws: client info >
[23:37:14][I][NoteManager] ws: send client info ok
[09:20:39][I][NoteManager] ws: << end, Reason: An exception has occurred while receiving.
[09:20:39][I][NoteManager] ws: >> start
[09:20:39][I][NoteManager] wss://bgutools.bytedance.com/v2/ws/note?token=
[09:20:39][I][NoteManager] ws: connected
[09:20:39][I][NoteManager] ws: client info >
[09:20:39][I][NoteManager] ws: send client info ok
[13:03:51][I][NoteManager] ws: << end, Reason: An exception has occurred while receiving.
[13:21:18][I][NoteManager] ws: >> start
[13:21:18][I][NoteManager] wss://bgutools.bytedance.com/v2/ws/note?token=
[13:21:18][I][NoteManager] ws: connected
[13:21:18][I][NoteManager] ws: client info >
[13:21:18][I][NoteManager] ws: send client info ok
[17:24:07][I][NoteManager] ws: << end, Reason: An exception has occurred while receiving.
[17:35:41][I][NoteManager] ws: >> start
[17:35:41][I][NoteManager] wss://bgutools.bytedance.com/v2/ws/note?token=
[17:35:41][I][NoteManager] ws: connected
[17:35:41][I][NoteManager] ws: client info >
[17:35:41][I][NoteManager] ws: send client info ok
[21:39:53][I][NoteManager] ws: << end, Reason: An exception has occurred while receiving.
[21:40:03][I][NoteManager] ws: >> start
[21:40:03][I][NoteManager] wss://bgutools.bytedance.com/v2/ws/note?token=
[21:40:03][I][NoteManager] ws: connected
[21:40:03][I][NoteManager] ws: client info >
[21:40:03][I][NoteManager] ws: send client info ok
[06:30:56][E][Request] Request error
Status: 0
Error: Unknown Error
Text: Url: https://bgutools.bytedance.com/v2/tool_list?token=
Body: {"tools":[{"name":"com.bytedance.bgdt","version":"3.0.194"},{"name":"com.bytedance.starksdk.unitytools","version":"4.0.4"},{"name":"com.bytedance.starksdk","version":"6.0.8"}],"pageLimit":3,"channel":null,"license":"ti4rs/a/ReBbphgdUb7uow==","projectId":"com.ruixue.sdkpublic"}

[06:31:09][I][NoteManager] ws: << end, Reason: An exception has occurred while receiving.
[06:31:19][I][NoteManager] ws: >> start
[06:31:19][I][NoteManager] wss://bgutools.bytedance.com/v2/ws/note?token=
[06:31:20][I][NoteManager] ws: connected
[06:31:20][I][NoteManager] ws: client info >
[06:31:20][I][NoteManager] ws: send client info ok
[07:48:07][E][Request] Request error
Status: 0
Error: Unable to complete SSL connection
Text: Url: https://bgutools.bytedance.com/v2/tool_list?token=
Body: {"tools":[{"name":"com.bytedance.bgdt","version":"3.0.194"},{"name":"com.bytedance.starksdk.unitytools","version":"4.0.4"},{"name":"com.bytedance.starksdk","version":"6.0.8"}],"pageLimit":3,"channel":null,"license":"ti4rs/a/ReBbphgdUb7uow==","projectId":"com.ruixue.sdkpublic"}

[08:06:07][E][Request] Request error
Status: 0
Error: Cannot resolve destination host
Text: Url: https://bgutools.bytedance.com/v2/tool_list?token=
Body: {"tools":[{"name":"com.bytedance.bgdt","version":"3.0.194"},{"name":"com.bytedance.starksdk.unitytools","version":"4.0.4"},{"name":"com.bytedance.starksdk","version":"6.0.8"}],"pageLimit":3,"channel":null,"license":"ti4rs/a/ReBbphgdUb7uow==","projectId":"com.ruixue.sdkpublic"}

[08:23:24][E][Request] Request error
Status: 0
Error: Cannot resolve destination host
Text: Url: https://bgutools.bytedance.com/v2/tool_list?token=
Body: {"tools":[{"name":"com.bytedance.bgdt","version":"3.0.194"},{"name":"com.bytedance.starksdk.unitytools","version":"4.0.4"},{"name":"com.bytedance.starksdk","version":"6.0.8"}],"pageLimit":3,"channel":null,"license":"ti4rs/a/ReBbphgdUb7uow==","projectId":"com.ruixue.sdkpublic"}

[08:26:23][E][Request] Request error
Status: 0
Error: Cannot resolve destination host
Text: Url: https://bgutools.bytedance.com/v2/tool_list?token=
Body: {"tools":[{"name":"com.bytedance.bgdt","version":"3.0.194"},{"name":"com.bytedance.starksdk.unitytools","version":"4.0.4"},{"name":"com.bytedance.starksdk","version":"6.0.8"}],"pageLimit":3,"channel":null,"license":"ti4rs/a/ReBbphgdUb7uow==","projectId":"com.ruixue.sdkpublic"}

