[09:36:36][I][AuthService] StartWebServer at port : 61968
[09:36:36][I][CoreLoadManager] core loaded !!!!!
[09:36:36][I][NoteManager] ws: >> start
[09:36:36][I][NoteManager] wss://bgutools.bytedance.com/v2/ws/note?token=
[09:36:36][I][NoteManager] ws: >> start
[09:36:36][I][NoteManager] wss://bgutools.bytedance.com/v2/ws/note?token=
[09:36:36][I][NoteManager] ws: connected
[09:36:36][I][NoteManager] ws: client info >
[09:36:36][I][NoteManager] ws: send client info ok
[09:46:36][I][NoteManager] ws: << end, Reason: An exception has occurred while receiving.
[09:46:46][I][NoteManager] ws: >> start
[09:46:46][I][NoteManager] wss://bgutools.bytedance.com/v2/ws/note?token=
[09:46:46][I][NoteManager] ws: connected
[09:46:46][I][NoteManager] ws: client info >
[09:46:46][I][NoteManager] ws: send client info ok
[09:56:46][I][NoteManager] ws: << end, Reason: An exception has occurred while receiving.
[09:56:56][I][NoteManager] ws: >> start
[09:56:56][I][NoteManager] wss://bgutools.bytedance.com/v2/ws/note?token=
[09:56:57][I][NoteManager] ws: connected
[09:56:57][I][NoteManager] ws: client info >
[09:56:57][I][NoteManager] ws: send client info ok
[10:06:57][I][NoteManager] ws: << end, Reason: An exception has occurred while receiving.
[10:07:07][I][NoteManager] ws: >> start
[10:07:07][I][NoteManager] wss://bgutools.bytedance.com/v2/ws/note?token=
[10:07:07][I][NoteManager] ws: connected
[10:07:07][I][NoteManager] ws: client info >
[10:07:07][I][NoteManager] ws: send client info ok
[10:17:07][I][NoteManager] ws: << end, Reason: An exception has occurred while receiving.
[10:17:17][I][NoteManager] ws: >> start
[10:17:17][I][NoteManager] wss://bgutools.bytedance.com/v2/ws/note?token=
[10:17:17][I][NoteManager] ws: connected
[10:17:17][I][NoteManager] ws: client info >
[10:17:17][I][NoteManager] ws: send client info ok
[10:27:17][I][NoteManager] ws: << end, Reason: An exception has occurred while receiving.
[10:27:27][I][NoteManager] ws: >> start
[10:27:28][I][NoteManager] wss://bgutools.bytedance.com/v2/ws/note?token=
[10:27:28][I][NoteManager] ws: connected
[10:27:28][I][NoteManager] ws: client info >
[10:27:28][I][NoteManager] ws: send client info ok
