[17:25:06][I][AuthService] StartWebServer at port : 58379
[17:25:06][I][CoreLoadManager] core loaded !!!!!
[17:25:06][I][NoteManager] ws: >> start
[17:25:06][I][NoteManager] wss://bgutools.bytedance.com/v2/ws/note?token=
[17:25:06][I][NoteManager] ws: << end, Reason: An exception has occurred while attempting to connect.
[17:25:07][E][Request] Request error
Status: 0
Error: Unable to complete SSL connection
Text: Url: https://bgutools.bytedance.com/v2/tool_list?token=
Body: {"tools":[{"name":"com.bytedance.bgdt","version":"3.0.194"},{"name":"com.bytedance.starksdk.unitytools","version":"4.0.4"},{"name":"com.bytedance.starksdk","version":"6.0.8"}],"pageLimit":3,"channel":null,"license":"ti4rs/a/ReBbphgdUb7uow==","projectId":"com.ruixue.sdkpublic"}

[17:25:07][I][NoteManager] ws: >> start
[17:25:07][I][NoteManager] wss://bgutools.bytedance.com/v2/ws/note?token=
[17:25:07][I][NoteManager] ws: << end, Reason: An exception has occurred while attempting to connect.
[17:25:17][I][NoteManager] ws: >> start
[17:25:17][I][NoteManager] wss://bgutools.bytedance.com/v2/ws/note?token=
[17:25:19][I][NoteManager] ws: connected
[17:25:19][I][NoteManager] ws: client info >
[17:25:19][I][NoteManager] ws: send client info ok
[17:26:08][E][Request] Request error
Status: 0
Error: Unable to complete SSL connection
Text: Url: https://bgutools.bytedance.com/v2/tool_list?token=
Body: {"tools":[{"name":"com.bytedance.bgdt","version":"3.0.194"},{"name":"com.bytedance.starksdk.unitytools","version":"4.0.4"},{"name":"com.bytedance.starksdk","version":"6.0.8"}],"pageLimit":3,"channel":null,"license":"ti4rs/a/ReBbphgdUb7uow==","projectId":"com.ruixue.sdkpublic"}

[17:27:37][I][NoteManager] ws: << end, Reason: An exception has occurred while receiving.
[17:27:47][I][NoteManager] ws: >> start
[17:27:47][I][NoteManager] wss://bgutools.bytedance.com/v2/ws/note?token=
[17:27:47][I][NoteManager] ws: << end, Reason: An exception has occurred while attempting to connect.
[17:27:57][I][NoteManager] ws: >> start
[17:27:57][I][NoteManager] wss://bgutools.bytedance.com/v2/ws/note?token=
[17:27:57][I][NoteManager] ws: connected
[17:27:57][I][NoteManager] ws: client info >
[17:27:57][I][NoteManager] ws: send client info ok
