[14:44:41][I][AuthService] StartWebServer at port : 54931
[14:44:41][I][CoreLoadManager] core loaded !!!!!
[14:44:41][I][NoteManager] ws: >> start
[14:44:41][I][NoteManager] wss://bgutools.bytedance.com/v2/ws/note?token=
[14:44:41][I][NoteManager] ws: >> start
[14:44:41][I][NoteManager] wss://bgutools.bytedance.com/v2/ws/note?token=
[14:44:41][I][NoteManager] ws: connected
[14:44:41][I][NoteManager] ws: client info >
[14:44:41][I][NoteManager] ws: send client info ok
[14:54:41][I][NoteManager] ws: << end, Reason: An exception has occurred while receiving.
[14:54:51][I][NoteManager] ws: >> start
[14:54:51][I][NoteManager] wss://bgutools.bytedance.com/v2/ws/note?token=
[14:54:51][I][NoteManager] ws: connected
[14:54:51][I][NoteManager] ws: client info >
[14:54:51][I][NoteManager] ws: send client info ok
[15:04:51][I][NoteManager] ws: << end, Reason: An exception has occurred while receiving.
[15:05:01][I][NoteManager] ws: >> start
[15:05:02][I][NoteManager] wss://bgutools.bytedance.com/v2/ws/note?token=
[15:05:02][I][NoteManager] ws: connected
[15:05:02][I][NoteManager] ws: client info >
[15:05:02][I][NoteManager] ws: send client info ok
[15:15:02][I][NoteManager] ws: << end, Reason: An exception has occurred while receiving.
[15:15:12][I][NoteManager] ws: >> start
[15:15:12][I][NoteManager] wss://bgutools.bytedance.com/v2/ws/note?token=
[15:15:12][I][NoteManager] ws: connected
[15:15:12][I][NoteManager] ws: client info >
[15:15:12][I][NoteManager] ws: send client info ok
[15:25:12][I][NoteManager] ws: << end, Reason: An exception has occurred while receiving.
[15:25:22][I][NoteManager] ws: >> start
[15:25:22][I][NoteManager] wss://bgutools.bytedance.com/v2/ws/note?token=
[15:25:22][I][NoteManager] ws: connected
[15:25:22][I][NoteManager] ws: client info >
[15:25:22][I][NoteManager] ws: send client info ok
[15:35:22][I][NoteManager] ws: << end, Reason: An exception has occurred while receiving.
[15:35:32][I][NoteManager] ws: >> start
[15:35:32][I][NoteManager] wss://bgutools.bytedance.com/v2/ws/note?token=
[15:35:32][I][NoteManager] ws: connected
[15:35:32][I][NoteManager] ws: client info >
[15:35:33][I][NoteManager] ws: send client info ok
[15:45:33][I][NoteManager] ws: << end, Reason: An exception has occurred while receiving.
[15:45:43][I][NoteManager] ws: >> start
[15:45:43][I][NoteManager] wss://bgutools.bytedance.com/v2/ws/note?token=
[15:45:43][I][NoteManager] ws: connected
[15:45:43][I][NoteManager] ws: client info >
[15:45:43][I][NoteManager] ws: send client info ok
