[17:23:04][I][AuthService] StartWebServer at port : 56643
[17:23:04][I][CoreLoadManager] core loaded !!!!!
[17:23:04][I][NoteManager] ws: >> start
[17:23:04][I][NoteManager] wss://bgutools.bytedance.com/v2/ws/note?token=
[17:23:04][I][NoteManager] ws: >> start
[17:23:04][I][NoteManager] wss://bgutools.bytedance.com/v2/ws/note?token=
[17:23:04][I][NoteManager] ws: connected
[17:23:05][I][NoteManager] ws: client info >
[17:23:05][I][NoteManager] ws: send client info ok
[17:25:11][I][NoteManager] ws: << end, Reason: An exception has occurred while receiving.
[17:25:11][E][Request] Request error
Status: 502
Error: HTTP/1.1 502 Bad Gateway
Text: <html>
<head><title>502 Bad Gateway</title></head>
<body>
<center><h1>502 Bad Gateway</h1></center>
<hr><center>TLB</center>
</body>
</html>
Url: https://bgutools.bytedance.com/v2/tool_list?token=
Body: {"tools":[{"name":"com.bytedance.bgdt","version":"3.0.194"},{"name":"com.bytedance.starksdk.unitytools","version":"4.0.4"},{"name":"com.bytedance.starksdk","version":"6.0.8"}],"pageLimit":3,"channel":null,"license":"ti4rs/a/ReBbphgdUb7uow==","projectId":"com.ruixue.sdkpublic"}

[17:25:11][E][Request] Request error
Status: 502
Error: HTTP/1.1 502 Bad Gateway
Text: <html>
<head><title>502 Bad Gateway</title></head>
<body>
<center><h1>502 Bad Gateway</h1></center>
<hr><center>TLB</center>
</body>
</html>
Url: https://bgutools.bytedance.com/v2/tool_list?token=
Body: {"tools":[{"name":"com.bytedance.bgdt","version":"3.0.194"},{"name":"com.bytedance.starksdk.unitytools","version":"4.0.4"},{"name":"com.bytedance.starksdk","version":"6.0.8"}],"pageLimit":3,"channel":null,"license":"ti4rs/a/ReBbphgdUb7uow==","projectId":"com.ruixue.sdkpublic"}

[17:25:21][I][NoteManager] ws: >> start
[17:25:21][I][NoteManager] wss://bgutools.bytedance.com/v2/ws/note?token=
[17:25:21][I][NoteManager] ws: connected
[17:25:21][I][NoteManager] ws: client info >
[17:25:21][I][NoteManager] ws: send client info ok
[17:31:46][E][Request] Request error
Status: 0
Error: Unable to complete SSL connection
Text: Url: https://bgutools.bytedance.com/v2/tool_list?token=
Body: {"tools":[{"name":"com.bytedance.bgdt","version":"3.0.194"},{"name":"com.bytedance.starksdk.unitytools","version":"4.0.4"},{"name":"com.bytedance.starksdk","version":"6.0.8"}],"pageLimit":3,"channel":null,"license":"ti4rs/a/ReBbphgdUb7uow==","projectId":"com.ruixue.sdkpublic"}

[17:32:49][E][Request] Request error
Status: 0
Error: Unable to complete SSL connection
Text: Url: https://bgutools.bytedance.com/v2/tool_list?token=
Body: {"tools":[{"name":"com.bytedance.bgdt","version":"3.0.194"},{"name":"com.bytedance.starksdk.unitytools","version":"4.0.4"},{"name":"com.bytedance.starksdk","version":"6.0.8"}],"pageLimit":3,"channel":null,"license":"ti4rs/a/ReBbphgdUb7uow==","projectId":"com.ruixue.sdkpublic"}

[17:33:54][E][Request] Request error
Status: 0
Error: Unable to complete SSL connection
Text: Url: https://bgutools.bytedance.com/v2/tool_list?token=
Body: {"tools":[{"name":"com.bytedance.bgdt","version":"3.0.194"},{"name":"com.bytedance.starksdk.unitytools","version":"4.0.4"},{"name":"com.bytedance.starksdk","version":"6.0.8"}],"pageLimit":3,"channel":null,"license":"ti4rs/a/ReBbphgdUb7uow==","projectId":"com.ruixue.sdkpublic"}

[17:35:21][E][Request] Request error
Status: 0
Error: Unable to complete SSL connection
Text: Url: https://bgutools.bytedance.com/v2/tool_list?token=
Body: {"tools":[{"name":"com.bytedance.bgdt","version":"3.0.194"},{"name":"com.bytedance.starksdk.unitytools","version":"4.0.4"},{"name":"com.bytedance.starksdk","version":"6.0.8"}],"pageLimit":3,"channel":null,"license":"ti4rs/a/ReBbphgdUb7uow==","projectId":"com.ruixue.sdkpublic"}

[17:38:49][E][Request] Request error
Status: 0
Error: Unable to complete SSL connection
Text: Url: https://bgutools.bytedance.com/v2/tool_list?token=
Body: {"tools":[{"name":"com.bytedance.bgdt","version":"3.0.194"},{"name":"com.bytedance.starksdk.unitytools","version":"4.0.4"},{"name":"com.bytedance.starksdk","version":"6.0.8"}],"pageLimit":3,"channel":null,"license":"ti4rs/a/ReBbphgdUb7uow==","projectId":"com.ruixue.sdkpublic"}

[17:39:53][E][Request] Request error
Status: 0
Error: Unable to complete SSL connection
Text: Url: https://bgutools.bytedance.com/v2/tool_list?token=
Body: {"tools":[{"name":"com.bytedance.bgdt","version":"3.0.194"},{"name":"com.bytedance.starksdk.unitytools","version":"4.0.4"},{"name":"com.bytedance.starksdk","version":"6.0.8"}],"pageLimit":3,"channel":null,"license":"ti4rs/a/ReBbphgdUb7uow==","projectId":"com.ruixue.sdkpublic"}

[17:40:59][E][Request] Request error
Status: 0
Error: Unable to complete SSL connection
Text: Url: https://bgutools.bytedance.com/v2/tool_list?token=
Body: {"tools":[{"name":"com.bytedance.bgdt","version":"3.0.194"},{"name":"com.bytedance.starksdk.unitytools","version":"4.0.4"},{"name":"com.bytedance.starksdk","version":"6.0.8"}],"pageLimit":3,"channel":null,"license":"ti4rs/a/ReBbphgdUb7uow==","projectId":"com.ruixue.sdkpublic"}

[17:41:52][E][Request] Request error
Status: 0
Error: Received no data in response
Text: Url: https://bgutools.bytedance.com/v2/tool_list?token=
Body: {"tools":[{"name":"com.bytedance.bgdt","version":"3.0.194"},{"name":"com.bytedance.starksdk.unitytools","version":"4.0.4"},{"name":"com.bytedance.starksdk","version":"6.0.8"}],"pageLimit":3,"channel":null,"license":"ti4rs/a/ReBbphgdUb7uow==","projectId":"com.ruixue.sdkpublic"}

[17:41:59][E][Request] Request error
Status: 0
Error: Received no data in response
Text: Url: https://bgutools.bytedance.com/v2/tool_list?token=
Body: {"tools":[{"name":"com.bytedance.bgdt","version":"3.0.194"},{"name":"com.bytedance.starksdk.unitytools","version":"4.0.4"},{"name":"com.bytedance.starksdk","version":"6.0.8"}],"pageLimit":3,"channel":null,"license":"ti4rs/a/ReBbphgdUb7uow==","projectId":"com.ruixue.sdkpublic"}

[17:41:59][I][NoteManager] ws: << end, Reason: An exception has occurred while receiving.
[17:42:04][E][Request] Request error
Status: 0
Error: Received no data in response
Text: Url: https://bgutools.bytedance.com/v2/tool_list?token=
Body: {"tools":[{"name":"com.bytedance.bgdt","version":"3.0.194"},{"name":"com.bytedance.starksdk.unitytools","version":"4.0.4"},{"name":"com.bytedance.starksdk","version":"6.0.8"}],"pageLimit":3,"channel":null,"license":"ti4rs/a/ReBbphgdUb7uow==","projectId":"com.ruixue.sdkpublic"}

[17:42:09][I][NoteManager] ws: >> start
[17:42:09][I][NoteManager] wss://bgutools.bytedance.com/v2/ws/note?token=
[17:42:09][I][NoteManager] ws: << end, Reason: An exception has occurred while attempting to connect.
[17:43:46][I][NoteManager] ws: >> start
[17:43:47][I][NoteManager] wss://bgutools.bytedance.com/v2/ws/note?token=
[17:43:47][I][NoteManager] ws: << end, Reason: An exception has occurred while attempting to connect.
[17:43:50][E][Request] Request error
Status: 0
Error: Unable to complete SSL connection
Text: Url: https://bgutools.bytedance.com/v2/tool_list?token=
Body: {"tools":[{"name":"com.bytedance.bgdt","version":"3.0.194"},{"name":"com.bytedance.starksdk.unitytools","version":"4.0.4"},{"name":"com.bytedance.starksdk","version":"6.0.8"}],"pageLimit":3,"channel":null,"license":"ti4rs/a/ReBbphgdUb7uow==","projectId":"com.ruixue.sdkpublic"}

[17:43:57][I][NoteManager] ws: >> start
[17:43:57][I][NoteManager] wss://bgutools.bytedance.com/v2/ws/note?token=
[17:43:57][I][NoteManager] ws: << end, Reason: An exception has occurred while attempting to connect.
[17:44:07][I][NoteManager] ws: >> start
[17:44:07][I][NoteManager] wss://bgutools.bytedance.com/v2/ws/note?token=
[17:44:07][I][NoteManager] ws: << end, Reason: An exception has occurred while attempting to connect.
[17:44:17][I][NoteManager] ws: >> start
[17:44:17][I][NoteManager] wss://bgutools.bytedance.com/v2/ws/note?token=
[17:44:17][I][NoteManager] ws: << end, Reason: An exception has occurred while attempting to connect.
[17:44:27][I][NoteManager] ws: >> start
[17:44:27][I][NoteManager] wss://bgutools.bytedance.com/v2/ws/note?token=
[17:44:27][I][NoteManager] ws: << end, Reason: An exception has occurred while attempting to connect.
[17:44:37][I][NoteManager] ws: >> start
[17:44:37][I][NoteManager] wss://bgutools.bytedance.com/v2/ws/note?token=
[17:44:37][I][NoteManager] ws: << end, Reason: An exception has occurred while attempting to connect.
[17:44:47][I][NoteManager] ws: >> start
[17:44:47][I][NoteManager] wss://bgutools.bytedance.com/v2/ws/note?token=
[17:44:47][I][NoteManager] ws: << end, Reason: An exception has occurred while attempting to connect.
[17:44:53][E][Request] Request error
Status: 0
Error: Unable to complete SSL connection
Text: Url: https://bgutools.bytedance.com/v2/tool_list?token=
Body: {"tools":[{"name":"com.bytedance.bgdt","version":"3.0.194"},{"name":"com.bytedance.starksdk.unitytools","version":"4.0.4"},{"name":"com.bytedance.starksdk","version":"6.0.8"}],"pageLimit":3,"channel":null,"license":"ti4rs/a/ReBbphgdUb7uow==","projectId":"com.ruixue.sdkpublic"}

[17:44:57][I][NoteManager] ws: >> start
[17:44:57][I][NoteManager] wss://bgutools.bytedance.com/v2/ws/note?token=
[17:44:58][I][NoteManager] ws: << end, Reason: An exception has occurred while attempting to connect.
[17:45:08][I][NoteManager] ws: >> start
[17:45:08][I][NoteManager] wss://bgutools.bytedance.com/v2/ws/note?token=
[17:45:08][I][NoteManager] ws: << end, Reason: An exception has occurred while attempting to connect.
[17:45:18][I][NoteManager] ws: >> start
[17:45:18][I][NoteManager] wss://bgutools.bytedance.com/v2/ws/note?token=
[17:45:18][I][NoteManager] ws: << end, Reason: An exception has occurred while attempting to connect.
[17:45:28][I][NoteManager] ws: >> start
[17:45:28][I][NoteManager] wss://bgutools.bytedance.com/v2/ws/note?token=
[17:45:28][I][NoteManager] ws: << end, Reason: An exception has occurred while attempting to connect.
[17:45:38][I][NoteManager] ws: >> start
[17:45:38][I][NoteManager] wss://bgutools.bytedance.com/v2/ws/note?token=
[17:45:38][I][NoteManager] ws: << end, Reason: An exception has occurred while attempting to connect.
[17:45:57][I][NoteManager] ws: >> start
[17:45:57][I][NoteManager] wss://bgutools.bytedance.com/v2/ws/note?token=
[17:45:57][I][NoteManager] ws: << end, Reason: An exception has occurred while attempting to connect.
[17:46:01][E][Request] Request error
Status: 0
Error: Unable to complete SSL connection
Text: Url: https://bgutools.bytedance.com/v2/tool_list?token=
Body: {"tools":[{"name":"com.bytedance.bgdt","version":"3.0.194"},{"name":"com.bytedance.starksdk.unitytools","version":"4.0.4"},{"name":"com.bytedance.starksdk","version":"6.0.8"}],"pageLimit":3,"channel":null,"license":"ti4rs/a/ReBbphgdUb7uow==","projectId":"com.ruixue.sdkpublic"}

[17:46:07][I][NoteManager] ws: >> start
[17:46:07][I][NoteManager] wss://bgutools.bytedance.com/v2/ws/note?token=
[17:46:07][I][NoteManager] ws: << end, Reason: An exception has occurred while attempting to connect.
[17:49:02][I][NoteManager] ws: >> start
[17:49:02][I][NoteManager] wss://bgutools.bytedance.com/v2/ws/note?token=
[17:49:02][I][NoteManager] ws: << end, Reason: An exception has occurred while attempting to connect.
[17:49:05][E][Request] Request error
Status: 0
Error: Unable to complete SSL connection
Text: Url: https://bgutools.bytedance.com/v2/tool_list?token=
Body: {"tools":[{"name":"com.bytedance.bgdt","version":"3.0.194"},{"name":"com.bytedance.starksdk.unitytools","version":"4.0.4"},{"name":"com.bytedance.starksdk","version":"6.0.8"}],"pageLimit":3,"channel":null,"license":"ti4rs/a/ReBbphgdUb7uow==","projectId":"com.ruixue.sdkpublic"}

[17:49:12][I][NoteManager] ws: >> start
[17:49:12][I][NoteManager] wss://bgutools.bytedance.com/v2/ws/note?token=
[17:49:12][I][NoteManager] ws: << end, Reason: An exception has occurred while attempting to connect.
[17:49:22][I][NoteManager] ws: >> start
[17:49:23][I][NoteManager] wss://bgutools.bytedance.com/v2/ws/note?token=
[17:49:23][I][NoteManager] ws: << end, Reason: An exception has occurred while attempting to connect.
[17:49:33][I][NoteManager] ws: >> start
[17:49:33][I][NoteManager] wss://bgutools.bytedance.com/v2/ws/note?token=
[17:49:33][I][NoteManager] ws: << end, Reason: An exception has occurred while attempting to connect.
[17:49:43][I][NoteManager] ws: >> start
[17:49:43][I][NoteManager] wss://bgutools.bytedance.com/v2/ws/note?token=
[17:49:43][I][NoteManager] ws: << end, Reason: An exception has occurred while attempting to connect.
[17:50:16][I][NoteManager] ws: >> start
[17:50:16][I][NoteManager] wss://bgutools.bytedance.com/v2/ws/note?token=
[17:50:16][I][NoteManager] ws: << end, Reason: An exception has occurred while attempting to connect.
[17:50:19][E][Request] Request error
Status: 0
Error: Unable to complete SSL connection
Text: Url: https://bgutools.bytedance.com/v2/tool_list?token=
Body: {"tools":[{"name":"com.bytedance.bgdt","version":"3.0.194"},{"name":"com.bytedance.starksdk.unitytools","version":"4.0.4"},{"name":"com.bytedance.starksdk","version":"6.0.8"}],"pageLimit":3,"channel":null,"license":"ti4rs/a/ReBbphgdUb7uow==","projectId":"com.ruixue.sdkpublic"}

[17:50:26][I][NoteManager] ws: >> start
[17:50:26][I][NoteManager] wss://bgutools.bytedance.com/v2/ws/note?token=
[17:50:26][I][NoteManager] ws: << end, Reason: An exception has occurred while attempting to connect.
[17:50:37][I][NoteManager] ws: >> start
[17:50:37][I][NoteManager] wss://bgutools.bytedance.com/v2/ws/note?token=
[17:50:37][I][NoteManager] ws: << end, Reason: An exception has occurred while attempting to connect.
[17:50:52][I][NoteManager] ws: >> start
[17:50:52][I][NoteManager] wss://bgutools.bytedance.com/v2/ws/note?token=
[17:50:52][I][NoteManager] ws: << end, Reason: An exception has occurred while attempting to connect.
[17:51:02][I][NoteManager] ws: >> start
[17:51:02][I][NoteManager] wss://bgutools.bytedance.com/v2/ws/note?token=
[17:51:02][I][NoteManager] ws: << end, Reason: An exception has occurred while attempting to connect.
[17:51:12][I][NoteManager] ws: >> start
[17:51:12][I][NoteManager] wss://bgutools.bytedance.com/v2/ws/note?token=
[17:51:12][I][NoteManager] ws: << end, Reason: An exception has occurred while attempting to connect.
[17:51:22][E][Request] Request error
Status: 0
Error: Unable to complete SSL connection
Text: Url: https://bgutools.bytedance.com/v2/tool_list?token=
Body: {"tools":[{"name":"com.bytedance.bgdt","version":"3.0.194"},{"name":"com.bytedance.starksdk.unitytools","version":"4.0.4"},{"name":"com.bytedance.starksdk","version":"6.0.8"}],"pageLimit":3,"channel":null,"license":"ti4rs/a/ReBbphgdUb7uow==","projectId":"com.ruixue.sdkpublic"}

[17:51:22][I][NoteManager] ws: >> start
[17:51:22][I][NoteManager] wss://bgutools.bytedance.com/v2/ws/note?token=
[17:51:23][I][NoteManager] ws: << end, Reason: An exception has occurred while attempting to connect.
[17:51:50][I][NoteManager] ws: >> start
[17:51:50][I][NoteManager] wss://bgutools.bytedance.com/v2/ws/note?token=
[17:51:50][I][NoteManager] ws: << end, Reason: An exception has occurred while attempting to connect.
[17:52:00][I][NoteManager] ws: >> start
[17:52:00][I][NoteManager] wss://bgutools.bytedance.com/v2/ws/note?token=
[17:52:01][I][NoteManager] ws: << end, Reason: An exception has occurred while attempting to connect.
[17:52:10][I][NoteManager] ws: >> start
[17:52:11][I][NoteManager] wss://bgutools.bytedance.com/v2/ws/note?token=
[17:52:11][I][NoteManager] ws: << end, Reason: An exception has occurred while attempting to connect.
[17:52:21][I][NoteManager] ws: >> start
[17:52:21][I][NoteManager] wss://bgutools.bytedance.com/v2/ws/note?token=
[17:52:21][I][NoteManager] ws: << end, Reason: An exception has occurred while attempting to connect.
[17:52:25][E][Request] Request error
Status: 0
Error: Unable to complete SSL connection
Text: Url: https://bgutools.bytedance.com/v2/tool_list?token=
Body: {"tools":[{"name":"com.bytedance.bgdt","version":"3.0.194"},{"name":"com.bytedance.starksdk.unitytools","version":"4.0.4"},{"name":"com.bytedance.starksdk","version":"6.0.8"}],"pageLimit":3,"channel":null,"license":"ti4rs/a/ReBbphgdUb7uow==","projectId":"com.ruixue.sdkpublic"}

[17:52:31][I][NoteManager] ws: >> start
[17:52:31][I][NoteManager] wss://bgutools.bytedance.com/v2/ws/note?token=
[17:52:31][I][NoteManager] ws: << end, Reason: An exception has occurred while attempting to connect.
[17:52:41][I][NoteManager] ws: >> start
[17:52:41][I][NoteManager] wss://bgutools.bytedance.com/v2/ws/note?token=
[17:52:41][I][NoteManager] ws: << end, Reason: An exception has occurred while attempting to connect.
[17:52:51][I][NoteManager] ws: >> start
[17:52:51][I][NoteManager] wss://bgutools.bytedance.com/v2/ws/note?token=
[17:52:51][I][NoteManager] ws: << end, Reason: An exception has occurred while attempting to connect.
[17:53:01][I][NoteManager] ws: >> start
[17:53:01][I][NoteManager] wss://bgutools.bytedance.com/v2/ws/note?token=
[17:53:01][I][NoteManager] ws: << end, Reason: An exception has occurred while attempting to connect.
[17:53:11][I][NoteManager] ws: >> start
[17:53:11][I][NoteManager] wss://bgutools.bytedance.com/v2/ws/note?token=
[17:53:11][I][NoteManager] ws: << end, Reason: An exception has occurred while attempting to connect.
[17:53:21][I][NoteManager] ws: >> start
[17:53:22][I][NoteManager] wss://bgutools.bytedance.com/v2/ws/note?token=
[17:53:22][I][NoteManager] ws: << end, Reason: An exception has occurred while attempting to connect.
[17:53:31][E][Request] Request error
Status: 0
Error: Unable to complete SSL connection
Text: Url: https://bgutools.bytedance.com/v2/tool_list?token=
Body: {"tools":[{"name":"com.bytedance.bgdt","version":"3.0.194"},{"name":"com.bytedance.starksdk.unitytools","version":"4.0.4"},{"name":"com.bytedance.starksdk","version":"6.0.8"}],"pageLimit":3,"channel":null,"license":"ti4rs/a/ReBbphgdUb7uow==","projectId":"com.ruixue.sdkpublic"}

[17:53:32][I][NoteManager] ws: >> start
[17:53:32][I][NoteManager] wss://bgutools.bytedance.com/v2/ws/note?token=
[17:53:32][I][NoteManager] ws: << end, Reason: An exception has occurred while attempting to connect.
[17:53:42][I][NoteManager] ws: >> start
[17:53:42][I][NoteManager] wss://bgutools.bytedance.com/v2/ws/note?token=
[17:53:42][I][NoteManager] ws: << end, Reason: An exception has occurred while attempting to connect.
[17:53:52][I][NoteManager] ws: >> start
[17:53:52][I][NoteManager] wss://bgutools.bytedance.com/v2/ws/note?token=
[17:53:52][I][NoteManager] ws: << end, Reason: An exception has occurred while attempting to connect.
[17:54:02][I][NoteManager] ws: >> start
[17:54:02][I][NoteManager] wss://bgutools.bytedance.com/v2/ws/note?token=
[17:54:02][I][NoteManager] ws: << end, Reason: An exception has occurred while attempting to connect.
[17:54:12][I][NoteManager] ws: >> start
[17:54:12][I][NoteManager] wss://bgutools.bytedance.com/v2/ws/note?token=
[17:54:12][I][NoteManager] ws: << end, Reason: An exception has occurred while attempting to connect.
[17:54:25][I][NoteManager] ws: >> start
[17:54:25][I][NoteManager] wss://bgutools.bytedance.com/v2/ws/note?token=
[17:54:25][I][NoteManager] ws: << end, Reason: An exception has occurred while attempting to connect.
[17:54:34][E][Request] Request error
Status: 0
Error: Unable to complete SSL connection
Text: Url: https://bgutools.bytedance.com/v2/tool_list?token=
Body: {"tools":[{"name":"com.bytedance.bgdt","version":"3.0.194"},{"name":"com.bytedance.starksdk.unitytools","version":"4.0.4"},{"name":"com.bytedance.starksdk","version":"6.0.8"}],"pageLimit":3,"channel":null,"license":"ti4rs/a/ReBbphgdUb7uow==","projectId":"com.ruixue.sdkpublic"}

[17:54:35][I][NoteManager] ws: >> start
[17:54:35][I][NoteManager] wss://bgutools.bytedance.com/v2/ws/note?token=
[17:54:35][I][NoteManager] ws: << end, Reason: An exception has occurred while attempting to connect.
[17:54:45][I][NoteManager] ws: >> start
[17:54:45][I][NoteManager] wss://bgutools.bytedance.com/v2/ws/note?token=
[17:54:45][I][NoteManager] ws: << end, Reason: An exception has occurred while attempting to connect.
[17:54:55][I][NoteManager] ws: >> start
[17:54:55][I][NoteManager] wss://bgutools.bytedance.com/v2/ws/note?token=
[17:54:55][I][NoteManager] ws: << end, Reason: An exception has occurred while attempting to connect.
[17:55:08][I][NoteManager] ws: >> start
[17:55:08][I][NoteManager] wss://bgutools.bytedance.com/v2/ws/note?token=
[17:55:08][I][NoteManager] ws: << end, Reason: An exception has occurred while attempting to connect.
[17:55:18][I][NoteManager] ws: >> start
[17:55:18][I][NoteManager] wss://bgutools.bytedance.com/v2/ws/note?token=
[17:55:18][I][NoteManager] ws: << end, Reason: An exception has occurred while attempting to connect.
[17:55:28][I][NoteManager] ws: >> start
[17:55:28][I][NoteManager] wss://bgutools.bytedance.com/v2/ws/note?token=
[17:55:28][I][NoteManager] ws: << end, Reason: An exception has occurred while attempting to connect.
[17:55:38][E][Request] Request error
Status: 0
Error: Unable to complete SSL connection
Text: Url: https://bgutools.bytedance.com/v2/tool_list?token=
Body: {"tools":[{"name":"com.bytedance.bgdt","version":"3.0.194"},{"name":"com.bytedance.starksdk.unitytools","version":"4.0.4"},{"name":"com.bytedance.starksdk","version":"6.0.8"}],"pageLimit":3,"channel":null,"license":"ti4rs/a/ReBbphgdUb7uow==","projectId":"com.ruixue.sdkpublic"}

[17:55:38][I][NoteManager] ws: >> start
[17:55:38][I][NoteManager] wss://bgutools.bytedance.com/v2/ws/note?token=
[17:55:38][I][NoteManager] ws: << end, Reason: An exception has occurred while attempting to connect.
[17:55:49][I][NoteManager] ws: >> start
[17:55:49][I][NoteManager] wss://bgutools.bytedance.com/v2/ws/note?token=
[17:55:49][I][NoteManager] ws: << end, Reason: An exception has occurred while attempting to connect.
[17:55:59][I][NoteManager] ws: >> start
[17:55:59][I][NoteManager] wss://bgutools.bytedance.com/v2/ws/note?token=
[17:55:59][I][NoteManager] ws: << end, Reason: An exception has occurred while attempting to connect.
[17:56:09][I][NoteManager] ws: >> start
[17:56:09][I][NoteManager] wss://bgutools.bytedance.com/v2/ws/note?token=
[17:56:09][I][NoteManager] ws: << end, Reason: An exception has occurred while attempting to connect.
[17:56:19][I][NoteManager] ws: >> start
[17:56:19][I][NoteManager] wss://bgutools.bytedance.com/v2/ws/note?token=
[17:56:19][I][NoteManager] ws: << end, Reason: An exception has occurred while attempting to connect.
[17:56:29][I][NoteManager] ws: >> start
[17:56:29][I][NoteManager] wss://bgutools.bytedance.com/v2/ws/note?token=
[17:56:29][I][NoteManager] ws: << end, Reason: An exception has occurred while attempting to connect.
[17:56:39][I][NoteManager] ws: >> start
[17:56:39][I][NoteManager] wss://bgutools.bytedance.com/v2/ws/note?token=
[17:56:39][I][NoteManager] ws: << end, Reason: An exception has occurred while attempting to connect.
[17:56:41][E][Request] Request error
Status: 0
Error: Unable to complete SSL connection
Text: Url: https://bgutools.bytedance.com/v2/tool_list?token=
Body: {"tools":[{"name":"com.bytedance.bgdt","version":"3.0.194"},{"name":"com.bytedance.starksdk.unitytools","version":"4.0.4"},{"name":"com.bytedance.starksdk","version":"6.0.8"}],"pageLimit":3,"channel":null,"license":"ti4rs/a/ReBbphgdUb7uow==","projectId":"com.ruixue.sdkpublic"}

[17:56:49][I][NoteManager] ws: >> start
[17:56:49][I][NoteManager] wss://bgutools.bytedance.com/v2/ws/note?token=
[17:56:49][I][NoteManager] ws: << end, Reason: An exception has occurred while attempting to connect.
[17:56:59][I][NoteManager] ws: >> start
[17:56:59][I][NoteManager] wss://bgutools.bytedance.com/v2/ws/note?token=
[17:57:00][I][NoteManager] ws: << end, Reason: An exception has occurred while attempting to connect.
[17:57:37][I][NoteManager] ws: >> start
[17:57:37][I][NoteManager] wss://bgutools.bytedance.com/v2/ws/note?token=
[17:57:37][I][NoteManager] ws: << end, Reason: An exception has occurred while attempting to connect.
[17:57:45][E][Request] Request error
Status: 0
Error: Unable to complete SSL connection
Text: Url: https://bgutools.bytedance.com/v2/tool_list?token=
Body: {"tools":[{"name":"com.bytedance.bgdt","version":"3.0.194"},{"name":"com.bytedance.starksdk.unitytools","version":"4.0.4"},{"name":"com.bytedance.starksdk","version":"6.0.8"}],"pageLimit":3,"channel":null,"license":"ti4rs/a/ReBbphgdUb7uow==","projectId":"com.ruixue.sdkpublic"}

[17:57:47][I][NoteManager] ws: >> start
[17:57:47][I][NoteManager] wss://bgutools.bytedance.com/v2/ws/note?token=
[17:57:47][I][NoteManager] ws: << end, Reason: An exception has occurred while attempting to connect.
[17:57:57][I][NoteManager] ws: >> start
[17:57:57][I][NoteManager] wss://bgutools.bytedance.com/v2/ws/note?token=
[17:57:57][I][NoteManager] ws: << end, Reason: An exception has occurred while attempting to connect.
[17:58:07][I][NoteManager] ws: >> start
[17:58:07][I][NoteManager] wss://bgutools.bytedance.com/v2/ws/note?token=
[17:58:07][I][NoteManager] ws: << end, Reason: An exception has occurred while attempting to connect.
[17:58:17][I][NoteManager] ws: >> start
[17:58:17][I][NoteManager] wss://bgutools.bytedance.com/v2/ws/note?token=
[17:58:17][I][NoteManager] ws: << end, Reason: An exception has occurred while attempting to connect.
[17:58:27][I][NoteManager] ws: >> start
[17:58:27][I][NoteManager] wss://bgutools.bytedance.com/v2/ws/note?token=
[17:58:27][I][NoteManager] ws: << end, Reason: An exception has occurred while attempting to connect.
[17:58:37][I][NoteManager] ws: >> start
[17:58:37][I][NoteManager] wss://bgutools.bytedance.com/v2/ws/note?token=
[17:58:38][I][NoteManager] ws: << end, Reason: An exception has occurred while attempting to connect.
[17:58:47][I][NoteManager] ws: >> start
[17:58:48][I][NoteManager] wss://bgutools.bytedance.com/v2/ws/note?token=
[17:58:48][I][NoteManager] ws: << end, Reason: An exception has occurred while attempting to connect.
[17:58:48][E][Request] Request error
Status: 0
Error: Unable to complete SSL connection
Text: Url: https://bgutools.bytedance.com/v2/tool_list?token=
Body: {"tools":[{"name":"com.bytedance.bgdt","version":"3.0.194"},{"name":"com.bytedance.starksdk.unitytools","version":"4.0.4"},{"name":"com.bytedance.starksdk","version":"6.0.8"}],"pageLimit":3,"channel":null,"license":"ti4rs/a/ReBbphgdUb7uow==","projectId":"com.ruixue.sdkpublic"}

[17:59:05][I][NoteManager] ws: >> start
[17:59:05][I][NoteManager] wss://bgutools.bytedance.com/v2/ws/note?token=
[17:59:05][I][NoteManager] ws: << end, Reason: An exception has occurred while attempting to connect.
[17:59:15][I][NoteManager] ws: >> start
[17:59:15][I][NoteManager] wss://bgutools.bytedance.com/v2/ws/note?token=
[17:59:15][I][NoteManager] ws: << end, Reason: An exception has occurred while attempting to connect.
[17:59:25][I][NoteManager] ws: >> start
[17:59:25][I][NoteManager] wss://bgutools.bytedance.com/v2/ws/note?token=
[17:59:25][I][NoteManager] ws: << end, Reason: An exception has occurred while attempting to connect.
[17:59:35][I][NoteManager] ws: >> start
[17:59:35][I][NoteManager] wss://bgutools.bytedance.com/v2/ws/note?token=
[17:59:35][I][NoteManager] ws: << end, Reason: An exception has occurred while attempting to connect.
[18:00:34][I][NoteManager] ws: >> start
[18:00:34][I][NoteManager] wss://bgutools.bytedance.com/v2/ws/note?token=
[18:00:34][I][NoteManager] ws: << end, Reason: An exception has occurred while attempting to connect.
[18:00:37][E][Request] Request error
Status: 0
Error: Unable to complete SSL connection
Text: Url: https://bgutools.bytedance.com/v2/tool_list?token=
Body: {"tools":[{"name":"com.bytedance.bgdt","version":"3.0.194"},{"name":"com.bytedance.starksdk.unitytools","version":"4.0.4"},{"name":"com.bytedance.starksdk","version":"6.0.8"}],"pageLimit":3,"channel":null,"license":"ti4rs/a/ReBbphgdUb7uow==","projectId":"com.ruixue.sdkpublic"}

[18:00:44][I][NoteManager] ws: >> start
[18:00:44][I][NoteManager] wss://bgutools.bytedance.com/v2/ws/note?token=
[18:00:44][I][NoteManager] ws: << end, Reason: An exception has occurred while attempting to connect.
[18:05:35][I][NoteManager] ws: >> start
[18:05:35][I][NoteManager] wss://bgutools.bytedance.com/v2/ws/note?token=
[18:05:35][I][NoteManager] ws: << end, Reason: An exception has occurred while attempting to connect.
[18:05:39][E][Request] Request error
Status: 0
Error: Unable to complete SSL connection
Text: Url: https://bgutools.bytedance.com/v2/tool_list?token=
Body: {"tools":[{"name":"com.bytedance.bgdt","version":"3.0.194"},{"name":"com.bytedance.starksdk.unitytools","version":"4.0.4"},{"name":"com.bytedance.starksdk","version":"6.0.8"}],"pageLimit":3,"channel":null,"license":"ti4rs/a/ReBbphgdUb7uow==","projectId":"com.ruixue.sdkpublic"}

[18:05:45][I][NoteManager] ws: >> start
[18:05:45][I][NoteManager] wss://bgutools.bytedance.com/v2/ws/note?token=
[18:05:45][I][NoteManager] ws: << end, Reason: An exception has occurred while attempting to connect.
[18:05:55][I][NoteManager] ws: >> start
[18:05:55][I][NoteManager] wss://bgutools.bytedance.com/v2/ws/note?token=
[18:05:55][I][NoteManager] ws: << end, Reason: An exception has occurred while attempting to connect.
[18:06:40][I][NoteManager] ws: >> start
[18:06:40][I][NoteManager] wss://bgutools.bytedance.com/v2/ws/note?token=
[18:06:40][I][NoteManager] ws: << end, Reason: An exception has occurred while attempting to connect.
[18:06:43][E][Request] Request error
Status: 0
Error: Unable to complete SSL connection
Text: Url: https://bgutools.bytedance.com/v2/tool_list?token=
Body: {"tools":[{"name":"com.bytedance.bgdt","version":"3.0.194"},{"name":"com.bytedance.starksdk.unitytools","version":"4.0.4"},{"name":"com.bytedance.starksdk","version":"6.0.8"}],"pageLimit":3,"channel":null,"license":"ti4rs/a/ReBbphgdUb7uow==","projectId":"com.ruixue.sdkpublic"}

[18:06:50][I][NoteManager] ws: >> start
[18:06:50][I][NoteManager] wss://bgutools.bytedance.com/v2/ws/note?token=
[18:06:50][I][NoteManager] ws: << end, Reason: An exception has occurred while attempting to connect.
[18:07:00][I][NoteManager] ws: >> start
[18:07:00][I][NoteManager] wss://bgutools.bytedance.com/v2/ws/note?token=
[18:07:00][I][NoteManager] ws: << end, Reason: An exception has occurred while attempting to connect.
[18:07:10][I][NoteManager] ws: >> start
[18:07:10][I][NoteManager] wss://bgutools.bytedance.com/v2/ws/note?token=
[18:07:10][I][NoteManager] ws: << end, Reason: An exception has occurred while attempting to connect.
[18:07:23][I][NoteManager] ws: >> start
[18:07:23][I][NoteManager] wss://bgutools.bytedance.com/v2/ws/note?token=
[18:07:23][I][NoteManager] ws: << end, Reason: An exception has occurred while attempting to connect.
[18:07:33][I][NoteManager] ws: >> start
[18:07:33][I][NoteManager] wss://bgutools.bytedance.com/v2/ws/note?token=
[18:07:33][I][NoteManager] ws: << end, Reason: An exception has occurred while attempting to connect.
[18:07:43][I][NoteManager] ws: >> start
[18:07:43][I][NoteManager] wss://bgutools.bytedance.com/v2/ws/note?token=
[18:07:43][I][NoteManager] ws: << end, Reason: An exception has occurred while attempting to connect.
[18:07:47][E][Request] Request error
Status: 0
Error: Unable to complete SSL connection
Text: Url: https://bgutools.bytedance.com/v2/tool_list?token=
Body: {"tools":[{"name":"com.bytedance.bgdt","version":"3.0.194"},{"name":"com.bytedance.starksdk.unitytools","version":"4.0.4"},{"name":"com.bytedance.starksdk","version":"6.0.8"}],"pageLimit":3,"channel":null,"license":"ti4rs/a/ReBbphgdUb7uow==","projectId":"com.ruixue.sdkpublic"}

[18:07:53][I][NoteManager] ws: >> start
[18:07:53][I][NoteManager] wss://bgutools.bytedance.com/v2/ws/note?token=
[18:07:53][I][NoteManager] ws: << end, Reason: An exception has occurred while attempting to connect.
[18:10:18][I][NoteManager] ws: >> start
[18:10:18][I][NoteManager] wss://bgutools.bytedance.com/v2/ws/note?token=
[18:10:18][I][NoteManager] ws: << end, Reason: An exception has occurred while attempting to connect.
[18:10:21][E][Request] Request error
Status: 0
Error: Unable to complete SSL connection
Text: Url: https://bgutools.bytedance.com/v2/tool_list?token=
Body: {"tools":[{"name":"com.bytedance.bgdt","version":"3.0.194"},{"name":"com.bytedance.starksdk.unitytools","version":"4.0.4"},{"name":"com.bytedance.starksdk","version":"6.0.8"}],"pageLimit":3,"channel":null,"license":"ti4rs/a/ReBbphgdUb7uow==","projectId":"com.ruixue.sdkpublic"}

[18:10:28][I][NoteManager] ws: >> start
[18:10:28][I][NoteManager] wss://bgutools.bytedance.com/v2/ws/note?token=
[18:10:28][I][NoteManager] ws: << end, Reason: An exception has occurred while attempting to connect.
[18:10:38][I][NoteManager] ws: >> start
[18:10:38][I][NoteManager] wss://bgutools.bytedance.com/v2/ws/note?token=
[18:10:38][I][NoteManager] ws: << end, Reason: An exception has occurred while attempting to connect.
[18:10:48][I][NoteManager] ws: >> start
[18:10:48][I][NoteManager] wss://bgutools.bytedance.com/v2/ws/note?token=
[18:10:48][I][NoteManager] ws: << end, Reason: An exception has occurred while attempting to connect.
[18:10:58][I][NoteManager] ws: >> start
[18:10:58][I][NoteManager] wss://bgutools.bytedance.com/v2/ws/note?token=
[18:10:58][I][NoteManager] ws: << end, Reason: An exception has occurred while attempting to connect.
[18:12:46][I][NoteManager] ws: >> start
[18:12:46][I][NoteManager] wss://bgutools.bytedance.com/v2/ws/note?token=
[18:12:46][I][NoteManager] ws: << end, Reason: An exception has occurred while attempting to connect.
[18:12:50][E][Request] Request error
Status: 0
Error: Unable to complete SSL connection
Text: Url: https://bgutools.bytedance.com/v2/tool_list?token=
Body: {"tools":[{"name":"com.bytedance.bgdt","version":"3.0.194"},{"name":"com.bytedance.starksdk.unitytools","version":"4.0.4"},{"name":"com.bytedance.starksdk","version":"6.0.8"}],"pageLimit":3,"channel":null,"license":"ti4rs/a/ReBbphgdUb7uow==","projectId":"com.ruixue.sdkpublic"}

[18:12:56][I][NoteManager] ws: >> start
[18:12:56][I][NoteManager] wss://bgutools.bytedance.com/v2/ws/note?token=
[18:12:56][I][NoteManager] ws: << end, Reason: An exception has occurred while attempting to connect.
[18:13:06][I][NoteManager] ws: >> start
[18:13:06][I][NoteManager] wss://bgutools.bytedance.com/v2/ws/note?token=
[18:13:06][I][NoteManager] ws: << end, Reason: An exception has occurred while attempting to connect.
[18:13:16][I][NoteManager] ws: >> start
[18:13:16][I][NoteManager] wss://bgutools.bytedance.com/v2/ws/note?token=
[18:13:16][I][NoteManager] ws: << end, Reason: An exception has occurred while attempting to connect.
[18:13:26][I][NoteManager] ws: >> start
[18:13:27][I][NoteManager] wss://bgutools.bytedance.com/v2/ws/note?token=
[18:13:27][I][NoteManager] ws: << end, Reason: An exception has occurred while attempting to connect.
[18:14:21][I][NoteManager] ws: >> start
[18:14:21][I][NoteManager] wss://bgutools.bytedance.com/v2/ws/note?token=
[18:14:21][I][NoteManager] ws: << end, Reason: An exception has occurred while attempting to connect.
[18:14:23][E][Request] Request error
Status: 0
Error: Unable to complete SSL connection
Text: Url: https://bgutools.bytedance.com/v2/tool_list?token=
Body: {"tools":[{"name":"com.bytedance.bgdt","version":"3.0.194"},{"name":"com.bytedance.starksdk.unitytools","version":"4.0.4"},{"name":"com.bytedance.starksdk","version":"6.0.8"}],"pageLimit":3,"channel":null,"license":"ti4rs/a/ReBbphgdUb7uow==","projectId":"com.ruixue.sdkpublic"}

[18:14:35][I][NoteManager] ws: >> start
[18:14:35][I][NoteManager] wss://bgutools.bytedance.com/v2/ws/note?token=
[18:14:35][I][NoteManager] ws: << end, Reason: An exception has occurred while attempting to connect.
[18:14:45][I][NoteManager] ws: >> start
[18:14:45][I][NoteManager] wss://bgutools.bytedance.com/v2/ws/note?token=
[18:14:45][I][NoteManager] ws: << end, Reason: An exception has occurred while attempting to connect.
[18:14:55][I][NoteManager] ws: >> start
[18:14:55][I][NoteManager] wss://bgutools.bytedance.com/v2/ws/note?token=
[18:14:55][I][NoteManager] ws: << end, Reason: An exception has occurred while attempting to connect.
[18:15:05][I][NoteManager] ws: >> start
[18:15:05][I][NoteManager] wss://bgutools.bytedance.com/v2/ws/note?token=
[18:15:05][I][NoteManager] ws: << end, Reason: An exception has occurred while attempting to connect.
[18:16:16][I][NoteManager] ws: >> start
[18:16:16][I][NoteManager] wss://bgutools.bytedance.com/v2/ws/note?token=
[18:16:16][I][NoteManager] ws: << end, Reason: An exception has occurred while attempting to connect.
[18:16:20][E][Request] Request error
Status: 0
Error: Unable to complete SSL connection
Text: Url: https://bgutools.bytedance.com/v2/tool_list?token=
Body: {"tools":[{"name":"com.bytedance.bgdt","version":"3.0.194"},{"name":"com.bytedance.starksdk.unitytools","version":"4.0.4"},{"name":"com.bytedance.starksdk","version":"6.0.8"}],"pageLimit":3,"channel":null,"license":"ti4rs/a/ReBbphgdUb7uow==","projectId":"com.ruixue.sdkpublic"}

[18:16:26][I][NoteManager] ws: >> start
[18:16:26][I][NoteManager] wss://bgutools.bytedance.com/v2/ws/note?token=
[18:16:26][I][NoteManager] ws: << end, Reason: An exception has occurred while attempting to connect.
[18:16:36][I][NoteManager] ws: >> start
[18:16:36][I][NoteManager] wss://bgutools.bytedance.com/v2/ws/note?token=
[18:16:36][I][NoteManager] ws: << end, Reason: An exception has occurred while attempting to connect.
[18:16:46][I][NoteManager] ws: >> start
[18:16:46][I][NoteManager] wss://bgutools.bytedance.com/v2/ws/note?token=
[18:16:46][I][NoteManager] ws: << end, Reason: An exception has occurred while attempting to connect.
[18:16:56][I][NoteManager] ws: >> start
[18:16:57][I][NoteManager] wss://bgutools.bytedance.com/v2/ws/note?token=
[18:16:57][I][NoteManager] ws: << end, Reason: An exception has occurred while attempting to connect.
[18:17:07][I][NoteManager] ws: >> start
[18:17:07][I][NoteManager] wss://bgutools.bytedance.com/v2/ws/note?token=
[18:17:07][I][NoteManager] ws: << end, Reason: An exception has occurred while attempting to connect.
[18:17:17][I][NoteManager] ws: >> start
[18:17:17][I][NoteManager] wss://bgutools.bytedance.com/v2/ws/note?token=
[18:17:17][I][NoteManager] ws: << end, Reason: An exception has occurred while attempting to connect.
[18:18:01][I][NoteManager] ws: >> start
[18:18:02][I][NoteManager] wss://bgutools.bytedance.com/v2/ws/note?token=
[18:18:02][I][NoteManager] ws: << end, Reason: An exception has occurred while attempting to connect.
[18:18:04][E][Request] Request error
Status: 0
Error: Unable to complete SSL connection
Text: Url: https://bgutools.bytedance.com/v2/tool_list?token=
Body: {"tools":[{"name":"com.bytedance.bgdt","version":"3.0.194"},{"name":"com.bytedance.starksdk.unitytools","version":"4.0.4"},{"name":"com.bytedance.starksdk","version":"6.0.8"}],"pageLimit":3,"channel":null,"license":"ti4rs/a/ReBbphgdUb7uow==","projectId":"com.ruixue.sdkpublic"}

[18:18:12][I][NoteManager] ws: >> start
[18:18:12][I][NoteManager] wss://bgutools.bytedance.com/v2/ws/note?token=
[18:18:12][I][NoteManager] ws: << end, Reason: An exception has occurred while attempting to connect.
[18:18:22][I][NoteManager] ws: >> start
[18:18:22][I][NoteManager] wss://bgutools.bytedance.com/v2/ws/note?token=
[18:18:22][I][NoteManager] ws: << end, Reason: An exception has occurred while attempting to connect.
[18:19:18][I][NoteManager] ws: >> start
[18:19:18][I][NoteManager] wss://bgutools.bytedance.com/v2/ws/note?token=
[18:19:18][I][NoteManager] ws: << end, Reason: An exception has occurred while attempting to connect.
[18:19:20][E][Request] Request error
Status: 0
Error: Unable to complete SSL connection
Text: Url: https://bgutools.bytedance.com/v2/tool_list?token=
Body: {"tools":[{"name":"com.bytedance.bgdt","version":"3.0.194"},{"name":"com.bytedance.starksdk.unitytools","version":"4.0.4"},{"name":"com.bytedance.starksdk","version":"6.0.8"}],"pageLimit":3,"channel":null,"license":"ti4rs/a/ReBbphgdUb7uow==","projectId":"com.ruixue.sdkpublic"}

[18:19:28][I][NoteManager] ws: >> start
[18:19:28][I][NoteManager] wss://bgutools.bytedance.com/v2/ws/note?token=
[18:19:28][I][NoteManager] ws: << end, Reason: An exception has occurred while attempting to connect.
[18:19:38][I][NoteManager] ws: >> start
[18:19:38][I][NoteManager] wss://bgutools.bytedance.com/v2/ws/note?token=
[18:19:38][I][NoteManager] ws: << end, Reason: An exception has occurred while attempting to connect.
[18:19:48][I][NoteManager] ws: >> start
[18:19:49][I][NoteManager] wss://bgutools.bytedance.com/v2/ws/note?token=
[18:19:49][I][NoteManager] ws: << end, Reason: An exception has occurred while attempting to connect.
[18:27:33][I][NoteManager] ws: >> start
[18:27:33][I][NoteManager] wss://bgutools.bytedance.com/v2/ws/note?token=
[18:27:34][I][NoteManager] ws: << end, Reason: An exception has occurred while attempting to connect.
[18:27:37][E][Request] Request error
Status: 0
Error: Unable to complete SSL connection
Text: Url: https://bgutools.bytedance.com/v2/tool_list?token=
Body: {"tools":[{"name":"com.bytedance.bgdt","version":"3.0.194"},{"name":"com.bytedance.starksdk.unitytools","version":"4.0.4"},{"name":"com.bytedance.starksdk","version":"6.0.8"}],"pageLimit":3,"channel":null,"license":"ti4rs/a/ReBbphgdUb7uow==","projectId":"com.ruixue.sdkpublic"}

[18:27:43][I][NoteManager] ws: >> start
[18:27:44][I][NoteManager] wss://bgutools.bytedance.com/v2/ws/note?token=
[18:27:44][I][NoteManager] ws: connected
[18:27:44][I][NoteManager] ws: client info >
[18:27:44][I][NoteManager] ws: send client info ok
[18:39:27][I][NoteManager] ws: << end, Reason: An exception has occurred while receiving.
[18:39:37][I][NoteManager] ws: >> start
[18:39:37][I][NoteManager] wss://bgutools.bytedance.com/v2/ws/note?token=
[18:39:37][I][NoteManager] ws: connected
[18:39:37][I][NoteManager] ws: client info >
[18:39:37][I][NoteManager] ws: send client info ok
[18:49:37][I][NoteManager] ws: << end, Reason: An exception has occurred while receiving.
[18:49:47][I][NoteManager] ws: >> start
[18:49:47][I][NoteManager] wss://bgutools.bytedance.com/v2/ws/note?token=
[18:49:47][I][NoteManager] ws: connected
[18:49:47][I][NoteManager] ws: client info >
[18:49:47][I][NoteManager] ws: send client info ok
[18:59:47][I][NoteManager] ws: << end, Reason: An exception has occurred while receiving.
[18:59:57][I][NoteManager] ws: >> start
[18:59:57][I][NoteManager] wss://bgutools.bytedance.com/v2/ws/note?token=
[18:59:58][I][NoteManager] ws: connected
[18:59:58][I][NoteManager] ws: client info >
[18:59:58][I][NoteManager] ws: send client info ok
