[15:17:47][I][AuthService] StartWebServer at port : 59119
[15:17:47][I][CoreLoadManager] core loaded !!!!!
[15:17:47][I][NoteManager] ws: >> start
[15:17:47][I][NoteManager] wss://bgutools.bytedance.com/v2/ws/note?token=
[15:17:47][I][NoteManager] ws: >> start
[15:17:47][I][NoteManager] wss://bgutools.bytedance.com/v2/ws/note?token=
[15:17:48][I][NoteManager] ws: connected
[15:17:48][I][NoteManager] ws: client info >
[15:17:48][I][NoteManager] ws: send client info ok
[15:27:48][I][NoteManager] ws: << end, Reason: An exception has occurred while receiving.
[15:27:58][I][NoteManager] ws: >> start
[15:27:58][I][NoteManager] wss://bgutools.bytedance.com/v2/ws/note?token=
[15:27:58][I][NoteManager] ws: connected
[15:27:58][I][NoteManager] ws: client info >
[15:27:58][I][NoteManager] ws: send client info ok
[15:37:58][I][NoteManager] ws: << end, Reason: An exception has occurred while receiving.
[15:38:08][I][NoteManager] ws: >> start
[15:38:08][I][NoteManager] wss://bgutools.bytedance.com/v2/ws/note?token=
[15:38:09][I][NoteManager] ws: connected
[15:38:09][I][NoteManager] ws: client info >
[15:38:09][I][NoteManager] ws: send client info ok
