[16:52:12][I][AuthService] StartWebServer at port : 63149
[16:52:12][I][CoreLoadManager] core loaded !!!!!
[16:52:12][I][NoteManager] ws: >> start
[16:52:12][I][NoteManager] wss://bgutools.bytedance.com/v2/ws/note?token=
[16:52:12][I][NoteManager] ws: << end, Reason: An exception has occurred while attempting to connect.
[16:52:12][E][Request] Request error
Status: 0
Error: Unable to complete SSL connection
Text: Url: https://bgutools.bytedance.com/v2/tool_list?token=
Body: {"tools":[{"name":"com.bytedance.bgdt","version":"3.0.194"},{"name":"com.bytedance.starksdk.unitytools","version":"4.0.4"},{"name":"com.bytedance.starksdk","version":"6.0.8"}],"pageLimit":3,"channel":null,"license":"ti4rs/a/ReBbphgdUb7uow==","projectId":"com.ruixue.sdkpublic"}

[16:52:13][I][NoteManager] ws: >> start
[16:52:13][I][NoteManager] wss://bgutools.bytedance.com/v2/ws/note?token=
[16:52:15][I][NoteManager] ws: connected
[16:52:15][I][NoteManager] ws: client info >
[16:52:15][I][NoteManager] ws: send client info ok
[16:54:13][I][NoteManager] ws: << end, Reason: An exception has occurred while receiving.
[16:54:23][I][NoteManager] ws: >> start
[16:54:23][I][NoteManager] wss://bgutools.bytedance.com/v2/ws/note?token=
[16:54:24][I][NoteManager] ws: connected
[16:54:24][I][NoteManager] ws: client info >
[16:54:24][I][NoteManager] ws: send client info ok
[16:56:30][I][NoteManager] ws: << end, Reason: An exception has occurred while receiving.
[16:56:40][I][NoteManager] ws: >> start
[16:56:40][I][NoteManager] wss://bgutools.bytedance.com/v2/ws/note?token=
[16:56:40][I][NoteManager] ws: << end, Reason: An exception has occurred while attempting to connect.
[16:56:50][I][NoteManager] ws: >> start
[16:56:50][I][NoteManager] wss://bgutools.bytedance.com/v2/ws/note?token=
[16:56:52][I][NoteManager] ws: connected
[16:56:52][I][NoteManager] ws: client info >
[16:56:52][I][NoteManager] ws: send client info ok
[16:58:42][I][NoteManager] ws: << end, Reason: An exception has occurred while receiving.
[16:58:52][I][NoteManager] ws: >> start
[16:58:52][I][NoteManager] wss://bgutools.bytedance.com/v2/ws/note?token=
[16:58:55][I][NoteManager] ws: connected
[16:58:55][I][NoteManager] ws: client info >
[16:58:55][I][NoteManager] ws: send client info ok
[17:01:02][I][NoteManager] ws: << end, Reason: An exception has occurred while receiving.
[17:01:12][I][NoteManager] ws: >> start
[17:01:12][I][NoteManager] wss://bgutools.bytedance.com/v2/ws/note?token=
[17:01:14][I][NoteManager] ws: connected
[17:01:14][I][NoteManager] ws: client info >
[17:01:14][I][NoteManager] ws: send client info ok
[17:03:17][I][NoteManager] ws: << end, Reason: An exception has occurred while receiving.
[17:03:27][I][NoteManager] ws: >> start
[17:03:27][I][NoteManager] wss://bgutools.bytedance.com/v2/ws/note?token=
[17:03:31][I][NoteManager] ws: connected
[17:03:31][I][NoteManager] ws: client info >
[17:03:31][I][NoteManager] ws: send client info ok
[17:05:33][I][NoteManager] ws: << end, Reason: An exception has occurred while receiving.
[17:05:43][I][NoteManager] ws: >> start
[17:05:43][I][NoteManager] wss://bgutools.bytedance.com/v2/ws/note?token=
[17:05:46][I][NoteManager] ws: connected
[17:05:46][I][NoteManager] ws: client info >
[17:05:46][I][NoteManager] ws: send client info ok
[17:07:51][I][NoteManager] ws: << end, Reason: An exception has occurred while receiving.
[17:08:01][I][NoteManager] ws: >> start
[17:08:01][I][NoteManager] wss://bgutools.bytedance.com/v2/ws/note?token=
[17:08:02][I][NoteManager] ws: connected
[17:08:02][I][NoteManager] ws: client info >
[17:08:02][I][NoteManager] ws: send client info ok
[17:10:55][I][NoteManager] ws: << end, Reason: An exception has occurred while receiving.
[17:11:05][I][NoteManager] ws: >> start
[17:11:05][I][NoteManager] wss://bgutools.bytedance.com/v2/ws/note?token=
[17:11:06][I][NoteManager] ws: connected
[17:11:06][I][NoteManager] ws: client info >
[17:11:06][I][NoteManager] ws: send client info ok
