[14:09:47][I][AuthService] StartWebServer at port : 61722
[14:09:47][I][CoreLoadManager] core loaded !!!!!
[14:09:48][I][NoteManager] ws: >> start
[14:09:48][I][NoteManager] wss://bgutools.bytedance.com/v2/ws/note?token=
[14:09:48][I][NoteManager] ws: >> start
[14:09:48][I][NoteManager] wss://bgutools.bytedance.com/v2/ws/note?token=
[14:09:48][I][NoteManager] ws: connected
[14:09:48][I][NoteManager] ws: client info >
[14:09:48][I][NoteManager] ws: send client info ok
[14:19:48][I][NoteManager] ws: << end, Reason: An exception has occurred while receiving.
[14:19:58][I][NoteManager] ws: >> start
[14:19:58][I][NoteManager] wss://bgutools.bytedance.com/v2/ws/note?token=
[14:19:58][I][NoteManager] ws: connected
[14:19:58][I][NoteManager] ws: client info >
[14:19:58][I][NoteManager] ws: send client info ok
[14:29:58][I][NoteManager] ws: << end, Reason: An exception has occurred while receiving.
[14:30:08][I][NoteManager] ws: >> start
[14:30:08][I][NoteManager] wss://bgutools.bytedance.com/v2/ws/note?token=
[14:30:09][I][NoteManager] ws: connected
[14:30:09][I][NoteManager] ws: client info >
[14:30:09][I][NoteManager] ws: send client info ok
[14:40:09][I][NoteManager] ws: << end, Reason: An exception has occurred while receiving.
[14:40:19][I][NoteManager] ws: >> start
[14:40:19][I][NoteManager] wss://bgutools.bytedance.com/v2/ws/note?token=
[14:40:19][I][NoteManager] ws: connected
[14:40:19][I][NoteManager] ws: client info >
[14:40:19][I][NoteManager] ws: send client info ok
[14:50:19][I][NoteManager] ws: << end, Reason: An exception has occurred while receiving.
[14:50:29][I][NoteManager] ws: >> start
[14:50:29][I][NoteManager] wss://bgutools.bytedance.com/v2/ws/note?token=
[14:50:29][I][NoteManager] ws: connected
[14:50:29][I][NoteManager] ws: client info >
[14:50:29][I][NoteManager] ws: send client info ok
[15:00:29][I][NoteManager] ws: << end, Reason: An exception has occurred while receiving.
[15:00:39][I][NoteManager] ws: >> start
[15:00:39][I][NoteManager] wss://bgutools.bytedance.com/v2/ws/note?token=
[15:00:39][I][NoteManager] ws: connected
[15:00:39][I][NoteManager] ws: client info >
[15:00:39][I][NoteManager] ws: send client info ok
[15:10:39][I][NoteManager] ws: << end, Reason: An exception has occurred while receiving.
[15:10:49][I][NoteManager] ws: >> start
[15:10:49][I][NoteManager] wss://bgutools.bytedance.com/v2/ws/note?token=
[15:10:50][I][NoteManager] ws: connected
[15:10:50][I][NoteManager] ws: client info >
[15:10:50][I][NoteManager] ws: send client info ok
[15:20:50][I][NoteManager] ws: << end, Reason: An exception has occurred while receiving.
[15:21:00][I][NoteManager] ws: >> start
[15:21:00][I][NoteManager] wss://bgutools.bytedance.com/v2/ws/note?token=
[15:21:00][I][NoteManager] ws: connected
[15:21:00][I][NoteManager] ws: client info >
[15:21:00][I][NoteManager] ws: send client info ok
[15:31:00][I][NoteManager] ws: << end, Reason: An exception has occurred while receiving.
[15:31:10][I][NoteManager] ws: >> start
[15:31:10][I][NoteManager] wss://bgutools.bytedance.com/v2/ws/note?token=
[15:31:10][I][NoteManager] ws: connected
[15:31:10][I][NoteManager] ws: client info >
[15:31:10][I][NoteManager] ws: send client info ok
[15:41:10][I][NoteManager] ws: << end, Reason: An exception has occurred while receiving.
[15:41:20][I][NoteManager] ws: >> start
[15:41:21][I][NoteManager] wss://bgutools.bytedance.com/v2/ws/note?token=
[15:41:21][I][NoteManager] ws: connected
[15:41:21][I][NoteManager] ws: client info >
[15:41:21][I][NoteManager] ws: send client info ok
[15:51:21][I][NoteManager] ws: << end, Reason: An exception has occurred while receiving.
[15:51:31][I][NoteManager] ws: >> start
[15:51:31][I][NoteManager] wss://bgutools.bytedance.com/v2/ws/note?token=
[15:51:31][I][NoteManager] ws: connected
[15:51:31][I][NoteManager] ws: client info >
[15:51:31][I][NoteManager] ws: send client info ok
[16:01:31][I][NoteManager] ws: << end, Reason: An exception has occurred while receiving.
[16:01:41][I][NoteManager] ws: >> start
[16:01:41][I][NoteManager] wss://bgutools.bytedance.com/v2/ws/note?token=
[16:01:41][I][NoteManager] ws: connected
[16:01:41][I][NoteManager] ws: client info >
[16:01:41][I][NoteManager] ws: send client info ok
[16:11:41][I][NoteManager] ws: << end, Reason: An exception has occurred while receiving.
[16:11:51][I][NoteManager] ws: >> start
[16:11:51][I][NoteManager] wss://bgutools.bytedance.com/v2/ws/note?token=
[16:11:52][I][NoteManager] ws: connected
[16:11:52][I][NoteManager] ws: client info >
[16:11:52][I][NoteManager] ws: send client info ok
