[13:04:37][I][AuthService] StartWebServer at port : 54639
[13:04:37][I][CoreLoadManager] core loaded !!!!!
[13:04:38][I][NoteManager] ws: >> start
[13:04:38][I][NoteManager] wss://bgutools.bytedance.com/v2/ws/note?token=
[13:04:38][I][NoteManager] ws: connected
[13:04:38][I][NoteManager] ws: client info >
[13:04:38][I][NoteManager] ws: send client info ok
[13:14:38][I][NoteManager] ws: << end, Reason: An exception has occurred while receiving.
[13:14:48][I][NoteManager] ws: >> start
[13:14:48][I][NoteManager] wss://bgutools.bytedance.com/v2/ws/note?token=
[13:14:49][I][NoteManager] ws: connected
[13:14:49][I][NoteManager] ws: client info >
[13:14:49][I][NoteManager] ws: send client info ok
[13:24:49][I][NoteManager] ws: << end, Reason: An exception has occurred while receiving.
[13:24:59][I][NoteManager] ws: >> start
[13:24:59][I][NoteManager] wss://bgutools.bytedance.com/v2/ws/note?token=
[13:24:59][I][NoteManager] ws: connected
[13:24:59][I][NoteManager] ws: client info >
[13:24:59][I][NoteManager] ws: send client info ok
[13:34:59][I][NoteManager] ws: << end, Reason: An exception has occurred while receiving.
[13:35:09][I][NoteManager] ws: >> start
[13:35:09][I][NoteManager] wss://bgutools.bytedance.com/v2/ws/note?token=
[13:35:09][I][NoteManager] ws: connected
[13:35:09][I][NoteManager] ws: client info >
[13:35:09][I][NoteManager] ws: send client info ok
[13:45:09][I][NoteManager] ws: << end, Reason: An exception has occurred while receiving.
[13:45:19][I][NoteManager] ws: >> start
[13:45:19][I][NoteManager] wss://bgutools.bytedance.com/v2/ws/note?token=
[13:45:19][I][NoteManager] ws: connected
[13:45:19][I][NoteManager] ws: client info >
[13:45:19][I][NoteManager] ws: send client info ok
[13:55:19][I][NoteManager] ws: << end, Reason: An exception has occurred while receiving.
[13:55:29][I][NoteManager] ws: >> start
[13:55:29][I][NoteManager] wss://bgutools.bytedance.com/v2/ws/note?token=
[13:55:30][I][NoteManager] ws: connected
[13:55:30][I][NoteManager] ws: client info >
[13:55:30][I][NoteManager] ws: send client info ok
[14:05:30][I][NoteManager] ws: << end, Reason: An exception has occurred while receiving.
[14:05:40][I][NoteManager] ws: >> start
[14:05:40][I][NoteManager] wss://bgutools.bytedance.com/v2/ws/note?token=
[14:05:40][I][NoteManager] ws: connected
[14:05:40][I][NoteManager] ws: client info >
[14:05:40][I][NoteManager] ws: send client info ok
[14:15:40][I][NoteManager] ws: << end, Reason: An exception has occurred while receiving.
[14:15:50][I][NoteManager] ws: >> start
[14:15:50][I][NoteManager] wss://bgutools.bytedance.com/v2/ws/note?token=
[14:15:50][I][NoteManager] ws: connected
[14:15:50][I][NoteManager] ws: client info >
[14:15:50][I][NoteManager] ws: send client info ok
[14:19:17][E][Request] Request error
Status: 0
Error: Unknown Error
Text: Url: https://bgutools.bytedance.com/v2/tool_list?token=
Body: {"tools":[{"name":"com.bytedance.bgdt","version":"3.0.194"},{"name":"com.bytedance.starksdk.unitytools","version":"4.0.4"},{"name":"com.bytedance.starksdk","version":"6.0.8"}],"pageLimit":3,"channel":null,"license":"ti4rs/a/ReBbphgdUb7uow==","projectId":"com.ruixue.sdkpublic"}

[14:25:50][I][NoteManager] ws: << end, Reason: An exception has occurred while receiving.
[14:26:00][I][NoteManager] ws: >> start
[14:26:00][I][NoteManager] wss://bgutools.bytedance.com/v2/ws/note?token=
[14:26:00][I][NoteManager] ws: connected
[14:26:00][I][NoteManager] ws: client info >
[14:26:00][I][NoteManager] ws: send client info ok
[14:36:00][I][NoteManager] ws: << end, Reason: An exception has occurred while receiving.
[14:36:10][I][NoteManager] ws: >> start
[14:36:11][I][NoteManager] wss://bgutools.bytedance.com/v2/ws/note?token=
[14:36:11][I][NoteManager] ws: connected
[14:36:11][I][NoteManager] ws: client info >
[14:36:11][I][NoteManager] ws: send client info ok
