[16:06:34][I][AuthService] StartWebServer at port : 55978
[16:06:35][I][CoreLoadManager] core loaded !!!!!
[16:06:35][I][NoteManager] ws: >> start
[16:06:35][I][NoteManager] wss://bgutools.bytedance.com/v2/ws/note?token=
[16:06:35][I][NoteManager] ws: >> start
[16:06:35][I][NoteManager] wss://bgutools.bytedance.com/v2/ws/note?token=
[16:06:35][I][NoteManager] ws: connected
[16:06:35][I][NoteManager] ws: client info >
[16:06:35][I][NoteManager] ws: send client info ok
[16:16:35][I][NoteManager] ws: << end, Reason: An exception has occurred while receiving.
[16:16:45][I][NoteManager] ws: >> start
[16:16:45][I][NoteManager] wss://bgutools.bytedance.com/v2/ws/note?token=
[16:16:45][I][NoteManager] ws: connected
[16:16:45][I][NoteManager] ws: client info >
[16:16:45][I][NoteManager] ws: send client info ok
[16:26:45][I][NoteManager] ws: << end, Reason: An exception has occurred while receiving.
[16:26:55][I][NoteManager] ws: >> start
[16:26:55][I][NoteManager] wss://bgutools.bytedance.com/v2/ws/note?token=
[16:26:56][I][NoteManager] ws: connected
[16:26:56][I][NoteManager] ws: client info >
[16:26:56][I][NoteManager] ws: send client info ok
[16:36:56][I][NoteManager] ws: << end, Reason: An exception has occurred while receiving.
[16:37:06][I][NoteManager] ws: >> start
[16:37:06][I][NoteManager] wss://bgutools.bytedance.com/v2/ws/note?token=
[16:37:06][I][NoteManager] ws: connected
[16:37:06][I][NoteManager] ws: client info >
[16:37:06][I][NoteManager] ws: send client info ok
[16:47:06][I][NoteManager] ws: << end, Reason: An exception has occurred while receiving.
[16:47:16][I][NoteManager] ws: >> start
[16:47:16][I][NoteManager] wss://bgutools.bytedance.com/v2/ws/note?token=
[16:47:16][I][NoteManager] ws: connected
[16:47:16][I][NoteManager] ws: client info >
[16:47:16][I][NoteManager] ws: send client info ok
[16:57:16][I][NoteManager] ws: << end, Reason: An exception has occurred while receiving.
[16:57:26][I][NoteManager] ws: >> start
[16:57:26][I][NoteManager] wss://bgutools.bytedance.com/v2/ws/note?token=
[16:57:27][I][NoteManager] ws: connected
[16:57:27][I][NoteManager] ws: client info >
[16:57:27][I][NoteManager] ws: send client info ok
