[16:50:59][I][AuthService] StartWebServer at port : 60497
[16:50:59][I][CoreLoadManager] core loaded !!!!!
[16:50:59][I][NoteManager] ws: >> start
[16:50:59][I][NoteManager] wss://bgutools.bytedance.com/v2/ws/note?token=
[16:50:59][I][NoteManager] ws: >> start
[16:50:59][I][NoteManager] wss://bgutools.bytedance.com/v2/ws/note?token=
[16:50:59][I][NoteManager] ws: connected
[16:50:59][I][NoteManager] ws: client info >
[16:50:59][I][NoteManager] ws: send client info ok
[16:56:06][E][Request] Request error
Status: 0
Error: Unable to complete SSL connection
Text: Url: https://bgutools.bytedance.com/v2/tool_list?token=
Body: {"tools":[{"name":"com.bytedance.bgdt","version":"3.0.194"},{"name":"com.bytedance.starksdk.unitytools","version":"4.0.4"},{"name":"com.bytedance.starksdk","version":"6.0.8"}],"pageLimit":3,"channel":null,"license":"ti4rs/a/ReBbphgdUb7uow==","projectId":"com.ruixue.sdkpublic"}

[17:00:59][I][NoteManager] ws: << end, Reason: An exception has occurred while receiving.
[17:01:09][I][NoteManager] ws: >> start
[17:01:09][I][NoteManager] wss://bgutools.bytedance.com/v2/ws/note?token=
[17:01:10][I][NoteManager] ws: connected
[17:01:10][I][NoteManager] ws: client info >
[17:01:10][I][NoteManager] ws: send client info ok
[17:07:41][E][Request] Request error
Status: 0
Error: Unable to complete SSL connection
Text: Url: https://bgutools.bytedance.com/v2/tool_list?token=
Body: {"tools":[{"name":"com.bytedance.bgdt","version":"3.0.194"},{"name":"com.bytedance.starksdk.unitytools","version":"4.0.4"},{"name":"com.bytedance.starksdk","version":"6.0.8"}],"pageLimit":3,"channel":null,"license":"ti4rs/a/ReBbphgdUb7uow==","projectId":"com.ruixue.sdkpublic"}

[17:08:52][E][Request] Request error
Status: 0
Error: Unable to complete SSL connection
Text: Url: https://bgutools.bytedance.com/v2/tool_list?token=
Body: {"tools":[{"name":"com.bytedance.bgdt","version":"3.0.194"},{"name":"com.bytedance.starksdk.unitytools","version":"4.0.4"},{"name":"com.bytedance.starksdk","version":"6.0.8"}],"pageLimit":3,"channel":null,"license":"ti4rs/a/ReBbphgdUb7uow==","projectId":"com.ruixue.sdkpublic"}

[17:10:20][E][Request] Request error
Status: 0
Error: Unable to complete SSL connection
Text: Url: https://bgutools.bytedance.com/v2/tool_list?token=
Body: {"tools":[{"name":"com.bytedance.bgdt","version":"3.0.194"},{"name":"com.bytedance.starksdk.unitytools","version":"4.0.4"},{"name":"com.bytedance.starksdk","version":"6.0.8"}],"pageLimit":3,"channel":null,"license":"ti4rs/a/ReBbphgdUb7uow==","projectId":"com.ruixue.sdkpublic"}

[17:11:42][E][Request] Request error
Status: 0
Error: Unable to complete SSL connection
Text: Url: https://bgutools.bytedance.com/v2/tool_list?token=
Body: {"tools":[{"name":"com.bytedance.bgdt","version":"3.0.194"},{"name":"com.bytedance.starksdk.unitytools","version":"4.0.4"},{"name":"com.bytedance.starksdk","version":"6.0.8"}],"pageLimit":3,"channel":null,"license":"ti4rs/a/ReBbphgdUb7uow==","projectId":"com.ruixue.sdkpublic"}

[17:12:50][E][Request] Request error
Status: 0
Error: Unable to complete SSL connection
Text: Url: https://bgutools.bytedance.com/v2/tool_list?token=
Body: {"tools":[{"name":"com.bytedance.bgdt","version":"3.0.194"},{"name":"com.bytedance.starksdk.unitytools","version":"4.0.4"},{"name":"com.bytedance.starksdk","version":"6.0.8"}],"pageLimit":3,"channel":null,"license":"ti4rs/a/ReBbphgdUb7uow==","projectId":"com.ruixue.sdkpublic"}

[17:13:57][E][Request] Request error
Status: 0
Error: Unable to complete SSL connection
Text: Url: https://bgutools.bytedance.com/v2/tool_list?token=
Body: {"tools":[{"name":"com.bytedance.bgdt","version":"3.0.194"},{"name":"com.bytedance.starksdk.unitytools","version":"4.0.4"},{"name":"com.bytedance.starksdk","version":"6.0.8"}],"pageLimit":3,"channel":null,"license":"ti4rs/a/ReBbphgdUb7uow==","projectId":"com.ruixue.sdkpublic"}

[17:15:37][E][Request] Request error
Status: 0
Error: Unable to complete SSL connection
Text: Url: https://bgutools.bytedance.com/v2/tool_list?token=
Body: {"tools":[{"name":"com.bytedance.bgdt","version":"3.0.194"},{"name":"com.bytedance.starksdk.unitytools","version":"4.0.4"},{"name":"com.bytedance.starksdk","version":"6.0.8"}],"pageLimit":3,"channel":null,"license":"ti4rs/a/ReBbphgdUb7uow==","projectId":"com.ruixue.sdkpublic"}

[17:18:54][E][Request] Request error
Status: 0
Error: Unable to complete SSL connection
Text: Url: https://bgutools.bytedance.com/v2/tool_list?token=
Body: {"tools":[{"name":"com.bytedance.bgdt","version":"3.0.194"},{"name":"com.bytedance.starksdk.unitytools","version":"4.0.4"},{"name":"com.bytedance.starksdk","version":"6.0.8"}],"pageLimit":3,"channel":null,"license":"ti4rs/a/ReBbphgdUb7uow==","projectId":"com.ruixue.sdkpublic"}

[17:21:06][E][Request] Request error
Status: 0
Error: Unable to complete SSL connection
Text: Url: https://bgutools.bytedance.com/v2/tool_list?token=
Body: {"tools":[{"name":"com.bytedance.bgdt","version":"3.0.194"},{"name":"com.bytedance.starksdk.unitytools","version":"4.0.4"},{"name":"com.bytedance.starksdk","version":"6.0.8"}],"pageLimit":3,"channel":null,"license":"ti4rs/a/ReBbphgdUb7uow==","projectId":"com.ruixue.sdkpublic"}

[17:24:49][E][Request] Request error
Status: 0
Error: Unable to complete SSL connection
Text: Url: https://bgutools.bytedance.com/v2/tool_list?token=
Body: {"tools":[{"name":"com.bytedance.bgdt","version":"3.0.194"},{"name":"com.bytedance.starksdk.unitytools","version":"4.0.4"},{"name":"com.bytedance.starksdk","version":"6.0.8"}],"pageLimit":3,"channel":null,"license":"ti4rs/a/ReBbphgdUb7uow==","projectId":"com.ruixue.sdkpublic"}

[17:26:11][E][Request] Request error
Status: 0
Error: Unable to complete SSL connection
Text: Url: https://bgutools.bytedance.com/v2/tool_list?token=
Body: {"tools":[{"name":"com.bytedance.bgdt","version":"3.0.194"},{"name":"com.bytedance.starksdk.unitytools","version":"4.0.4"},{"name":"com.bytedance.starksdk","version":"6.0.8"}],"pageLimit":3,"channel":null,"license":"ti4rs/a/ReBbphgdUb7uow==","projectId":"com.ruixue.sdkpublic"}

[17:26:14][I][NoteManager] ws: << end, Reason: An exception has occurred while receiving.
[17:26:24][I][NoteManager] ws: >> start
[17:26:24][I][NoteManager] wss://bgutools.bytedance.com/v2/ws/note?token=
[17:26:24][I][NoteManager] ws: << end, Reason: An exception has occurred while attempting to connect.
[17:30:28][I][NoteManager] ws: >> start
[17:30:28][I][NoteManager] wss://bgutools.bytedance.com/v2/ws/note?token=
[17:30:29][I][NoteManager] ws: << end, Reason: An exception has occurred while attempting to connect.
[17:30:32][E][Request] Request error
Status: 0
Error: Unable to complete SSL connection
Text: Url: https://bgutools.bytedance.com/v2/tool_list?token=
Body: {"tools":[{"name":"com.bytedance.bgdt","version":"3.0.194"},{"name":"com.bytedance.starksdk.unitytools","version":"4.0.4"},{"name":"com.bytedance.starksdk","version":"6.0.8"}],"pageLimit":3,"channel":null,"license":"ti4rs/a/ReBbphgdUb7uow==","projectId":"com.ruixue.sdkpublic"}

[17:30:41][I][NoteManager] ws: >> start
[17:30:41][I][NoteManager] wss://bgutools.bytedance.com/v2/ws/note?token=
[17:30:41][I][NoteManager] ws: << end, Reason: An exception has occurred while attempting to connect.
[17:30:51][I][NoteManager] ws: >> start
[17:30:51][I][NoteManager] wss://bgutools.bytedance.com/v2/ws/note?token=
[17:30:51][I][NoteManager] ws: << end, Reason: An exception has occurred while attempting to connect.
[17:33:09][I][NoteManager] ws: >> start
[17:33:10][I][NoteManager] wss://bgutools.bytedance.com/v2/ws/note?token=
[17:33:10][I][NoteManager] ws: << end, Reason: An exception has occurred while attempting to connect.
[17:33:13][E][Request] Request error
Status: 0
Error: Unable to complete SSL connection
Text: Url: https://bgutools.bytedance.com/v2/tool_list?token=
Body: {"tools":[{"name":"com.bytedance.bgdt","version":"3.0.194"},{"name":"com.bytedance.starksdk.unitytools","version":"4.0.4"},{"name":"com.bytedance.starksdk","version":"6.0.8"}],"pageLimit":3,"channel":null,"license":"ti4rs/a/ReBbphgdUb7uow==","projectId":"com.ruixue.sdkpublic"}

[17:33:20][I][NoteManager] ws: >> start
[17:33:20][I][NoteManager] wss://bgutools.bytedance.com/v2/ws/note?token=
[17:33:20][I][NoteManager] ws: << end, Reason: An exception has occurred while attempting to connect.
[17:43:27][I][NoteManager] ws: >> start
[17:43:28][I][NoteManager] wss://bgutools.bytedance.com/v2/ws/note?token=
[17:43:28][I][NoteManager] ws: << end, Reason: An exception has occurred while attempting to connect.
[17:43:31][E][Request] Request error
Status: 0
Error: Unable to complete SSL connection
Text: Url: https://bgutools.bytedance.com/v2/tool_list?token=
Body: {"tools":[{"name":"com.bytedance.bgdt","version":"3.0.194"},{"name":"com.bytedance.starksdk.unitytools","version":"4.0.4"},{"name":"com.bytedance.starksdk","version":"6.0.8"}],"pageLimit":3,"channel":null,"license":"ti4rs/a/ReBbphgdUb7uow==","projectId":"com.ruixue.sdkpublic"}

[17:43:38][I][NoteManager] ws: >> start
[17:43:38][I][NoteManager] wss://bgutools.bytedance.com/v2/ws/note?token=
[17:43:38][I][NoteManager] ws: connected
[17:43:38][I][NoteManager] ws: client info >
[17:43:38][I][NoteManager] ws: send client info ok
[05:17:34][I][NoteManager] ws: << end, Reason: An exception has occurred while receiving.
[05:34:45][I][NoteManager] ws: >> start
[05:34:45][I][NoteManager] wss://bgutools.bytedance.com/v2/ws/note?token=
[05:34:45][I][NoteManager] ws: connected
[05:34:45][I][NoteManager] ws: client info >
[05:34:45][I][NoteManager] ws: send client info ok
[07:36:02][E][Request] Request error
Status: 0
Error: Unknown Error
Text: Url: https://bgutools.bytedance.com/v2/tool_list?token=
Body: {"tools":[{"name":"com.bytedance.bgdt","version":"3.0.194"},{"name":"com.bytedance.starksdk.unitytools","version":"4.0.4"},{"name":"com.bytedance.starksdk","version":"6.0.8"}],"pageLimit":3,"channel":null,"license":"ti4rs/a/ReBbphgdUb7uow==","projectId":"com.ruixue.sdkpublic"}

[07:47:15][E][Request] Request error
Status: 0
Error: Unable to complete SSL connection
Text: Url: https://bgutools.bytedance.com/v2/tool_list?token=
Body: {"tools":[{"name":"com.bytedance.bgdt","version":"3.0.194"},{"name":"com.bytedance.starksdk.unitytools","version":"4.0.4"},{"name":"com.bytedance.starksdk","version":"6.0.8"}],"pageLimit":3,"channel":null,"license":"ti4rs/a/ReBbphgdUb7uow==","projectId":"com.ruixue.sdkpublic"}

[07:53:22][E][Request] Request error
Status: 0
Error: Unable to complete SSL connection
Text: Url: https://bgutools.bytedance.com/v2/tool_list?token=
Body: {"tools":[{"name":"com.bytedance.bgdt","version":"3.0.194"},{"name":"com.bytedance.starksdk.unitytools","version":"4.0.4"},{"name":"com.bytedance.starksdk","version":"6.0.8"}],"pageLimit":3,"channel":null,"license":"ti4rs/a/ReBbphgdUb7uow==","projectId":"com.ruixue.sdkpublic"}

[07:57:20][E][Request] Request error
Status: 0
Error: Unable to complete SSL connection
Text: Url: https://bgutools.bytedance.com/v2/tool_list?token=
Body: {"tools":[{"name":"com.bytedance.bgdt","version":"3.0.194"},{"name":"com.bytedance.starksdk.unitytools","version":"4.0.4"},{"name":"com.bytedance.starksdk","version":"6.0.8"}],"pageLimit":3,"channel":null,"license":"ti4rs/a/ReBbphgdUb7uow==","projectId":"com.ruixue.sdkpublic"}

[07:58:59][E][Request] Request error
Status: 0
Error: Unable to complete SSL connection
Text: Url: https://bgutools.bytedance.com/v2/tool_list?token=
Body: {"tools":[{"name":"com.bytedance.bgdt","version":"3.0.194"},{"name":"com.bytedance.starksdk.unitytools","version":"4.0.4"},{"name":"com.bytedance.starksdk","version":"6.0.8"}],"pageLimit":3,"channel":null,"license":"ti4rs/a/ReBbphgdUb7uow==","projectId":"com.ruixue.sdkpublic"}

[08:16:05][E][Request] Request error
Status: 0
Error: Unable to complete SSL connection
Text: Url: https://bgutools.bytedance.com/v2/tool_list?token=
Body: {"tools":[{"name":"com.bytedance.bgdt","version":"3.0.194"},{"name":"com.bytedance.starksdk.unitytools","version":"4.0.4"},{"name":"com.bytedance.starksdk","version":"6.0.8"}],"pageLimit":3,"channel":null,"license":"ti4rs/a/ReBbphgdUb7uow==","projectId":"com.ruixue.sdkpublic"}

[08:17:31][E][Request] Request error
Status: 0
Error: Unable to complete SSL connection
Text: Url: https://bgutools.bytedance.com/v2/tool_list?token=
Body: {"tools":[{"name":"com.bytedance.bgdt","version":"3.0.194"},{"name":"com.bytedance.starksdk.unitytools","version":"4.0.4"},{"name":"com.bytedance.starksdk","version":"6.0.8"}],"pageLimit":3,"channel":null,"license":"ti4rs/a/ReBbphgdUb7uow==","projectId":"com.ruixue.sdkpublic"}

[08:19:48][E][Request] Request error
Status: 0
Error: Unable to complete SSL connection
Text: Url: https://bgutools.bytedance.com/v2/tool_list?token=
Body: {"tools":[{"name":"com.bytedance.bgdt","version":"3.0.194"},{"name":"com.bytedance.starksdk.unitytools","version":"4.0.4"},{"name":"com.bytedance.starksdk","version":"6.0.8"}],"pageLimit":3,"channel":null,"license":"ti4rs/a/ReBbphgdUb7uow==","projectId":"com.ruixue.sdkpublic"}

[08:21:38][E][Request] Request error
Status: 0
Error: Unable to complete SSL connection
Text: Url: https://bgutools.bytedance.com/v2/tool_list?token=
Body: {"tools":[{"name":"com.bytedance.bgdt","version":"3.0.194"},{"name":"com.bytedance.starksdk.unitytools","version":"4.0.4"},{"name":"com.bytedance.starksdk","version":"6.0.8"}],"pageLimit":3,"channel":null,"license":"ti4rs/a/ReBbphgdUb7uow==","projectId":"com.ruixue.sdkpublic"}

[08:24:12][I][NoteManager] ws: << end, Reason: An exception has occurred while receiving.
[08:24:22][I][NoteManager] ws: >> start
[08:24:22][I][NoteManager] wss://bgutools.bytedance.com/v2/ws/note?token=
[08:24:22][I][NoteManager] ws: connected
[08:24:22][I][NoteManager] ws: client info >
[08:24:22][I][NoteManager] ws: send client info ok
[08:34:22][I][NoteManager] ws: << end, Reason: An exception has occurred while receiving.
[08:34:32][I][NoteManager] ws: >> start
[08:34:32][I][NoteManager] wss://bgutools.bytedance.com/v2/ws/note?token=
[08:34:32][I][NoteManager] ws: connected
[08:34:32][I][NoteManager] ws: client info >
[08:34:32][I][NoteManager] ws: send client info ok
[08:44:32][I][NoteManager] ws: << end, Reason: An exception has occurred while receiving.
[08:44:42][I][NoteManager] ws: >> start
[08:44:43][I][NoteManager] wss://bgutools.bytedance.com/v2/ws/note?token=
[08:44:43][I][NoteManager] ws: connected
[08:44:43][I][NoteManager] ws: client info >
[08:44:43][I][NoteManager] ws: send client info ok
[08:54:43][I][NoteManager] ws: << end, Reason: An exception has occurred while receiving.
[08:54:53][I][NoteManager] ws: >> start
[08:54:53][I][NoteManager] wss://bgutools.bytedance.com/v2/ws/note?token=
[08:54:53][I][NoteManager] ws: connected
[08:54:53][I][NoteManager] ws: client info >
[08:54:53][I][NoteManager] ws: send client info ok
[09:04:53][I][NoteManager] ws: << end, Reason: An exception has occurred while receiving.
[09:05:03][I][NoteManager] ws: >> start
[09:05:03][I][NoteManager] wss://bgutools.bytedance.com/v2/ws/note?token=
[09:05:03][I][NoteManager] ws: connected
[09:05:03][I][NoteManager] ws: client info >
[09:05:03][I][NoteManager] ws: send client info ok
[09:15:03][I][NoteManager] ws: << end, Reason: An exception has occurred while receiving.
[09:15:13][I][NoteManager] ws: >> start
[09:15:13][I][NoteManager] wss://bgutools.bytedance.com/v2/ws/note?token=
[09:15:14][I][NoteManager] ws: connected
[09:15:14][I][NoteManager] ws: client info >
[09:15:14][I][NoteManager] ws: send client info ok
[09:25:14][I][NoteManager] ws: << end, Reason: An exception has occurred while receiving.
[09:25:24][I][NoteManager] ws: >> start
[09:25:24][I][NoteManager] wss://bgutools.bytedance.com/v2/ws/note?token=
[09:25:25][I][NoteManager] ws: connected
[09:25:25][I][NoteManager] ws: client info >
[09:25:25][I][NoteManager] ws: send client info ok
[09:35:25][I][NoteManager] ws: << end, Reason: An exception has occurred while receiving.
[09:35:35][I][NoteManager] ws: >> start
[09:35:35][I][NoteManager] wss://bgutools.bytedance.com/v2/ws/note?token=
[09:35:35][I][NoteManager] ws: connected
[09:35:35][I][NoteManager] ws: client info >
[09:35:35][I][NoteManager] ws: send client info ok
[09:45:35][I][NoteManager] ws: << end, Reason: An exception has occurred while receiving.
[09:45:45][I][NoteManager] ws: >> start
[09:45:45][I][NoteManager] wss://bgutools.bytedance.com/v2/ws/note?token=
[09:45:46][I][NoteManager] ws: connected
[09:45:46][I][NoteManager] ws: client info >
[09:45:46][I][NoteManager] ws: send client info ok
[09:55:45][I][NoteManager] ws: << end, Reason: An exception has occurred while receiving.
[09:55:55][I][NoteManager] ws: >> start
[09:55:56][I][NoteManager] wss://bgutools.bytedance.com/v2/ws/note?token=
[09:55:56][I][NoteManager] ws: connected
[09:55:56][I][NoteManager] ws: client info >
[09:55:56][I][NoteManager] ws: send client info ok
[10:05:56][I][NoteManager] ws: << end, Reason: An exception has occurred while receiving.
[10:06:06][I][NoteManager] ws: >> start
[10:06:06][I][NoteManager] wss://bgutools.bytedance.com/v2/ws/note?token=
[10:06:06][I][NoteManager] ws: connected
[10:06:06][I][NoteManager] ws: client info >
[10:06:06][I][NoteManager] ws: send client info ok
[10:16:06][I][NoteManager] ws: << end, Reason: An exception has occurred while receiving.
[10:16:16][I][NoteManager] ws: >> start
[10:16:16][I][NoteManager] wss://bgutools.bytedance.com/v2/ws/note?token=
[10:16:16][I][NoteManager] ws: connected
[10:16:16][I][NoteManager] ws: client info >
[10:16:16][I][NoteManager] ws: send client info ok
[10:26:16][I][NoteManager] ws: << end, Reason: An exception has occurred while receiving.
[10:26:26][I][NoteManager] ws: >> start
[10:26:26][I][NoteManager] wss://bgutools.bytedance.com/v2/ws/note?token=
[10:26:27][I][NoteManager] ws: connected
[10:26:27][I][NoteManager] ws: client info >
[10:26:27][I][NoteManager] ws: send client info ok
[10:36:27][I][NoteManager] ws: << end, Reason: An exception has occurred while receiving.
[10:36:37][I][NoteManager] ws: >> start
[10:36:37][I][NoteManager] wss://bgutools.bytedance.com/v2/ws/note?token=
[10:36:37][I][NoteManager] ws: connected
[10:36:37][I][NoteManager] ws: client info >
[10:36:37][I][NoteManager] ws: send client info ok
[10:46:37][I][NoteManager] ws: << end, Reason: An exception has occurred while receiving.
[10:46:47][I][NoteManager] ws: >> start
[10:46:47][I][NoteManager] wss://bgutools.bytedance.com/v2/ws/note?token=
[10:46:47][I][NoteManager] ws: connected
[10:46:47][I][NoteManager] ws: client info >
[10:46:47][I][NoteManager] ws: send client info ok
[10:56:47][I][NoteManager] ws: << end, Reason: An exception has occurred while receiving.
[10:56:57][I][NoteManager] ws: >> start
[10:56:58][I][NoteManager] wss://bgutools.bytedance.com/v2/ws/note?token=
[10:56:58][I][NoteManager] ws: connected
[10:56:58][I][NoteManager] ws: client info >
[10:56:58][I][NoteManager] ws: send client info ok
[11:06:58][I][NoteManager] ws: << end, Reason: An exception has occurred while receiving.
[11:07:08][I][NoteManager] ws: >> start
[11:07:08][I][NoteManager] wss://bgutools.bytedance.com/v2/ws/note?token=
[11:07:08][I][NoteManager] ws: connected
[11:07:08][I][NoteManager] ws: client info >
[11:07:08][I][NoteManager] ws: send client info ok
[11:17:08][I][NoteManager] ws: << end, Reason: An exception has occurred while receiving.
[11:17:18][I][NoteManager] ws: >> start
[11:17:18][I][NoteManager] wss://bgutools.bytedance.com/v2/ws/note?token=
[11:17:18][I][NoteManager] ws: connected
[11:17:18][I][NoteManager] ws: client info >
[11:17:18][I][NoteManager] ws: send client info ok
[11:27:18][I][NoteManager] ws: << end, Reason: An exception has occurred while receiving.
[11:27:28][I][NoteManager] ws: >> start
[11:27:28][I][NoteManager] wss://bgutools.bytedance.com/v2/ws/note?token=
[11:27:29][I][NoteManager] ws: connected
[11:27:29][I][NoteManager] ws: client info >
[11:27:29][I][NoteManager] ws: send client info ok
[11:37:29][I][NoteManager] ws: << end, Reason: An exception has occurred while receiving.
[11:37:39][I][NoteManager] ws: >> start
[11:37:39][I][NoteManager] wss://bgutools.bytedance.com/v2/ws/note?token=
[11:37:39][I][NoteManager] ws: connected
[11:37:39][I][NoteManager] ws: client info >
[11:37:39][I][NoteManager] ws: send client info ok
[11:47:39][I][NoteManager] ws: << end, Reason: An exception has occurred while receiving.
[11:47:49][I][NoteManager] ws: >> start
[11:47:49][I][NoteManager] wss://bgutools.bytedance.com/v2/ws/note?token=
[11:47:49][I][NoteManager] ws: connected
[11:47:50][I][NoteManager] ws: client info >
[11:47:50][I][NoteManager] ws: send client info ok
[11:57:50][I][NoteManager] ws: << end, Reason: An exception has occurred while receiving.
[11:58:00][I][NoteManager] ws: >> start
[11:58:00][I][NoteManager] wss://bgutools.bytedance.com/v2/ws/note?token=
[11:58:00][I][NoteManager] ws: connected
[11:58:00][I][NoteManager] ws: client info >
[11:58:00][I][NoteManager] ws: send client info ok
[12:08:00][I][NoteManager] ws: << end, Reason: An exception has occurred while receiving.
[12:08:10][I][NoteManager] ws: >> start
[12:08:10][I][NoteManager] wss://bgutools.bytedance.com/v2/ws/note?token=
[12:08:10][I][NoteManager] ws: connected
[12:08:11][I][NoteManager] ws: client info >
[12:08:11][I][NoteManager] ws: send client info ok
[12:18:11][I][NoteManager] ws: << end, Reason: An exception has occurred while receiving.
[12:18:21][I][NoteManager] ws: >> start
[12:18:21][I][NoteManager] wss://bgutools.bytedance.com/v2/ws/note?token=
[12:18:21][I][NoteManager] ws: connected
[12:18:21][I][NoteManager] ws: client info >
[12:18:21][I][NoteManager] ws: send client info ok
[12:28:21][I][NoteManager] ws: << end, Reason: An exception has occurred while receiving.
[12:28:31][I][NoteManager] ws: >> start
[12:28:31][I][NoteManager] wss://bgutools.bytedance.com/v2/ws/note?token=
[12:28:32][I][NoteManager] ws: connected
[12:28:32][I][NoteManager] ws: client info >
[12:28:32][I][NoteManager] ws: send client info ok
[12:38:32][I][NoteManager] ws: << end, Reason: An exception has occurred while receiving.
[12:38:42][I][NoteManager] ws: >> start
[12:38:42][I][NoteManager] wss://bgutools.bytedance.com/v2/ws/note?token=
[12:38:42][I][NoteManager] ws: connected
[12:38:42][I][NoteManager] ws: client info >
[12:38:42][I][NoteManager] ws: send client info ok
[12:48:42][I][NoteManager] ws: << end, Reason: An exception has occurred while receiving.
[12:48:52][I][NoteManager] ws: >> start
[12:48:52][I][NoteManager] wss://bgutools.bytedance.com/v2/ws/note?token=
[12:48:52][I][NoteManager] ws: connected
[12:48:52][I][NoteManager] ws: client info >
[12:48:52][I][NoteManager] ws: send client info ok
[12:58:52][I][NoteManager] ws: << end, Reason: An exception has occurred while receiving.
[12:59:02][I][NoteManager] ws: >> start
[12:59:02][I][NoteManager] wss://bgutools.bytedance.com/v2/ws/note?token=
[12:59:02][I][NoteManager] ws: connected
[12:59:03][I][NoteManager] ws: client info >
[12:59:03][I][NoteManager] ws: send client info ok
[13:09:02][I][NoteManager] ws: << end, Reason: An exception has occurred while receiving.
[13:09:13][I][NoteManager] ws: >> start
[13:09:13][I][NoteManager] wss://bgutools.bytedance.com/v2/ws/note?token=
[13:09:13][I][NoteManager] ws: connected
[13:09:13][I][NoteManager] ws: client info >
[13:09:13][I][NoteManager] ws: send client info ok
[13:19:13][I][NoteManager] ws: << end, Reason: An exception has occurred while receiving.
[13:19:23][I][NoteManager] ws: >> start
[13:19:23][I][NoteManager] wss://bgutools.bytedance.com/v2/ws/note?token=
[13:19:23][I][NoteManager] ws: connected
[13:19:23][I][NoteManager] ws: client info >
[13:19:23][I][NoteManager] ws: send client info ok
[13:29:23][I][NoteManager] ws: << end, Reason: An exception has occurred while receiving.
[13:29:33][I][NoteManager] ws: >> start
[13:29:33][I][NoteManager] wss://bgutools.bytedance.com/v2/ws/note?token=
[13:29:33][I][NoteManager] ws: connected
[13:29:33][I][NoteManager] ws: client info >
[13:29:33][I][NoteManager] ws: send client info ok
[13:39:33][I][NoteManager] ws: << end, Reason: An exception has occurred while receiving.
[13:39:43][I][NoteManager] ws: >> start
[13:39:44][I][NoteManager] wss://bgutools.bytedance.com/v2/ws/note?token=
[13:39:44][I][NoteManager] ws: connected
[13:39:44][I][NoteManager] ws: client info >
[13:39:44][I][NoteManager] ws: send client info ok
[13:49:44][I][NoteManager] ws: << end, Reason: An exception has occurred while receiving.
[13:49:54][I][NoteManager] ws: >> start
[13:49:54][I][NoteManager] wss://bgutools.bytedance.com/v2/ws/note?token=
[13:49:54][I][NoteManager] ws: connected
[13:49:54][I][NoteManager] ws: client info >
[13:49:54][I][NoteManager] ws: send client info ok
[13:59:54][I][NoteManager] ws: << end, Reason: An exception has occurred while receiving.
[14:00:04][I][NoteManager] ws: >> start
[14:00:04][I][NoteManager] wss://bgutools.bytedance.com/v2/ws/note?token=
[14:00:05][I][NoteManager] ws: connected
[14:00:05][I][NoteManager] ws: client info >
[14:00:05][I][NoteManager] ws: send client info ok
[14:10:04][I][NoteManager] ws: << end, Reason: An exception has occurred while receiving.
[14:10:15][I][NoteManager] ws: >> start
[14:10:15][I][NoteManager] wss://bgutools.bytedance.com/v2/ws/note?token=
[14:10:15][I][NoteManager] ws: connected
[14:10:15][I][NoteManager] ws: client info >
[14:10:15][I][NoteManager] ws: send client info ok
[14:20:15][I][NoteManager] ws: << end, Reason: An exception has occurred while receiving.
[14:20:25][I][NoteManager] ws: >> start
[14:20:25][I][NoteManager] wss://bgutools.bytedance.com/v2/ws/note?token=
[14:20:25][I][NoteManager] ws: connected
[14:20:25][I][NoteManager] ws: client info >
[14:20:25][I][NoteManager] ws: send client info ok
[14:30:25][I][NoteManager] ws: << end, Reason: An exception has occurred while receiving.
[14:30:35][I][NoteManager] ws: >> start
[14:30:35][I][NoteManager] wss://bgutools.bytedance.com/v2/ws/note?token=
[14:30:35][I][NoteManager] ws: connected
[14:30:35][I][NoteManager] ws: client info >
[14:30:35][I][NoteManager] ws: send client info ok
[14:40:35][I][NoteManager] ws: << end, Reason: An exception has occurred while receiving.
[14:40:45][I][NoteManager] ws: >> start
[14:40:45][I][NoteManager] wss://bgutools.bytedance.com/v2/ws/note?token=
[14:40:45][I][NoteManager] ws: connected
[14:40:45][I][NoteManager] ws: client info >
[14:40:45][I][NoteManager] ws: send client info ok
[14:50:45][I][NoteManager] ws: << end, Reason: An exception has occurred while receiving.
[14:50:56][I][NoteManager] ws: >> start
[14:50:56][I][NoteManager] wss://bgutools.bytedance.com/v2/ws/note?token=
[14:50:56][I][NoteManager] ws: connected
[14:50:56][I][NoteManager] ws: client info >
[14:50:56][I][NoteManager] ws: send client info ok
[15:00:56][I][NoteManager] ws: << end, Reason: An exception has occurred while receiving.
[15:01:06][I][NoteManager] ws: >> start
[15:01:06][I][NoteManager] wss://bgutools.bytedance.com/v2/ws/note?token=
[15:01:06][I][NoteManager] ws: connected
[15:01:06][I][NoteManager] ws: client info >
[15:01:06][I][NoteManager] ws: send client info ok
[15:11:06][I][NoteManager] ws: << end, Reason: An exception has occurred while receiving.
[15:11:16][I][NoteManager] ws: >> start
[15:11:16][I][NoteManager] wss://bgutools.bytedance.com/v2/ws/note?token=
[15:11:16][I][NoteManager] ws: connected
[15:11:17][I][NoteManager] ws: client info >
[15:11:17][I][NoteManager] ws: send client info ok
[15:21:16][I][NoteManager] ws: << end, Reason: An exception has occurred while receiving.
[15:21:26][I][NoteManager] ws: >> start
[15:21:27][I][NoteManager] wss://bgutools.bytedance.com/v2/ws/note?token=
[15:21:27][I][NoteManager] ws: connected
[15:21:27][I][NoteManager] ws: client info >
[15:21:27][I][NoteManager] ws: send client info ok
[15:31:27][I][NoteManager] ws: << end, Reason: An exception has occurred while receiving.
[15:31:37][I][NoteManager] ws: >> start
[15:31:37][I][NoteManager] wss://bgutools.bytedance.com/v2/ws/note?token=
[15:31:37][I][NoteManager] ws: connected
[15:31:37][I][NoteManager] ws: client info >
[15:31:37][I][NoteManager] ws: send client info ok
[15:41:37][I][NoteManager] ws: << end, Reason: An exception has occurred while receiving.
[15:41:47][I][NoteManager] ws: >> start
[15:41:47][I][NoteManager] wss://bgutools.bytedance.com/v2/ws/note?token=
[15:41:47][I][NoteManager] ws: connected
[15:41:47][I][NoteManager] ws: client info >
[15:41:47][I][NoteManager] ws: send client info ok
[15:51:47][I][NoteManager] ws: << end, Reason: An exception has occurred while receiving.
[15:51:57][I][NoteManager] ws: >> start
[15:51:58][I][NoteManager] wss://bgutools.bytedance.com/v2/ws/note?token=
[15:51:58][I][NoteManager] ws: connected
[15:51:58][I][NoteManager] ws: client info >
[15:51:58][I][NoteManager] ws: send client info ok
[16:01:58][I][NoteManager] ws: << end, Reason: An exception has occurred while receiving.
[16:02:08][I][NoteManager] ws: >> start
[16:02:08][I][NoteManager] wss://bgutools.bytedance.com/v2/ws/note?token=
[16:02:08][I][NoteManager] ws: connected
[16:02:08][I][NoteManager] ws: client info >
[16:02:08][I][NoteManager] ws: send client info ok
[16:12:08][I][NoteManager] ws: << end, Reason: An exception has occurred while receiving.
[16:12:18][I][NoteManager] ws: >> start
[16:12:18][I][NoteManager] wss://bgutools.bytedance.com/v2/ws/note?token=
[16:12:18][I][NoteManager] ws: connected
[16:12:18][I][NoteManager] ws: client info >
[16:12:18][I][NoteManager] ws: send client info ok
[16:22:19][I][NoteManager] ws: << end, Reason: An exception has occurred while receiving.
[16:22:29][I][NoteManager] ws: >> start
[16:22:29][I][NoteManager] wss://bgutools.bytedance.com/v2/ws/note?token=
[16:22:29][I][NoteManager] ws: connected
[16:22:29][I][NoteManager] ws: client info >
[16:22:29][I][NoteManager] ws: send client info ok
[16:32:29][I][NoteManager] ws: << end, Reason: An exception has occurred while receiving.
[16:32:39][I][NoteManager] ws: >> start
[16:32:39][I][NoteManager] wss://bgutools.bytedance.com/v2/ws/note?token=
[16:32:39][I][NoteManager] ws: connected
[16:32:39][I][NoteManager] ws: client info >
[16:32:39][I][NoteManager] ws: send client info ok
[16:42:39][I][NoteManager] ws: << end, Reason: An exception has occurred while receiving.
[16:42:49][I][NoteManager] ws: >> start
[16:42:49][I][NoteManager] wss://bgutools.bytedance.com/v2/ws/note?token=
[16:42:49][I][NoteManager] ws: connected
[16:42:49][I][NoteManager] ws: client info >
[16:42:49][I][NoteManager] ws: send client info ok
[16:52:49][I][NoteManager] ws: << end, Reason: An exception has occurred while receiving.
[16:52:59][I][NoteManager] ws: >> start
[16:53:00][I][NoteManager] wss://bgutools.bytedance.com/v2/ws/note?token=
[16:53:00][I][NoteManager] ws: connected
[16:53:00][I][NoteManager] ws: client info >
[16:53:00][I][NoteManager] ws: send client info ok
[17:03:00][I][NoteManager] ws: << end, Reason: An exception has occurred while receiving.
[17:03:10][I][NoteManager] ws: >> start
[17:03:10][I][NoteManager] wss://bgutools.bytedance.com/v2/ws/note?token=
[17:03:10][I][NoteManager] ws: connected
[17:03:10][I][NoteManager] ws: client info >
[17:03:10][I][NoteManager] ws: send client info ok
[17:13:10][I][NoteManager] ws: << end, Reason: An exception has occurred while receiving.
[17:13:20][I][NoteManager] ws: >> start
[17:13:20][I][NoteManager] wss://bgutools.bytedance.com/v2/ws/note?token=
[17:13:20][I][NoteManager] ws: connected
[17:13:20][I][NoteManager] ws: client info >
[17:13:20][I][NoteManager] ws: send client info ok
[17:23:20][I][NoteManager] ws: << end, Reason: An exception has occurred while receiving.
[17:23:30][I][NoteManager] ws: >> start
[17:23:30][I][NoteManager] wss://bgutools.bytedance.com/v2/ws/note?token=
[17:23:31][I][NoteManager] ws: connected
[17:23:31][I][NoteManager] ws: client info >
[17:23:31][I][NoteManager] ws: send client info ok
[17:33:31][I][NoteManager] ws: << end, Reason: An exception has occurred while receiving.
[17:33:41][I][NoteManager] ws: >> start
[17:33:41][I][NoteManager] wss://bgutools.bytedance.com/v2/ws/note?token=
[17:33:41][I][NoteManager] ws: connected
[17:33:41][I][NoteManager] ws: client info >
[17:33:41][I][NoteManager] ws: send client info ok
[17:39:28][E][Request] Request error
Status: 0
Error: Unable to complete SSL connection
Text: Url: https://bgutools.bytedance.com/v2/tool_list?token=
Body: {"tools":[{"name":"com.bytedance.bgdt","version":"3.0.194"},{"name":"com.bytedance.starksdk.unitytools","version":"4.0.4"},{"name":"com.bytedance.starksdk","version":"6.0.8"}],"pageLimit":3,"channel":null,"license":"ti4rs/a/ReBbphgdUb7uow==","projectId":"com.ruixue.sdkpublic"}

[17:40:32][E][Request] Request error
Status: 0
Error: Unable to complete SSL connection
Text: Url: https://bgutools.bytedance.com/v2/tool_list?token=
Body: {"tools":[{"name":"com.bytedance.bgdt","version":"3.0.194"},{"name":"com.bytedance.starksdk.unitytools","version":"4.0.4"},{"name":"com.bytedance.starksdk","version":"6.0.8"}],"pageLimit":3,"channel":null,"license":"ti4rs/a/ReBbphgdUb7uow==","projectId":"com.ruixue.sdkpublic"}

[17:42:45][E][Request] Request error
Status: 0
Error: Unable to complete SSL connection
Text: Url: https://bgutools.bytedance.com/v2/tool_list?token=
Body: {"tools":[{"name":"com.bytedance.bgdt","version":"3.0.194"},{"name":"com.bytedance.starksdk.unitytools","version":"4.0.4"},{"name":"com.bytedance.starksdk","version":"6.0.8"}],"pageLimit":3,"channel":null,"license":"ti4rs/a/ReBbphgdUb7uow==","projectId":"com.ruixue.sdkpublic"}

[17:43:49][E][Request] Request error
Status: 0
Error: Unable to complete SSL connection
Text: Url: https://bgutools.bytedance.com/v2/tool_list?token=
Body: {"tools":[{"name":"com.bytedance.bgdt","version":"3.0.194"},{"name":"com.bytedance.starksdk.unitytools","version":"4.0.4"},{"name":"com.bytedance.starksdk","version":"6.0.8"}],"pageLimit":3,"channel":null,"license":"ti4rs/a/ReBbphgdUb7uow==","projectId":"com.ruixue.sdkpublic"}

[17:45:07][E][Request] Request error
Status: 0
Error: Unable to complete SSL connection
Text: Url: https://bgutools.bytedance.com/v2/tool_list?token=
Body: {"tools":[{"name":"com.bytedance.bgdt","version":"3.0.194"},{"name":"com.bytedance.starksdk.unitytools","version":"4.0.4"},{"name":"com.bytedance.starksdk","version":"6.0.8"}],"pageLimit":3,"channel":null,"license":"ti4rs/a/ReBbphgdUb7uow==","projectId":"com.ruixue.sdkpublic"}

[17:46:34][E][Request] Request error
Status: 0
Error: Unable to complete SSL connection
Text: Url: https://bgutools.bytedance.com/v2/tool_list?token=
Body: {"tools":[{"name":"com.bytedance.bgdt","version":"3.0.194"},{"name":"com.bytedance.starksdk.unitytools","version":"4.0.4"},{"name":"com.bytedance.starksdk","version":"6.0.8"}],"pageLimit":3,"channel":null,"license":"ti4rs/a/ReBbphgdUb7uow==","projectId":"com.ruixue.sdkpublic"}

[17:47:16][I][NoteManager] ws: << end, Reason: An exception has occurred while receiving.
[17:47:27][I][NoteManager] ws: >> start
[17:47:27][I][NoteManager] wss://bgutools.bytedance.com/v2/ws/note?token=
[17:47:27][I][NoteManager] ws: << end, Reason: An exception has occurred while attempting to connect.
[17:47:36][E][Request] Request error
Status: 0
Error: Unable to complete SSL connection
Text: Url: https://bgutools.bytedance.com/v2/tool_list?token=
Body: {"tools":[{"name":"com.bytedance.bgdt","version":"3.0.194"},{"name":"com.bytedance.starksdk.unitytools","version":"4.0.4"},{"name":"com.bytedance.starksdk","version":"6.0.8"}],"pageLimit":3,"channel":null,"license":"ti4rs/a/ReBbphgdUb7uow==","projectId":"com.ruixue.sdkpublic"}

[17:47:37][I][NoteManager] ws: >> start
[17:47:38][I][NoteManager] wss://bgutools.bytedance.com/v2/ws/note?token=
[17:47:38][I][NoteManager] ws: << end, Reason: An exception has occurred while attempting to connect.
[17:47:48][I][NoteManager] ws: >> start
[17:47:48][I][NoteManager] wss://bgutools.bytedance.com/v2/ws/note?token=
[17:47:48][I][NoteManager] ws: << end, Reason: An exception has occurred while attempting to connect.
[18:02:37][I][NoteManager] ws: >> start
[18:02:37][I][NoteManager] wss://bgutools.bytedance.com/v2/ws/note?token=
[18:02:37][I][NoteManager] ws: << end, Reason: An exception has occurred while attempting to connect.
[18:02:40][E][Request] Request error
Status: 0
Error: Unable to complete SSL connection
Text: Url: https://bgutools.bytedance.com/v2/tool_list?token=
Body: {"tools":[{"name":"com.bytedance.bgdt","version":"3.0.194"},{"name":"com.bytedance.starksdk.unitytools","version":"4.0.4"},{"name":"com.bytedance.starksdk","version":"6.0.8"}],"pageLimit":3,"channel":null,"license":"ti4rs/a/ReBbphgdUb7uow==","projectId":"com.ruixue.sdkpublic"}

[18:02:47][I][NoteManager] ws: >> start
[18:02:47][I][NoteManager] wss://bgutools.bytedance.com/v2/ws/note?token=
[18:02:48][I][NoteManager] ws: connected
[18:02:48][I][NoteManager] ws: client info >
[18:02:48][I][NoteManager] ws: send client info ok
[18:21:41][E][Request] Request error
Status: 0
Error: Unable to complete SSL connection
Text: Url: https://bgutools.bytedance.com/v2/tool_list?token=
Body: {"tools":[{"name":"com.bytedance.bgdt","version":"3.0.194"},{"name":"com.bytedance.starksdk.unitytools","version":"4.0.4"},{"name":"com.bytedance.starksdk","version":"6.0.8"}],"pageLimit":3,"channel":null,"license":"ti4rs/a/ReBbphgdUb7uow==","projectId":"com.ruixue.sdkpublic"}

[18:28:39][E][Request] Request error
Status: 0
Error: Unable to complete SSL connection
Text: Url: https://bgutools.bytedance.com/v2/tool_list?token=
Body: {"tools":[{"name":"com.bytedance.bgdt","version":"3.0.194"},{"name":"com.bytedance.starksdk.unitytools","version":"4.0.4"},{"name":"com.bytedance.starksdk","version":"6.0.8"}],"pageLimit":3,"channel":null,"license":"ti4rs/a/ReBbphgdUb7uow==","projectId":"com.ruixue.sdkpublic"}

[18:29:42][E][Request] Request error
Status: 0
Error: Unable to complete SSL connection
Text: Url: https://bgutools.bytedance.com/v2/tool_list?token=
Body: {"tools":[{"name":"com.bytedance.bgdt","version":"3.0.194"},{"name":"com.bytedance.starksdk.unitytools","version":"4.0.4"},{"name":"com.bytedance.starksdk","version":"6.0.8"}],"pageLimit":3,"channel":null,"license":"ti4rs/a/ReBbphgdUb7uow==","projectId":"com.ruixue.sdkpublic"}

[18:37:18][E][Request] Request error
Status: 0
Error: Unable to complete SSL connection
Text: Url: https://bgutools.bytedance.com/v2/tool_list?token=
Body: {"tools":[{"name":"com.bytedance.bgdt","version":"3.0.194"},{"name":"com.bytedance.starksdk.unitytools","version":"4.0.4"},{"name":"com.bytedance.starksdk","version":"6.0.8"}],"pageLimit":3,"channel":null,"license":"ti4rs/a/ReBbphgdUb7uow==","projectId":"com.ruixue.sdkpublic"}

[18:54:05][E][Request] Request error
Status: 0
Error: Unable to complete SSL connection
Text: Url: https://bgutools.bytedance.com/v2/tool_list?token=
Body: {"tools":[{"name":"com.bytedance.bgdt","version":"3.0.194"},{"name":"com.bytedance.starksdk.unitytools","version":"4.0.4"},{"name":"com.bytedance.starksdk","version":"6.0.8"}],"pageLimit":3,"channel":null,"license":"ti4rs/a/ReBbphgdUb7uow==","projectId":"com.ruixue.sdkpublic"}

[18:55:27][I][NoteManager] ws: << end, Reason: An exception has occurred while receiving.
[18:55:37][I][NoteManager] ws: >> start
[18:55:37][I][NoteManager] wss://bgutools.bytedance.com/v2/ws/note?token=
[18:55:38][I][NoteManager] ws: connected
[18:55:38][I][NoteManager] ws: client info >
[18:55:38][I][NoteManager] ws: send client info ok
[19:05:37][I][NoteManager] ws: << end, Reason: An exception has occurred while receiving.
[19:05:47][I][NoteManager] ws: >> start
[19:05:48][I][NoteManager] wss://bgutools.bytedance.com/v2/ws/note?token=
[19:05:48][I][NoteManager] ws: connected
[19:05:48][I][NoteManager] ws: client info >
[19:05:48][I][NoteManager] ws: send client info ok
[19:15:47][I][NoteManager] ws: << end, Reason: An exception has occurred while receiving.
[19:15:57][I][NoteManager] ws: >> start
[19:15:57][I][NoteManager] wss://bgutools.bytedance.com/v2/ws/note?token=
[19:15:58][I][NoteManager] ws: connected
[19:15:58][I][NoteManager] ws: client info >
[19:15:58][I][NoteManager] ws: send client info ok
[19:40:02][E][Request] Request error
Status: 0
Error: Unable to complete SSL connection
Text: Url: https://bgutools.bytedance.com/v2/tool_list?token=
Body: {"tools":[{"name":"com.bytedance.bgdt","version":"3.0.194"},{"name":"com.bytedance.starksdk.unitytools","version":"4.0.4"},{"name":"com.bytedance.starksdk","version":"6.0.8"}],"pageLimit":3,"channel":null,"license":"ti4rs/a/ReBbphgdUb7uow==","projectId":"com.ruixue.sdkpublic"}

[19:47:51][E][Request] Request error
Status: 0
Error: Unable to complete SSL connection
Text: Url: https://bgutools.bytedance.com/v2/tool_list?token=
Body: {"tools":[{"name":"com.bytedance.bgdt","version":"3.0.194"},{"name":"com.bytedance.starksdk.unitytools","version":"4.0.4"},{"name":"com.bytedance.starksdk","version":"6.0.8"}],"pageLimit":3,"channel":null,"license":"ti4rs/a/ReBbphgdUb7uow==","projectId":"com.ruixue.sdkpublic"}

[19:48:55][E][Request] Request error
Status: 0
Error: Unable to complete SSL connection
Text: Url: https://bgutools.bytedance.com/v2/tool_list?token=
Body: {"tools":[{"name":"com.bytedance.bgdt","version":"3.0.194"},{"name":"com.bytedance.starksdk.unitytools","version":"4.0.4"},{"name":"com.bytedance.starksdk","version":"6.0.8"}],"pageLimit":3,"channel":null,"license":"ti4rs/a/ReBbphgdUb7uow==","projectId":"com.ruixue.sdkpublic"}

[19:52:33][I][NoteManager] ws: << end, Reason: An exception has occurred while receiving.
[19:52:43][I][NoteManager] ws: >> start
[19:52:43][I][NoteManager] wss://bgutools.bytedance.com/v2/ws/note?token=
[19:52:43][I][NoteManager] ws: connected
[19:52:43][I][NoteManager] ws: client info >
[19:52:43][I][NoteManager] ws: send client info ok
[20:02:43][I][NoteManager] ws: << end, Reason: An exception has occurred while receiving.
[20:02:53][I][NoteManager] ws: >> start
[20:02:53][I][NoteManager] wss://bgutools.bytedance.com/v2/ws/note?token=
[20:02:55][I][NoteManager] ws: connected
[20:02:55][I][NoteManager] ws: client info >
[20:02:55][I][NoteManager] ws: send client info ok
[20:12:55][I][NoteManager] ws: << end, Reason: An exception has occurred while receiving.
[20:13:05][I][NoteManager] ws: >> start
[20:13:05][I][NoteManager] wss://bgutools.bytedance.com/v2/ws/note?token=
[20:13:05][I][NoteManager] ws: connected
[20:13:05][I][NoteManager] ws: client info >
[20:13:05][I][NoteManager] ws: send client info ok
[20:23:05][I][NoteManager] ws: << end, Reason: An exception has occurred while receiving.
[20:23:15][I][NoteManager] ws: >> start
[20:23:15][I][NoteManager] wss://bgutools.bytedance.com/v2/ws/note?token=
[20:23:15][I][NoteManager] ws: connected
[20:23:16][I][NoteManager] ws: client info >
[20:23:16][I][NoteManager] ws: send client info ok
[20:26:21][E][Request] Request error
Status: 0
Error: Unable to complete SSL connection
Text: Url: https://bgutools.bytedance.com/v2/tool_list?token=
Body: {"tools":[{"name":"com.bytedance.bgdt","version":"3.0.194"},{"name":"com.bytedance.starksdk.unitytools","version":"4.0.4"},{"name":"com.bytedance.starksdk","version":"6.0.8"}],"pageLimit":3,"channel":null,"license":"ti4rs/a/ReBbphgdUb7uow==","projectId":"com.ruixue.sdkpublic"}

[20:28:57][E][Request] Request error
Status: 0
Error: Unable to complete SSL connection
Text: Url: https://bgutools.bytedance.com/v2/tool_list?token=
Body: {"tools":[{"name":"com.bytedance.bgdt","version":"3.0.194"},{"name":"com.bytedance.starksdk.unitytools","version":"4.0.4"},{"name":"com.bytedance.starksdk","version":"6.0.8"}],"pageLimit":3,"channel":null,"license":"ti4rs/a/ReBbphgdUb7uow==","projectId":"com.ruixue.sdkpublic"}

[20:30:00][E][Request] Request error
Status: 0
Error: Unable to complete SSL connection
Text: Url: https://bgutools.bytedance.com/v2/tool_list?token=
Body: {"tools":[{"name":"com.bytedance.bgdt","version":"3.0.194"},{"name":"com.bytedance.starksdk.unitytools","version":"4.0.4"},{"name":"com.bytedance.starksdk","version":"6.0.8"}],"pageLimit":3,"channel":null,"license":"ti4rs/a/ReBbphgdUb7uow==","projectId":"com.ruixue.sdkpublic"}

[20:46:14][E][Request] Request error
Status: 0
Error: Unable to complete SSL connection
Text: Url: https://bgutools.bytedance.com/v2/tool_list?token=
Body: {"tools":[{"name":"com.bytedance.bgdt","version":"3.0.194"},{"name":"com.bytedance.starksdk.unitytools","version":"4.0.4"},{"name":"com.bytedance.starksdk","version":"6.0.8"}],"pageLimit":3,"channel":null,"license":"ti4rs/a/ReBbphgdUb7uow==","projectId":"com.ruixue.sdkpublic"}

[23:25:16][I][NoteManager] ws: << end, Reason: An exception has occurred while receiving.
[23:25:26][I][NoteManager] ws: >> start
[23:25:26][I][NoteManager] wss://bgutools.bytedance.com/v2/ws/note?token=
[23:25:26][I][NoteManager] ws: connected
[23:25:26][I][NoteManager] ws: client info >
[23:25:26][I][NoteManager] ws: send client info ok
[07:04:59][I][NoteManager] ws: << end, Reason: An exception has occurred while receiving.
[07:22:30][I][NoteManager] ws: >> start
[07:22:30][I][NoteManager] wss://bgutools.bytedance.com/v2/ws/note?token=
[07:22:30][I][NoteManager] ws: connected
[07:22:31][I][NoteManager] ws: client info >
[07:22:31][I][NoteManager] ws: send client info ok
[07:45:35][E][Request] Request error
Status: 0
Error: Unable to complete SSL connection
Text: Url: https://bgutools.bytedance.com/v2/tool_list?token=
Body: {"tools":[{"name":"com.bytedance.bgdt","version":"3.0.194"},{"name":"com.bytedance.starksdk.unitytools","version":"4.0.4"},{"name":"com.bytedance.starksdk","version":"6.0.8"}],"pageLimit":3,"channel":null,"license":"ti4rs/a/ReBbphgdUb7uow==","projectId":"com.ruixue.sdkpublic"}

[07:46:38][E][Request] Request error
Status: 0
Error: Unable to complete SSL connection
Text: Url: https://bgutools.bytedance.com/v2/tool_list?token=
Body: {"tools":[{"name":"com.bytedance.bgdt","version":"3.0.194"},{"name":"com.bytedance.starksdk.unitytools","version":"4.0.4"},{"name":"com.bytedance.starksdk","version":"6.0.8"}],"pageLimit":3,"channel":null,"license":"ti4rs/a/ReBbphgdUb7uow==","projectId":"com.ruixue.sdkpublic"}

[07:47:42][E][Request] Request error
Status: 0
Error: Unable to complete SSL connection
Text: Url: https://bgutools.bytedance.com/v2/tool_list?token=
Body: {"tools":[{"name":"com.bytedance.bgdt","version":"3.0.194"},{"name":"com.bytedance.starksdk.unitytools","version":"4.0.4"},{"name":"com.bytedance.starksdk","version":"6.0.8"}],"pageLimit":3,"channel":null,"license":"ti4rs/a/ReBbphgdUb7uow==","projectId":"com.ruixue.sdkpublic"}

[07:48:45][E][Request] Request error
Status: 0
Error: Unable to complete SSL connection
Text: Url: https://bgutools.bytedance.com/v2/tool_list?token=
Body: {"tools":[{"name":"com.bytedance.bgdt","version":"3.0.194"},{"name":"com.bytedance.starksdk.unitytools","version":"4.0.4"},{"name":"com.bytedance.starksdk","version":"6.0.8"}],"pageLimit":3,"channel":null,"license":"ti4rs/a/ReBbphgdUb7uow==","projectId":"com.ruixue.sdkpublic"}

[07:50:29][E][Request] Request error
Status: 0
Error: Unable to complete SSL connection
Text: Url: https://bgutools.bytedance.com/v2/tool_list?token=
Body: {"tools":[{"name":"com.bytedance.bgdt","version":"3.0.194"},{"name":"com.bytedance.starksdk.unitytools","version":"4.0.4"},{"name":"com.bytedance.starksdk","version":"6.0.8"}],"pageLimit":3,"channel":null,"license":"ti4rs/a/ReBbphgdUb7uow==","projectId":"com.ruixue.sdkpublic"}

[07:51:09][I][NoteManager] ws: << end, Reason: An exception has occurred while receiving.
[07:51:21][I][NoteManager] ws: >> start
[07:51:21][I][NoteManager] wss://bgutools.bytedance.com/v2/ws/note?token=
[07:51:21][I][NoteManager] ws: << end, Reason: An exception has occurred while attempting to connect.
[07:51:31][I][NoteManager] ws: >> start
[07:51:32][I][NoteManager] wss://bgutools.bytedance.com/v2/ws/note?token=
[07:51:32][I][NoteManager] ws: << end, Reason: An exception has occurred while attempting to connect.
[07:51:32][E][Request] Request error
Status: 0
Error: Unable to complete SSL connection
Text: Url: https://bgutools.bytedance.com/v2/tool_list?token=
Body: {"tools":[{"name":"com.bytedance.bgdt","version":"3.0.194"},{"name":"com.bytedance.starksdk.unitytools","version":"4.0.4"},{"name":"com.bytedance.starksdk","version":"6.0.8"}],"pageLimit":3,"channel":null,"license":"ti4rs/a/ReBbphgdUb7uow==","projectId":"com.ruixue.sdkpublic"}

[07:51:42][I][NoteManager] ws: >> start
[07:51:42][I][NoteManager] wss://bgutools.bytedance.com/v2/ws/note?token=
[07:51:42][I][NoteManager] ws: << end, Reason: An exception has occurred while attempting to connect.
[07:51:52][I][NoteManager] ws: >> start
[07:51:52][I][NoteManager] wss://bgutools.bytedance.com/v2/ws/note?token=
[07:51:52][I][NoteManager] ws: << end, Reason: An exception has occurred while attempting to connect.
[07:52:02][I][NoteManager] ws: >> start
[07:52:02][I][NoteManager] wss://bgutools.bytedance.com/v2/ws/note?token=
[07:52:02][I][NoteManager] ws: << end, Reason: An exception has occurred while attempting to connect.
[07:52:12][I][NoteManager] ws: >> start
[07:52:13][I][NoteManager] wss://bgutools.bytedance.com/v2/ws/note?token=
[07:52:13][I][NoteManager] ws: << end, Reason: An exception has occurred while attempting to connect.
[07:52:23][I][NoteManager] ws: >> start
[07:52:23][I][NoteManager] wss://bgutools.bytedance.com/v2/ws/note?token=
[07:52:23][I][NoteManager] ws: << end, Reason: An exception has occurred while attempting to connect.
[07:52:33][I][NoteManager] ws: >> start
[07:52:33][I][NoteManager] wss://bgutools.bytedance.com/v2/ws/note?token=
[07:52:33][I][NoteManager] ws: << end, Reason: An exception has occurred while attempting to connect.
[07:52:35][E][Request] Request error
Status: 0
Error: Unable to complete SSL connection
Text: Url: https://bgutools.bytedance.com/v2/tool_list?token=
Body: {"tools":[{"name":"com.bytedance.bgdt","version":"3.0.194"},{"name":"com.bytedance.starksdk.unitytools","version":"4.0.4"},{"name":"com.bytedance.starksdk","version":"6.0.8"}],"pageLimit":3,"channel":null,"license":"ti4rs/a/ReBbphgdUb7uow==","projectId":"com.ruixue.sdkpublic"}

[07:52:43][I][NoteManager] ws: >> start
[07:52:43][I][NoteManager] wss://bgutools.bytedance.com/v2/ws/note?token=
[07:52:43][I][NoteManager] ws: << end, Reason: An exception has occurred while attempting to connect.
[07:52:53][I][NoteManager] ws: >> start
[07:52:53][I][NoteManager] wss://bgutools.bytedance.com/v2/ws/note?token=
[07:52:53][I][NoteManager] ws: << end, Reason: An exception has occurred while attempting to connect.
[07:53:29][I][NoteManager] ws: >> start
[07:53:29][I][NoteManager] wss://bgutools.bytedance.com/v2/ws/note?token=
[07:53:29][I][NoteManager] ws: << end, Reason: An exception has occurred while attempting to connect.
[07:53:38][E][Request] Request error
Status: 0
Error: Unable to complete SSL connection
Text: Url: https://bgutools.bytedance.com/v2/tool_list?token=
Body: {"tools":[{"name":"com.bytedance.bgdt","version":"3.0.194"},{"name":"com.bytedance.starksdk.unitytools","version":"4.0.4"},{"name":"com.bytedance.starksdk","version":"6.0.8"}],"pageLimit":3,"channel":null,"license":"ti4rs/a/ReBbphgdUb7uow==","projectId":"com.ruixue.sdkpublic"}

[07:53:39][I][NoteManager] ws: >> start
[07:53:39][I][NoteManager] wss://bgutools.bytedance.com/v2/ws/note?token=
[07:53:39][I][NoteManager] ws: << end, Reason: An exception has occurred while attempting to connect.
[07:53:49][I][NoteManager] ws: >> start
[07:53:49][I][NoteManager] wss://bgutools.bytedance.com/v2/ws/note?token=
[07:53:49][I][NoteManager] ws: << end, Reason: An exception has occurred while attempting to connect.
[07:53:59][I][NoteManager] ws: >> start
[07:53:59][I][NoteManager] wss://bgutools.bytedance.com/v2/ws/note?token=
[07:53:59][I][NoteManager] ws: << end, Reason: An exception has occurred while attempting to connect.
[07:54:09][I][NoteManager] ws: >> start
[07:54:10][I][NoteManager] wss://bgutools.bytedance.com/v2/ws/note?token=
[07:54:10][I][NoteManager] ws: << end, Reason: An exception has occurred while attempting to connect.
[07:54:33][I][NoteManager] ws: >> start
[07:54:33][I][NoteManager] wss://bgutools.bytedance.com/v2/ws/note?token=
[07:54:33][I][NoteManager] ws: << end, Reason: An exception has occurred while attempting to connect.
[07:54:42][E][Request] Request error
Status: 0
Error: Unable to complete SSL connection
Text: Url: https://bgutools.bytedance.com/v2/tool_list?token=
Body: {"tools":[{"name":"com.bytedance.bgdt","version":"3.0.194"},{"name":"com.bytedance.starksdk.unitytools","version":"4.0.4"},{"name":"com.bytedance.starksdk","version":"6.0.8"}],"pageLimit":3,"channel":null,"license":"ti4rs/a/ReBbphgdUb7uow==","projectId":"com.ruixue.sdkpublic"}

[07:54:43][I][NoteManager] ws: >> start
[07:54:43][I][NoteManager] wss://bgutools.bytedance.com/v2/ws/note?token=
[07:54:43][I][NoteManager] ws: << end, Reason: An exception has occurred while attempting to connect.
[07:54:53][I][NoteManager] ws: >> start
[07:54:54][I][NoteManager] wss://bgutools.bytedance.com/v2/ws/note?token=
[07:54:54][I][NoteManager] ws: << end, Reason: An exception has occurred while attempting to connect.
[07:55:04][I][NoteManager] ws: >> start
[07:55:04][I][NoteManager] wss://bgutools.bytedance.com/v2/ws/note?token=
[07:55:04][I][NoteManager] ws: << end, Reason: An exception has occurred while attempting to connect.
[07:55:14][I][NoteManager] ws: >> start
[07:55:14][I][NoteManager] wss://bgutools.bytedance.com/v2/ws/note?token=
[07:55:14][I][NoteManager] ws: << end, Reason: An exception has occurred while attempting to connect.
[07:55:27][I][NoteManager] ws: >> start
[07:55:28][I][NoteManager] wss://bgutools.bytedance.com/v2/ws/note?token=
[07:55:28][I][NoteManager] ws: << end, Reason: An exception has occurred while attempting to connect.
[07:55:38][I][NoteManager] ws: >> start
[07:55:38][I][NoteManager] wss://bgutools.bytedance.com/v2/ws/note?token=
[07:55:38][I][NoteManager] ws: << end, Reason: An exception has occurred while attempting to connect.
[07:55:46][E][Request] Request error
Status: 0
Error: Unable to complete SSL connection
Text: Url: https://bgutools.bytedance.com/v2/tool_list?token=
Body: {"tools":[{"name":"com.bytedance.bgdt","version":"3.0.194"},{"name":"com.bytedance.starksdk.unitytools","version":"4.0.4"},{"name":"com.bytedance.starksdk","version":"6.0.8"}],"pageLimit":3,"channel":null,"license":"ti4rs/a/ReBbphgdUb7uow==","projectId":"com.ruixue.sdkpublic"}

[07:55:48][I][NoteManager] ws: >> start
[07:55:48][I][NoteManager] wss://bgutools.bytedance.com/v2/ws/note?token=
[07:55:48][I][NoteManager] ws: << end, Reason: An exception has occurred while attempting to connect.
[07:55:58][I][NoteManager] ws: >> start
[07:55:58][I][NoteManager] wss://bgutools.bytedance.com/v2/ws/note?token=
[07:55:58][I][NoteManager] ws: << end, Reason: An exception has occurred while attempting to connect.
[07:56:08][I][NoteManager] ws: >> start
[07:56:08][I][NoteManager] wss://bgutools.bytedance.com/v2/ws/note?token=
[07:56:09][I][NoteManager] ws: << end, Reason: An exception has occurred while attempting to connect.
[07:56:22][I][NoteManager] ws: >> start
[07:56:22][I][NoteManager] wss://bgutools.bytedance.com/v2/ws/note?token=
[07:56:22][I][NoteManager] ws: << end, Reason: An exception has occurred while attempting to connect.
[07:56:33][I][NoteManager] ws: >> start
[07:56:33][I][NoteManager] wss://bgutools.bytedance.com/v2/ws/note?token=
[07:56:33][I][NoteManager] ws: << end, Reason: An exception has occurred while attempting to connect.
[07:56:43][I][NoteManager] ws: >> start
[07:56:43][I][NoteManager] wss://bgutools.bytedance.com/v2/ws/note?token=
[07:56:43][I][NoteManager] ws: << end, Reason: An exception has occurred while attempting to connect.
[07:56:50][E][Request] Request error
Status: 0
Error: Unable to complete SSL connection
Text: Url: https://bgutools.bytedance.com/v2/tool_list?token=
Body: {"tools":[{"name":"com.bytedance.bgdt","version":"3.0.194"},{"name":"com.bytedance.starksdk.unitytools","version":"4.0.4"},{"name":"com.bytedance.starksdk","version":"6.0.8"}],"pageLimit":3,"channel":null,"license":"ti4rs/a/ReBbphgdUb7uow==","projectId":"com.ruixue.sdkpublic"}

[07:56:53][I][NoteManager] ws: >> start
[07:56:53][I][NoteManager] wss://bgutools.bytedance.com/v2/ws/note?token=
[07:56:53][I][NoteManager] ws: << end, Reason: An exception has occurred while attempting to connect.
[07:57:03][I][NoteManager] ws: >> start
[07:57:03][I][NoteManager] wss://bgutools.bytedance.com/v2/ws/note?token=
[07:57:03][I][NoteManager] ws: << end, Reason: An exception has occurred while attempting to connect.
[07:58:48][I][NoteManager] ws: >> start
[07:58:48][I][NoteManager] wss://bgutools.bytedance.com/v2/ws/note?token=
[07:58:48][I][NoteManager] ws: << end, Reason: An exception has occurred while attempting to connect.
[07:58:50][E][Request] Request error
Status: 0
Error: Unable to complete SSL connection
Text: Url: https://bgutools.bytedance.com/v2/tool_list?token=
Body: {"tools":[{"name":"com.bytedance.bgdt","version":"3.0.194"},{"name":"com.bytedance.starksdk.unitytools","version":"4.0.4"},{"name":"com.bytedance.starksdk","version":"6.0.8"}],"pageLimit":3,"channel":null,"license":"ti4rs/a/ReBbphgdUb7uow==","projectId":"com.ruixue.sdkpublic"}

[07:58:58][I][NoteManager] ws: >> start
[07:58:58][I][NoteManager] wss://bgutools.bytedance.com/v2/ws/note?token=
[07:58:58][I][NoteManager] ws: << end, Reason: An exception has occurred while attempting to connect.
[07:59:08][I][NoteManager] ws: >> start
[07:59:08][I][NoteManager] wss://bgutools.bytedance.com/v2/ws/note?token=
[07:59:08][I][NoteManager] ws: << end, Reason: An exception has occurred while attempting to connect.
[07:59:18][I][NoteManager] ws: >> start
[07:59:18][I][NoteManager] wss://bgutools.bytedance.com/v2/ws/note?token=
[07:59:18][I][NoteManager] ws: << end, Reason: An exception has occurred while attempting to connect.
[07:59:28][I][NoteManager] ws: >> start
[07:59:29][I][NoteManager] wss://bgutools.bytedance.com/v2/ws/note?token=
[07:59:29][I][NoteManager] ws: << end, Reason: An exception has occurred while attempting to connect.
[07:59:50][I][NoteManager] ws: >> start
[07:59:50][I][NoteManager] wss://bgutools.bytedance.com/v2/ws/note?token=
[07:59:50][I][NoteManager] ws: << end, Reason: An exception has occurred while attempting to connect.
[07:59:53][E][Request] Request error
Status: 0
Error: Unable to complete SSL connection
Text: Url: https://bgutools.bytedance.com/v2/tool_list?token=
Body: {"tools":[{"name":"com.bytedance.bgdt","version":"3.0.194"},{"name":"com.bytedance.starksdk.unitytools","version":"4.0.4"},{"name":"com.bytedance.starksdk","version":"6.0.8"}],"pageLimit":3,"channel":null,"license":"ti4rs/a/ReBbphgdUb7uow==","projectId":"com.ruixue.sdkpublic"}

[08:00:00][I][NoteManager] ws: >> start
[08:00:00][I][NoteManager] wss://bgutools.bytedance.com/v2/ws/note?token=
[08:00:00][I][NoteManager] ws: << end, Reason: An exception has occurred while attempting to connect.
[08:00:10][I][NoteManager] ws: >> start
[08:00:10][I][NoteManager] wss://bgutools.bytedance.com/v2/ws/note?token=
[08:00:10][I][NoteManager] ws: << end, Reason: An exception has occurred while attempting to connect.
[08:00:20][I][NoteManager] ws: >> start
[08:00:20][I][NoteManager] wss://bgutools.bytedance.com/v2/ws/note?token=
[08:00:20][I][NoteManager] ws: << end, Reason: An exception has occurred while attempting to connect.
[08:00:30][I][NoteManager] ws: >> start
[08:00:30][I][NoteManager] wss://bgutools.bytedance.com/v2/ws/note?token=
[08:00:31][I][NoteManager] ws: << end, Reason: An exception has occurred while attempting to connect.
[08:00:46][I][NoteManager] ws: >> start
[08:00:47][I][NoteManager] wss://bgutools.bytedance.com/v2/ws/note?token=
[08:00:47][I][NoteManager] ws: << end, Reason: An exception has occurred while attempting to connect.
[08:00:56][E][Request] Request error
Status: 0
Error: Unable to complete SSL connection
Text: Url: https://bgutools.bytedance.com/v2/tool_list?token=
Body: {"tools":[{"name":"com.bytedance.bgdt","version":"3.0.194"},{"name":"com.bytedance.starksdk.unitytools","version":"4.0.4"},{"name":"com.bytedance.starksdk","version":"6.0.8"}],"pageLimit":3,"channel":null,"license":"ti4rs/a/ReBbphgdUb7uow==","projectId":"com.ruixue.sdkpublic"}

[08:00:57][I][NoteManager] ws: >> start
[08:00:57][I][NoteManager] wss://bgutools.bytedance.com/v2/ws/note?token=
[08:00:57][I][NoteManager] ws: << end, Reason: An exception has occurred while attempting to connect.
[08:01:07][I][NoteManager] ws: >> start
[08:01:07][I][NoteManager] wss://bgutools.bytedance.com/v2/ws/note?token=
[08:01:08][I][NoteManager] ws: << end, Reason: An exception has occurred while attempting to connect.
[08:01:18][I][NoteManager] ws: >> start
[08:01:18][I][NoteManager] wss://bgutools.bytedance.com/v2/ws/note?token=
[08:01:18][I][NoteManager] ws: << end, Reason: An exception has occurred while attempting to connect.
[08:01:28][I][NoteManager] ws: >> start
[08:01:28][I][NoteManager] wss://bgutools.bytedance.com/v2/ws/note?token=
[08:01:28][I][NoteManager] ws: << end, Reason: An exception has occurred while attempting to connect.
[08:01:40][I][NoteManager] ws: >> start
[08:01:41][I][NoteManager] wss://bgutools.bytedance.com/v2/ws/note?token=
[08:01:41][I][NoteManager] ws: << end, Reason: An exception has occurred while attempting to connect.
[08:01:51][I][NoteManager] ws: >> start
[08:01:51][I][NoteManager] wss://bgutools.bytedance.com/v2/ws/note?token=
[08:01:51][I][NoteManager] ws: << end, Reason: An exception has occurred while attempting to connect.
[08:02:00][E][Request] Request error
Status: 0
Error: Unable to complete SSL connection
Text: Url: https://bgutools.bytedance.com/v2/tool_list?token=
Body: {"tools":[{"name":"com.bytedance.bgdt","version":"3.0.194"},{"name":"com.bytedance.starksdk.unitytools","version":"4.0.4"},{"name":"com.bytedance.starksdk","version":"6.0.8"}],"pageLimit":3,"channel":null,"license":"ti4rs/a/ReBbphgdUb7uow==","projectId":"com.ruixue.sdkpublic"}

[08:02:01][I][NoteManager] ws: >> start
[08:02:01][I][NoteManager] wss://bgutools.bytedance.com/v2/ws/note?token=
[08:02:01][I][NoteManager] ws: << end, Reason: An exception has occurred while attempting to connect.
[08:02:11][I][NoteManager] ws: >> start
[08:02:12][I][NoteManager] wss://bgutools.bytedance.com/v2/ws/note?token=
[08:02:12][I][NoteManager] ws: << end, Reason: An exception has occurred while attempting to connect.
[08:02:22][I][NoteManager] ws: >> start
[08:02:22][I][NoteManager] wss://bgutools.bytedance.com/v2/ws/note?token=
[08:02:22][I][NoteManager] ws: << end, Reason: An exception has occurred while attempting to connect.
[08:02:48][I][NoteManager] ws: >> start
[08:02:48][I][NoteManager] wss://bgutools.bytedance.com/v2/ws/note?token=
[08:02:48][I][NoteManager] ws: << end, Reason: An exception has occurred while attempting to connect.
[08:02:58][I][NoteManager] ws: >> start
[08:02:58][I][NoteManager] wss://bgutools.bytedance.com/v2/ws/note?token=
[08:02:58][I][NoteManager] ws: << end, Reason: An exception has occurred while attempting to connect.
[08:03:04][E][Request] Request error
Status: 0
Error: Unable to complete SSL connection
Text: Url: https://bgutools.bytedance.com/v2/tool_list?token=
Body: {"tools":[{"name":"com.bytedance.bgdt","version":"3.0.194"},{"name":"com.bytedance.starksdk.unitytools","version":"4.0.4"},{"name":"com.bytedance.starksdk","version":"6.0.8"}],"pageLimit":3,"channel":null,"license":"ti4rs/a/ReBbphgdUb7uow==","projectId":"com.ruixue.sdkpublic"}

[08:03:08][I][NoteManager] ws: >> start
[08:03:09][I][NoteManager] wss://bgutools.bytedance.com/v2/ws/note?token=
[08:03:09][I][NoteManager] ws: << end, Reason: An exception has occurred while attempting to connect.
[08:03:19][I][NoteManager] ws: >> start
[08:03:19][I][NoteManager] wss://bgutools.bytedance.com/v2/ws/note?token=
[08:03:19][I][NoteManager] ws: << end, Reason: An exception has occurred while attempting to connect.
[08:03:29][I][NoteManager] ws: >> start
[08:03:29][I][NoteManager] wss://bgutools.bytedance.com/v2/ws/note?token=
[08:03:29][I][NoteManager] ws: << end, Reason: An exception has occurred while attempting to connect.
[08:05:14][I][NoteManager] ws: >> start
[08:05:14][I][NoteManager] wss://bgutools.bytedance.com/v2/ws/note?token=
[08:05:14][I][NoteManager] ws: << end, Reason: An exception has occurred while attempting to connect.
[08:05:18][E][Request] Request error
Status: 0
Error: Unable to complete SSL connection
Text: Url: https://bgutools.bytedance.com/v2/tool_list?token=
Body: {"tools":[{"name":"com.bytedance.bgdt","version":"3.0.194"},{"name":"com.bytedance.starksdk.unitytools","version":"4.0.4"},{"name":"com.bytedance.starksdk","version":"6.0.8"}],"pageLimit":3,"channel":null,"license":"ti4rs/a/ReBbphgdUb7uow==","projectId":"com.ruixue.sdkpublic"}

[08:05:24][I][NoteManager] ws: >> start
[08:05:24][I][NoteManager] wss://bgutools.bytedance.com/v2/ws/note?token=
[08:05:24][I][NoteManager] ws: << end, Reason: An exception has occurred while attempting to connect.
[08:05:34][I][NoteManager] ws: >> start
[08:05:35][I][NoteManager] wss://bgutools.bytedance.com/v2/ws/note?token=
[08:05:35][I][NoteManager] ws: << end, Reason: An exception has occurred while attempting to connect.
[08:05:45][I][NoteManager] ws: >> start
[08:05:45][I][NoteManager] wss://bgutools.bytedance.com/v2/ws/note?token=
[08:05:45][I][NoteManager] ws: << end, Reason: An exception has occurred while attempting to connect.
[08:10:09][I][NoteManager] ws: >> start
[08:10:09][I][NoteManager] wss://bgutools.bytedance.com/v2/ws/note?token=
[08:10:09][I][NoteManager] ws: << end, Reason: An exception has occurred while attempting to connect.
[08:10:13][E][Request] Request error
Status: 0
Error: Unable to complete SSL connection
Text: Url: https://bgutools.bytedance.com/v2/tool_list?token=
Body: {"tools":[{"name":"com.bytedance.bgdt","version":"3.0.194"},{"name":"com.bytedance.starksdk.unitytools","version":"4.0.4"},{"name":"com.bytedance.starksdk","version":"6.0.8"}],"pageLimit":3,"channel":null,"license":"ti4rs/a/ReBbphgdUb7uow==","projectId":"com.ruixue.sdkpublic"}

[08:10:19][I][NoteManager] ws: >> start
[08:10:19][I][NoteManager] wss://bgutools.bytedance.com/v2/ws/note?token=
[08:10:19][I][NoteManager] ws: << end, Reason: An exception has occurred while attempting to connect.
[08:10:29][I][NoteManager] ws: >> start
[08:10:29][I][NoteManager] wss://bgutools.bytedance.com/v2/ws/note?token=
[08:10:30][I][NoteManager] ws: << end, Reason: An exception has occurred while attempting to connect.
[08:10:40][I][NoteManager] ws: >> start
[08:10:40][I][NoteManager] wss://bgutools.bytedance.com/v2/ws/note?token=
[08:10:40][I][NoteManager] ws: << end, Reason: An exception has occurred while attempting to connect.
[08:10:50][I][NoteManager] ws: >> start
[08:10:50][I][NoteManager] wss://bgutools.bytedance.com/v2/ws/note?token=
[08:10:50][I][NoteManager] ws: << end, Reason: An exception has occurred while attempting to connect.
[08:12:40][I][NoteManager] ws: >> start
[08:12:41][I][NoteManager] wss://bgutools.bytedance.com/v2/ws/note?token=
[08:12:41][I][NoteManager] ws: << end, Reason: An exception has occurred while attempting to connect.
[08:12:44][E][Request] Request error
Status: 0
Error: Unable to complete SSL connection
Text: Url: https://bgutools.bytedance.com/v2/tool_list?token=
Body: {"tools":[{"name":"com.bytedance.bgdt","version":"3.0.194"},{"name":"com.bytedance.starksdk.unitytools","version":"4.0.4"},{"name":"com.bytedance.starksdk","version":"6.0.8"}],"pageLimit":3,"channel":null,"license":"ti4rs/a/ReBbphgdUb7uow==","projectId":"com.ruixue.sdkpublic"}

[08:12:51][I][NoteManager] ws: >> start
[08:12:51][I][NoteManager] wss://bgutools.bytedance.com/v2/ws/note?token=
[08:12:51][I][NoteManager] ws: << end, Reason: An exception has occurred while attempting to connect.
[08:13:01][I][NoteManager] ws: >> start
[08:13:01][I][NoteManager] wss://bgutools.bytedance.com/v2/ws/note?token=
[08:13:01][I][NoteManager] ws: << end, Reason: An exception has occurred while attempting to connect.
[08:13:11][I][NoteManager] ws: >> start
[08:13:11][I][NoteManager] wss://bgutools.bytedance.com/v2/ws/note?token=
[08:13:11][I][NoteManager] ws: << end, Reason: An exception has occurred while attempting to connect.
[08:13:21][I][NoteManager] ws: >> start
[08:13:21][I][NoteManager] wss://bgutools.bytedance.com/v2/ws/note?token=
[08:13:21][I][NoteManager] ws: << end, Reason: An exception has occurred while attempting to connect.
[08:14:46][I][NoteManager] ws: >> start
[08:14:46][I][NoteManager] wss://bgutools.bytedance.com/v2/ws/note?token=
[08:14:46][I][NoteManager] ws: << end, Reason: An exception has occurred while attempting to connect.
[08:14:50][E][Request] Request error
Status: 0
Error: Unable to complete SSL connection
Text: Url: https://bgutools.bytedance.com/v2/tool_list?token=
Body: {"tools":[{"name":"com.bytedance.bgdt","version":"3.0.194"},{"name":"com.bytedance.starksdk.unitytools","version":"4.0.4"},{"name":"com.bytedance.starksdk","version":"6.0.8"}],"pageLimit":3,"channel":null,"license":"ti4rs/a/ReBbphgdUb7uow==","projectId":"com.ruixue.sdkpublic"}

[08:14:57][I][NoteManager] ws: >> start
[08:14:57][I][NoteManager] wss://bgutools.bytedance.com/v2/ws/note?token=
[08:14:57][I][NoteManager] ws: << end, Reason: An exception has occurred while attempting to connect.
[08:15:07][I][NoteManager] ws: >> start
[08:15:07][I][NoteManager] wss://bgutools.bytedance.com/v2/ws/note?token=
[08:15:07][I][NoteManager] ws: << end, Reason: An exception has occurred while attempting to connect.
[08:15:17][I][NoteManager] ws: >> start
[08:15:17][I][NoteManager] wss://bgutools.bytedance.com/v2/ws/note?token=
[08:15:17][I][NoteManager] ws: << end, Reason: An exception has occurred while attempting to connect.
[08:15:27][I][NoteManager] ws: >> start
[08:15:27][I][NoteManager] wss://bgutools.bytedance.com/v2/ws/note?token=
[08:15:27][I][NoteManager] ws: << end, Reason: An exception has occurred while attempting to connect.
[08:15:37][I][NoteManager] ws: >> start
[08:15:37][I][NoteManager] wss://bgutools.bytedance.com/v2/ws/note?token=
[08:15:37][I][NoteManager] ws: << end, Reason: An exception has occurred while attempting to connect.
[08:15:47][I][NoteManager] ws: >> start
[08:15:47][I][NoteManager] wss://bgutools.bytedance.com/v2/ws/note?token=
[08:15:48][I][NoteManager] ws: << end, Reason: An exception has occurred while attempting to connect.
[08:15:54][E][Request] Request error
Status: 0
Error: Unable to complete SSL connection
Text: Url: https://bgutools.bytedance.com/v2/tool_list?token=
Body: {"tools":[{"name":"com.bytedance.bgdt","version":"3.0.194"},{"name":"com.bytedance.starksdk.unitytools","version":"4.0.4"},{"name":"com.bytedance.starksdk","version":"6.0.8"}],"pageLimit":3,"channel":null,"license":"ti4rs/a/ReBbphgdUb7uow==","projectId":"com.ruixue.sdkpublic"}

[08:15:58][I][NoteManager] ws: >> start
[08:15:58][I][NoteManager] wss://bgutools.bytedance.com/v2/ws/note?token=
[08:15:58][I][NoteManager] ws: << end, Reason: An exception has occurred while attempting to connect.
[08:16:08][I][NoteManager] ws: >> start
[08:16:08][I][NoteManager] wss://bgutools.bytedance.com/v2/ws/note?token=
[08:16:08][I][NoteManager] ws: << end, Reason: An exception has occurred while attempting to connect.
[08:16:18][I][NoteManager] ws: >> start
[08:16:18][I][NoteManager] wss://bgutools.bytedance.com/v2/ws/note?token=
[08:16:18][I][NoteManager] ws: << end, Reason: An exception has occurred while attempting to connect.
[08:16:30][I][NoteManager] ws: >> start
[08:16:30][I][NoteManager] wss://bgutools.bytedance.com/v2/ws/note?token=
[08:16:30][I][NoteManager] ws: << end, Reason: An exception has occurred while attempting to connect.
[08:16:40][I][NoteManager] ws: >> start
[08:16:40][I][NoteManager] wss://bgutools.bytedance.com/v2/ws/note?token=
[08:16:40][I][NoteManager] ws: << end, Reason: An exception has occurred while attempting to connect.
[08:16:50][I][NoteManager] ws: >> start
[08:16:50][I][NoteManager] wss://bgutools.bytedance.com/v2/ws/note?token=
[08:16:50][I][NoteManager] ws: << end, Reason: An exception has occurred while attempting to connect.
[08:16:57][E][Request] Request error
Status: 0
Error: Unable to complete SSL connection
Text: Url: https://bgutools.bytedance.com/v2/tool_list?token=
Body: {"tools":[{"name":"com.bytedance.bgdt","version":"3.0.194"},{"name":"com.bytedance.starksdk.unitytools","version":"4.0.4"},{"name":"com.bytedance.starksdk","version":"6.0.8"}],"pageLimit":3,"channel":null,"license":"ti4rs/a/ReBbphgdUb7uow==","projectId":"com.ruixue.sdkpublic"}

[08:17:00][I][NoteManager] ws: >> start
[08:17:01][I][NoteManager] wss://bgutools.bytedance.com/v2/ws/note?token=
[08:17:01][I][NoteManager] ws: << end, Reason: An exception has occurred while attempting to connect.
[08:17:11][I][NoteManager] ws: >> start
[08:17:11][I][NoteManager] wss://bgutools.bytedance.com/v2/ws/note?token=
[08:17:11][I][NoteManager] ws: << end, Reason: An exception has occurred while attempting to connect.
[08:17:25][I][NoteManager] ws: >> start
[08:17:25][I][NoteManager] wss://bgutools.bytedance.com/v2/ws/note?token=
[08:17:25][I][NoteManager] ws: << end, Reason: An exception has occurred while attempting to connect.
[08:17:35][I][NoteManager] ws: >> start
[08:17:35][I][NoteManager] wss://bgutools.bytedance.com/v2/ws/note?token=
[08:17:35][I][NoteManager] ws: << end, Reason: An exception has occurred while attempting to connect.
[08:17:45][I][NoteManager] ws: >> start
[08:17:45][I][NoteManager] wss://bgutools.bytedance.com/v2/ws/note?token=
[08:17:45][I][NoteManager] ws: << end, Reason: An exception has occurred while attempting to connect.
[08:17:55][I][NoteManager] ws: >> start
[08:17:55][I][NoteManager] wss://bgutools.bytedance.com/v2/ws/note?token=
[08:17:55][I][NoteManager] ws: << end, Reason: An exception has occurred while attempting to connect.
[08:18:00][E][Request] Request error
Status: 0
Error: Unable to complete SSL connection
Text: Url: https://bgutools.bytedance.com/v2/tool_list?token=
Body: {"tools":[{"name":"com.bytedance.bgdt","version":"3.0.194"},{"name":"com.bytedance.starksdk.unitytools","version":"4.0.4"},{"name":"com.bytedance.starksdk","version":"6.0.8"}],"pageLimit":3,"channel":null,"license":"ti4rs/a/ReBbphgdUb7uow==","projectId":"com.ruixue.sdkpublic"}

[08:18:05][I][NoteManager] ws: >> start
[08:18:06][I][NoteManager] wss://bgutools.bytedance.com/v2/ws/note?token=
[08:18:06][I][NoteManager] ws: << end, Reason: An exception has occurred while attempting to connect.
[08:18:18][I][NoteManager] ws: >> start
[08:18:18][I][NoteManager] wss://bgutools.bytedance.com/v2/ws/note?token=
[08:18:18][I][NoteManager] ws: << end, Reason: An exception has occurred while attempting to connect.
[08:18:28][I][NoteManager] ws: >> start
[08:18:28][I][NoteManager] wss://bgutools.bytedance.com/v2/ws/note?token=
[08:18:28][I][NoteManager] ws: << end, Reason: An exception has occurred while attempting to connect.
[08:18:38][I][NoteManager] ws: >> start
[08:18:38][I][NoteManager] wss://bgutools.bytedance.com/v2/ws/note?token=
[08:18:38][I][NoteManager] ws: << end, Reason: An exception has occurred while attempting to connect.
[08:18:48][I][NoteManager] ws: >> start
[08:18:48][I][NoteManager] wss://bgutools.bytedance.com/v2/ws/note?token=
[08:18:49][I][NoteManager] ws: << end, Reason: An exception has occurred while attempting to connect.
[08:18:58][I][NoteManager] ws: >> start
[08:18:59][I][NoteManager] wss://bgutools.bytedance.com/v2/ws/note?token=
[08:18:59][I][NoteManager] ws: << end, Reason: An exception has occurred while attempting to connect.
[08:19:02][E][Request] Request error
Status: 0
Error: Unable to complete SSL connection
Text: Url: https://bgutools.bytedance.com/v2/tool_list?token=
Body: {"tools":[{"name":"com.bytedance.bgdt","version":"3.0.194"},{"name":"com.bytedance.starksdk.unitytools","version":"4.0.4"},{"name":"com.bytedance.starksdk","version":"6.0.8"}],"pageLimit":3,"channel":null,"license":"ti4rs/a/ReBbphgdUb7uow==","projectId":"com.ruixue.sdkpublic"}

[08:19:09][I][NoteManager] ws: >> start
[08:19:09][I][NoteManager] wss://bgutools.bytedance.com/v2/ws/note?token=
[08:19:09][I][NoteManager] ws: << end, Reason: An exception has occurred while attempting to connect.
[08:19:19][I][NoteManager] ws: >> start
[08:19:19][I][NoteManager] wss://bgutools.bytedance.com/v2/ws/note?token=
[08:19:19][I][NoteManager] ws: << end, Reason: An exception has occurred while attempting to connect.
[08:19:29][I][NoteManager] ws: >> start
[08:19:29][I][NoteManager] wss://bgutools.bytedance.com/v2/ws/note?token=
[08:19:29][I][NoteManager] ws: << end, Reason: An exception has occurred while attempting to connect.
[08:19:39][I][NoteManager] ws: >> start
[08:19:39][I][NoteManager] wss://bgutools.bytedance.com/v2/ws/note?token=
[08:19:39][I][NoteManager] ws: << end, Reason: An exception has occurred while attempting to connect.
[08:19:49][I][NoteManager] ws: >> start
[08:19:49][I][NoteManager] wss://bgutools.bytedance.com/v2/ws/note?token=
[08:19:49][I][NoteManager] ws: << end, Reason: An exception has occurred while attempting to connect.
[08:19:59][I][NoteManager] ws: >> start
[08:19:59][I][NoteManager] wss://bgutools.bytedance.com/v2/ws/note?token=
[08:19:59][I][NoteManager] ws: << end, Reason: An exception has occurred while attempting to connect.
[08:20:06][E][Request] Request error
Status: 0
Error: Unable to complete SSL connection
Text: Url: https://bgutools.bytedance.com/v2/tool_list?token=
Body: {"tools":[{"name":"com.bytedance.bgdt","version":"3.0.194"},{"name":"com.bytedance.starksdk.unitytools","version":"4.0.4"},{"name":"com.bytedance.starksdk","version":"6.0.8"}],"pageLimit":3,"channel":null,"license":"ti4rs/a/ReBbphgdUb7uow==","projectId":"com.ruixue.sdkpublic"}

[08:20:09][I][NoteManager] ws: >> start
[08:20:10][I][NoteManager] wss://bgutools.bytedance.com/v2/ws/note?token=
[08:20:10][I][NoteManager] ws: << end, Reason: An exception has occurred while attempting to connect.
[08:20:20][I][NoteManager] ws: >> start
[08:20:20][I][NoteManager] wss://bgutools.bytedance.com/v2/ws/note?token=
[08:20:20][I][NoteManager] ws: << end, Reason: An exception has occurred while attempting to connect.
[08:20:30][I][NoteManager] ws: >> start
[08:20:30][I][NoteManager] wss://bgutools.bytedance.com/v2/ws/note?token=
[08:20:30][I][NoteManager] ws: << end, Reason: An exception has occurred while attempting to connect.
[08:20:40][I][NoteManager] ws: >> start
[08:20:40][I][NoteManager] wss://bgutools.bytedance.com/v2/ws/note?token=
[08:20:40][I][NoteManager] ws: << end, Reason: An exception has occurred while attempting to connect.
[08:20:50][I][NoteManager] ws: >> start
[08:20:50][I][NoteManager] wss://bgutools.bytedance.com/v2/ws/note?token=
[08:20:50][I][NoteManager] ws: << end, Reason: An exception has occurred while attempting to connect.
[08:21:00][I][NoteManager] ws: >> start
[08:21:00][I][NoteManager] wss://bgutools.bytedance.com/v2/ws/note?token=
[08:21:00][I][NoteManager] ws: << end, Reason: An exception has occurred while attempting to connect.
[08:21:10][E][Request] Request error
Status: 0
Error: Unable to complete SSL connection
Text: Url: https://bgutools.bytedance.com/v2/tool_list?token=
Body: {"tools":[{"name":"com.bytedance.bgdt","version":"3.0.194"},{"name":"com.bytedance.starksdk.unitytools","version":"4.0.4"},{"name":"com.bytedance.starksdk","version":"6.0.8"}],"pageLimit":3,"channel":null,"license":"ti4rs/a/ReBbphgdUb7uow==","projectId":"com.ruixue.sdkpublic"}

[08:21:10][I][NoteManager] ws: >> start
[08:21:10][I][NoteManager] wss://bgutools.bytedance.com/v2/ws/note?token=
[08:21:10][I][NoteManager] ws: << end, Reason: An exception has occurred while attempting to connect.
[08:21:20][I][NoteManager] ws: >> start
[08:21:21][I][NoteManager] wss://bgutools.bytedance.com/v2/ws/note?token=
[08:21:21][I][NoteManager] ws: << end, Reason: An exception has occurred while attempting to connect.
[08:21:31][I][NoteManager] ws: >> start
[08:21:31][I][NoteManager] wss://bgutools.bytedance.com/v2/ws/note?token=
[08:21:31][I][NoteManager] ws: << end, Reason: An exception has occurred while attempting to connect.
[08:25:50][I][NoteManager] ws: >> start
[08:25:50][I][NoteManager] wss://bgutools.bytedance.com/v2/ws/note?token=
[08:25:50][I][NoteManager] ws: << end, Reason: An exception has occurred while attempting to connect.
[08:25:52][E][Request] Request error
Status: 0
Error: Unable to complete SSL connection
Text: Url: https://bgutools.bytedance.com/v2/tool_list?token=
Body: {"tools":[{"name":"com.bytedance.bgdt","version":"3.0.194"},{"name":"com.bytedance.starksdk.unitytools","version":"4.0.4"},{"name":"com.bytedance.starksdk","version":"6.0.8"}],"pageLimit":3,"channel":null,"license":"ti4rs/a/ReBbphgdUb7uow==","projectId":"com.ruixue.sdkpublic"}

[08:26:00][I][NoteManager] ws: >> start
[08:26:00][I][NoteManager] wss://bgutools.bytedance.com/v2/ws/note?token=
[08:26:03][I][NoteManager] ws: << end, Reason: An exception has occurred while attempting to connect.
[08:26:13][I][NoteManager] ws: >> start
[08:26:13][I][NoteManager] wss://bgutools.bytedance.com/v2/ws/note?token=
[08:26:16][I][NoteManager] ws: << end, Reason: An exception has occurred while attempting to connect.
[08:26:26][I][NoteManager] ws: >> start
[08:26:26][I][NoteManager] wss://bgutools.bytedance.com/v2/ws/note?token=
[08:26:30][I][NoteManager] ws: << end, Reason: An exception has occurred while attempting to connect.
[08:26:40][I][NoteManager] ws: >> start
[08:26:40][I][NoteManager] wss://bgutools.bytedance.com/v2/ws/note?token=
[08:26:41][I][NoteManager] ws: connected
[08:26:41][I][NoteManager] ws: client info >
[08:26:41][I][NoteManager] ws: send client info ok
[08:36:41][I][NoteManager] ws: << end, Reason: An exception has occurred while receiving.
[08:36:51][I][NoteManager] ws: >> start
[08:36:51][I][NoteManager] wss://bgutools.bytedance.com/v2/ws/note?token=
[08:36:51][I][NoteManager] ws: connected
[08:36:52][I][NoteManager] ws: client info >
[08:36:52][I][NoteManager] ws: send client info ok
[08:46:51][I][NoteManager] ws: << end, Reason: An exception has occurred while receiving.
[08:47:01][I][NoteManager] ws: >> start
[08:47:01][I][NoteManager] wss://bgutools.bytedance.com/v2/ws/note?token=
[08:47:02][I][NoteManager] ws: connected
[08:47:02][I][NoteManager] ws: client info >
[08:47:02][I][NoteManager] ws: send client info ok
[08:57:02][I][NoteManager] ws: << end, Reason: An exception has occurred while receiving.
[08:57:12][I][NoteManager] ws: >> start
[08:57:12][I][NoteManager] wss://bgutools.bytedance.com/v2/ws/note?token=
[08:57:12][I][NoteManager] ws: connected
[08:57:12][I][NoteManager] ws: client info >
[08:57:12][I][NoteManager] ws: send client info ok
[09:07:12][I][NoteManager] ws: << end, Reason: An exception has occurred while receiving.
[09:07:22][I][NoteManager] ws: >> start
[09:07:22][I][NoteManager] wss://bgutools.bytedance.com/v2/ws/note?token=
[09:07:22][I][NoteManager] ws: connected
[09:07:22][I][NoteManager] ws: client info >
[09:07:22][I][NoteManager] ws: send client info ok
[09:17:22][I][NoteManager] ws: << end, Reason: An exception has occurred while receiving.
[09:17:32][I][NoteManager] ws: >> start
[09:17:32][I][NoteManager] wss://bgutools.bytedance.com/v2/ws/note?token=
[09:17:33][I][NoteManager] ws: connected
[09:17:33][I][NoteManager] ws: client info >
[09:17:33][I][NoteManager] ws: send client info ok
