[08:28:12][I][AuthService] StartWebServer at port : 62127
[08:28:12][I][CoreLoadManager] core loaded !!!!!
[08:28:13][I][NoteManager] ws: >> start
[08:28:13][I][NoteManager] wss://bgutools.bytedance.com/v2/ws/note?token=
[08:28:13][I][NoteManager] ws: >> start
[08:28:13][I][NoteManager] wss://bgutools.bytedance.com/v2/ws/note?token=
[08:28:13][I][NoteManager] ws: connected
[08:28:13][I][NoteManager] ws: client info >
[08:28:13][I][NoteManager] ws: send client info ok
[08:38:13][I][NoteManager] ws: << end, Reason: An exception has occurred while receiving.
[08:38:23][I][NoteManager] ws: >> start
[08:38:23][I][NoteManager] wss://bgutools.bytedance.com/v2/ws/note?token=
[08:38:23][I][NoteManager] ws: connected
[08:38:23][I][NoteManager] ws: client info >
[08:38:23][I][NoteManager] ws: send client info ok
[08:48:23][I][NoteManager] ws: << end, Reason: An exception has occurred while receiving.
[08:48:33][I][NoteManager] ws: >> start
[08:48:33][I][NoteManager] wss://bgutools.bytedance.com/v2/ws/note?token=
[08:48:34][I][NoteManager] ws: connected
[08:48:34][I][NoteManager] ws: client info >
[08:48:34][I][NoteManager] ws: send client info ok
[08:58:33][I][NoteManager] ws: << end, Reason: An exception has occurred while receiving.
[08:58:43][I][NoteManager] ws: >> start
[08:58:44][I][NoteManager] wss://bgutools.bytedance.com/v2/ws/note?token=
[08:58:44][I][NoteManager] ws: connected
[08:58:44][I][NoteManager] ws: client info >
[08:58:44][I][NoteManager] ws: send client info ok
[09:08:44][I][NoteManager] ws: << end, Reason: An exception has occurred while receiving.
[09:08:54][I][NoteManager] ws: >> start
[09:08:54][I][NoteManager] wss://bgutools.bytedance.com/v2/ws/note?token=
[09:08:55][I][NoteManager] ws: connected
[09:08:55][I][NoteManager] ws: client info >
[09:08:55][I][NoteManager] ws: send client info ok
