[18:25:00][I][AuthService] StartWebServer at port : 50701
[18:25:00][I][CoreLoadManager] core loaded !!!!!
[18:25:00][I][NoteManager] ws: >> start
[18:25:00][I][NoteManager] wss://bgutools.bytedance.com/v2/ws/note?token=
[18:25:00][I][NoteManager] ws: >> start
[18:25:00][I][NoteManager] wss://bgutools.bytedance.com/v2/ws/note?token=
[18:25:01][I][NoteManager] ws: connected
[18:25:01][I][NoteManager] ws: client info >
[18:25:01][I][NoteManager] ws: send client info ok
[18:35:01][I][NoteManager] ws: << end, Reason: An exception has occurred while receiving.
[18:35:11][I][NoteManager] ws: >> start
[18:35:11][I][NoteManager] wss://bgutools.bytedance.com/v2/ws/note?token=
[18:35:11][I][NoteManager] ws: connected
[18:35:11][I][NoteManager] ws: client info >
[18:35:11][I][NoteManager] ws: send client info ok
[18:45:11][I][NoteManager] ws: << end, Reason: An exception has occurred while receiving.
[18:45:21][I][NoteManager] ws: >> start
[18:45:21][I][NoteManager] wss://bgutools.bytedance.com/v2/ws/note?token=
[18:45:21][I][NoteManager] ws: connected
[18:45:21][I][NoteManager] ws: client info >
[18:45:21][I][NoteManager] ws: send client info ok
[18:55:21][I][NoteManager] ws: << end, Reason: An exception has occurred while receiving.
[18:55:31][I][NoteManager] ws: >> start
[18:55:31][I][NoteManager] wss://bgutools.bytedance.com/v2/ws/note?token=
[18:55:31][I][NoteManager] ws: connected
[18:55:31][I][NoteManager] ws: client info >
[18:55:31][I][NoteManager] ws: send client info ok
[19:05:31][I][NoteManager] ws: << end, Reason: An exception has occurred while receiving.
[19:05:41][I][NoteManager] ws: >> start
[19:05:41][I][NoteManager] wss://bgutools.bytedance.com/v2/ws/note?token=
[19:05:42][I][NoteManager] ws: connected
[19:05:42][I][NoteManager] ws: client info >
[19:05:42][I][NoteManager] ws: send client info ok
[19:15:42][I][NoteManager] ws: << end, Reason: An exception has occurred while receiving.
[19:15:52][I][NoteManager] ws: >> start
[19:15:52][I][NoteManager] wss://bgutools.bytedance.com/v2/ws/note?token=
[19:15:52][I][NoteManager] ws: connected
[19:15:52][I][NoteManager] ws: client info >
[19:15:52][I][NoteManager] ws: send client info ok
[19:25:52][I][NoteManager] ws: << end, Reason: An exception has occurred while receiving.
[19:26:02][I][NoteManager] ws: >> start
[19:26:02][I][NoteManager] wss://bgutools.bytedance.com/v2/ws/note?token=
[19:26:02][I][NoteManager] ws: connected
[19:26:02][I][NoteManager] ws: client info >
[19:26:02][I][NoteManager] ws: send client info ok
[19:36:02][I][NoteManager] ws: << end, Reason: An exception has occurred while receiving.
[19:36:12][I][NoteManager] ws: >> start
[19:36:12][I][NoteManager] wss://bgutools.bytedance.com/v2/ws/note?token=
[19:36:12][I][NoteManager] ws: connected
[19:36:13][I][NoteManager] ws: client info >
[19:36:13][I][NoteManager] ws: send client info ok
[19:46:12][I][NoteManager] ws: << end, Reason: An exception has occurred while receiving.
[19:46:22][I][NoteManager] ws: >> start
[19:46:22][I][NoteManager] wss://bgutools.bytedance.com/v2/ws/note?token=
[19:46:23][I][NoteManager] ws: connected
[19:46:23][I][NoteManager] ws: client info >
[19:46:23][I][NoteManager] ws: send client info ok
[20:46:38][I][NoteManager] ws: << end, Reason: An exception has occurred while receiving.
[20:46:48][I][NoteManager] ws: >> start
[20:46:48][I][NoteManager] wss://bgutools.bytedance.com/v2/ws/note?token=
[20:46:48][I][NoteManager] ws: connected
[20:46:48][I][NoteManager] ws: client info >
[20:46:48][I][NoteManager] ws: send client info ok
[20:56:48][I][NoteManager] ws: << end, Reason: An exception has occurred while receiving.
[20:56:58][I][NoteManager] ws: >> start
[20:56:59][I][NoteManager] wss://bgutools.bytedance.com/v2/ws/note?token=
[20:56:59][I][NoteManager] ws: connected
[20:56:59][I][NoteManager] ws: client info >
[20:56:59][I][NoteManager] ws: send client info ok
[21:06:59][I][NoteManager] ws: << end, Reason: An exception has occurred while receiving.
[21:07:09][I][NoteManager] ws: >> start
[21:07:09][I][NoteManager] wss://bgutools.bytedance.com/v2/ws/note?token=
[21:07:09][I][NoteManager] ws: connected
[21:07:09][I][NoteManager] ws: client info >
[21:07:09][I][NoteManager] ws: send client info ok
[21:17:09][I][NoteManager] ws: << end, Reason: An exception has occurred while receiving.
[21:17:19][I][NoteManager] ws: >> start
[21:17:19][I][NoteManager] wss://bgutools.bytedance.com/v2/ws/note?token=
[21:17:19][I][NoteManager] ws: connected
[21:17:19][I][NoteManager] ws: client info >
[21:17:19][I][NoteManager] ws: send client info ok
[21:27:19][I][NoteManager] ws: << end, Reason: An exception has occurred while receiving.
[21:27:29][I][NoteManager] ws: >> start
[21:27:29][I][NoteManager] wss://bgutools.bytedance.com/v2/ws/note?token=
[21:27:30][I][NoteManager] ws: connected
[21:27:30][I][NoteManager] ws: client info >
[21:27:30][I][NoteManager] ws: send client info ok
[04:04:57][I][NoteManager] ws: << end, Reason: An exception has occurred while receiving.
[04:22:18][I][NoteManager] ws: >> start
[04:22:18][I][NoteManager] wss://bgutools.bytedance.com/v2/ws/note?token=
[04:22:19][I][NoteManager] ws: connected
[04:22:19][I][NoteManager] ws: client info >
[04:22:19][I][NoteManager] ws: send client info ok
[07:41:03][E][Request] Request error
Status: 0
Error: Unable to complete SSL connection
Text: Url: https://bgutools.bytedance.com/v2/tool_list?token=
Body: {"tools":[{"name":"com.bytedance.bgdt","version":"3.0.194"},{"name":"com.bytedance.starksdk.unitytools","version":"4.0.4"},{"name":"com.bytedance.starksdk","version":"6.0.8"}],"pageLimit":3,"channel":null,"license":"ti4rs/a/ReBbphgdUb7uow==","projectId":"com.ruixue.sdkpublic"}

[07:41:26][I][NoteManager] ws: << end, Reason: An exception has occurred while receiving.
[07:45:54][I][NoteManager] ws: >> start
[07:45:55][I][NoteManager] wss://bgutools.bytedance.com/v2/ws/note?token=
[07:45:55][I][NoteManager] ws: << end, Reason: An exception has occurred while attempting to connect.
[07:45:57][E][Request] Request error
Status: 0
Error: Unable to complete SSL connection
Text: Url: https://bgutools.bytedance.com/v2/tool_list?token=
Body: {"tools":[{"name":"com.bytedance.bgdt","version":"3.0.194"},{"name":"com.bytedance.starksdk.unitytools","version":"4.0.4"},{"name":"com.bytedance.starksdk","version":"6.0.8"}],"pageLimit":3,"channel":null,"license":"ti4rs/a/ReBbphgdUb7uow==","projectId":"com.ruixue.sdkpublic"}

[07:46:05][I][NoteManager] ws: >> start
[07:46:05][I][NoteManager] wss://bgutools.bytedance.com/v2/ws/note?token=
[07:46:05][I][NoteManager] ws: << end, Reason: An exception has occurred while attempting to connect.
[07:46:15][I][NoteManager] ws: >> start
[07:46:15][I][NoteManager] wss://bgutools.bytedance.com/v2/ws/note?token=
[07:46:15][I][NoteManager] ws: << end, Reason: An exception has occurred while attempting to connect.
[07:46:25][I][NoteManager] ws: >> start
[07:46:25][I][NoteManager] wss://bgutools.bytedance.com/v2/ws/note?token=
[07:46:25][I][NoteManager] ws: << end, Reason: An exception has occurred while attempting to connect.
[07:46:35][I][NoteManager] ws: >> start
[07:46:35][I][NoteManager] wss://bgutools.bytedance.com/v2/ws/note?token=
[07:46:35][I][NoteManager] ws: << end, Reason: An exception has occurred while attempting to connect.
[07:48:03][I][NoteManager] ws: >> start
[07:48:03][I][NoteManager] wss://bgutools.bytedance.com/v2/ws/note?token=
[07:48:03][I][NoteManager] ws: << end, Reason: An exception has occurred while attempting to connect.
[07:48:06][E][Request] Request error
Status: 0
Error: Unable to complete SSL connection
Text: Url: https://bgutools.bytedance.com/v2/tool_list?token=
Body: {"tools":[{"name":"com.bytedance.bgdt","version":"3.0.194"},{"name":"com.bytedance.starksdk.unitytools","version":"4.0.4"},{"name":"com.bytedance.starksdk","version":"6.0.8"}],"pageLimit":3,"channel":null,"license":"ti4rs/a/ReBbphgdUb7uow==","projectId":"com.ruixue.sdkpublic"}

[07:48:13][I][NoteManager] ws: >> start
[07:48:13][I][NoteManager] wss://bgutools.bytedance.com/v2/ws/note?token=
[07:48:13][I][NoteManager] ws: << end, Reason: An exception has occurred while attempting to connect.
[07:48:23][I][NoteManager] ws: >> start
[07:48:23][I][NoteManager] wss://bgutools.bytedance.com/v2/ws/note?token=
[07:48:23][I][NoteManager] ws: << end, Reason: An exception has occurred while attempting to connect.
[07:48:33][I][NoteManager] ws: >> start
[07:48:33][I][NoteManager] wss://bgutools.bytedance.com/v2/ws/note?token=
[07:48:33][I][NoteManager] ws: << end, Reason: An exception has occurred while attempting to connect.
[07:48:43][I][NoteManager] ws: >> start
[07:48:44][I][NoteManager] wss://bgutools.bytedance.com/v2/ws/note?token=
[07:48:44][I][NoteManager] ws: << end, Reason: An exception has occurred while attempting to connect.
[07:49:28][I][NoteManager] ws: >> start
[07:49:28][I][NoteManager] wss://bgutools.bytedance.com/v2/ws/note?token=
[07:49:28][I][NoteManager] ws: << end, Reason: An exception has occurred while attempting to connect.
[07:49:30][E][Request] Request error
Status: 0
Error: Unable to complete SSL connection
Text: Url: https://bgutools.bytedance.com/v2/tool_list?token=
Body: {"tools":[{"name":"com.bytedance.bgdt","version":"3.0.194"},{"name":"com.bytedance.starksdk.unitytools","version":"4.0.4"},{"name":"com.bytedance.starksdk","version":"6.0.8"}],"pageLimit":3,"channel":null,"license":"ti4rs/a/ReBbphgdUb7uow==","projectId":"com.ruixue.sdkpublic"}

[07:49:38][I][NoteManager] ws: >> start
[07:49:38][I][NoteManager] wss://bgutools.bytedance.com/v2/ws/note?token=
[07:49:38][I][NoteManager] ws: << end, Reason: An exception has occurred while attempting to connect.
[07:49:48][I][NoteManager] ws: >> start
[07:49:48][I][NoteManager] wss://bgutools.bytedance.com/v2/ws/note?token=
[07:49:48][I][NoteManager] ws: << end, Reason: An exception has occurred while attempting to connect.
[07:49:58][I][NoteManager] ws: >> start
[07:49:59][I][NoteManager] wss://bgutools.bytedance.com/v2/ws/note?token=
[07:49:59][I][NoteManager] ws: << end, Reason: An exception has occurred while attempting to connect.
[07:50:09][I][NoteManager] ws: >> start
[07:50:09][I][NoteManager] wss://bgutools.bytedance.com/v2/ws/note?token=
[07:50:09][I][NoteManager] ws: << end, Reason: An exception has occurred while attempting to connect.
[07:50:19][I][NoteManager] ws: >> start
[07:50:19][I][NoteManager] wss://bgutools.bytedance.com/v2/ws/note?token=
[07:50:19][I][NoteManager] ws: << end, Reason: An exception has occurred while attempting to connect.
[07:50:29][I][NoteManager] ws: >> start
[07:50:29][I][NoteManager] wss://bgutools.bytedance.com/v2/ws/note?token=
[07:50:29][I][NoteManager] ws: << end, Reason: An exception has occurred while attempting to connect.
[07:50:33][E][Request] Request error
Status: 0
Error: Unable to complete SSL connection
Text: Url: https://bgutools.bytedance.com/v2/tool_list?token=
Body: {"tools":[{"name":"com.bytedance.bgdt","version":"3.0.194"},{"name":"com.bytedance.starksdk.unitytools","version":"4.0.4"},{"name":"com.bytedance.starksdk","version":"6.0.8"}],"pageLimit":3,"channel":null,"license":"ti4rs/a/ReBbphgdUb7uow==","projectId":"com.ruixue.sdkpublic"}

[07:50:47][I][NoteManager] ws: >> start
[07:50:47][I][NoteManager] wss://bgutools.bytedance.com/v2/ws/note?token=
[07:50:47][I][NoteManager] ws: << end, Reason: An exception has occurred while attempting to connect.
[07:50:57][I][NoteManager] ws: >> start
[07:50:57][I][NoteManager] wss://bgutools.bytedance.com/v2/ws/note?token=
[07:50:57][I][NoteManager] ws: << end, Reason: An exception has occurred while attempting to connect.
[07:51:07][I][NoteManager] ws: >> start
[07:51:07][I][NoteManager] wss://bgutools.bytedance.com/v2/ws/note?token=
[07:51:07][I][NoteManager] ws: << end, Reason: An exception has occurred while attempting to connect.
[07:51:17][I][NoteManager] ws: >> start
[07:51:17][I][NoteManager] wss://bgutools.bytedance.com/v2/ws/note?token=
[07:51:17][I][NoteManager] ws: << end, Reason: An exception has occurred while attempting to connect.
[07:51:27][I][NoteManager] ws: >> start
[07:51:27][I][NoteManager] wss://bgutools.bytedance.com/v2/ws/note?token=
[07:51:27][I][NoteManager] ws: << end, Reason: An exception has occurred while attempting to connect.
[07:52:34][I][NoteManager] ws: >> start
[07:52:35][I][NoteManager] wss://bgutools.bytedance.com/v2/ws/note?token=
[07:52:35][I][NoteManager] ws: << end, Reason: An exception has occurred while attempting to connect.
[07:52:38][E][Request] Request error
Status: 0
Error: Unable to complete SSL connection
Text: Url: https://bgutools.bytedance.com/v2/tool_list?token=
Body: {"tools":[{"name":"com.bytedance.bgdt","version":"3.0.194"},{"name":"com.bytedance.starksdk.unitytools","version":"4.0.4"},{"name":"com.bytedance.starksdk","version":"6.0.8"}],"pageLimit":3,"channel":null,"license":"ti4rs/a/ReBbphgdUb7uow==","projectId":"com.ruixue.sdkpublic"}

[07:52:45][I][NoteManager] ws: >> start
[07:52:45][I][NoteManager] wss://bgutools.bytedance.com/v2/ws/note?token=
[07:52:45][I][NoteManager] ws: << end, Reason: An exception has occurred while attempting to connect.
[07:54:29][I][NoteManager] ws: >> start
[07:54:29][I][NoteManager] wss://bgutools.bytedance.com/v2/ws/note?token=
[07:54:29][I][NoteManager] ws: << end, Reason: An exception has occurred while attempting to connect.
[07:54:32][E][Request] Request error
Status: 0
Error: Unable to complete SSL connection
Text: Url: https://bgutools.bytedance.com/v2/tool_list?token=
Body: {"tools":[{"name":"com.bytedance.bgdt","version":"3.0.194"},{"name":"com.bytedance.starksdk.unitytools","version":"4.0.4"},{"name":"com.bytedance.starksdk","version":"6.0.8"}],"pageLimit":3,"channel":null,"license":"ti4rs/a/ReBbphgdUb7uow==","projectId":"com.ruixue.sdkpublic"}

[07:54:43][I][NoteManager] ws: >> start
[07:54:43][I][NoteManager] wss://bgutools.bytedance.com/v2/ws/note?token=
[07:54:43][I][NoteManager] ws: << end, Reason: An exception has occurred while attempting to connect.
[07:54:53][I][NoteManager] ws: >> start
[07:54:53][I][NoteManager] wss://bgutools.bytedance.com/v2/ws/note?token=
[07:54:53][I][NoteManager] ws: << end, Reason: An exception has occurred while attempting to connect.
[07:55:03][I][NoteManager] ws: >> start
[07:55:03][I][NoteManager] wss://bgutools.bytedance.com/v2/ws/note?token=
[07:55:03][I][NoteManager] ws: << end, Reason: An exception has occurred while attempting to connect.
[07:55:13][I][NoteManager] ws: >> start
[07:55:14][I][NoteManager] wss://bgutools.bytedance.com/v2/ws/note?token=
[07:55:14][I][NoteManager] ws: << end, Reason: An exception has occurred while attempting to connect.
[07:55:24][I][NoteManager] ws: >> start
[07:55:24][I][NoteManager] wss://bgutools.bytedance.com/v2/ws/note?token=
[07:55:24][I][NoteManager] ws: << end, Reason: An exception has occurred while attempting to connect.
[07:55:38][I][NoteManager] ws: >> start
[07:55:38][I][NoteManager] wss://bgutools.bytedance.com/v2/ws/note?token=
[07:55:38][I][NoteManager] ws: << end, Reason: An exception has occurred while attempting to connect.
[07:55:41][E][Request] Request error
Status: 0
Error: Unable to complete SSL connection
Text: Url: https://bgutools.bytedance.com/v2/tool_list?token=
Body: {"tools":[{"name":"com.bytedance.bgdt","version":"3.0.194"},{"name":"com.bytedance.starksdk.unitytools","version":"4.0.4"},{"name":"com.bytedance.starksdk","version":"6.0.8"}],"pageLimit":3,"channel":null,"license":"ti4rs/a/ReBbphgdUb7uow==","projectId":"com.ruixue.sdkpublic"}

[07:55:48][I][NoteManager] ws: >> start
[07:55:48][I][NoteManager] wss://bgutools.bytedance.com/v2/ws/note?token=
[07:55:48][I][NoteManager] ws: << end, Reason: An exception has occurred while attempting to connect.
[07:55:58][I][NoteManager] ws: >> start
[07:55:59][I][NoteManager] wss://bgutools.bytedance.com/v2/ws/note?token=
[07:55:59][I][NoteManager] ws: << end, Reason: An exception has occurred while attempting to connect.
[08:04:14][I][NoteManager] ws: >> start
[08:04:15][I][NoteManager] wss://bgutools.bytedance.com/v2/ws/note?token=
[08:04:15][I][NoteManager] ws: << end, Reason: An exception has occurred while attempting to connect.
[08:04:18][E][Request] Request error
Status: 0
Error: Unable to complete SSL connection
Text: Url: https://bgutools.bytedance.com/v2/tool_list?token=
Body: {"tools":[{"name":"com.bytedance.bgdt","version":"3.0.194"},{"name":"com.bytedance.starksdk.unitytools","version":"4.0.4"},{"name":"com.bytedance.starksdk","version":"6.0.8"}],"pageLimit":3,"channel":null,"license":"ti4rs/a/ReBbphgdUb7uow==","projectId":"com.ruixue.sdkpublic"}

[08:04:25][I][NoteManager] ws: >> start
[08:04:25][I][NoteManager] wss://bgutools.bytedance.com/v2/ws/note?token=
[08:04:25][I][NoteManager] ws: << end, Reason: An exception has occurred while attempting to connect.
[08:04:35][I][NoteManager] ws: >> start
[08:04:35][I][NoteManager] wss://bgutools.bytedance.com/v2/ws/note?token=
[08:04:35][I][NoteManager] ws: << end, Reason: An exception has occurred while attempting to connect.
[08:04:45][I][NoteManager] ws: >> start
[08:04:45][I][NoteManager] wss://bgutools.bytedance.com/v2/ws/note?token=
[08:04:45][I][NoteManager] ws: << end, Reason: An exception has occurred while attempting to connect.
[08:04:55][I][NoteManager] ws: >> start
[08:04:55][I][NoteManager] wss://bgutools.bytedance.com/v2/ws/note?token=
[08:04:55][I][NoteManager] ws: << end, Reason: An exception has occurred while attempting to connect.
[08:05:21][I][NoteManager] ws: >> start
[08:05:22][I][NoteManager] wss://bgutools.bytedance.com/v2/ws/note?token=
[08:05:22][I][NoteManager] ws: << end, Reason: An exception has occurred while attempting to connect.
[08:05:25][E][Request] Request error
Status: 0
Error: Unable to complete SSL connection
Text: Url: https://bgutools.bytedance.com/v2/tool_list?token=
Body: {"tools":[{"name":"com.bytedance.bgdt","version":"3.0.194"},{"name":"com.bytedance.starksdk.unitytools","version":"4.0.4"},{"name":"com.bytedance.starksdk","version":"6.0.8"}],"pageLimit":3,"channel":null,"license":"ti4rs/a/ReBbphgdUb7uow==","projectId":"com.ruixue.sdkpublic"}

[08:05:32][I][NoteManager] ws: >> start
[08:05:32][I][NoteManager] wss://bgutools.bytedance.com/v2/ws/note?token=
[08:05:32][I][NoteManager] ws: << end, Reason: An exception has occurred while attempting to connect.
[08:06:41][I][NoteManager] ws: >> start
[08:06:41][I][NoteManager] wss://bgutools.bytedance.com/v2/ws/note?token=
[08:06:41][I][NoteManager] ws: << end, Reason: An exception has occurred while attempting to connect.
[08:06:45][E][Request] Request error
Status: 0
Error: Unable to complete SSL connection
Text: Url: https://bgutools.bytedance.com/v2/tool_list?token=
Body: {"tools":[{"name":"com.bytedance.bgdt","version":"3.0.194"},{"name":"com.bytedance.starksdk.unitytools","version":"4.0.4"},{"name":"com.bytedance.starksdk","version":"6.0.8"}],"pageLimit":3,"channel":null,"license":"ti4rs/a/ReBbphgdUb7uow==","projectId":"com.ruixue.sdkpublic"}

[08:06:51][I][NoteManager] ws: >> start
[08:06:51][I][NoteManager] wss://bgutools.bytedance.com/v2/ws/note?token=
[08:06:51][I][NoteManager] ws: << end, Reason: An exception has occurred while attempting to connect.
[08:07:01][I][NoteManager] ws: >> start
[08:07:02][I][NoteManager] wss://bgutools.bytedance.com/v2/ws/note?token=
[08:07:02][I][NoteManager] ws: << end, Reason: An exception has occurred while attempting to connect.
[08:07:12][I][NoteManager] ws: >> start
[08:07:12][I][NoteManager] wss://bgutools.bytedance.com/v2/ws/note?token=
[08:07:12][I][NoteManager] ws: << end, Reason: An exception has occurred while attempting to connect.
[08:07:22][I][NoteManager] ws: >> start
[08:07:22][I][NoteManager] wss://bgutools.bytedance.com/v2/ws/note?token=
[08:07:22][I][NoteManager] ws: << end, Reason: An exception has occurred while attempting to connect.
[08:10:20][I][NoteManager] ws: >> start
[08:10:21][I][NoteManager] wss://bgutools.bytedance.com/v2/ws/note?token=
[08:10:21][I][NoteManager] ws: << end, Reason: An exception has occurred while attempting to connect.
[08:10:24][E][Request] Request error
Status: 0
Error: Unable to complete SSL connection
Text: Url: https://bgutools.bytedance.com/v2/tool_list?token=
Body: {"tools":[{"name":"com.bytedance.bgdt","version":"3.0.194"},{"name":"com.bytedance.starksdk.unitytools","version":"4.0.4"},{"name":"com.bytedance.starksdk","version":"6.0.8"}],"pageLimit":3,"channel":null,"license":"ti4rs/a/ReBbphgdUb7uow==","projectId":"com.ruixue.sdkpublic"}

[08:10:31][I][NoteManager] ws: >> start
[08:10:31][I][NoteManager] wss://bgutools.bytedance.com/v2/ws/note?token=
[08:10:31][I][NoteManager] ws: << end, Reason: An exception has occurred while attempting to connect.
[08:10:41][I][NoteManager] ws: >> start
[08:10:41][I][NoteManager] wss://bgutools.bytedance.com/v2/ws/note?token=
[08:10:41][I][NoteManager] ws: << end, Reason: An exception has occurred while attempting to connect.
[08:10:51][I][NoteManager] ws: >> start
[08:10:51][I][NoteManager] wss://bgutools.bytedance.com/v2/ws/note?token=
[08:10:51][I][NoteManager] ws: << end, Reason: An exception has occurred while attempting to connect.
[08:11:01][I][NoteManager] ws: >> start
[08:11:01][I][NoteManager] wss://bgutools.bytedance.com/v2/ws/note?token=
[08:11:01][I][NoteManager] ws: << end, Reason: An exception has occurred while attempting to connect.
[08:11:39][I][NoteManager] ws: >> start
[08:11:40][I][NoteManager] wss://bgutools.bytedance.com/v2/ws/note?token=
[08:11:40][I][NoteManager] ws: << end, Reason: An exception has occurred while attempting to connect.
[08:11:42][E][Request] Request error
Status: 0
Error: Unable to complete SSL connection
Text: Url: https://bgutools.bytedance.com/v2/tool_list?token=
Body: {"tools":[{"name":"com.bytedance.bgdt","version":"3.0.194"},{"name":"com.bytedance.starksdk.unitytools","version":"4.0.4"},{"name":"com.bytedance.starksdk","version":"6.0.8"}],"pageLimit":3,"channel":null,"license":"ti4rs/a/ReBbphgdUb7uow==","projectId":"com.ruixue.sdkpublic"}

[08:11:54][I][NoteManager] ws: >> start
[08:11:54][I][NoteManager] wss://bgutools.bytedance.com/v2/ws/note?token=
[08:11:55][I][NoteManager] ws: << end, Reason: An exception has occurred while attempting to connect.
[08:12:05][I][NoteManager] ws: >> start
[08:12:05][I][NoteManager] wss://bgutools.bytedance.com/v2/ws/note?token=
[08:12:05][I][NoteManager] ws: << end, Reason: An exception has occurred while attempting to connect.
[08:12:15][I][NoteManager] ws: >> start
[08:12:15][I][NoteManager] wss://bgutools.bytedance.com/v2/ws/note?token=
[08:12:15][I][NoteManager] ws: << end, Reason: An exception has occurred while attempting to connect.
[08:12:25][I][NoteManager] ws: >> start
[08:12:25][I][NoteManager] wss://bgutools.bytedance.com/v2/ws/note?token=
[08:12:25][I][NoteManager] ws: << end, Reason: An exception has occurred while attempting to connect.
[08:12:35][I][NoteManager] ws: >> start
[08:12:35][I][NoteManager] wss://bgutools.bytedance.com/v2/ws/note?token=
[08:12:35][I][NoteManager] ws: << end, Reason: An exception has occurred while attempting to connect.
[08:12:49][I][NoteManager] ws: >> start
[08:12:49][I][NoteManager] wss://bgutools.bytedance.com/v2/ws/note?token=
[08:12:49][I][NoteManager] ws: << end, Reason: An exception has occurred while attempting to connect.
[08:12:52][E][Request] Request error
Status: 0
Error: Unable to complete SSL connection
Text: Url: https://bgutools.bytedance.com/v2/tool_list?token=
Body: {"tools":[{"name":"com.bytedance.bgdt","version":"3.0.194"},{"name":"com.bytedance.starksdk.unitytools","version":"4.0.4"},{"name":"com.bytedance.starksdk","version":"6.0.8"}],"pageLimit":3,"channel":null,"license":"ti4rs/a/ReBbphgdUb7uow==","projectId":"com.ruixue.sdkpublic"}

[08:12:59][I][NoteManager] ws: >> start
[08:12:59][I][NoteManager] wss://bgutools.bytedance.com/v2/ws/note?token=
[08:12:59][I][NoteManager] ws: << end, Reason: An exception has occurred while attempting to connect.
[08:13:09][I][NoteManager] ws: >> start
[08:13:09][I][NoteManager] wss://bgutools.bytedance.com/v2/ws/note?token=
[08:13:09][I][NoteManager] ws: << end, Reason: An exception has occurred while attempting to connect.
[08:13:19][I][NoteManager] ws: >> start
[08:13:19][I][NoteManager] wss://bgutools.bytedance.com/v2/ws/note?token=
[08:13:19][I][NoteManager] ws: << end, Reason: An exception has occurred while attempting to connect.
[08:13:29][I][NoteManager] ws: >> start
[08:13:30][I][NoteManager] wss://bgutools.bytedance.com/v2/ws/note?token=
[08:13:30][I][NoteManager] ws: << end, Reason: An exception has occurred while attempting to connect.
[08:13:43][I][NoteManager] ws: >> start
[08:13:44][I][NoteManager] wss://bgutools.bytedance.com/v2/ws/note?token=
[08:13:44][I][NoteManager] ws: << end, Reason: An exception has occurred while attempting to connect.
[08:13:54][I][NoteManager] ws: >> start
[08:13:54][I][NoteManager] wss://bgutools.bytedance.com/v2/ws/note?token=
[08:13:54][I][NoteManager] ws: << end, Reason: An exception has occurred while attempting to connect.
[08:13:56][E][Request] Request error
Status: 0
Error: Unable to complete SSL connection
Text: Url: https://bgutools.bytedance.com/v2/tool_list?token=
Body: {"tools":[{"name":"com.bytedance.bgdt","version":"3.0.194"},{"name":"com.bytedance.starksdk.unitytools","version":"4.0.4"},{"name":"com.bytedance.starksdk","version":"6.0.8"}],"pageLimit":3,"channel":null,"license":"ti4rs/a/ReBbphgdUb7uow==","projectId":"com.ruixue.sdkpublic"}

[08:14:04][I][NoteManager] ws: >> start
[08:14:04][I][NoteManager] wss://bgutools.bytedance.com/v2/ws/note?token=
[08:14:04][I][NoteManager] ws: << end, Reason: An exception has occurred while attempting to connect.
[08:14:14][I][NoteManager] ws: >> start
[08:14:14][I][NoteManager] wss://bgutools.bytedance.com/v2/ws/note?token=
[08:14:14][I][NoteManager] ws: << end, Reason: An exception has occurred while attempting to connect.
[08:14:24][I][NoteManager] ws: >> start
[08:14:24][I][NoteManager] wss://bgutools.bytedance.com/v2/ws/note?token=
[08:14:24][I][NoteManager] ws: << end, Reason: An exception has occurred while attempting to connect.
[08:14:34][I][NoteManager] ws: >> start
[08:14:34][I][NoteManager] wss://bgutools.bytedance.com/v2/ws/note?token=
[08:14:34][I][NoteManager] ws: << end, Reason: An exception has occurred while attempting to connect.
[08:14:44][I][NoteManager] ws: >> start
[08:14:45][I][NoteManager] wss://bgutools.bytedance.com/v2/ws/note?token=
[08:14:45][I][NoteManager] ws: << end, Reason: An exception has occurred while attempting to connect.
[08:14:55][I][NoteManager] ws: >> start
[08:14:55][I][NoteManager] wss://bgutools.bytedance.com/v2/ws/note?token=
[08:14:55][I][NoteManager] ws: << end, Reason: An exception has occurred while attempting to connect.
[08:15:05][I][NoteManager] ws: >> start
[08:15:05][I][NoteManager] wss://bgutools.bytedance.com/v2/ws/note?token=
[08:15:06][I][NoteManager] ws: << end, Reason: An exception has occurred while attempting to connect.
[08:15:07][E][Request] Request error
Status: 0
Error: Unable to complete SSL connection
Text: Url: https://bgutools.bytedance.com/v2/tool_list?token=
Body: {"tools":[{"name":"com.bytedance.bgdt","version":"3.0.194"},{"name":"com.bytedance.starksdk.unitytools","version":"4.0.4"},{"name":"com.bytedance.starksdk","version":"6.0.8"}],"pageLimit":3,"channel":null,"license":"ti4rs/a/ReBbphgdUb7uow==","projectId":"com.ruixue.sdkpublic"}

[08:15:16][I][NoteManager] ws: >> start
[08:15:16][I][NoteManager] wss://bgutools.bytedance.com/v2/ws/note?token=
[08:15:16][I][NoteManager] ws: << end, Reason: An exception has occurred while attempting to connect.
[08:15:26][I][NoteManager] ws: >> start
[08:15:26][I][NoteManager] wss://bgutools.bytedance.com/v2/ws/note?token=
[08:15:26][I][NoteManager] ws: << end, Reason: An exception has occurred while attempting to connect.
[08:15:36][I][NoteManager] ws: >> start
[08:15:36][I][NoteManager] wss://bgutools.bytedance.com/v2/ws/note?token=
[08:15:36][I][NoteManager] ws: << end, Reason: An exception has occurred while attempting to connect.
[08:15:46][I][NoteManager] ws: >> start
[08:15:46][I][NoteManager] wss://bgutools.bytedance.com/v2/ws/note?token=
[08:15:46][I][NoteManager] ws: << end, Reason: An exception has occurred while attempting to connect.
[08:16:00][I][NoteManager] ws: >> start
[08:16:00][I][NoteManager] wss://bgutools.bytedance.com/v2/ws/note?token=
[08:16:00][I][NoteManager] ws: << end, Reason: An exception has occurred while attempting to connect.
[08:16:10][E][Request] Request error
Status: 0
Error: Unable to complete SSL connection
Text: Url: https://bgutools.bytedance.com/v2/tool_list?token=
Body: {"tools":[{"name":"com.bytedance.bgdt","version":"3.0.194"},{"name":"com.bytedance.starksdk.unitytools","version":"4.0.4"},{"name":"com.bytedance.starksdk","version":"6.0.8"}],"pageLimit":3,"channel":null,"license":"ti4rs/a/ReBbphgdUb7uow==","projectId":"com.ruixue.sdkpublic"}

[08:16:10][I][NoteManager] ws: >> start
[08:16:10][I][NoteManager] wss://bgutools.bytedance.com/v2/ws/note?token=
[08:16:10][I][NoteManager] ws: << end, Reason: An exception has occurred while attempting to connect.
[08:16:20][I][NoteManager] ws: >> start
[08:16:20][I][NoteManager] wss://bgutools.bytedance.com/v2/ws/note?token=
[08:16:20][I][NoteManager] ws: << end, Reason: An exception has occurred while attempting to connect.
[08:16:30][I][NoteManager] ws: >> start
[08:16:30][I][NoteManager] wss://bgutools.bytedance.com/v2/ws/note?token=
[08:16:30][I][NoteManager] ws: << end, Reason: An exception has occurred while attempting to connect.
[08:16:40][I][NoteManager] ws: >> start
[08:16:41][I][NoteManager] wss://bgutools.bytedance.com/v2/ws/note?token=
[08:16:41][I][NoteManager] ws: << end, Reason: An exception has occurred while attempting to connect.
[08:16:54][I][NoteManager] ws: >> start
[08:16:54][I][NoteManager] wss://bgutools.bytedance.com/v2/ws/note?token=
[08:16:54][I][NoteManager] ws: << end, Reason: An exception has occurred while attempting to connect.
[08:17:04][I][NoteManager] ws: >> start
[08:17:04][I][NoteManager] wss://bgutools.bytedance.com/v2/ws/note?token=
[08:17:04][I][NoteManager] ws: << end, Reason: An exception has occurred while attempting to connect.
[08:17:15][I][NoteManager] ws: >> start
[08:17:15][I][NoteManager] wss://bgutools.bytedance.com/v2/ws/note?token=
[08:17:15][I][NoteManager] ws: << end, Reason: An exception has occurred while attempting to connect.
[08:17:17][E][Request] Request error
Status: 0
Error: Unable to complete SSL connection
Text: Url: https://bgutools.bytedance.com/v2/tool_list?token=
Body: {"tools":[{"name":"com.bytedance.bgdt","version":"3.0.194"},{"name":"com.bytedance.starksdk.unitytools","version":"4.0.4"},{"name":"com.bytedance.starksdk","version":"6.0.8"}],"pageLimit":3,"channel":null,"license":"ti4rs/a/ReBbphgdUb7uow==","projectId":"com.ruixue.sdkpublic"}

[08:18:22][I][NoteManager] ws: >> start
[08:18:23][I][NoteManager] wss://bgutools.bytedance.com/v2/ws/note?token=
[08:18:23][I][NoteManager] ws: << end, Reason: An exception has occurred while attempting to connect.
[08:18:24][E][Request] Request error
Status: 0
Error: Unable to complete SSL connection
Text: Url: https://bgutools.bytedance.com/v2/tool_list?token=
Body: {"tools":[{"name":"com.bytedance.bgdt","version":"3.0.194"},{"name":"com.bytedance.starksdk.unitytools","version":"4.0.4"},{"name":"com.bytedance.starksdk","version":"6.0.8"}],"pageLimit":3,"channel":null,"license":"ti4rs/a/ReBbphgdUb7uow==","projectId":"com.ruixue.sdkpublic"}

[08:18:33][I][NoteManager] ws: >> start
[08:18:33][I][NoteManager] wss://bgutools.bytedance.com/v2/ws/note?token=
[08:18:33][I][NoteManager] ws: << end, Reason: An exception has occurred while attempting to connect.
[08:18:48][I][NoteManager] ws: >> start
[08:18:49][I][NoteManager] wss://bgutools.bytedance.com/v2/ws/note?token=
[08:18:49][I][NoteManager] ws: << end, Reason: An exception has occurred while attempting to connect.
[08:18:59][I][NoteManager] ws: >> start
[08:18:59][I][NoteManager] wss://bgutools.bytedance.com/v2/ws/note?token=
[08:18:59][I][NoteManager] ws: << end, Reason: An exception has occurred while attempting to connect.
[08:19:09][I][NoteManager] ws: >> start
[08:19:09][I][NoteManager] wss://bgutools.bytedance.com/v2/ws/note?token=
[08:19:09][I][NoteManager] ws: << end, Reason: An exception has occurred while attempting to connect.
[08:19:19][I][NoteManager] ws: >> start
[08:19:19][I][NoteManager] wss://bgutools.bytedance.com/v2/ws/note?token=
[08:19:19][I][NoteManager] ws: << end, Reason: An exception has occurred while attempting to connect.
[08:19:27][E][Request] Request error
Status: 0
Error: Unable to complete SSL connection
Text: Url: https://bgutools.bytedance.com/v2/tool_list?token=
Body: {"tools":[{"name":"com.bytedance.bgdt","version":"3.0.194"},{"name":"com.bytedance.starksdk.unitytools","version":"4.0.4"},{"name":"com.bytedance.starksdk","version":"6.0.8"}],"pageLimit":3,"channel":null,"license":"ti4rs/a/ReBbphgdUb7uow==","projectId":"com.ruixue.sdkpublic"}

[08:19:29][I][NoteManager] ws: >> start
[08:19:29][I][NoteManager] wss://bgutools.bytedance.com/v2/ws/note?token=
[08:19:29][I][NoteManager] ws: << end, Reason: An exception has occurred while attempting to connect.
[08:21:43][I][NoteManager] ws: >> start
[08:21:43][I][NoteManager] wss://bgutools.bytedance.com/v2/ws/note?token=
[08:21:43][I][NoteManager] ws: << end, Reason: An exception has occurred while attempting to connect.
[08:21:46][E][Request] Request error
Status: 0
Error: Unable to complete SSL connection
Text: Url: https://bgutools.bytedance.com/v2/tool_list?token=
Body: {"tools":[{"name":"com.bytedance.bgdt","version":"3.0.194"},{"name":"com.bytedance.starksdk.unitytools","version":"4.0.4"},{"name":"com.bytedance.starksdk","version":"6.0.8"}],"pageLimit":3,"channel":null,"license":"ti4rs/a/ReBbphgdUb7uow==","projectId":"com.ruixue.sdkpublic"}

[08:21:53][I][NoteManager] ws: >> start
[08:21:53][I][NoteManager] wss://bgutools.bytedance.com/v2/ws/note?token=
[08:21:53][I][NoteManager] ws: << end, Reason: An exception has occurred while attempting to connect.
[08:22:03][I][NoteManager] ws: >> start
[08:22:03][I][NoteManager] wss://bgutools.bytedance.com/v2/ws/note?token=
[08:22:03][I][NoteManager] ws: << end, Reason: An exception has occurred while attempting to connect.
[08:22:13][I][NoteManager] ws: >> start
[08:22:13][I][NoteManager] wss://bgutools.bytedance.com/v2/ws/note?token=
[08:22:13][I][NoteManager] ws: << end, Reason: An exception has occurred while attempting to connect.
[08:22:23][I][NoteManager] ws: >> start
[08:22:24][I][NoteManager] wss://bgutools.bytedance.com/v2/ws/note?token=
[08:22:24][I][NoteManager] ws: << end, Reason: An exception has occurred while attempting to connect.
[08:22:34][I][NoteManager] ws: >> start
[08:22:34][I][NoteManager] wss://bgutools.bytedance.com/v2/ws/note?token=
[08:22:34][I][NoteManager] ws: << end, Reason: An exception has occurred while attempting to connect.
[08:22:44][I][NoteManager] ws: >> start
[08:22:44][I][NoteManager] wss://bgutools.bytedance.com/v2/ws/note?token=
[08:22:44][I][NoteManager] ws: << end, Reason: An exception has occurred while attempting to connect.
[08:22:54][I][NoteManager] ws: >> start
[08:22:54][I][NoteManager] wss://bgutools.bytedance.com/v2/ws/note?token=
[08:22:54][I][NoteManager] ws: << end, Reason: An exception has occurred while attempting to connect.
[08:22:55][E][Request] Request error
Status: 0
Error: Unable to complete SSL connection
Text: Url: https://bgutools.bytedance.com/v2/tool_list?token=
Body: {"tools":[{"name":"com.bytedance.bgdt","version":"3.0.194"},{"name":"com.bytedance.starksdk.unitytools","version":"4.0.4"},{"name":"com.bytedance.starksdk","version":"6.0.8"}],"pageLimit":3,"channel":null,"license":"ti4rs/a/ReBbphgdUb7uow==","projectId":"com.ruixue.sdkpublic"}

[08:23:08][I][NoteManager] ws: >> start
[08:23:08][I][NoteManager] wss://bgutools.bytedance.com/v2/ws/note?token=
[08:23:08][I][NoteManager] ws: << end, Reason: An exception has occurred while attempting to connect.
[08:23:18][I][NoteManager] ws: >> start
[08:23:19][I][NoteManager] wss://bgutools.bytedance.com/v2/ws/note?token=
[08:23:19][I][NoteManager] ws: << end, Reason: An exception has occurred while attempting to connect.
[08:23:29][I][NoteManager] ws: >> start
[08:23:29][I][NoteManager] wss://bgutools.bytedance.com/v2/ws/note?token=
[08:23:29][I][NoteManager] ws: << end, Reason: An exception has occurred while attempting to connect.
[08:23:39][I][NoteManager] ws: >> start
[08:23:39][I][NoteManager] wss://bgutools.bytedance.com/v2/ws/note?token=
[08:23:39][I][NoteManager] ws: << end, Reason: An exception has occurred while attempting to connect.
[08:23:49][I][NoteManager] ws: >> start
[08:23:49][I][NoteManager] wss://bgutools.bytedance.com/v2/ws/note?token=
[08:23:50][I][NoteManager] ws: << end, Reason: An exception has occurred while attempting to connect.
[08:24:02][I][NoteManager] ws: >> start
[08:24:02][I][NoteManager] wss://bgutools.bytedance.com/v2/ws/note?token=
[08:24:02][I][NoteManager] ws: << end, Reason: An exception has occurred while attempting to connect.
[08:24:05][E][Request] Request error
Status: 0
Error: Unable to complete SSL connection
Text: Url: https://bgutools.bytedance.com/v2/tool_list?token=
Body: {"tools":[{"name":"com.bytedance.bgdt","version":"3.0.194"},{"name":"com.bytedance.starksdk.unitytools","version":"4.0.4"},{"name":"com.bytedance.starksdk","version":"6.0.8"}],"pageLimit":3,"channel":null,"license":"ti4rs/a/ReBbphgdUb7uow==","projectId":"com.ruixue.sdkpublic"}

[08:24:12][I][NoteManager] ws: >> start
[08:24:12][I][NoteManager] wss://bgutools.bytedance.com/v2/ws/note?token=
[08:24:12][I][NoteManager] ws: << end, Reason: An exception has occurred while attempting to connect.
[08:24:22][I][NoteManager] ws: >> start
[08:24:22][I][NoteManager] wss://bgutools.bytedance.com/v2/ws/note?token=
[08:24:23][I][NoteManager] ws: << end, Reason: An exception has occurred while attempting to connect.
[08:24:33][I][NoteManager] ws: >> start
[08:24:33][I][NoteManager] wss://bgutools.bytedance.com/v2/ws/note?token=
[08:24:33][I][NoteManager] ws: << end, Reason: An exception has occurred while attempting to connect.
[08:24:43][I][NoteManager] ws: >> start
[08:24:43][I][NoteManager] wss://bgutools.bytedance.com/v2/ws/note?token=
[08:24:43][I][NoteManager] ws: << end, Reason: An exception has occurred while attempting to connect.
[08:24:53][I][NoteManager] ws: >> start
[08:24:53][I][NoteManager] wss://bgutools.bytedance.com/v2/ws/note?token=
[08:24:53][I][NoteManager] ws: << end, Reason: An exception has occurred while attempting to connect.
[08:25:03][I][NoteManager] ws: >> start
[08:25:03][I][NoteManager] wss://bgutools.bytedance.com/v2/ws/note?token=
[08:25:03][I][NoteManager] ws: << end, Reason: An exception has occurred while attempting to connect.
[08:25:07][E][Request] Request error
Status: 0
Error: Unable to complete SSL connection
Text: Url: https://bgutools.bytedance.com/v2/tool_list?token=
Body: {"tools":[{"name":"com.bytedance.bgdt","version":"3.0.194"},{"name":"com.bytedance.starksdk.unitytools","version":"4.0.4"},{"name":"com.bytedance.starksdk","version":"6.0.8"}],"pageLimit":3,"channel":null,"license":"ti4rs/a/ReBbphgdUb7uow==","projectId":"com.ruixue.sdkpublic"}

[08:25:13][I][NoteManager] ws: >> start
[08:25:14][I][NoteManager] wss://bgutools.bytedance.com/v2/ws/note?token=
[08:25:14][I][NoteManager] ws: << end, Reason: An exception has occurred while attempting to connect.
[08:25:39][I][NoteManager] ws: >> start
[08:25:39][I][NoteManager] wss://bgutools.bytedance.com/v2/ws/note?token=
[08:25:39][I][NoteManager] ws: << end, Reason: An exception has occurred while attempting to connect.
[08:25:49][I][NoteManager] ws: >> start
[08:25:49][I][NoteManager] wss://bgutools.bytedance.com/v2/ws/note?token=
[08:25:49][I][NoteManager] ws: << end, Reason: An exception has occurred while attempting to connect.
[08:25:59][I][NoteManager] ws: >> start
[08:25:59][I][NoteManager] wss://bgutools.bytedance.com/v2/ws/note?token=
[08:26:00][I][NoteManager] ws: << end, Reason: An exception has occurred while attempting to connect.
[08:26:10][I][NoteManager] ws: >> start
[08:26:10][I][NoteManager] wss://bgutools.bytedance.com/v2/ws/note?token=
[08:26:10][I][NoteManager] ws: << end, Reason: An exception has occurred while attempting to connect.
[08:26:10][E][Request] Request error
Status: 0
Error: Unable to complete SSL connection
Text: Url: https://bgutools.bytedance.com/v2/tool_list?token=
Body: {"tools":[{"name":"com.bytedance.bgdt","version":"3.0.194"},{"name":"com.bytedance.starksdk.unitytools","version":"4.0.4"},{"name":"com.bytedance.starksdk","version":"6.0.8"}],"pageLimit":3,"channel":null,"license":"ti4rs/a/ReBbphgdUb7uow==","projectId":"com.ruixue.sdkpublic"}

[08:26:20][I][NoteManager] ws: >> start
[08:26:20][I][NoteManager] wss://bgutools.bytedance.com/v2/ws/note?token=
[08:26:20][I][NoteManager] ws: << end, Reason: An exception has occurred while attempting to connect.
[08:27:13][I][NoteManager] ws: >> start
[08:27:13][I][NoteManager] wss://bgutools.bytedance.com/v2/ws/note?token=
[08:27:13][I][NoteManager] ws: << end, Reason: An exception has occurred while attempting to connect.
[08:27:16][E][Request] Request error
Status: 0
Error: Unable to complete SSL connection
Text: Url: https://bgutools.bytedance.com/v2/tool_list?token=
Body: {"tools":[{"name":"com.bytedance.bgdt","version":"3.0.194"},{"name":"com.bytedance.starksdk.unitytools","version":"4.0.4"},{"name":"com.bytedance.starksdk","version":"6.0.8"}],"pageLimit":3,"channel":null,"license":"ti4rs/a/ReBbphgdUb7uow==","projectId":"com.ruixue.sdkpublic"}

[08:27:23][I][NoteManager] ws: >> start
[08:27:23][I][NoteManager] wss://bgutools.bytedance.com/v2/ws/note?token=
[08:27:26][I][NoteManager] ws: << end, Reason: An exception has occurred while attempting to connect.
[08:27:36][I][NoteManager] ws: >> start
[08:27:36][I][NoteManager] wss://bgutools.bytedance.com/v2/ws/note?token=
[08:27:40][I][NoteManager] ws: << end, Reason: An exception has occurred while attempting to connect.
[08:27:50][I][NoteManager] ws: >> start
[08:27:50][I][NoteManager] wss://bgutools.bytedance.com/v2/ws/note?token=
[08:27:53][I][NoteManager] ws: << end, Reason: An exception has occurred while attempting to connect.
[08:28:03][I][NoteManager] ws: >> start
[08:28:03][I][NoteManager] wss://bgutools.bytedance.com/v2/ws/note?token=
[08:28:03][I][NoteManager] ws: connected
[08:28:03][I][NoteManager] ws: client info >
[08:28:03][I][NoteManager] ws: send client info ok
[08:38:03][I][NoteManager] ws: << end, Reason: An exception has occurred while receiving.
[08:38:13][I][NoteManager] ws: >> start
[08:38:13][I][NoteManager] wss://bgutools.bytedance.com/v2/ws/note?token=
[08:38:13][I][NoteManager] ws: connected
[08:38:13][I][NoteManager] ws: client info >
[08:38:13][I][NoteManager] ws: send client info ok
[08:48:13][I][NoteManager] ws: << end, Reason: An exception has occurred while receiving.
[08:49:26][I][NoteManager] ws: >> start
[08:49:26][I][NoteManager] wss://bgutools.bytedance.com/v2/ws/note?token=
[08:49:26][I][NoteManager] ws: connected
[08:49:26][I][NoteManager] ws: client info >
[08:49:26][I][NoteManager] ws: send client info ok
[08:59:26][I][NoteManager] ws: << end, Reason: An exception has occurred while receiving.
[08:59:36][I][NoteManager] ws: >> start
[08:59:36][I][NoteManager] wss://bgutools.bytedance.com/v2/ws/note?token=
[08:59:37][I][NoteManager] ws: connected
[08:59:37][I][NoteManager] ws: client info >
[08:59:37][I][NoteManager] ws: send client info ok
[09:09:37][I][NoteManager] ws: << end, Reason: An exception has occurred while receiving.
[09:09:47][I][NoteManager] ws: >> start
[09:09:47][I][NoteManager] wss://bgutools.bytedance.com/v2/ws/note?token=
[09:09:47][I][NoteManager] ws: connected
[09:09:47][I][NoteManager] ws: client info >
[09:09:47][I][NoteManager] ws: send client info ok
[09:19:47][I][NoteManager] ws: << end, Reason: An exception has occurred while receiving.
[09:19:57][I][NoteManager] ws: >> start
[09:19:57][I][NoteManager] wss://bgutools.bytedance.com/v2/ws/note?token=
[09:19:57][I][NoteManager] ws: connected
[09:19:57][I][NoteManager] ws: client info >
[09:19:57][I][NoteManager] ws: send client info ok
