[16:20:19][I][AuthService] StartWebServer at port : 53740
[16:20:19][I][CoreLoadManager] core loaded !!!!!
[16:20:19][I][NoteManager] ws: >> start
[16:20:19][I][NoteManager] wss://bgutools.bytedance.com/v2/ws/note?token=
[16:20:19][I][NoteManager] ws: >> start
[16:20:19][I][NoteManager] wss://bgutools.bytedance.com/v2/ws/note?token=
[16:20:19][I][NoteManager] ws: connected
[16:20:20][I][NoteManager] ws: client info >
[16:20:20][I][NoteManager] ws: send client info ok
[16:30:19][I][NoteManager] ws: << end, Reason: An exception has occurred while receiving.
[16:30:29][I][NoteManager] ws: >> start
[16:30:30][I][NoteManager] wss://bgutools.bytedance.com/v2/ws/note?token=
[16:30:30][I][NoteManager] ws: connected
[16:30:30][I][NoteManager] ws: client info >
[16:30:30][I][NoteManager] ws: send client info ok
[16:37:33][E][Request] Request error
Status: 0
Error: Unable to complete SSL connection
Text: Url: https://bgutools.bytedance.com/v2/tool_list?token=
Body: {"tools":[{"name":"com.bytedance.bgdt","version":"3.0.194"},{"name":"com.bytedance.starksdk.unitytools","version":"4.0.4"},{"name":"com.bytedance.starksdk","version":"6.0.8"}],"pageLimit":3,"channel":null,"license":"ti4rs/a/ReBbphgdUb7uow==","projectId":"com.ruixue.sdkpublic"}

[16:38:38][E][Request] Request error
Status: 0
Error: Unable to complete SSL connection
Text: Url: https://bgutools.bytedance.com/v2/tool_list?token=
Body: {"tools":[{"name":"com.bytedance.bgdt","version":"3.0.194"},{"name":"com.bytedance.starksdk.unitytools","version":"4.0.4"},{"name":"com.bytedance.starksdk","version":"6.0.8"}],"pageLimit":3,"channel":null,"license":"ti4rs/a/ReBbphgdUb7uow==","projectId":"com.ruixue.sdkpublic"}

[16:39:44][E][Request] Request error
Status: 0
Error: Unable to complete SSL connection
Text: Url: https://bgutools.bytedance.com/v2/tool_list?token=
Body: {"tools":[{"name":"com.bytedance.bgdt","version":"3.0.194"},{"name":"com.bytedance.starksdk.unitytools","version":"4.0.4"},{"name":"com.bytedance.starksdk","version":"6.0.8"}],"pageLimit":3,"channel":null,"license":"ti4rs/a/ReBbphgdUb7uow==","projectId":"com.ruixue.sdkpublic"}

[16:40:49][E][Request] Request error
Status: 0
Error: Unable to complete SSL connection
Text: Url: https://bgutools.bytedance.com/v2/tool_list?token=
Body: {"tools":[{"name":"com.bytedance.bgdt","version":"3.0.194"},{"name":"com.bytedance.starksdk.unitytools","version":"4.0.4"},{"name":"com.bytedance.starksdk","version":"6.0.8"}],"pageLimit":3,"channel":null,"license":"ti4rs/a/ReBbphgdUb7uow==","projectId":"com.ruixue.sdkpublic"}

[16:41:55][E][Request] Request error
Status: 0
Error: Unable to complete SSL connection
Text: Url: https://bgutools.bytedance.com/v2/tool_list?token=
Body: {"tools":[{"name":"com.bytedance.bgdt","version":"3.0.194"},{"name":"com.bytedance.starksdk.unitytools","version":"4.0.4"},{"name":"com.bytedance.starksdk","version":"6.0.8"}],"pageLimit":3,"channel":null,"license":"ti4rs/a/ReBbphgdUb7uow==","projectId":"com.ruixue.sdkpublic"}

[16:41:56][I][NoteManager] ws: << end, Reason: An exception has occurred while receiving.
[16:42:06][I][NoteManager] ws: >> start
[16:42:06][I][NoteManager] wss://bgutools.bytedance.com/v2/ws/note?token=
[16:42:11][I][NoteManager] ws: << end, Reason: An exception has occurred while attempting to connect.
[16:42:21][I][NoteManager] ws: >> start
[16:42:21][I][NoteManager] wss://bgutools.bytedance.com/v2/ws/note?token=
[16:42:26][I][NoteManager] ws: << end, Reason: An exception has occurred while attempting to connect.
[16:42:36][I][NoteManager] ws: >> start
[16:42:36][I][NoteManager] wss://bgutools.bytedance.com/v2/ws/note?token=
[16:42:38][I][NoteManager] ws: connected
[16:42:38][I][NoteManager] ws: client info >
[16:42:38][I][NoteManager] ws: send client info ok
