[16:56:36][I][AuthService] StartWebServer at port : 52238
[16:56:36][I][CoreLoadManager] core loaded !!!!!
[16:56:36][I][NoteManager] ws: >> start
[16:56:36][I][NoteManager] wss://bgutools.bytedance.com/v2/ws/note?token=
[16:56:36][I][NoteManager] ws: >> start
[16:56:36][I][NoteManager] wss://bgutools.bytedance.com/v2/ws/note?token=
[16:56:37][I][NoteManager] ws: connected
[16:56:37][I][NoteManager] ws: client info >
[16:56:37][I][NoteManager] ws: send client info ok
[17:06:37][I][NoteManager] ws: << end, Reason: An exception has occurred while receiving.
[17:06:47][I][NoteManager] ws: >> start
[17:06:47][I][NoteManager] wss://bgutools.bytedance.com/v2/ws/note?token=
[17:06:47][I][NoteManager] ws: connected
[17:06:47][I][NoteManager] ws: client info >
[17:06:47][I][NoteManager] ws: send client info ok
[17:16:47][I][NoteManager] ws: << end, Reason: An exception has occurred while receiving.
[17:16:57][I][NoteManager] ws: >> start
[17:16:57][I][NoteManager] wss://bgutools.bytedance.com/v2/ws/note?token=
[17:16:57][I][NoteManager] ws: connected
[17:16:57][I][NoteManager] ws: client info >
[17:16:57][I][NoteManager] ws: send client info ok
