[16:57:22][I][AuthService] StartWebServer at port : 64825
[16:57:22][I][CoreLoadManager] core loaded !!!!!
[16:57:22][I][NoteManager] ws: >> start
[16:57:22][I][NoteManager] wss://bgutools.bytedance.com/v2/ws/note?token=
[16:57:23][I][NoteManager] ws: >> start
[16:57:23][I][NoteManager] wss://bgutools.bytedance.com/v2/ws/note?token=
[16:57:23][I][NoteManager] ws: connected
[16:57:23][I][NoteManager] ws: client info >
[16:57:23][I][NoteManager] ws: send client info ok
[17:04:40][E][Request] Request error
Status: 502
Error: HTTP/1.1 502 Bad Gateway
Text: <html>
<head><title>502 Bad Gateway</title></head>
<body>
<center><h1>502 Bad Gateway</h1></center>
<hr><center>TLB</center>
</body>
</html>
Url: https://bgutools.bytedance.com/v2/tool_list?token=
Body: {"tools":[{"name":"com.bytedance.bgdt","version":"3.0.194"},{"name":"com.bytedance.starksdk.unitytools","version":"4.0.4"},{"name":"com.bytedance.starksdk","version":"6.0.8"}],"pageLimit":3,"channel":null,"license":"ti4rs/a/ReBbphgdUb7uow==","projectId":"com.ruixue.sdkpublic"}

[17:07:23][I][NoteManager] ws: << end, Reason: An exception has occurred while receiving.
[17:07:33][I][NoteManager] ws: >> start
[17:07:33][I][NoteManager] wss://bgutools.bytedance.com/v2/ws/note?token=
[17:07:33][I][NoteManager] ws: connected
[17:07:33][I][NoteManager] ws: client info >
[17:07:33][I][NoteManager] ws: send client info ok
