[14:27:13][I][AuthService] StartWebServer at port : 54139
[14:27:13][I][CoreLoadManager] core loaded !!!!!
[14:27:14][I][NoteManager] ws: >> start
[14:27:14][I][NoteManager] wss://bgutools.bytedance.com/v2/ws/note?token=
[14:27:14][I][NoteManager] ws: >> start
[14:27:14][I][NoteManager] wss://bgutools.bytedance.com/v2/ws/note?token=
[14:27:14][I][NoteManager] ws: connected
[14:27:14][I][NoteManager] ws: client info >
[14:27:14][I][NoteManager] ws: send client info ok
[14:37:14][I][NoteManager] ws: << end, Reason: An exception has occurred while receiving.
[14:37:24][I][NoteManager] ws: >> start
[14:37:24][I][NoteManager] wss://bgutools.bytedance.com/v2/ws/note?token=
[14:37:24][I][NoteManager] ws: connected
[14:37:24][I][NoteManager] ws: client info >
[14:37:24][I][NoteManager] ws: send client info ok
[14:47:24][I][NoteManager] ws: << end, Reason: An exception has occurred while receiving.
[14:47:34][I][NoteManager] ws: >> start
[14:47:34][I][NoteManager] wss://bgutools.bytedance.com/v2/ws/note?token=
[14:47:34][I][NoteManager] ws: connected
[14:47:35][I][NoteManager] ws: client info >
[14:47:35][I][NoteManager] ws: send client info ok
[14:57:34][I][NoteManager] ws: << end, Reason: An exception has occurred while receiving.
[14:57:44][I][NoteManager] ws: >> start
[14:57:45][I][NoteManager] wss://bgutools.bytedance.com/v2/ws/note?token=
[14:57:45][I][NoteManager] ws: connected
[14:57:45][I][NoteManager] ws: client info >
[14:57:45][I][NoteManager] ws: send client info ok
