[10:28:48][I][AuthService] StartWebServer at port : 57964
[10:28:48][I][CoreLoadManager] core loaded !!!!!
[10:28:48][I][NoteManager] ws: >> start
[10:28:48][I][NoteManager] wss://bgutools.bytedance.com/v2/ws/note?token=
[10:28:48][I][NoteManager] ws: >> start
[10:28:48][I][NoteManager] wss://bgutools.bytedance.com/v2/ws/note?token=
[10:28:49][I][NoteManager] ws: connected
[10:28:49][I][NoteManager] ws: client info >
[10:28:49][I][NoteManager] ws: send client info ok
[10:38:49][I][NoteManager] ws: << end, Reason: An exception has occurred while receiving.
[10:38:59][I][NoteManager] ws: >> start
[10:38:59][I][NoteManager] wss://bgutools.bytedance.com/v2/ws/note?token=
[10:38:59][I][NoteManager] ws: connected
[10:38:59][I][NoteManager] ws: client info >
[10:38:59][I][NoteManager] ws: send client info ok
[10:48:59][I][NoteManager] ws: << end, Reason: An exception has occurred while receiving.
[10:49:09][I][NoteManager] ws: >> start
[10:49:09][I][NoteManager] wss://bgutools.bytedance.com/v2/ws/note?token=
[10:49:09][I][NoteManager] ws: connected
[10:49:09][I][NoteManager] ws: client info >
[10:49:09][I][NoteManager] ws: send client info ok
[10:59:09][I][NoteManager] ws: << end, Reason: An exception has occurred while receiving.
[10:59:19][I][NoteManager] ws: >> start
[10:59:19][I][NoteManager] wss://bgutools.bytedance.com/v2/ws/note?token=
[10:59:19][I][NoteManager] ws: connected
[10:59:19][I][NoteManager] ws: client info >
[10:59:19][I][NoteManager] ws: send client info ok
[11:09:19][I][NoteManager] ws: << end, Reason: An exception has occurred while receiving.
[11:09:29][I][NoteManager] ws: >> start
[11:09:29][I][NoteManager] wss://bgutools.bytedance.com/v2/ws/note?token=
[11:09:30][I][NoteManager] ws: connected
[11:09:30][I][NoteManager] ws: client info >
[11:09:30][I][NoteManager] ws: send client info ok
[11:19:30][I][NoteManager] ws: << end, Reason: An exception has occurred while receiving.
[11:19:40][I][NoteManager] ws: >> start
[11:19:40][I][NoteManager] wss://bgutools.bytedance.com/v2/ws/note?token=
[11:19:40][I][NoteManager] ws: connected
[11:19:40][I][NoteManager] ws: client info >
[11:19:40][I][NoteManager] ws: send client info ok
[11:29:40][I][NoteManager] ws: << end, Reason: An exception has occurred while receiving.
[11:29:50][I][NoteManager] ws: >> start
[11:29:50][I][NoteManager] wss://bgutools.bytedance.com/v2/ws/note?token=
[11:29:50][I][NoteManager] ws: connected
[11:29:50][I][NoteManager] ws: client info >
[11:29:50][I][NoteManager] ws: send client info ok
[18:58:05][I][NoteManager] ws: << end, Reason: An exception has occurred while receiving.
[19:06:58][I][NoteManager] ws: >> start
[19:06:58][I][NoteManager] wss://bgutools.bytedance.com/v2/ws/note?token=
[19:07:03][I][NoteManager] ws: << end, Reason: An exception has occurred while attempting to connect.
[19:07:03][E][Request] Request error
Status: 0
Error: Unable to complete SSL connection
Text: Url: https://bgutools.bytedance.com/v2/tool_list?token=
Body: {"tools":[{"name":"com.bytedance.bgdt","version":"3.0.194"},{"name":"com.bytedance.starksdk.unitytools","version":"4.0.4"},{"name":"com.bytedance.starksdk","version":"6.0.8"}],"pageLimit":3,"channel":null,"license":"ti4rs/a/ReBbphgdUb7uow==","projectId":"com.ruixue.sdkpublic"}

[19:07:56][I][NoteManager] ws: >> start
[19:07:56][I][NoteManager] wss://bgutools.bytedance.com/v2/ws/note?token=
[19:07:56][I][NoteManager] ws: << end, Reason: An exception has occurred while attempting to connect.
[19:08:06][I][NoteManager] ws: >> start
[19:08:06][I][NoteManager] wss://bgutools.bytedance.com/v2/ws/note?token=
[19:08:08][I][NoteManager] ws: connected
[19:08:08][I][NoteManager] ws: client info >
[19:08:08][I][NoteManager] ws: send client info ok
[19:43:11][E][Request] Request error
Status: 0
Error: Unknown Error
Text: Url: https://bgutools.bytedance.com/v2/tool_list?token=
Body: {"tools":[{"name":"com.bytedance.bgdt","version":"3.0.194"},{"name":"com.bytedance.starksdk.unitytools","version":"4.0.4"},{"name":"com.bytedance.starksdk","version":"6.0.8"}],"pageLimit":3,"channel":null,"license":"ti4rs/a/ReBbphgdUb7uow==","projectId":"com.ruixue.sdkpublic"}

[04:10:48][I][NoteManager] ws: << end, Reason: An exception has occurred while receiving.
[04:26:14][I][NoteManager] ws: >> start
[04:26:14][I][NoteManager] wss://bgutools.bytedance.com/v2/ws/note?token=
[04:26:14][I][NoteManager] ws: connected
[04:26:14][I][NoteManager] ws: client info >
[04:26:14][I][NoteManager] ws: send client info ok
[06:21:29][E][Request] Request error
Status: 0
Error: Unable to complete SSL connection
Text: Url: https://bgutools.bytedance.com/v2/tool_list?token=
Body: {"tools":[{"name":"com.bytedance.bgdt","version":"3.0.194"},{"name":"com.bytedance.starksdk.unitytools","version":"4.0.4"},{"name":"com.bytedance.starksdk","version":"6.0.8"}],"pageLimit":3,"channel":null,"license":"ti4rs/a/ReBbphgdUb7uow==","projectId":"com.ruixue.sdkpublic"}

[12:59:09][I][NoteManager] ws: << end, Reason: An exception has occurred while receiving.
[12:59:19][I][NoteManager] ws: >> start
[12:59:19][I][NoteManager] wss://bgutools.bytedance.com/v2/ws/note?token=
[12:59:20][I][NoteManager] ws: connected
[12:59:20][I][NoteManager] ws: client info >
[12:59:20][I][NoteManager] ws: send client info ok
[22:38:48][E][Request] Request error
Status: 0
Error: Unknown Error
Text: Url: https://bgutools.bytedance.com/v2/tool_list?token=
Body: {"tools":[{"name":"com.bytedance.bgdt","version":"3.0.194"},{"name":"com.bytedance.starksdk.unitytools","version":"4.0.4"},{"name":"com.bytedance.starksdk","version":"6.0.8"}],"pageLimit":3,"channel":null,"license":"ti4rs/a/ReBbphgdUb7uow==","projectId":"com.ruixue.sdkpublic"}

[22:54:16][I][NoteManager] ws: << end, Reason: An exception has occurred while receiving.
[23:11:57][I][NoteManager] ws: >> start
[23:11:57][I][NoteManager] wss://bgutools.bytedance.com/v2/ws/note?token=
[23:11:58][I][NoteManager] ws: connected
[23:11:58][I][NoteManager] ws: client info >
[23:11:58][I][NoteManager] ws: send client info ok
[07:48:47][E][Request] Request error
Status: 0
Error: Unable to complete SSL connection
Text: Url: https://bgutools.bytedance.com/v2/tool_list?token=
Body: {"tools":[{"name":"com.bytedance.bgdt","version":"3.0.194"},{"name":"com.bytedance.starksdk.unitytools","version":"4.0.4"},{"name":"com.bytedance.starksdk","version":"6.0.8"}],"pageLimit":3,"channel":null,"license":"ti4rs/a/ReBbphgdUb7uow==","projectId":"com.ruixue.sdkpublic"}

[08:05:16][E][Request] Request error
Status: 0
Error: Cannot resolve destination host
Text: Url: https://bgutools.bytedance.com/v2/tool_list?token=
Body: {"tools":[{"name":"com.bytedance.bgdt","version":"3.0.194"},{"name":"com.bytedance.starksdk.unitytools","version":"4.0.4"},{"name":"com.bytedance.starksdk","version":"6.0.8"}],"pageLimit":3,"channel":null,"license":"ti4rs/a/ReBbphgdUb7uow==","projectId":"com.ruixue.sdkpublic"}

[08:21:29][E][Request] Request error
Status: 0
Error: Cannot resolve destination host
Text: Url: https://bgutools.bytedance.com/v2/tool_list?token=
Body: {"tools":[{"name":"com.bytedance.bgdt","version":"3.0.194"},{"name":"com.bytedance.starksdk.unitytools","version":"4.0.4"},{"name":"com.bytedance.starksdk","version":"6.0.8"}],"pageLimit":3,"channel":null,"license":"ti4rs/a/ReBbphgdUb7uow==","projectId":"com.ruixue.sdkpublic"}

[08:28:09][E][Request] Request error
Status: 0
Error: Cannot resolve destination host
Text: Url: https://bgutools.bytedance.com/v2/tool_list?token=
Body: {"tools":[{"name":"com.bytedance.bgdt","version":"3.0.194"},{"name":"com.bytedance.starksdk.unitytools","version":"4.0.4"},{"name":"com.bytedance.starksdk","version":"6.0.8"}],"pageLimit":3,"channel":null,"license":"ti4rs/a/ReBbphgdUb7uow==","projectId":"com.ruixue.sdkpublic"}

[08:30:30][I][NoteManager] ws: << end, Reason: An exception has occurred while receiving.
[08:30:40][I][NoteManager] ws: >> start
[08:30:40][I][NoteManager] wss://bgutools.bytedance.com/v2/ws/note?token=
[08:30:40][I][NoteManager] ws: connected
[08:30:40][I][NoteManager] ws: client info >
[08:30:40][I][NoteManager] ws: send client info ok
[08:40:40][I][NoteManager] ws: << end, Reason: An exception has occurred while receiving.
[08:40:50][I][NoteManager] ws: >> start
[08:40:50][I][NoteManager] wss://bgutools.bytedance.com/v2/ws/note?token=
[08:40:50][I][NoteManager] ws: connected
[08:40:50][I][NoteManager] ws: client info >
[08:40:50][I][NoteManager] ws: send client info ok
[08:50:50][I][NoteManager] ws: << end, Reason: An exception has occurred while receiving.
[08:51:00][I][NoteManager] ws: >> start
[08:51:01][I][NoteManager] wss://bgutools.bytedance.com/v2/ws/note?token=
[08:51:01][I][NoteManager] ws: connected
[08:51:01][I][NoteManager] ws: client info >
[08:51:01][I][NoteManager] ws: send client info ok
[09:01:01][I][NoteManager] ws: << end, Reason: An exception has occurred while receiving.
[09:01:11][I][NoteManager] ws: >> start
[09:01:11][I][NoteManager] wss://bgutools.bytedance.com/v2/ws/note?token=
[09:01:11][I][NoteManager] ws: connected
[09:01:11][I][NoteManager] ws: client info >
[09:01:11][I][NoteManager] ws: send client info ok
