[11:43:18][I][AuthService] StartWebServer at port : 63503
[11:43:18][I][CoreLoadManager] core loaded !!!!!
[11:43:18][I][NoteManager] ws: >> start
[11:43:18][I][NoteManager] wss://bgutools.bytedance.com/v2/ws/note?token=
[11:43:18][I][NoteManager] ws: >> start
[11:43:18][I][NoteManager] wss://bgutools.bytedance.com/v2/ws/note?token=
[11:43:19][I][NoteManager] ws: connected
[11:43:19][I][NoteManager] ws: client info >
[11:43:19][I][NoteManager] ws: send client info ok
[11:53:19][I][NoteManager] ws: << end, Reason: An exception has occurred while receiving.
[11:53:29][I][NoteManager] ws: >> start
[11:53:29][I][NoteManager] wss://bgutools.bytedance.com/v2/ws/note?token=
[11:53:29][I][NoteManager] ws: connected
[11:53:29][I][NoteManager] ws: client info >
[11:53:29][I][NoteManager] ws: send client info ok
[12:03:29][I][NoteManager] ws: << end, Reason: An exception has occurred while receiving.
[12:03:39][I][NoteManager] ws: >> start
[12:03:39][I][NoteManager] wss://bgutools.bytedance.com/v2/ws/note?token=
[12:03:39][I][NoteManager] ws: connected
[12:03:39][I][NoteManager] ws: client info >
[12:03:39][I][NoteManager] ws: send client info ok
[12:13:39][I][NoteManager] ws: << end, Reason: An exception has occurred while receiving.
[12:13:49][I][NoteManager] ws: >> start
[12:13:49][I][NoteManager] wss://bgutools.bytedance.com/v2/ws/note?token=
[12:13:50][I][NoteManager] ws: connected
[12:13:50][I][NoteManager] ws: client info >
[12:13:50][I][NoteManager] ws: send client info ok
[12:23:50][I][NoteManager] ws: << end, Reason: An exception has occurred while receiving.
[12:24:00][I][NoteManager] ws: >> start
[12:24:00][I][NoteManager] wss://bgutools.bytedance.com/v2/ws/note?token=
[12:24:00][I][NoteManager] ws: connected
[12:24:00][I][NoteManager] ws: client info >
[12:24:00][I][NoteManager] ws: send client info ok
[12:34:00][I][NoteManager] ws: << end, Reason: An exception has occurred while receiving.
[12:34:10][I][NoteManager] ws: >> start
[12:34:10][I][NoteManager] wss://bgutools.bytedance.com/v2/ws/note?token=
[12:34:10][I][NoteManager] ws: connected
[12:34:10][I][NoteManager] ws: client info >
[12:34:10][I][NoteManager] ws: send client info ok
[12:44:10][I][NoteManager] ws: << end, Reason: An exception has occurred while receiving.
[12:44:20][I][NoteManager] ws: >> start
[12:44:20][I][NoteManager] wss://bgutools.bytedance.com/v2/ws/note?token=
[12:44:21][I][NoteManager] ws: connected
[12:44:21][I][NoteManager] ws: client info >
[12:44:21][I][NoteManager] ws: send client info ok
[12:54:21][I][NoteManager] ws: << end, Reason: An exception has occurred while receiving.
[12:54:31][I][NoteManager] ws: >> start
[12:54:31][I][NoteManager] wss://bgutools.bytedance.com/v2/ws/note?token=
[12:54:31][I][NoteManager] ws: connected
[12:54:31][I][NoteManager] ws: client info >
[12:54:31][I][NoteManager] ws: send client info ok
[13:04:31][I][NoteManager] ws: << end, Reason: An exception has occurred while receiving.
[13:04:41][I][NoteManager] ws: >> start
[13:04:41][I][NoteManager] wss://bgutools.bytedance.com/v2/ws/note?token=
[13:04:41][I][NoteManager] ws: connected
[13:04:41][I][NoteManager] ws: client info >
[13:04:41][I][NoteManager] ws: send client info ok
[13:14:41][I][NoteManager] ws: << end, Reason: An exception has occurred while receiving.
[13:14:51][I][NoteManager] ws: >> start
[13:14:51][I][NoteManager] wss://bgutools.bytedance.com/v2/ws/note?token=
[13:14:52][I][NoteManager] ws: connected
[13:14:52][I][NoteManager] ws: client info >
[13:14:52][I][NoteManager] ws: send client info ok
[13:24:52][I][NoteManager] ws: << end, Reason: An exception has occurred while receiving.
[13:25:02][I][NoteManager] ws: >> start
[13:25:02][I][NoteManager] wss://bgutools.bytedance.com/v2/ws/note?token=
[13:25:02][I][NoteManager] ws: connected
[13:25:02][I][NoteManager] ws: client info >
[13:25:02][I][NoteManager] ws: send client info ok
