[09:43:14][I][AuthService] StartWebServer at port : 58333
[09:43:14][I][CoreLoadManager] core loaded !!!!!
[09:43:14][I][NoteManager] ws: >> start
[09:43:14][I][NoteManager] wss://bgutools.bytedance.com/v2/ws/note?token=
[09:43:14][I][NoteManager] ws: >> start
[09:43:14][I][NoteManager] wss://bgutools.bytedance.com/v2/ws/note?token=
[09:43:15][I][NoteManager] ws: connected
[09:43:15][I][NoteManager] ws: client info >
[09:43:15][I][NoteManager] ws: send client info ok
[09:53:15][I][NoteManager] ws: << end, Reason: An exception has occurred while receiving.
[09:53:25][I][NoteManager] ws: >> start
[09:53:25][I][NoteManager] wss://bgutools.bytedance.com/v2/ws/note?token=
[09:53:25][I][NoteManager] ws: connected
[09:53:25][I][NoteManager] ws: client info >
[09:53:25][I][NoteManager] ws: send client info ok
[10:03:25][I][NoteManager] ws: << end, Reason: An exception has occurred while receiving.
[10:03:35][I][NoteManager] ws: >> start
[10:03:35][I][NoteManager] wss://bgutools.bytedance.com/v2/ws/note?token=
[10:03:35][I][NoteManager] ws: connected
[10:03:35][I][NoteManager] ws: client info >
[10:03:35][I][NoteManager] ws: send client info ok
