[09:22:48][I][AuthService] StartWebServer at port : 49990
[09:22:48][I][CoreLoadManager] core loaded !!!!!
[09:22:48][I][NoteManager] ws: >> start
[09:22:48][I][NoteManager] wss://bgutools.bytedance.com/v2/ws/note?token=
[09:22:48][I][NoteManager] ws: >> start
[09:22:48][I][NoteManager] wss://bgutools.bytedance.com/v2/ws/note?token=
[09:22:48][I][NoteManager] ws: connected
[09:22:48][I][NoteManager] ws: client info >
[09:22:48][I][NoteManager] ws: send client info ok
[09:32:48][I][NoteManager] ws: << end, Reason: An exception has occurred while receiving.
[09:32:58][I][NoteManager] ws: >> start
[09:32:58][I][NoteManager] wss://bgutools.bytedance.com/v2/ws/note?token=
[09:32:58][I][NoteManager] ws: connected
[09:32:59][I][NoteManager] ws: client info >
[09:32:59][I][NoteManager] ws: send client info ok
[09:42:58][I][NoteManager] ws: << end, Reason: An exception has occurred while receiving.
[09:43:08][I][NoteManager] ws: >> start
[09:43:09][I][NoteManager] wss://bgutools.bytedance.com/v2/ws/note?token=
[09:43:09][I][NoteManager] ws: connected
[09:43:09][I][NoteManager] ws: client info >
[09:43:09][I][NoteManager] ws: send client info ok
[09:53:09][I][NoteManager] ws: << end, Reason: An exception has occurred while receiving.
[09:53:19][I][NoteManager] ws: >> start
[09:53:19][I][NoteManager] wss://bgutools.bytedance.com/v2/ws/note?token=
[09:53:19][I][NoteManager] ws: connected
[09:53:19][I][NoteManager] ws: client info >
[09:53:19][I][NoteManager] ws: send client info ok
[10:03:19][I][NoteManager] ws: << end, Reason: An exception has occurred while receiving.
[10:03:29][I][NoteManager] ws: >> start
[10:03:29][I][NoteManager] wss://bgutools.bytedance.com/v2/ws/note?token=
[10:03:29][I][NoteManager] ws: connected
[10:03:29][I][NoteManager] ws: client info >
[10:03:29][I][NoteManager] ws: send client info ok
[10:13:29][I][NoteManager] ws: << end, Reason: An exception has occurred while receiving.
[10:13:39][I][NoteManager] ws: >> start
[10:13:40][I][NoteManager] wss://bgutools.bytedance.com/v2/ws/note?token=
[10:13:40][I][NoteManager] ws: connected
[10:13:40][I][NoteManager] ws: client info >
[10:13:40][I][NoteManager] ws: send client info ok
[10:23:40][I][NoteManager] ws: << end, Reason: An exception has occurred while receiving.
[10:23:50][I][NoteManager] ws: >> start
[10:23:50][I][NoteManager] wss://bgutools.bytedance.com/v2/ws/note?token=
[10:23:50][I][NoteManager] ws: connected
[10:23:50][I][NoteManager] ws: client info >
[10:23:50][I][NoteManager] ws: send client info ok
[10:33:50][I][NoteManager] ws: << end, Reason: An exception has occurred while receiving.
[10:34:00][I][NoteManager] ws: >> start
[10:34:00][I][NoteManager] wss://bgutools.bytedance.com/v2/ws/note?token=
[10:34:00][I][NoteManager] ws: connected
[10:34:00][I][NoteManager] ws: client info >
[10:34:00][I][NoteManager] ws: send client info ok
[10:44:00][I][NoteManager] ws: << end, Reason: An exception has occurred while receiving.
[10:44:10][I][NoteManager] ws: >> start
[10:44:10][I][NoteManager] wss://bgutools.bytedance.com/v2/ws/note?token=
[10:44:11][I][NoteManager] ws: connected
[10:44:11][I][NoteManager] ws: client info >
[10:44:11][I][NoteManager] ws: send client info ok
[10:54:11][I][NoteManager] ws: << end, Reason: An exception has occurred while receiving.
[10:54:21][I][NoteManager] ws: >> start
[10:54:21][I][NoteManager] wss://bgutools.bytedance.com/v2/ws/note?token=
[10:54:21][I][NoteManager] ws: connected
[10:54:21][I][NoteManager] ws: client info >
[10:54:21][I][NoteManager] ws: send client info ok
[11:04:21][I][NoteManager] ws: << end, Reason: An exception has occurred while receiving.
[11:04:31][I][NoteManager] ws: >> start
[11:04:31][I][NoteManager] wss://bgutools.bytedance.com/v2/ws/note?token=
[11:04:31][I][NoteManager] ws: connected
[11:04:31][I][NoteManager] ws: client info >
[11:04:31][I][NoteManager] ws: send client info ok
[11:14:31][I][NoteManager] ws: << end, Reason: An exception has occurred while receiving.
[11:14:41][I][NoteManager] ws: >> start
[11:14:41][I][NoteManager] wss://bgutools.bytedance.com/v2/ws/note?token=
[11:14:41][I][NoteManager] ws: connected
[11:14:42][I][NoteManager] ws: client info >
[11:14:42][I][NoteManager] ws: send client info ok
[11:24:42][I][NoteManager] ws: << end, Reason: An exception has occurred while receiving.
[11:24:52][I][NoteManager] ws: >> start
[11:24:52][I][NoteManager] wss://bgutools.bytedance.com/v2/ws/note?token=
[11:24:52][I][NoteManager] ws: connected
[11:24:52][I][NoteManager] ws: client info >
[11:24:52][I][NoteManager] ws: send client info ok
[11:34:52][I][NoteManager] ws: << end, Reason: An exception has occurred while receiving.
[11:35:02][I][NoteManager] ws: >> start
[11:35:02][I][NoteManager] wss://bgutools.bytedance.com/v2/ws/note?token=
[11:35:02][I][NoteManager] ws: connected
[11:35:02][I][NoteManager] ws: client info >
[11:35:02][I][NoteManager] ws: send client info ok
[11:45:02][I][NoteManager] ws: << end, Reason: An exception has occurred while receiving.
[11:45:12][I][NoteManager] ws: >> start
[11:45:12][I][NoteManager] wss://bgutools.bytedance.com/v2/ws/note?token=
[11:45:12][I][NoteManager] ws: connected
[11:45:12][I][NoteManager] ws: client info >
[11:45:12][I][NoteManager] ws: send client info ok
[11:55:12][I][NoteManager] ws: << end, Reason: An exception has occurred while receiving.
[11:55:22][I][NoteManager] ws: >> start
[11:55:22][I][NoteManager] wss://bgutools.bytedance.com/v2/ws/note?token=
[11:55:23][I][NoteManager] ws: connected
[11:55:23][I][NoteManager] ws: client info >
[11:55:23][I][NoteManager] ws: send client info ok
[12:05:23][I][NoteManager] ws: << end, Reason: An exception has occurred while receiving.
[12:05:33][I][NoteManager] ws: >> start
[12:05:33][I][NoteManager] wss://bgutools.bytedance.com/v2/ws/note?token=
[12:05:33][I][NoteManager] ws: connected
[12:05:33][I][NoteManager] ws: client info >
[12:05:33][I][NoteManager] ws: send client info ok
[12:15:33][I][NoteManager] ws: << end, Reason: An exception has occurred while receiving.
[12:15:43][I][NoteManager] ws: >> start
[12:15:43][I][NoteManager] wss://bgutools.bytedance.com/v2/ws/note?token=
[12:15:44][I][NoteManager] ws: connected
[12:15:44][I][NoteManager] ws: client info >
[12:15:44][I][NoteManager] ws: send client info ok
[12:25:44][I][NoteManager] ws: << end, Reason: An exception has occurred while receiving.
[12:25:54][I][NoteManager] ws: >> start
[12:25:54][I][NoteManager] wss://bgutools.bytedance.com/v2/ws/note?token=
[12:25:54][I][NoteManager] ws: connected
[12:25:54][I][NoteManager] ws: client info >
[12:25:54][I][NoteManager] ws: send client info ok
[12:35:54][I][NoteManager] ws: << end, Reason: An exception has occurred while receiving.
[12:36:04][I][NoteManager] ws: >> start
[12:36:04][I][NoteManager] wss://bgutools.bytedance.com/v2/ws/note?token=
[12:36:04][I][NoteManager] ws: connected
[12:36:04][I][NoteManager] ws: client info >
[12:36:04][I][NoteManager] ws: send client info ok
[12:46:04][I][NoteManager] ws: << end, Reason: An exception has occurred while receiving.
[12:46:14][I][NoteManager] ws: >> start
[12:46:14][I][NoteManager] wss://bgutools.bytedance.com/v2/ws/note?token=
[12:46:15][I][NoteManager] ws: connected
[12:46:15][I][NoteManager] ws: client info >
[12:46:15][I][NoteManager] ws: send client info ok
[12:56:14][I][NoteManager] ws: << end, Reason: An exception has occurred while receiving.
[12:56:24][I][NoteManager] ws: >> start
[12:56:25][I][NoteManager] wss://bgutools.bytedance.com/v2/ws/note?token=
[12:56:25][I][NoteManager] ws: connected
[12:56:25][I][NoteManager] ws: client info >
[12:56:25][I][NoteManager] ws: send client info ok
[13:06:25][I][NoteManager] ws: << end, Reason: An exception has occurred while receiving.
[13:06:35][I][NoteManager] ws: >> start
[13:06:35][I][NoteManager] wss://bgutools.bytedance.com/v2/ws/note?token=
[13:06:37][I][NoteManager] ws: connected
[13:06:37][I][NoteManager] ws: client info >
[13:06:37][I][NoteManager] ws: send client info ok
[13:16:37][I][NoteManager] ws: << end, Reason: An exception has occurred while receiving.
[13:16:47][I][NoteManager] ws: >> start
[13:16:47][I][NoteManager] wss://bgutools.bytedance.com/v2/ws/note?token=
[13:16:47][I][NoteManager] ws: connected
[13:16:47][I][NoteManager] ws: client info >
[13:16:47][I][NoteManager] ws: send client info ok
[13:26:47][I][NoteManager] ws: << end, Reason: An exception has occurred while receiving.
[13:26:57][I][NoteManager] ws: >> start
[13:26:57][I][NoteManager] wss://bgutools.bytedance.com/v2/ws/note?token=
[13:26:57][I][NoteManager] ws: connected
[13:26:58][I][NoteManager] ws: client info >
[13:26:58][I][NoteManager] ws: send client info ok
[13:36:57][I][NoteManager] ws: << end, Reason: An exception has occurred while receiving.
[13:37:07][I][NoteManager] ws: >> start
[13:37:08][I][NoteManager] wss://bgutools.bytedance.com/v2/ws/note?token=
[13:37:08][I][NoteManager] ws: connected
[13:37:08][I][NoteManager] ws: client info >
[13:37:08][I][NoteManager] ws: send client info ok
[13:47:08][I][NoteManager] ws: << end, Reason: An exception has occurred while receiving.
[13:47:18][I][NoteManager] ws: >> start
[13:47:18][I][NoteManager] wss://bgutools.bytedance.com/v2/ws/note?token=
[13:47:18][I][NoteManager] ws: connected
[13:47:18][I][NoteManager] ws: client info >
[13:47:18][I][NoteManager] ws: send client info ok
[13:57:18][I][NoteManager] ws: << end, Reason: An exception has occurred while receiving.
[13:57:28][I][NoteManager] ws: >> start
[13:57:28][I][NoteManager] wss://bgutools.bytedance.com/v2/ws/note?token=
[13:57:28][I][NoteManager] ws: connected
[13:57:28][I][NoteManager] ws: client info >
[13:57:28][I][NoteManager] ws: send client info ok
[14:07:28][I][NoteManager] ws: << end, Reason: An exception has occurred while receiving.
[14:07:38][I][NoteManager] ws: >> start
[14:07:38][I][NoteManager] wss://bgutools.bytedance.com/v2/ws/note?token=
[14:07:39][I][NoteManager] ws: connected
[14:07:39][I][NoteManager] ws: client info >
[14:07:39][I][NoteManager] ws: send client info ok
[14:17:39][I][NoteManager] ws: << end, Reason: An exception has occurred while receiving.
[14:17:49][I][NoteManager] ws: >> start
[14:17:49][I][NoteManager] wss://bgutools.bytedance.com/v2/ws/note?token=
[14:17:49][I][NoteManager] ws: connected
[14:17:49][I][NoteManager] ws: client info >
[14:17:49][I][NoteManager] ws: send client info ok
[14:27:49][I][NoteManager] ws: << end, Reason: An exception has occurred while receiving.
[14:27:59][I][NoteManager] ws: >> start
[14:27:59][I][NoteManager] wss://bgutools.bytedance.com/v2/ws/note?token=
[14:27:59][I][NoteManager] ws: connected
[14:27:59][I][NoteManager] ws: client info >
[14:27:59][I][NoteManager] ws: send client info ok
[14:37:59][I][NoteManager] ws: << end, Reason: An exception has occurred while receiving.
[14:38:09][I][NoteManager] ws: >> start
[14:38:09][I][NoteManager] wss://bgutools.bytedance.com/v2/ws/note?token=
[14:38:09][I][NoteManager] ws: connected
[14:38:09][I][NoteManager] ws: client info >
[14:38:09][I][NoteManager] ws: send client info ok
[14:48:09][I][NoteManager] ws: << end, Reason: An exception has occurred while receiving.
[14:48:19][I][NoteManager] ws: >> start
[14:48:20][I][NoteManager] wss://bgutools.bytedance.com/v2/ws/note?token=
[14:48:20][I][NoteManager] ws: connected
[14:48:20][I][NoteManager] ws: client info >
[14:48:20][I][NoteManager] ws: send client info ok
[14:58:20][I][NoteManager] ws: << end, Reason: An exception has occurred while receiving.
[14:58:30][I][NoteManager] ws: >> start
[14:58:30][I][NoteManager] wss://bgutools.bytedance.com/v2/ws/note?token=
[14:58:30][I][NoteManager] ws: connected
[14:58:30][I][NoteManager] ws: client info >
[14:58:30][I][NoteManager] ws: send client info ok
[15:08:30][I][NoteManager] ws: << end, Reason: An exception has occurred while receiving.
[15:08:40][I][NoteManager] ws: >> start
[15:08:40][I][NoteManager] wss://bgutools.bytedance.com/v2/ws/note?token=
[15:08:40][I][NoteManager] ws: connected
[15:08:40][I][NoteManager] ws: client info >
[15:08:40][I][NoteManager] ws: send client info ok
[15:18:40][I][NoteManager] ws: << end, Reason: An exception has occurred while receiving.
[15:18:50][I][NoteManager] ws: >> start
[15:18:50][I][NoteManager] wss://bgutools.bytedance.com/v2/ws/note?token=
[15:18:51][I][NoteManager] ws: connected
[15:18:51][I][NoteManager] ws: client info >
[15:18:51][I][NoteManager] ws: send client info ok
[15:28:51][I][NoteManager] ws: << end, Reason: An exception has occurred while receiving.
[15:29:01][I][NoteManager] ws: >> start
[15:29:01][I][NoteManager] wss://bgutools.bytedance.com/v2/ws/note?token=
[15:29:01][I][NoteManager] ws: connected
[15:29:01][I][NoteManager] ws: client info >
[15:29:01][I][NoteManager] ws: send client info ok
[15:39:01][I][NoteManager] ws: << end, Reason: An exception has occurred while receiving.
[15:39:11][I][NoteManager] ws: >> start
[15:39:11][I][NoteManager] wss://bgutools.bytedance.com/v2/ws/note?token=
[15:39:11][I][NoteManager] ws: connected
[15:39:11][I][NoteManager] ws: client info >
[15:39:11][I][NoteManager] ws: send client info ok
[15:49:11][I][NoteManager] ws: << end, Reason: An exception has occurred while receiving.
[15:49:21][I][NoteManager] ws: >> start
[15:49:21][I][NoteManager] wss://bgutools.bytedance.com/v2/ws/note?token=
[15:49:21][I][NoteManager] ws: connected
[15:49:21][I][NoteManager] ws: client info >
[15:49:21][I][NoteManager] ws: send client info ok
[15:59:21][I][NoteManager] ws: << end, Reason: An exception has occurred while receiving.
[15:59:31][I][NoteManager] ws: >> start
[15:59:32][I][NoteManager] wss://bgutools.bytedance.com/v2/ws/note?token=
[15:59:32][I][NoteManager] ws: connected
[15:59:32][I][NoteManager] ws: client info >
[15:59:32][I][NoteManager] ws: send client info ok
[16:09:32][I][NoteManager] ws: << end, Reason: An exception has occurred while receiving.
[16:09:42][I][NoteManager] ws: >> start
[16:09:42][I][NoteManager] wss://bgutools.bytedance.com/v2/ws/note?token=
[16:09:42][I][NoteManager] ws: connected
[16:09:42][I][NoteManager] ws: client info >
[16:09:42][I][NoteManager] ws: send client info ok
[16:19:42][I][NoteManager] ws: << end, Reason: An exception has occurred while receiving.
[16:19:52][I][NoteManager] ws: >> start
[16:19:52][I][NoteManager] wss://bgutools.bytedance.com/v2/ws/note?token=
[16:19:52][I][NoteManager] ws: connected
[16:19:52][I][NoteManager] ws: client info >
[16:19:52][I][NoteManager] ws: send client info ok
[16:29:52][I][NoteManager] ws: << end, Reason: An exception has occurred while receiving.
[16:30:02][I][NoteManager] ws: >> start
[16:30:02][I][NoteManager] wss://bgutools.bytedance.com/v2/ws/note?token=
[16:30:02][I][NoteManager] ws: connected
[16:30:02][I][NoteManager] ws: client info >
[16:30:02][I][NoteManager] ws: send client info ok
[16:40:02][I][NoteManager] ws: << end, Reason: An exception has occurred while receiving.
[16:40:12][I][NoteManager] ws: >> start
[16:40:13][I][NoteManager] wss://bgutools.bytedance.com/v2/ws/note?token=
[16:40:13][I][NoteManager] ws: connected
[16:40:13][I][NoteManager] ws: client info >
[16:40:13][I][NoteManager] ws: send client info ok
[16:50:13][I][NoteManager] ws: << end, Reason: An exception has occurred while receiving.
[16:50:23][I][NoteManager] ws: >> start
[16:50:23][I][NoteManager] wss://bgutools.bytedance.com/v2/ws/note?token=
[16:50:23][I][NoteManager] ws: connected
[16:50:23][I][NoteManager] ws: client info >
[16:50:23][I][NoteManager] ws: send client info ok
[17:00:23][I][NoteManager] ws: << end, Reason: An exception has occurred while receiving.
[17:00:33][I][NoteManager] ws: >> start
[17:00:33][I][NoteManager] wss://bgutools.bytedance.com/v2/ws/note?token=
[17:00:33][I][NoteManager] ws: connected
[17:00:33][I][NoteManager] ws: client info >
[17:00:33][I][NoteManager] ws: send client info ok
[17:10:33][I][NoteManager] ws: << end, Reason: An exception has occurred while receiving.
[17:10:43][I][NoteManager] ws: >> start
[17:10:43][I][NoteManager] wss://bgutools.bytedance.com/v2/ws/note?token=
[17:10:44][I][NoteManager] ws: connected
[17:10:44][I][NoteManager] ws: client info >
[17:10:44][I][NoteManager] ws: send client info ok
[17:17:33][E][Request] Request error
Status: 0
Error: Unable to complete SSL connection
Text: Url: https://bgutools.bytedance.com/v2/tool_list?token=
Body: {"tools":[{"name":"com.bytedance.bgdt","version":"3.0.194"},{"name":"com.bytedance.starksdk.unitytools","version":"4.0.4"},{"name":"com.bytedance.starksdk","version":"6.0.8"}],"pageLimit":3,"channel":null,"license":"ti4rs/a/ReBbphgdUb7uow==","projectId":"com.ruixue.sdkpublic"}

[17:22:48][E][Request] Request error
Status: 0
Error: Unable to complete SSL connection
Text: Url: https://bgutools.bytedance.com/v2/tool_list?token=
Body: {"tools":[{"name":"com.bytedance.bgdt","version":"3.0.194"},{"name":"com.bytedance.starksdk.unitytools","version":"4.0.4"},{"name":"com.bytedance.starksdk","version":"6.0.8"}],"pageLimit":3,"channel":null,"license":"ti4rs/a/ReBbphgdUb7uow==","projectId":"com.ruixue.sdkpublic"}

[17:23:52][E][Request] Request error
Status: 0
Error: Unable to complete SSL connection
Text: Url: https://bgutools.bytedance.com/v2/tool_list?token=
Body: {"tools":[{"name":"com.bytedance.bgdt","version":"3.0.194"},{"name":"com.bytedance.starksdk.unitytools","version":"4.0.4"},{"name":"com.bytedance.starksdk","version":"6.0.8"}],"pageLimit":3,"channel":null,"license":"ti4rs/a/ReBbphgdUb7uow==","projectId":"com.ruixue.sdkpublic"}

[17:24:54][E][Request] Request error
Status: 0
Error: Unable to complete SSL connection
Text: Url: https://bgutools.bytedance.com/v2/tool_list?token=
Body: {"tools":[{"name":"com.bytedance.bgdt","version":"3.0.194"},{"name":"com.bytedance.starksdk.unitytools","version":"4.0.4"},{"name":"com.bytedance.starksdk","version":"6.0.8"}],"pageLimit":3,"channel":null,"license":"ti4rs/a/ReBbphgdUb7uow==","projectId":"com.ruixue.sdkpublic"}

[17:25:58][E][Request] Request error
Status: 0
Error: Unable to complete SSL connection
Text: Url: https://bgutools.bytedance.com/v2/tool_list?token=
Body: {"tools":[{"name":"com.bytedance.bgdt","version":"3.0.194"},{"name":"com.bytedance.starksdk.unitytools","version":"4.0.4"},{"name":"com.bytedance.starksdk","version":"6.0.8"}],"pageLimit":3,"channel":null,"license":"ti4rs/a/ReBbphgdUb7uow==","projectId":"com.ruixue.sdkpublic"}

[17:27:01][E][Request] Request error
Status: 0
Error: Unable to complete SSL connection
Text: Url: https://bgutools.bytedance.com/v2/tool_list?token=
Body: {"tools":[{"name":"com.bytedance.bgdt","version":"3.0.194"},{"name":"com.bytedance.starksdk.unitytools","version":"4.0.4"},{"name":"com.bytedance.starksdk","version":"6.0.8"}],"pageLimit":3,"channel":null,"license":"ti4rs/a/ReBbphgdUb7uow==","projectId":"com.ruixue.sdkpublic"}

[17:27:03][I][NoteManager] ws: << end, Reason: An exception has occurred while receiving.
[17:27:17][I][NoteManager] ws: >> start
[17:27:17][I][NoteManager] wss://bgutools.bytedance.com/v2/ws/note?token=
[17:27:17][I][NoteManager] ws: << end, Reason: An exception has occurred while attempting to connect.
[17:27:27][I][NoteManager] ws: >> start
[17:27:27][I][NoteManager] wss://bgutools.bytedance.com/v2/ws/note?token=
[17:27:27][I][NoteManager] ws: << end, Reason: An exception has occurred while attempting to connect.
[17:27:37][I][NoteManager] ws: >> start
[17:27:37][I][NoteManager] wss://bgutools.bytedance.com/v2/ws/note?token=
[17:27:37][I][NoteManager] ws: << end, Reason: An exception has occurred while attempting to connect.
[17:27:47][I][NoteManager] ws: >> start
[17:27:47][I][NoteManager] wss://bgutools.bytedance.com/v2/ws/note?token=
[17:27:47][I][NoteManager] ws: << end, Reason: An exception has occurred while attempting to connect.
[17:27:57][I][NoteManager] ws: >> start
[17:27:57][I][NoteManager] wss://bgutools.bytedance.com/v2/ws/note?token=
[17:27:57][I][NoteManager] ws: << end, Reason: An exception has occurred while attempting to connect.
[17:33:04][I][NoteManager] ws: >> start
[17:33:04][I][NoteManager] wss://bgutools.bytedance.com/v2/ws/note?token=
[17:33:05][E][Request] Request error
Status: 0
Error: Request timeout
Text: Url: https://bgutools.bytedance.com/v2/tool_list?token=
Body: {"tools":[{"name":"com.bytedance.bgdt","version":"3.0.194"},{"name":"com.bytedance.starksdk.unitytools","version":"4.0.4"},{"name":"com.bytedance.starksdk","version":"6.0.8"}],"pageLimit":3,"channel":null,"license":"ti4rs/a/ReBbphgdUb7uow==","projectId":"com.ruixue.sdkpublic"}

[17:33:05][I][NoteManager] ws: << end, Reason: An exception has occurred while attempting to connect.
[17:33:08][E][Request] Request error
Status: 0
Error: Unable to complete SSL connection
Text: Url: https://bgutools.bytedance.com/v2/tool_list?token=
Body: {"tools":[{"name":"com.bytedance.bgdt","version":"3.0.194"},{"name":"com.bytedance.starksdk.unitytools","version":"4.0.4"},{"name":"com.bytedance.starksdk","version":"6.0.8"}],"pageLimit":3,"channel":null,"license":"ti4rs/a/ReBbphgdUb7uow==","projectId":"com.ruixue.sdkpublic"}

[17:33:15][I][NoteManager] ws: >> start
[17:33:15][I][NoteManager] wss://bgutools.bytedance.com/v2/ws/note?token=
[17:33:15][I][NoteManager] ws: << end, Reason: An exception has occurred while attempting to connect.
[17:33:25][I][NoteManager] ws: >> start
[17:33:25][I][NoteManager] wss://bgutools.bytedance.com/v2/ws/note?token=
[17:33:25][I][NoteManager] ws: << end, Reason: An exception has occurred while attempting to connect.
[17:33:35][I][NoteManager] ws: >> start
[17:33:35][I][NoteManager] wss://bgutools.bytedance.com/v2/ws/note?token=
[17:33:35][I][NoteManager] ws: << end, Reason: An exception has occurred while attempting to connect.
[17:33:45][I][NoteManager] ws: >> start
[17:33:45][I][NoteManager] wss://bgutools.bytedance.com/v2/ws/note?token=
[17:33:45][I][NoteManager] ws: << end, Reason: An exception has occurred while attempting to connect.
[17:34:59][I][NoteManager] ws: >> start
[17:34:59][I][NoteManager] wss://bgutools.bytedance.com/v2/ws/note?token=
[17:34:59][I][NoteManager] ws: << end, Reason: An exception has occurred while attempting to connect.
[17:35:02][E][Request] Request error
Status: 0
Error: Unable to complete SSL connection
Text: Url: https://bgutools.bytedance.com/v2/tool_list?token=
Body: {"tools":[{"name":"com.bytedance.bgdt","version":"3.0.194"},{"name":"com.bytedance.starksdk.unitytools","version":"4.0.4"},{"name":"com.bytedance.starksdk","version":"6.0.8"}],"pageLimit":3,"channel":null,"license":"ti4rs/a/ReBbphgdUb7uow==","projectId":"com.ruixue.sdkpublic"}

[17:35:09][I][NoteManager] ws: >> start
[17:35:09][I][NoteManager] wss://bgutools.bytedance.com/v2/ws/note?token=
[17:35:09][I][NoteManager] ws: << end, Reason: An exception has occurred while attempting to connect.
[17:35:19][I][NoteManager] ws: >> start
[17:35:19][I][NoteManager] wss://bgutools.bytedance.com/v2/ws/note?token=
[17:35:19][I][NoteManager] ws: << end, Reason: An exception has occurred while attempting to connect.
[17:35:29][I][NoteManager] ws: >> start
[17:35:29][I][NoteManager] wss://bgutools.bytedance.com/v2/ws/note?token=
[17:35:29][I][NoteManager] ws: << end, Reason: An exception has occurred while attempting to connect.
[17:35:39][I][NoteManager] ws: >> start
[17:35:39][I][NoteManager] wss://bgutools.bytedance.com/v2/ws/note?token=
[17:35:39][I][NoteManager] ws: << end, Reason: An exception has occurred while attempting to connect.
[17:35:49][I][NoteManager] ws: >> start
[17:35:49][I][NoteManager] wss://bgutools.bytedance.com/v2/ws/note?token=
[17:35:49][I][NoteManager] ws: << end, Reason: An exception has occurred while attempting to connect.
[17:35:59][I][NoteManager] ws: >> start
[17:35:59][I][NoteManager] wss://bgutools.bytedance.com/v2/ws/note?token=
[17:35:59][I][NoteManager] ws: << end, Reason: An exception has occurred while attempting to connect.
[17:36:06][E][Request] Request error
Status: 0
Error: Unable to complete SSL connection
Text: Url: https://bgutools.bytedance.com/v2/tool_list?token=
Body: {"tools":[{"name":"com.bytedance.bgdt","version":"3.0.194"},{"name":"com.bytedance.starksdk.unitytools","version":"4.0.4"},{"name":"com.bytedance.starksdk","version":"6.0.8"}],"pageLimit":3,"channel":null,"license":"ti4rs/a/ReBbphgdUb7uow==","projectId":"com.ruixue.sdkpublic"}

[17:36:09][I][NoteManager] ws: >> start
[17:36:09][I][NoteManager] wss://bgutools.bytedance.com/v2/ws/note?token=
[17:36:10][I][NoteManager] ws: << end, Reason: An exception has occurred while attempting to connect.
[17:36:19][I][NoteManager] ws: >> start
[17:36:20][I][NoteManager] wss://bgutools.bytedance.com/v2/ws/note?token=
[17:36:20][I][NoteManager] ws: << end, Reason: An exception has occurred while attempting to connect.
[17:36:30][I][NoteManager] ws: >> start
[17:36:30][I][NoteManager] wss://bgutools.bytedance.com/v2/ws/note?token=
[17:36:30][I][NoteManager] ws: << end, Reason: An exception has occurred while attempting to connect.
[17:42:03][I][NoteManager] ws: >> start
[17:42:04][I][NoteManager] wss://bgutools.bytedance.com/v2/ws/note?token=
[17:42:04][I][NoteManager] ws: << end, Reason: An exception has occurred while attempting to connect.
[17:42:06][E][Request] Request error
Status: 0
Error: Unable to complete SSL connection
Text: Url: https://bgutools.bytedance.com/v2/tool_list?token=
Body: {"tools":[{"name":"com.bytedance.bgdt","version":"3.0.194"},{"name":"com.bytedance.starksdk.unitytools","version":"4.0.4"},{"name":"com.bytedance.starksdk","version":"6.0.8"}],"pageLimit":3,"channel":null,"license":"ti4rs/a/ReBbphgdUb7uow==","projectId":"com.ruixue.sdkpublic"}

[17:42:14][I][NoteManager] ws: >> start
[17:42:14][I][NoteManager] wss://bgutools.bytedance.com/v2/ws/note?token=
[17:42:14][I][NoteManager] ws: << end, Reason: An exception has occurred while attempting to connect.
[17:42:24][I][NoteManager] ws: >> start
[17:42:24][I][NoteManager] wss://bgutools.bytedance.com/v2/ws/note?token=
[17:42:24][I][NoteManager] ws: << end, Reason: An exception has occurred while attempting to connect.
[17:42:34][I][NoteManager] ws: >> start
[17:42:34][I][NoteManager] wss://bgutools.bytedance.com/v2/ws/note?token=
[17:42:34][I][NoteManager] ws: << end, Reason: An exception has occurred while attempting to connect.
[17:42:44][I][NoteManager] ws: >> start
[17:42:44][I][NoteManager] wss://bgutools.bytedance.com/v2/ws/note?token=
[17:42:44][I][NoteManager] ws: << end, Reason: An exception has occurred while attempting to connect.
[17:43:43][I][NoteManager] ws: >> start
[17:43:43][I][NoteManager] wss://bgutools.bytedance.com/v2/ws/note?token=
[17:43:43][I][NoteManager] ws: << end, Reason: An exception has occurred while attempting to connect.
[17:43:45][E][Request] Request error
Status: 0
Error: Unable to complete SSL connection
Text: Url: https://bgutools.bytedance.com/v2/tool_list?token=
Body: {"tools":[{"name":"com.bytedance.bgdt","version":"3.0.194"},{"name":"com.bytedance.starksdk.unitytools","version":"4.0.4"},{"name":"com.bytedance.starksdk","version":"6.0.8"}],"pageLimit":3,"channel":null,"license":"ti4rs/a/ReBbphgdUb7uow==","projectId":"com.ruixue.sdkpublic"}

[17:43:53][I][NoteManager] ws: >> start
[17:43:53][I][NoteManager] wss://bgutools.bytedance.com/v2/ws/note?token=
[17:43:53][I][NoteManager] ws: << end, Reason: An exception has occurred while attempting to connect.
[17:44:03][I][NoteManager] ws: >> start
[17:44:03][I][NoteManager] wss://bgutools.bytedance.com/v2/ws/note?token=
[17:44:03][I][NoteManager] ws: << end, Reason: An exception has occurred while attempting to connect.
[17:44:13][I][NoteManager] ws: >> start
[17:44:13][I][NoteManager] wss://bgutools.bytedance.com/v2/ws/note?token=
[17:44:13][I][NoteManager] ws: << end, Reason: An exception has occurred while attempting to connect.
[17:44:23][I][NoteManager] ws: >> start
[17:44:23][I][NoteManager] wss://bgutools.bytedance.com/v2/ws/note?token=
[17:44:23][I][NoteManager] ws: << end, Reason: An exception has occurred while attempting to connect.
[17:44:33][I][NoteManager] ws: >> start
[17:44:33][I][NoteManager] wss://bgutools.bytedance.com/v2/ws/note?token=
[17:44:33][I][NoteManager] ws: << end, Reason: An exception has occurred while attempting to connect.
[17:44:43][I][NoteManager] ws: >> start
[17:44:43][I][NoteManager] wss://bgutools.bytedance.com/v2/ws/note?token=
[17:44:43][I][NoteManager] ws: << end, Reason: An exception has occurred while attempting to connect.
[17:44:48][E][Request] Request error
Status: 0
Error: Unable to complete SSL connection
Text: Url: https://bgutools.bytedance.com/v2/tool_list?token=
Body: {"tools":[{"name":"com.bytedance.bgdt","version":"3.0.194"},{"name":"com.bytedance.starksdk.unitytools","version":"4.0.4"},{"name":"com.bytedance.starksdk","version":"6.0.8"}],"pageLimit":3,"channel":null,"license":"ti4rs/a/ReBbphgdUb7uow==","projectId":"com.ruixue.sdkpublic"}

[17:44:53][I][NoteManager] ws: >> start
[17:44:54][I][NoteManager] wss://bgutools.bytedance.com/v2/ws/note?token=
[17:44:54][I][NoteManager] ws: << end, Reason: An exception has occurred while attempting to connect.
[17:45:04][I][NoteManager] ws: >> start
[17:45:04][I][NoteManager] wss://bgutools.bytedance.com/v2/ws/note?token=
[17:45:04][I][NoteManager] ws: << end, Reason: An exception has occurred while attempting to connect.
[17:45:14][I][NoteManager] ws: >> start
[17:45:14][I][NoteManager] wss://bgutools.bytedance.com/v2/ws/note?token=
[17:45:14][I][NoteManager] ws: << end, Reason: An exception has occurred while attempting to connect.
[17:45:26][I][NoteManager] ws: >> start
[17:45:27][I][NoteManager] wss://bgutools.bytedance.com/v2/ws/note?token=
[17:45:27][I][NoteManager] ws: << end, Reason: An exception has occurred while attempting to connect.
[17:45:37][I][NoteManager] ws: >> start
[17:45:37][I][NoteManager] wss://bgutools.bytedance.com/v2/ws/note?token=
[17:45:37][I][NoteManager] ws: << end, Reason: An exception has occurred while attempting to connect.
[17:45:47][I][NoteManager] ws: >> start
[17:45:47][I][NoteManager] wss://bgutools.bytedance.com/v2/ws/note?token=
[17:45:47][I][NoteManager] ws: << end, Reason: An exception has occurred while attempting to connect.
[17:45:52][E][Request] Request error
Status: 0
Error: Unable to complete SSL connection
Text: Url: https://bgutools.bytedance.com/v2/tool_list?token=
Body: {"tools":[{"name":"com.bytedance.bgdt","version":"3.0.194"},{"name":"com.bytedance.starksdk.unitytools","version":"4.0.4"},{"name":"com.bytedance.starksdk","version":"6.0.8"}],"pageLimit":3,"channel":null,"license":"ti4rs/a/ReBbphgdUb7uow==","projectId":"com.ruixue.sdkpublic"}

[17:45:57][I][NoteManager] ws: >> start
[17:45:57][I][NoteManager] wss://bgutools.bytedance.com/v2/ws/note?token=
[17:45:57][I][NoteManager] ws: << end, Reason: An exception has occurred while attempting to connect.
[17:46:07][I][NoteManager] ws: >> start
[17:46:07][I][NoteManager] wss://bgutools.bytedance.com/v2/ws/note?token=
[17:46:07][I][NoteManager] ws: << end, Reason: An exception has occurred while attempting to connect.
[17:47:57][I][NoteManager] ws: >> start
[17:47:57][I][NoteManager] wss://bgutools.bytedance.com/v2/ws/note?token=
[17:47:57][I][NoteManager] ws: << end, Reason: An exception has occurred while attempting to connect.
[17:48:01][E][Request] Request error
Status: 0
Error: Unable to complete SSL connection
Text: Url: https://bgutools.bytedance.com/v2/tool_list?token=
Body: {"tools":[{"name":"com.bytedance.bgdt","version":"3.0.194"},{"name":"com.bytedance.starksdk.unitytools","version":"4.0.4"},{"name":"com.bytedance.starksdk","version":"6.0.8"}],"pageLimit":3,"channel":null,"license":"ti4rs/a/ReBbphgdUb7uow==","projectId":"com.ruixue.sdkpublic"}

[17:48:07][I][NoteManager] ws: >> start
[17:48:07][I][NoteManager] wss://bgutools.bytedance.com/v2/ws/note?token=
[17:48:07][I][NoteManager] ws: << end, Reason: An exception has occurred while attempting to connect.
[17:48:17][I][NoteManager] ws: >> start
[17:48:18][I][NoteManager] wss://bgutools.bytedance.com/v2/ws/note?token=
[17:48:18][I][NoteManager] ws: << end, Reason: An exception has occurred while attempting to connect.
[17:48:28][I][NoteManager] ws: >> start
[17:48:28][I][NoteManager] wss://bgutools.bytedance.com/v2/ws/note?token=
[17:48:28][I][NoteManager] ws: << end, Reason: An exception has occurred while attempting to connect.
[17:48:38][I][NoteManager] ws: >> start
[17:48:38][I][NoteManager] wss://bgutools.bytedance.com/v2/ws/note?token=
[17:48:38][I][NoteManager] ws: << end, Reason: An exception has occurred while attempting to connect.
[17:51:18][I][NoteManager] ws: >> start
[17:51:18][I][NoteManager] wss://bgutools.bytedance.com/v2/ws/note?token=
[17:51:18][I][NoteManager] ws: << end, Reason: An exception has occurred while attempting to connect.
[17:51:21][E][Request] Request error
Status: 0
Error: Unable to complete SSL connection
Text: Url: https://bgutools.bytedance.com/v2/tool_list?token=
Body: {"tools":[{"name":"com.bytedance.bgdt","version":"3.0.194"},{"name":"com.bytedance.starksdk.unitytools","version":"4.0.4"},{"name":"com.bytedance.starksdk","version":"6.0.8"}],"pageLimit":3,"channel":null,"license":"ti4rs/a/ReBbphgdUb7uow==","projectId":"com.ruixue.sdkpublic"}

[17:51:28][I][NoteManager] ws: >> start
[17:51:28][I][NoteManager] wss://bgutools.bytedance.com/v2/ws/note?token=
[17:51:28][I][NoteManager] ws: << end, Reason: An exception has occurred while attempting to connect.
[17:51:38][I][NoteManager] ws: >> start
[17:51:38][I][NoteManager] wss://bgutools.bytedance.com/v2/ws/note?token=
[17:51:39][I][NoteManager] ws: << end, Reason: An exception has occurred while attempting to connect.
[17:51:49][I][NoteManager] ws: >> start
[17:51:49][I][NoteManager] wss://bgutools.bytedance.com/v2/ws/note?token=
[17:51:49][I][NoteManager] ws: << end, Reason: An exception has occurred while attempting to connect.
[17:51:59][I][NoteManager] ws: >> start
[17:51:59][I][NoteManager] wss://bgutools.bytedance.com/v2/ws/note?token=
[17:51:59][I][NoteManager] ws: << end, Reason: An exception has occurred while attempting to connect.
[17:52:57][I][NoteManager] ws: >> start
[17:52:57][I][NoteManager] wss://bgutools.bytedance.com/v2/ws/note?token=
[17:52:57][I][NoteManager] ws: << end, Reason: An exception has occurred while attempting to connect.
[17:52:59][E][Request] Request error
Status: 0
Error: Unable to complete SSL connection
Text: Url: https://bgutools.bytedance.com/v2/tool_list?token=
Body: {"tools":[{"name":"com.bytedance.bgdt","version":"3.0.194"},{"name":"com.bytedance.starksdk.unitytools","version":"4.0.4"},{"name":"com.bytedance.starksdk","version":"6.0.8"}],"pageLimit":3,"channel":null,"license":"ti4rs/a/ReBbphgdUb7uow==","projectId":"com.ruixue.sdkpublic"}

[17:53:07][I][NoteManager] ws: >> start
[17:53:07][I][NoteManager] wss://bgutools.bytedance.com/v2/ws/note?token=
[17:53:07][I][NoteManager] ws: << end, Reason: An exception has occurred while attempting to connect.
[17:53:17][I][NoteManager] ws: >> start
[17:53:17][I][NoteManager] wss://bgutools.bytedance.com/v2/ws/note?token=
[17:53:17][I][NoteManager] ws: << end, Reason: An exception has occurred while attempting to connect.
[17:53:27][I][NoteManager] ws: >> start
[17:53:28][I][NoteManager] wss://bgutools.bytedance.com/v2/ws/note?token=
[17:53:28][I][NoteManager] ws: << end, Reason: An exception has occurred while attempting to connect.
[17:53:38][I][NoteManager] ws: >> start
[17:53:38][I][NoteManager] wss://bgutools.bytedance.com/v2/ws/note?token=
[17:53:38][I][NoteManager] ws: << end, Reason: An exception has occurred while attempting to connect.
[17:53:51][I][NoteManager] ws: >> start
[17:53:51][I][NoteManager] wss://bgutools.bytedance.com/v2/ws/note?token=
[17:53:51][I][NoteManager] ws: << end, Reason: An exception has occurred while attempting to connect.
[17:54:01][I][NoteManager] ws: >> start
[17:54:01][I][NoteManager] wss://bgutools.bytedance.com/v2/ws/note?token=
[17:54:01][I][NoteManager] ws: << end, Reason: An exception has occurred while attempting to connect.
[17:54:03][E][Request] Request error
Status: 0
Error: Unable to complete SSL connection
Text: Url: https://bgutools.bytedance.com/v2/tool_list?token=
Body: {"tools":[{"name":"com.bytedance.bgdt","version":"3.0.194"},{"name":"com.bytedance.starksdk.unitytools","version":"4.0.4"},{"name":"com.bytedance.starksdk","version":"6.0.8"}],"pageLimit":3,"channel":null,"license":"ti4rs/a/ReBbphgdUb7uow==","projectId":"com.ruixue.sdkpublic"}

[17:54:11][I][NoteManager] ws: >> start
[17:54:11][I][NoteManager] wss://bgutools.bytedance.com/v2/ws/note?token=
[17:54:11][I][NoteManager] ws: << end, Reason: An exception has occurred while attempting to connect.
[17:54:21][I][NoteManager] ws: >> start
[17:54:21][I][NoteManager] wss://bgutools.bytedance.com/v2/ws/note?token=
[17:54:21][I][NoteManager] ws: << end, Reason: An exception has occurred while attempting to connect.
[17:54:31][I][NoteManager] ws: >> start
[17:54:31][I][NoteManager] wss://bgutools.bytedance.com/v2/ws/note?token=
[17:54:31][I][NoteManager] ws: << end, Reason: An exception has occurred while attempting to connect.
[17:58:24][I][NoteManager] ws: >> start
[17:58:24][I][NoteManager] wss://bgutools.bytedance.com/v2/ws/note?token=
[17:58:24][I][NoteManager] ws: << end, Reason: An exception has occurred while attempting to connect.
[17:58:29][E][Request] Request error
Status: 0
Error: Unable to complete SSL connection
Text: Url: https://bgutools.bytedance.com/v2/tool_list?token=
Body: {"tools":[{"name":"com.bytedance.bgdt","version":"3.0.194"},{"name":"com.bytedance.starksdk.unitytools","version":"4.0.4"},{"name":"com.bytedance.starksdk","version":"6.0.8"}],"pageLimit":3,"channel":null,"license":"ti4rs/a/ReBbphgdUb7uow==","projectId":"com.ruixue.sdkpublic"}

[17:58:34][I][NoteManager] ws: >> start
[17:58:35][I][NoteManager] wss://bgutools.bytedance.com/v2/ws/note?token=
[17:58:35][I][NoteManager] ws: << end, Reason: An exception has occurred while attempting to connect.
[17:58:45][I][NoteManager] ws: >> start
[17:58:45][I][NoteManager] wss://bgutools.bytedance.com/v2/ws/note?token=
[17:58:45][I][NoteManager] ws: << end, Reason: An exception has occurred while attempting to connect.
[17:58:55][I][NoteManager] ws: >> start
[17:58:55][I][NoteManager] wss://bgutools.bytedance.com/v2/ws/note?token=
[17:58:55][I][NoteManager] ws: << end, Reason: An exception has occurred while attempting to connect.
[17:59:05][I][NoteManager] ws: >> start
[17:59:05][I][NoteManager] wss://bgutools.bytedance.com/v2/ws/note?token=
[17:59:05][I][NoteManager] ws: << end, Reason: An exception has occurred while attempting to connect.
[18:06:57][I][NoteManager] ws: >> start
[18:06:57][I][NoteManager] wss://bgutools.bytedance.com/v2/ws/note?token=
[18:06:57][I][NoteManager] ws: << end, Reason: An exception has occurred while attempting to connect.
[18:07:00][E][Request] Request error
Status: 0
Error: Unable to complete SSL connection
Text: Url: https://bgutools.bytedance.com/v2/tool_list?token=
Body: {"tools":[{"name":"com.bytedance.bgdt","version":"3.0.194"},{"name":"com.bytedance.starksdk.unitytools","version":"4.0.4"},{"name":"com.bytedance.starksdk","version":"6.0.8"}],"pageLimit":3,"channel":null,"license":"ti4rs/a/ReBbphgdUb7uow==","projectId":"com.ruixue.sdkpublic"}

[18:07:07][I][NoteManager] ws: >> start
[18:07:07][I][NoteManager] wss://bgutools.bytedance.com/v2/ws/note?token=
[18:07:09][I][NoteManager] ws: << end, Reason: An exception has occurred while attempting to connect.
[18:07:19][I][NoteManager] ws: >> start
[18:07:19][I][NoteManager] wss://bgutools.bytedance.com/v2/ws/note?token=
[18:07:20][I][NoteManager] ws: connected
[18:07:20][I][NoteManager] ws: client info >
[18:07:20][I][NoteManager] ws: send client info ok
[18:17:20][I][NoteManager] ws: << end, Reason: An exception has occurred while receiving.
[18:17:30][I][NoteManager] ws: >> start
[18:17:30][I][NoteManager] wss://bgutools.bytedance.com/v2/ws/note?token=
[18:17:30][I][NoteManager] ws: connected
[18:17:30][I][NoteManager] ws: client info >
[18:17:30][I][NoteManager] ws: send client info ok
[18:27:30][I][NoteManager] ws: << end, Reason: An exception has occurred while receiving.
[18:27:40][I][NoteManager] ws: >> start
[18:27:40][I][NoteManager] wss://bgutools.bytedance.com/v2/ws/note?token=
[18:27:40][I][NoteManager] ws: connected
[18:27:40][I][NoteManager] ws: client info >
[18:27:40][I][NoteManager] ws: send client info ok
[01:16:02][I][NoteManager] ws: << end, Reason: An exception has occurred while receiving.
[01:31:37][I][NoteManager] ws: >> start
[01:31:37][I][NoteManager] wss://bgutools.bytedance.com/v2/ws/note?token=
[01:31:38][I][NoteManager] ws: connected
[01:31:38][I][NoteManager] ws: client info >
[01:31:38][I][NoteManager] ws: send client info ok
[05:37:38][I][NoteManager] ws: << end, Reason: An exception has occurred while receiving.
[05:54:06][I][NoteManager] ws: >> start
[05:54:06][I][NoteManager] wss://bgutools.bytedance.com/v2/ws/note?token=
[05:54:07][I][NoteManager] ws: connected
[05:54:07][I][NoteManager] ws: client info >
[05:54:07][I][NoteManager] ws: send client info ok
[07:50:30][E][Request] Request error
Status: 0
Error: Unable to complete SSL connection
Text: Url: https://bgutools.bytedance.com/v2/tool_list?token=
Body: {"tools":[{"name":"com.bytedance.bgdt","version":"3.0.194"},{"name":"com.bytedance.starksdk.unitytools","version":"4.0.4"},{"name":"com.bytedance.starksdk","version":"6.0.8"}],"pageLimit":3,"channel":null,"license":"ti4rs/a/ReBbphgdUb7uow==","projectId":"com.ruixue.sdkpublic"}

[07:57:25][E][Request] Request error
Status: 0
Error: Unable to complete SSL connection
Text: Url: https://bgutools.bytedance.com/v2/tool_list?token=
Body: {"tools":[{"name":"com.bytedance.bgdt","version":"3.0.194"},{"name":"com.bytedance.starksdk.unitytools","version":"4.0.4"},{"name":"com.bytedance.starksdk","version":"6.0.8"}],"pageLimit":3,"channel":null,"license":"ti4rs/a/ReBbphgdUb7uow==","projectId":"com.ruixue.sdkpublic"}

[08:03:32][E][Request] Request error
Status: 0
Error: Unable to complete SSL connection
Text: Url: https://bgutools.bytedance.com/v2/tool_list?token=
Body: {"tools":[{"name":"com.bytedance.bgdt","version":"3.0.194"},{"name":"com.bytedance.starksdk.unitytools","version":"4.0.4"},{"name":"com.bytedance.starksdk","version":"6.0.8"}],"pageLimit":3,"channel":null,"license":"ti4rs/a/ReBbphgdUb7uow==","projectId":"com.ruixue.sdkpublic"}

[08:04:15][I][NoteManager] ws: << end, Reason: An exception has occurred while receiving.
[08:05:53][I][NoteManager] ws: >> start
[08:05:53][I][NoteManager] wss://bgutools.bytedance.com/v2/ws/note?token=
[08:05:53][I][NoteManager] ws: << end, Reason: An exception has occurred while attempting to connect.
[08:05:57][E][Request] Request error
Status: 0
Error: Unable to complete SSL connection
Text: Url: https://bgutools.bytedance.com/v2/tool_list?token=
Body: {"tools":[{"name":"com.bytedance.bgdt","version":"3.0.194"},{"name":"com.bytedance.starksdk.unitytools","version":"4.0.4"},{"name":"com.bytedance.starksdk","version":"6.0.8"}],"pageLimit":3,"channel":null,"license":"ti4rs/a/ReBbphgdUb7uow==","projectId":"com.ruixue.sdkpublic"}

[08:06:03][I][NoteManager] ws: >> start
[08:06:03][I][NoteManager] wss://bgutools.bytedance.com/v2/ws/note?token=
[08:06:03][I][NoteManager] ws: << end, Reason: An exception has occurred while attempting to connect.
[08:06:13][I][NoteManager] ws: >> start
[08:06:13][I][NoteManager] wss://bgutools.bytedance.com/v2/ws/note?token=
[08:06:13][I][NoteManager] ws: << end, Reason: An exception has occurred while attempting to connect.
[08:06:23][I][NoteManager] ws: >> start
[08:06:23][I][NoteManager] wss://bgutools.bytedance.com/v2/ws/note?token=
[08:06:24][I][NoteManager] ws: << end, Reason: An exception has occurred while attempting to connect.
[08:06:34][I][NoteManager] ws: >> start
[08:06:34][I][NoteManager] wss://bgutools.bytedance.com/v2/ws/note?token=
[08:06:34][I][NoteManager] ws: << end, Reason: An exception has occurred while attempting to connect.
[08:08:28][I][NoteManager] ws: >> start
[08:08:28][I][NoteManager] wss://bgutools.bytedance.com/v2/ws/note?token=
[08:08:28][I][NoteManager] ws: << end, Reason: An exception has occurred while attempting to connect.
[08:08:31][E][Request] Request error
Status: 0
Error: Unable to complete SSL connection
Text: Url: https://bgutools.bytedance.com/v2/tool_list?token=
Body: {"tools":[{"name":"com.bytedance.bgdt","version":"3.0.194"},{"name":"com.bytedance.starksdk.unitytools","version":"4.0.4"},{"name":"com.bytedance.starksdk","version":"6.0.8"}],"pageLimit":3,"channel":null,"license":"ti4rs/a/ReBbphgdUb7uow==","projectId":"com.ruixue.sdkpublic"}

[08:08:38][I][NoteManager] ws: >> start
[08:08:38][I][NoteManager] wss://bgutools.bytedance.com/v2/ws/note?token=
[08:08:38][I][NoteManager] ws: << end, Reason: An exception has occurred while attempting to connect.
[08:08:48][I][NoteManager] ws: >> start
[08:08:49][I][NoteManager] wss://bgutools.bytedance.com/v2/ws/note?token=
[08:08:49][I][NoteManager] ws: << end, Reason: An exception has occurred while attempting to connect.
[08:08:59][I][NoteManager] ws: >> start
[08:08:59][I][NoteManager] wss://bgutools.bytedance.com/v2/ws/note?token=
[08:08:59][I][NoteManager] ws: << end, Reason: An exception has occurred while attempting to connect.
[08:09:09][I][NoteManager] ws: >> start
[08:09:09][I][NoteManager] wss://bgutools.bytedance.com/v2/ws/note?token=
[08:09:09][I][NoteManager] ws: << end, Reason: An exception has occurred while attempting to connect.
[08:09:19][I][NoteManager] ws: >> start
[08:09:19][I][NoteManager] wss://bgutools.bytedance.com/v2/ws/note?token=
[08:09:19][I][NoteManager] ws: << end, Reason: An exception has occurred while attempting to connect.
[08:09:29][I][NoteManager] ws: >> start
[08:09:29][I][NoteManager] wss://bgutools.bytedance.com/v2/ws/note?token=
[08:09:29][I][NoteManager] ws: << end, Reason: An exception has occurred while attempting to connect.
[08:09:34][E][Request] Request error
Status: 0
Error: Unable to complete SSL connection
Text: Url: https://bgutools.bytedance.com/v2/tool_list?token=
Body: {"tools":[{"name":"com.bytedance.bgdt","version":"3.0.194"},{"name":"com.bytedance.starksdk.unitytools","version":"4.0.4"},{"name":"com.bytedance.starksdk","version":"6.0.8"}],"pageLimit":3,"channel":null,"license":"ti4rs/a/ReBbphgdUb7uow==","projectId":"com.ruixue.sdkpublic"}

[08:09:39][I][NoteManager] ws: >> start
[08:09:40][I][NoteManager] wss://bgutools.bytedance.com/v2/ws/note?token=
[08:09:40][I][NoteManager] ws: << end, Reason: An exception has occurred while attempting to connect.
[08:09:50][I][NoteManager] ws: >> start
[08:09:50][I][NoteManager] wss://bgutools.bytedance.com/v2/ws/note?token=
[08:09:50][I][NoteManager] ws: << end, Reason: An exception has occurred while attempting to connect.
[08:10:00][I][NoteManager] ws: >> start
[08:10:00][I][NoteManager] wss://bgutools.bytedance.com/v2/ws/note?token=
[08:10:00][I][NoteManager] ws: << end, Reason: An exception has occurred while attempting to connect.
[08:10:10][I][NoteManager] ws: >> start
[08:10:10][I][NoteManager] wss://bgutools.bytedance.com/v2/ws/note?token=
[08:10:10][I][NoteManager] ws: << end, Reason: An exception has occurred while attempting to connect.
[08:10:20][I][NoteManager] ws: >> start
[08:10:21][I][NoteManager] wss://bgutools.bytedance.com/v2/ws/note?token=
[08:10:21][I][NoteManager] ws: << end, Reason: An exception has occurred while attempting to connect.
[08:10:31][I][NoteManager] ws: >> start
[08:10:31][I][NoteManager] wss://bgutools.bytedance.com/v2/ws/note?token=
[08:10:31][I][NoteManager] ws: << end, Reason: An exception has occurred while attempting to connect.
[08:10:37][E][Request] Request error
Status: 0
Error: Unable to complete SSL connection
Text: Url: https://bgutools.bytedance.com/v2/tool_list?token=
Body: {"tools":[{"name":"com.bytedance.bgdt","version":"3.0.194"},{"name":"com.bytedance.starksdk.unitytools","version":"4.0.4"},{"name":"com.bytedance.starksdk","version":"6.0.8"}],"pageLimit":3,"channel":null,"license":"ti4rs/a/ReBbphgdUb7uow==","projectId":"com.ruixue.sdkpublic"}

[08:10:41][I][NoteManager] ws: >> start
[08:10:41][I][NoteManager] wss://bgutools.bytedance.com/v2/ws/note?token=
[08:10:41][I][NoteManager] ws: << end, Reason: An exception has occurred while attempting to connect.
[08:10:51][I][NoteManager] ws: >> start
[08:10:51][I][NoteManager] wss://bgutools.bytedance.com/v2/ws/note?token=
[08:10:51][I][NoteManager] ws: << end, Reason: An exception has occurred while attempting to connect.
[08:14:18][I][NoteManager] ws: >> start
[08:14:18][I][NoteManager] wss://bgutools.bytedance.com/v2/ws/note?token=
[08:14:19][I][NoteManager] ws: << end, Reason: An exception has occurred while attempting to connect.
[08:14:21][E][Request] Request error
Status: 0
Error: Unable to complete SSL connection
Text: Url: https://bgutools.bytedance.com/v2/tool_list?token=
Body: {"tools":[{"name":"com.bytedance.bgdt","version":"3.0.194"},{"name":"com.bytedance.starksdk.unitytools","version":"4.0.4"},{"name":"com.bytedance.starksdk","version":"6.0.8"}],"pageLimit":3,"channel":null,"license":"ti4rs/a/ReBbphgdUb7uow==","projectId":"com.ruixue.sdkpublic"}

[08:14:29][I][NoteManager] ws: >> start
[08:14:29][I][NoteManager] wss://bgutools.bytedance.com/v2/ws/note?token=
[08:14:29][I][NoteManager] ws: << end, Reason: An exception has occurred while attempting to connect.
[08:14:39][I][NoteManager] ws: >> start
[08:14:39][I][NoteManager] wss://bgutools.bytedance.com/v2/ws/note?token=
[08:14:39][I][NoteManager] ws: << end, Reason: An exception has occurred while attempting to connect.
[08:14:49][I][NoteManager] ws: >> start
[08:14:49][I][NoteManager] wss://bgutools.bytedance.com/v2/ws/note?token=
[08:14:49][I][NoteManager] ws: << end, Reason: An exception has occurred while attempting to connect.
[08:14:59][I][NoteManager] ws: >> start
[08:14:59][I][NoteManager] wss://bgutools.bytedance.com/v2/ws/note?token=
[08:14:59][I][NoteManager] ws: << end, Reason: An exception has occurred while attempting to connect.
[08:15:37][I][NoteManager] ws: >> start
[08:15:37][I][NoteManager] wss://bgutools.bytedance.com/v2/ws/note?token=
[08:15:37][I][NoteManager] ws: << end, Reason: An exception has occurred while attempting to connect.
[08:15:40][E][Request] Request error
Status: 0
Error: Unable to complete SSL connection
Text: Url: https://bgutools.bytedance.com/v2/tool_list?token=
Body: {"tools":[{"name":"com.bytedance.bgdt","version":"3.0.194"},{"name":"com.bytedance.starksdk.unitytools","version":"4.0.4"},{"name":"com.bytedance.starksdk","version":"6.0.8"}],"pageLimit":3,"channel":null,"license":"ti4rs/a/ReBbphgdUb7uow==","projectId":"com.ruixue.sdkpublic"}

[08:15:47][I][NoteManager] ws: >> start
[08:15:47][I][NoteManager] wss://bgutools.bytedance.com/v2/ws/note?token=
[08:15:47][I][NoteManager] ws: << end, Reason: An exception has occurred while attempting to connect.
[08:15:57][I][NoteManager] ws: >> start
[08:15:57][I][NoteManager] wss://bgutools.bytedance.com/v2/ws/note?token=
[08:15:57][I][NoteManager] ws: << end, Reason: An exception has occurred while attempting to connect.
[08:16:07][I][NoteManager] ws: >> start
[08:16:08][I][NoteManager] wss://bgutools.bytedance.com/v2/ws/note?token=
[08:16:08][I][NoteManager] ws: << end, Reason: An exception has occurred while attempting to connect.
[08:16:18][I][NoteManager] ws: >> start
[08:16:18][I][NoteManager] wss://bgutools.bytedance.com/v2/ws/note?token=
[08:16:18][I][NoteManager] ws: << end, Reason: An exception has occurred while attempting to connect.
[08:17:00][I][NoteManager] ws: >> start
[08:17:00][I][NoteManager] wss://bgutools.bytedance.com/v2/ws/note?token=
[08:17:00][I][NoteManager] ws: << end, Reason: An exception has occurred while attempting to connect.
[08:17:02][E][Request] Request error
Status: 0
Error: Unable to complete SSL connection
Text: Url: https://bgutools.bytedance.com/v2/tool_list?token=
Body: {"tools":[{"name":"com.bytedance.bgdt","version":"3.0.194"},{"name":"com.bytedance.starksdk.unitytools","version":"4.0.4"},{"name":"com.bytedance.starksdk","version":"6.0.8"}],"pageLimit":3,"channel":null,"license":"ti4rs/a/ReBbphgdUb7uow==","projectId":"com.ruixue.sdkpublic"}

[08:17:10][I][NoteManager] ws: >> start
[08:17:10][I][NoteManager] wss://bgutools.bytedance.com/v2/ws/note?token=
[08:17:10][I][NoteManager] ws: << end, Reason: An exception has occurred while attempting to connect.
[08:17:20][I][NoteManager] ws: >> start
[08:17:20][I][NoteManager] wss://bgutools.bytedance.com/v2/ws/note?token=
[08:17:20][I][NoteManager] ws: << end, Reason: An exception has occurred while attempting to connect.
[08:17:30][I][NoteManager] ws: >> start
[08:17:30][I][NoteManager] wss://bgutools.bytedance.com/v2/ws/note?token=
[08:17:30][I][NoteManager] ws: << end, Reason: An exception has occurred while attempting to connect.
[08:17:40][I][NoteManager] ws: >> start
[08:17:41][I][NoteManager] wss://bgutools.bytedance.com/v2/ws/note?token=
[08:17:41][I][NoteManager] ws: << end, Reason: An exception has occurred while attempting to connect.
[08:21:16][I][NoteManager] ws: >> start
[08:21:16][I][NoteManager] wss://bgutools.bytedance.com/v2/ws/note?token=
[08:21:16][I][NoteManager] ws: << end, Reason: An exception has occurred while attempting to connect.
[08:21:19][E][Request] Request error
Status: 0
Error: Unable to complete SSL connection
Text: Url: https://bgutools.bytedance.com/v2/tool_list?token=
Body: {"tools":[{"name":"com.bytedance.bgdt","version":"3.0.194"},{"name":"com.bytedance.starksdk.unitytools","version":"4.0.4"},{"name":"com.bytedance.starksdk","version":"6.0.8"}],"pageLimit":3,"channel":null,"license":"ti4rs/a/ReBbphgdUb7uow==","projectId":"com.ruixue.sdkpublic"}

[08:21:26][I][NoteManager] ws: >> start
[08:21:26][I][NoteManager] wss://bgutools.bytedance.com/v2/ws/note?token=
[08:21:26][I][NoteManager] ws: << end, Reason: An exception has occurred while attempting to connect.
[08:21:36][I][NoteManager] ws: >> start
[08:21:36][I][NoteManager] wss://bgutools.bytedance.com/v2/ws/note?token=
[08:21:36][I][NoteManager] ws: << end, Reason: An exception has occurred while attempting to connect.
[08:21:46][I][NoteManager] ws: >> start
[08:21:46][I][NoteManager] wss://bgutools.bytedance.com/v2/ws/note?token=
[08:21:46][I][NoteManager] ws: << end, Reason: An exception has occurred while attempting to connect.
[08:21:56][I][NoteManager] ws: >> start
[08:21:57][I][NoteManager] wss://bgutools.bytedance.com/v2/ws/note?token=
[08:21:57][I][NoteManager] ws: << end, Reason: An exception has occurred while attempting to connect.
[08:23:47][I][NoteManager] ws: >> start
[08:23:47][I][NoteManager] wss://bgutools.bytedance.com/v2/ws/note?token=
[08:23:47][I][NoteManager] ws: << end, Reason: An exception has occurred while attempting to connect.
[08:23:50][E][Request] Request error
Status: 0
Error: Unable to complete SSL connection
Text: Url: https://bgutools.bytedance.com/v2/tool_list?token=
Body: {"tools":[{"name":"com.bytedance.bgdt","version":"3.0.194"},{"name":"com.bytedance.starksdk.unitytools","version":"4.0.4"},{"name":"com.bytedance.starksdk","version":"6.0.8"}],"pageLimit":3,"channel":null,"license":"ti4rs/a/ReBbphgdUb7uow==","projectId":"com.ruixue.sdkpublic"}

[08:23:57][I][NoteManager] ws: >> start
[08:23:57][I][NoteManager] wss://bgutools.bytedance.com/v2/ws/note?token=
[08:23:57][I][NoteManager] ws: << end, Reason: An exception has occurred while attempting to connect.
[08:24:07][I][NoteManager] ws: >> start
[08:24:07][I][NoteManager] wss://bgutools.bytedance.com/v2/ws/note?token=
[08:24:07][I][NoteManager] ws: << end, Reason: An exception has occurred while attempting to connect.
[08:24:17][I][NoteManager] ws: >> start
[08:24:17][I][NoteManager] wss://bgutools.bytedance.com/v2/ws/note?token=
[08:24:17][I][NoteManager] ws: << end, Reason: An exception has occurred while attempting to connect.
[08:24:27][I][NoteManager] ws: >> start
[08:24:28][I][NoteManager] wss://bgutools.bytedance.com/v2/ws/note?token=
[08:24:28][I][NoteManager] ws: << end, Reason: An exception has occurred while attempting to connect.
[08:24:46][I][NoteManager] ws: >> start
[08:24:46][I][NoteManager] wss://bgutools.bytedance.com/v2/ws/note?token=
[08:24:46][I][NoteManager] ws: << end, Reason: An exception has occurred while attempting to connect.
[08:24:53][E][Request] Request error
Status: 0
Error: Unable to complete SSL connection
Text: Url: https://bgutools.bytedance.com/v2/tool_list?token=
Body: {"tools":[{"name":"com.bytedance.bgdt","version":"3.0.194"},{"name":"com.bytedance.starksdk.unitytools","version":"4.0.4"},{"name":"com.bytedance.starksdk","version":"6.0.8"}],"pageLimit":3,"channel":null,"license":"ti4rs/a/ReBbphgdUb7uow==","projectId":"com.ruixue.sdkpublic"}

[08:24:56][I][NoteManager] ws: >> start
[08:24:56][I][NoteManager] wss://bgutools.bytedance.com/v2/ws/note?token=
[08:24:56][I][NoteManager] ws: << end, Reason: An exception has occurred while attempting to connect.
[08:25:06][I][NoteManager] ws: >> start
[08:25:07][I][NoteManager] wss://bgutools.bytedance.com/v2/ws/note?token=
[08:25:07][I][NoteManager] ws: << end, Reason: An exception has occurred while attempting to connect.
[08:25:17][I][NoteManager] ws: >> start
[08:25:17][I][NoteManager] wss://bgutools.bytedance.com/v2/ws/note?token=
[08:25:17][I][NoteManager] ws: << end, Reason: An exception has occurred while attempting to connect.
[08:25:27][I][NoteManager] ws: >> start
[08:25:27][I][NoteManager] wss://bgutools.bytedance.com/v2/ws/note?token=
[08:25:27][I][NoteManager] ws: << end, Reason: An exception has occurred while attempting to connect.
[08:25:44][I][NoteManager] ws: >> start
[08:25:44][I][NoteManager] wss://bgutools.bytedance.com/v2/ws/note?token=
[08:25:44][I][NoteManager] ws: << end, Reason: An exception has occurred while attempting to connect.
[08:25:54][I][NoteManager] ws: >> start
[08:25:54][I][NoteManager] wss://bgutools.bytedance.com/v2/ws/note?token=
[08:25:55][I][NoteManager] ws: << end, Reason: An exception has occurred while attempting to connect.
[08:25:57][E][Request] Request error
Status: 0
Error: Unable to complete SSL connection
Text: Url: https://bgutools.bytedance.com/v2/tool_list?token=
Body: {"tools":[{"name":"com.bytedance.bgdt","version":"3.0.194"},{"name":"com.bytedance.starksdk.unitytools","version":"4.0.4"},{"name":"com.bytedance.starksdk","version":"6.0.8"}],"pageLimit":3,"channel":null,"license":"ti4rs/a/ReBbphgdUb7uow==","projectId":"com.ruixue.sdkpublic"}

[08:26:04][I][NoteManager] ws: >> start
[08:26:05][I][NoteManager] wss://bgutools.bytedance.com/v2/ws/note?token=
[08:26:05][I][NoteManager] ws: << end, Reason: An exception has occurred while attempting to connect.
[08:26:15][I][NoteManager] ws: >> start
[08:26:15][I][NoteManager] wss://bgutools.bytedance.com/v2/ws/note?token=
[08:26:15][I][NoteManager] ws: << end, Reason: An exception has occurred while attempting to connect.
[08:26:25][I][NoteManager] ws: >> start
[08:26:25][I][NoteManager] wss://bgutools.bytedance.com/v2/ws/note?token=
[08:26:25][I][NoteManager] ws: << end, Reason: An exception has occurred while attempting to connect.
[08:28:25][I][NoteManager] ws: >> start
[08:28:25][I][NoteManager] wss://bgutools.bytedance.com/v2/ws/note?token=
[08:28:25][I][NoteManager] ws: << end, Reason: An exception has occurred while attempting to connect.
[08:28:28][E][Request] Request error
Status: 0
Error: Unable to complete SSL connection
Text: Url: https://bgutools.bytedance.com/v2/tool_list?token=
Body: {"tools":[{"name":"com.bytedance.bgdt","version":"3.0.194"},{"name":"com.bytedance.starksdk.unitytools","version":"4.0.4"},{"name":"com.bytedance.starksdk","version":"6.0.8"}],"pageLimit":3,"channel":null,"license":"ti4rs/a/ReBbphgdUb7uow==","projectId":"com.ruixue.sdkpublic"}

[08:28:35][I][NoteManager] ws: >> start
[08:28:36][I][NoteManager] wss://bgutools.bytedance.com/v2/ws/note?token=
[08:28:39][I][NoteManager] ws: << end, Reason: An exception has occurred while attempting to connect.
[08:28:49][I][NoteManager] ws: >> start
[08:28:49][I][NoteManager] wss://bgutools.bytedance.com/v2/ws/note?token=
[08:28:49][I][NoteManager] ws: connected
[08:28:49][I][NoteManager] ws: client info >
[08:28:49][I][NoteManager] ws: send client info ok
[08:38:49][I][NoteManager] ws: << end, Reason: An exception has occurred while receiving.
[08:38:59][I][NoteManager] ws: >> start
[08:38:59][I][NoteManager] wss://bgutools.bytedance.com/v2/ws/note?token=
[08:38:59][I][NoteManager] ws: connected
[08:38:59][I][NoteManager] ws: client info >
[08:38:59][I][NoteManager] ws: send client info ok
[08:48:59][I][NoteManager] ws: << end, Reason: An exception has occurred while receiving.
[08:49:09][I][NoteManager] ws: >> start
[08:49:09][I][NoteManager] wss://bgutools.bytedance.com/v2/ws/note?token=
[08:49:10][I][NoteManager] ws: connected
[08:49:10][I][NoteManager] ws: client info >
[08:49:10][I][NoteManager] ws: send client info ok
[08:59:10][I][NoteManager] ws: << end, Reason: An exception has occurred while receiving.
[08:59:20][I][NoteManager] ws: >> start
[08:59:20][I][NoteManager] wss://bgutools.bytedance.com/v2/ws/note?token=
[08:59:20][I][NoteManager] ws: connected
[08:59:20][I][NoteManager] ws: client info >
[08:59:20][I][NoteManager] ws: send client info ok
[09:09:20][I][NoteManager] ws: << end, Reason: An exception has occurred while receiving.
[09:09:30][I][NoteManager] ws: >> start
[09:09:30][I][NoteManager] wss://bgutools.bytedance.com/v2/ws/note?token=
[09:09:30][I][NoteManager] ws: connected
[09:09:30][I][NoteManager] ws: client info >
[09:09:30][I][NoteManager] ws: send client info ok
[09:19:30][I][NoteManager] ws: << end, Reason: An exception has occurred while receiving.
[09:19:40][I][NoteManager] ws: >> start
[09:19:40][I][NoteManager] wss://bgutools.bytedance.com/v2/ws/note?token=
[09:19:40][I][NoteManager] ws: connected
[09:19:40][I][NoteManager] ws: client info >
[09:19:40][I][NoteManager] ws: send client info ok
[09:29:40][I][NoteManager] ws: << end, Reason: An exception has occurred while receiving.
[09:29:50][I][NoteManager] ws: >> start
[09:29:51][I][NoteManager] wss://bgutools.bytedance.com/v2/ws/note?token=
[09:29:51][I][NoteManager] ws: connected
[09:29:51][I][NoteManager] ws: client info >
[09:29:51][I][NoteManager] ws: send client info ok
[09:39:51][I][NoteManager] ws: << end, Reason: An exception has occurred while receiving.
[09:40:01][I][NoteManager] ws: >> start
[09:40:01][I][NoteManager] wss://bgutools.bytedance.com/v2/ws/note?token=
[09:40:01][I][NoteManager] ws: connected
[09:40:01][I][NoteManager] ws: client info >
[09:40:01][I][NoteManager] ws: send client info ok
[09:50:01][I][NoteManager] ws: << end, Reason: An exception has occurred while receiving.
[09:50:11][I][NoteManager] ws: >> start
[09:50:11][I][NoteManager] wss://bgutools.bytedance.com/v2/ws/note?token=
[09:50:11][I][NoteManager] ws: connected
[09:50:11][I][NoteManager] ws: client info >
[09:50:11][I][NoteManager] ws: send client info ok
[10:00:11][I][NoteManager] ws: << end, Reason: An exception has occurred while receiving.
[10:00:21][I][NoteManager] ws: >> start
[10:00:21][I][NoteManager] wss://bgutools.bytedance.com/v2/ws/note?token=
[10:00:22][I][NoteManager] ws: connected
[10:00:22][I][NoteManager] ws: client info >
[10:00:22][I][NoteManager] ws: send client info ok
[10:10:22][I][NoteManager] ws: << end, Reason: An exception has occurred while receiving.
[10:10:32][I][NoteManager] ws: >> start
[10:10:32][I][NoteManager] wss://bgutools.bytedance.com/v2/ws/note?token=
[10:10:32][I][NoteManager] ws: connected
[10:10:32][I][NoteManager] ws: client info >
[10:10:32][I][NoteManager] ws: send client info ok
[10:20:32][I][NoteManager] ws: << end, Reason: An exception has occurred while receiving.
[10:20:42][I][NoteManager] ws: >> start
[10:20:42][I][NoteManager] wss://bgutools.bytedance.com/v2/ws/note?token=
[10:20:43][I][NoteManager] ws: connected
[10:20:43][I][NoteManager] ws: client info >
[10:20:43][I][NoteManager] ws: send client info ok
[10:30:43][I][NoteManager] ws: << end, Reason: An exception has occurred while receiving.
[10:30:53][I][NoteManager] ws: >> start
[10:30:53][I][NoteManager] wss://bgutools.bytedance.com/v2/ws/note?token=
[10:30:54][I][NoteManager] ws: connected
[10:30:54][I][NoteManager] ws: client info >
[10:30:54][I][NoteManager] ws: send client info ok
[10:40:54][I][NoteManager] ws: << end, Reason: An exception has occurred while receiving.
[10:41:04][I][NoteManager] ws: >> start
[10:41:04][I][NoteManager] wss://bgutools.bytedance.com/v2/ws/note?token=
[10:41:04][I][NoteManager] ws: connected
[10:41:04][I][NoteManager] ws: client info >
[10:41:04][I][NoteManager] ws: send client info ok
[10:51:04][I][NoteManager] ws: << end, Reason: An exception has occurred while receiving.
[10:51:14][I][NoteManager] ws: >> start
[10:51:14][I][NoteManager] wss://bgutools.bytedance.com/v2/ws/note?token=
[10:51:15][I][NoteManager] ws: connected
[10:51:15][I][NoteManager] ws: client info >
[10:51:15][I][NoteManager] ws: send client info ok
[11:01:15][I][NoteManager] ws: << end, Reason: An exception has occurred while receiving.
[11:01:25][I][NoteManager] ws: >> start
[11:01:25][I][NoteManager] wss://bgutools.bytedance.com/v2/ws/note?token=
[11:01:26][I][NoteManager] ws: connected
[11:01:26][I][NoteManager] ws: client info >
[11:01:26][I][NoteManager] ws: send client info ok
[11:11:26][I][NoteManager] ws: << end, Reason: An exception has occurred while receiving.
[11:11:36][I][NoteManager] ws: >> start
[11:11:36][I][NoteManager] wss://bgutools.bytedance.com/v2/ws/note?token=
[11:11:36][I][NoteManager] ws: connected
[11:11:37][I][NoteManager] ws: client info >
[11:11:37][I][NoteManager] ws: send client info ok
[11:21:37][I][NoteManager] ws: << end, Reason: An exception has occurred while receiving.
[11:21:47][I][NoteManager] ws: >> start
[11:21:47][I][NoteManager] wss://bgutools.bytedance.com/v2/ws/note?token=
[11:21:47][I][NoteManager] ws: connected
[11:21:47][I][NoteManager] ws: client info >
[11:21:47][I][NoteManager] ws: send client info ok
[11:31:47][I][NoteManager] ws: << end, Reason: An exception has occurred while receiving.
[11:31:57][I][NoteManager] ws: >> start
[11:31:57][I][NoteManager] wss://bgutools.bytedance.com/v2/ws/note?token=
[11:31:58][I][NoteManager] ws: connected
[11:31:58][I][NoteManager] ws: client info >
[11:31:58][I][NoteManager] ws: send client info ok
[11:41:58][I][NoteManager] ws: << end, Reason: An exception has occurred while receiving.
[11:42:08][I][NoteManager] ws: >> start
[11:42:08][I][NoteManager] wss://bgutools.bytedance.com/v2/ws/note?token=
[11:42:09][I][NoteManager] ws: connected
[11:42:09][I][NoteManager] ws: client info >
[11:42:09][I][NoteManager] ws: send client info ok
[11:52:09][I][NoteManager] ws: << end, Reason: An exception has occurred while receiving.
[11:52:19][I][NoteManager] ws: >> start
[11:52:19][I][NoteManager] wss://bgutools.bytedance.com/v2/ws/note?token=
[11:52:19][I][NoteManager] ws: connected
[11:52:19][I][NoteManager] ws: client info >
[11:52:19][I][NoteManager] ws: send client info ok
[12:02:19][I][NoteManager] ws: << end, Reason: An exception has occurred while receiving.
[12:02:29][I][NoteManager] ws: >> start
[12:02:29][I][NoteManager] wss://bgutools.bytedance.com/v2/ws/note?token=
[12:02:29][I][NoteManager] ws: connected
[12:02:29][I][NoteManager] ws: client info >
[12:02:29][I][NoteManager] ws: send client info ok
[12:12:30][I][NoteManager] ws: << end, Reason: An exception has occurred while receiving.
[12:12:40][I][NoteManager] ws: >> start
[12:12:40][I][NoteManager] wss://bgutools.bytedance.com/v2/ws/note?token=
[12:12:40][I][NoteManager] ws: connected
[12:12:40][I][NoteManager] ws: client info >
[12:12:40][I][NoteManager] ws: send client info ok
[12:22:40][I][NoteManager] ws: << end, Reason: An exception has occurred while receiving.
[12:22:50][I][NoteManager] ws: >> start
[12:22:50][I][NoteManager] wss://bgutools.bytedance.com/v2/ws/note?token=
[12:22:50][I][NoteManager] ws: connected
[12:22:50][I][NoteManager] ws: client info >
[12:22:50][I][NoteManager] ws: send client info ok
[12:32:50][I][NoteManager] ws: << end, Reason: An exception has occurred while receiving.
[12:33:00][I][NoteManager] ws: >> start
[12:33:00][I][NoteManager] wss://bgutools.bytedance.com/v2/ws/note?token=
[12:33:01][I][NoteManager] ws: connected
[12:33:01][I][NoteManager] ws: client info >
[12:33:01][I][NoteManager] ws: send client info ok
[12:43:01][I][NoteManager] ws: << end, Reason: An exception has occurred while receiving.
[12:43:11][I][NoteManager] ws: >> start
[12:43:11][I][NoteManager] wss://bgutools.bytedance.com/v2/ws/note?token=
[12:43:11][I][NoteManager] ws: connected
[12:43:11][I][NoteManager] ws: client info >
[12:43:11][I][NoteManager] ws: send client info ok
[12:53:11][I][NoteManager] ws: << end, Reason: An exception has occurred while receiving.
[12:53:21][I][NoteManager] ws: >> start
[12:53:21][I][NoteManager] wss://bgutools.bytedance.com/v2/ws/note?token=
[12:53:21][I][NoteManager] ws: connected
[12:53:21][I][NoteManager] ws: client info >
[12:53:21][I][NoteManager] ws: send client info ok
[13:03:21][I][NoteManager] ws: << end, Reason: An exception has occurred while receiving.
[13:03:31][I][NoteManager] ws: >> start
[13:03:31][I][NoteManager] wss://bgutools.bytedance.com/v2/ws/note?token=
[13:03:32][I][NoteManager] ws: connected
[13:03:32][I][NoteManager] ws: client info >
[13:03:32][I][NoteManager] ws: send client info ok
[13:13:32][I][NoteManager] ws: << end, Reason: An exception has occurred while receiving.
[13:13:42][I][NoteManager] ws: >> start
[13:13:42][I][NoteManager] wss://bgutools.bytedance.com/v2/ws/note?token=
[13:13:42][I][NoteManager] ws: connected
[13:13:42][I][NoteManager] ws: client info >
[13:13:42][I][NoteManager] ws: send client info ok
[13:23:42][I][NoteManager] ws: << end, Reason: An exception has occurred while receiving.
[13:23:52][I][NoteManager] ws: >> start
[13:23:52][I][NoteManager] wss://bgutools.bytedance.com/v2/ws/note?token=
[13:23:52][I][NoteManager] ws: connected
[13:23:52][I][NoteManager] ws: client info >
[13:23:52][I][NoteManager] ws: send client info ok
[13:33:52][I][NoteManager] ws: << end, Reason: An exception has occurred while receiving.
[13:34:02][I][NoteManager] ws: >> start
[13:34:02][I][NoteManager] wss://bgutools.bytedance.com/v2/ws/note?token=
[13:34:02][I][NoteManager] ws: connected
[13:34:02][I][NoteManager] ws: client info >
[13:34:02][I][NoteManager] ws: send client info ok
[13:44:02][I][NoteManager] ws: << end, Reason: An exception has occurred while receiving.
[13:44:12][I][NoteManager] ws: >> start
[13:44:12][I][NoteManager] wss://bgutools.bytedance.com/v2/ws/note?token=
[13:44:13][I][NoteManager] ws: connected
[13:44:13][I][NoteManager] ws: client info >
[13:44:13][I][NoteManager] ws: send client info ok
