[17:32:41][I][AuthService] StartWebServer at port : 61619
[17:32:41][I][CoreLoadManager] core loaded !!!!!
[17:32:41][I][NoteManager] ws: >> start
[17:32:41][I][NoteManager] wss://bgutools.bytedance.com/v2/ws/note?token=
[17:32:42][I][NoteManager] ws: >> start
[17:32:42][I][NoteManager] wss://bgutools.bytedance.com/v2/ws/note?token=
[17:32:44][I][NoteManager] ws: connected
[17:32:57][I][NoteManager] ws: client info >
[17:32:57][I][NoteManager] ws: send client info ok
[17:34:51][I][NoteManager] ws: << end, Reason: An exception has occurred while receiving.
[17:35:01][I][NoteManager] ws: >> start
[17:35:01][I][NoteManager] wss://bgutools.bytedance.com/v2/ws/note?token=
[17:35:03][I][NoteManager] ws: connected
[17:35:03][I][NoteManager] ws: client info >
[17:35:03][I][NoteManager] ws: send client info ok
[17:37:52][I][NoteManager] ws: << end, Reason: An exception has occurred while receiving.
[17:38:02][I][NoteManager] ws: >> start
[17:38:02][I][NoteManager] wss://bgutools.bytedance.com/v2/ws/note?token=
[17:38:04][I][NoteManager] ws: connected
[17:38:04][I][NoteManager] ws: client info >
[17:38:04][I][NoteManager] ws: send client info ok
[17:40:30][I][NoteManager] ws: << end, Reason: An exception has occurred while receiving.
[17:40:40][I][NoteManager] ws: >> start
[17:40:40][I][NoteManager] wss://bgutools.bytedance.com/v2/ws/note?token=
[17:40:43][I][NoteManager] ws: connected
[17:40:43][I][NoteManager] ws: client info >
[17:40:43][I][NoteManager] ws: send client info ok
[17:43:00][I][NoteManager] ws: << end, Reason: An exception has occurred while receiving.
[17:43:10][I][NoteManager] ws: >> start
[17:43:10][I][NoteManager] wss://bgutools.bytedance.com/v2/ws/note?token=
[17:43:11][I][NoteManager] ws: connected
[17:43:12][I][NoteManager] ws: client info >
[17:43:12][I][NoteManager] ws: send client info ok
[17:46:00][I][NoteManager] ws: << end, Reason: An exception has occurred while receiving.
[17:46:10][I][NoteManager] ws: >> start
[17:46:10][I][NoteManager] wss://bgutools.bytedance.com/v2/ws/note?token=
[17:46:12][I][NoteManager] ws: connected
[17:46:12][I][NoteManager] ws: client info >
[17:46:12][I][NoteManager] ws: send client info ok
[17:48:03][I][NoteManager] ws: << end, Reason: An exception has occurred while receiving.
[17:48:13][I][NoteManager] ws: >> start
[17:48:13][I][NoteManager] wss://bgutools.bytedance.com/v2/ws/note?token=
[17:48:15][I][NoteManager] ws: connected
[17:48:15][I][NoteManager] ws: client info >
[17:48:15][I][NoteManager] ws: send client info ok
