0 verbose cli /Users/chenhan/.hermes/node/bin/node /Users/chenhan/.local/bin/npm
1 info using npm@10.9.8
2 info using node@v22.23.1
3 silly config load:file:/Users/chenhan/.hermes/node/lib/node_modules/npm/npmrc
4 silly config load:file:/Users/chenhan/Desktop/Git/WSDoc/.npmrc
5 silly config load:file:/Users/chenhan/.npmrc
6 silly config load:file:/Users/chenhan/.npm-global/etc/npmrc
7 verbose title npm ci
8 verbose argv "ci" "--prefer-offline" "--cache" ".npm" "--ignore-scripts"
9 verbose logfile logs-max:10 dir:/Users/chenhan/Desktop/Git/WSDoc/.npm/_logs/2026-07-15T01_15_19_435Z-
10 verbose logfile /Users/chenhan/Desktop/Git/WSDoc/.npm/_logs/2026-07-15T01_15_19_435Z-debug-0.log
11 silly logfile done cleaning log files
12 silly packumentCache heap:4345298944 maxSize:1086324736 maxEntrySize:543162368
13 silly idealTree buildDeps
14 http fetch GET 200 https://registry.npmjs.org/npm 1073ms
15 verbose stack Error: EPERM: operation not permitted, unlink '/Users/chenhan/Desktop/Git/WSDoc/node_modules/feed/.vscode/settings.json'
16 error code EPERM
17 error syscall unlink
18 error path /Users/chenhan/Desktop/Git/WSDoc/node_modules/feed/.vscode/settings.json
19 error errno -1
20 error [Error: EPERM: operation not permitted, unlink '/Users/chenhan/Desktop/Git/WSDoc/node_modules/feed/.vscode/settings.json'] {
20 error   errno: -1,
20 error   code: 'EPERM',
20 error   syscall: 'unlink',
20 error   path: '/Users/chenhan/Desktop/Git/WSDoc/node_modules/feed/.vscode/settings.json'
20 error }
21 error
21 error The operation was rejected by your operating system.
21 error It is likely you do not have the permissions to access this file as the current user
21 error
21 error If you believe this might be a permissions issue, please double-check the
21 error permissions of the file and its containing directories, or try running
21 error the command again as root/Administrator.
22 verbose cwd /Users/chenhan/Desktop/Git/WSDoc
23 verbose os Darwin 25.5.0
24 verbose node v22.23.1
25 verbose npm  v10.9.8
26 notice
26 notice New major version of npm available! 10.9.8 -> 12.0.1
26 notice Changelog: https://github.com/npm/cli/releases/tag/v12.0.1
26 notice To update run: npm install -g npm@12.0.1
26 notice  { force: true, [Symbol(proc-log.meta)]: true }
27 verbose exit -1
28 verbose code -1
29 error A complete log of this run can be found in: /Users/chenhan/Desktop/Git/WSDoc/.npm/_logs/2026-07-15T01_15_19_435Z-debug-0.log
